initializing Hipfire HIP bridge
initializing Redline retained-PM4 backend
initializing RADV Vulkan backend
[1/12] serial_latency/vopd/variant=independent-fma,n=32768,body=64;hip-wave=64 (32 operations; order redline -> vulkan -> hipgraph -> hip)
  redline     11.0587 us/op correctness=true mismatches=0
  vulkan       9.1587 us/op correctness=true mismatches=0
  hipgraph    47.9925 us/op correctness=true mismatches=0
  hip         49.1050 us/op correctness=true mismatches=0
[2/12] serial_latency/vopd/variant=dependent-fma,n=32768,body=64;hip-wave=64 (32 operations; order vulkan -> hipgraph -> hip -> redline)
  vulkan       9.2825 us/op correctness=true mismatches=0
  hipgraph    49.0863 us/op correctness=true mismatches=0
  hip         49.0500 us/op correctness=true mismatches=0
  redline     10.8362 us/op correctness=true mismatches=0
[3/12] serial_latency/vopd/variant=mixed-int-float,n=32768,body=64;hip-wave=64 (32 operations; order hipgraph -> hip -> redline -> vulkan)
  hipgraph    55.4350 us/op correctness=true mismatches=0
  hip         55.6863 us/op correctness=true mismatches=0
  redline     23.5925 us/op correctness=true mismatches=0
  vulkan      16.0050 us/op correctness=true mismatches=0
[4/12] serial_latency/vopd/variant=dequant-like,n=32768,body=64;hip-wave=64 (32 operations; order hip -> redline -> vulkan -> hipgraph)
  hip         52.8925 us/op correctness=true mismatches=0
  redline     21.3687 us/op correctness=true mismatches=0
  vulkan      14.5300 us/op correctness=true mismatches=0
  hipgraph    52.3388 us/op correctness=true mismatches=0
[5/12] independent_throughput/vopd/variant=independent-fma,n=32768,body=64;hip-wave=64 (32 operations; order redline -> vulkan -> hipgraph -> hip)
  redline      7.7700 us/op correctness=true mismatches=0
  vulkan       7.6212 us/op correctness=true mismatches=0
  hipgraph    55.8313 us/op correctness=true mismatches=0
  hip         52.5688 us/op correctness=true mismatches=0
[6/12] independent_throughput/vopd/variant=dependent-fma,n=32768,body=64;hip-wave=64 (32 operations; order vulkan -> hipgraph -> hip -> redline)
  vulkan       6.8863 us/op correctness=true mismatches=0
  hipgraph    48.1188 us/op correctness=true mismatches=0
  hip         37.7888 us/op correctness=true mismatches=0
  redline      4.7400 us/op correctness=true mismatches=0
[7/12] independent_throughput/vopd/variant=mixed-int-float,n=32768,body=64;hip-wave=64 (32 operations; order hipgraph -> hip -> redline -> vulkan)
  hipgraph    40.3500 us/op correctness=true mismatches=0
  hip         32.6775 us/op correctness=true mismatches=0
  redline      9.3975 us/op correctness=true mismatches=0
  vulkan       7.3500 us/op correctness=true mismatches=0
[8/12] independent_throughput/vopd/variant=dequant-like,n=32768,body=64;hip-wave=64 (32 operations; order hip -> redline -> vulkan -> hipgraph)
  hip         30.9837 us/op correctness=true mismatches=0
  redline      8.1988 us/op correctness=true mismatches=0
  vulkan       6.5075 us/op correctness=true mismatches=0
  hipgraph    36.8100 us/op correctness=true mismatches=0
[9/12] single_kernel_aggressive/vopd/variant=independent-fma,n=32768,body=64;hip-wave=64 (1 operations; order redline -> vulkan -> hipgraph -> hip)
  redline      7.4400 us/op correctness=true mismatches=0
  vulkan       8.2000 us/op correctness=true mismatches=0
  hipgraph    34.9200 us/op correctness=true mismatches=0
  hip         29.1600 us/op correctness=true mismatches=0
[10/12] single_kernel_aggressive/vopd/variant=dependent-fma,n=32768,body=64;hip-wave=64 (1 operations; order vulkan -> hipgraph -> hip -> redline)
  vulkan       8.2800 us/op correctness=true mismatches=0
  hipgraph    34.8800 us/op correctness=true mismatches=0
  hip         29.0800 us/op correctness=true mismatches=0
  redline      7.7600 us/op correctness=true mismatches=0
[11/12] single_kernel_aggressive/vopd/variant=mixed-int-float,n=32768,body=64;hip-wave=64 (1 operations; order hipgraph -> hip -> redline -> vulkan)
  hipgraph    38.0000 us/op correctness=true mismatches=0
  hip         32.1600 us/op correctness=true mismatches=0
  redline     14.0000 us/op correctness=true mismatches=0
  vulkan      11.6400 us/op correctness=true mismatches=0
[12/12] single_kernel_aggressive/vopd/variant=dequant-like,n=32768,body=64;hip-wave=64 (1 operations; order hip -> redline -> vulkan -> hipgraph)
  hip         30.8000 us/op correctness=true mismatches=0
  redline     12.9600 us/op correctness=true mismatches=0
  vulkan      10.9600 us/op correctness=true mismatches=0
  hipgraph    36.5200 us/op correctness=true mismatches=0
wrote results/gfx1201/2026-07-13-radiowave-all-losers/vopd-unroll4/results.json
wrote results/gfx1201/2026-07-13-radiowave-all-losers/vopd-unroll4/REPORT.md
Redline wins 3/12 (25.00%). Four-way placements: 1st 3, 2nd 9, 3rd 0, 4th 0.
