initializing Hipfire HIP bridge
initializing Redline retained-PM4 backend
initializing RADV Vulkan backend
[1/12] serial_latency/vopd/variant=independent-fma,n=32768,body=64;hip-wave=64 (32 operations; order redline -> vulkan -> hipgraph -> hip)
  redline     13.3112 us/op correctness=true mismatches=0
  vulkan       9.1775 us/op correctness=true mismatches=0
  hipgraph    27.2150 us/op correctness=true mismatches=0
  hip         27.3500 us/op correctness=true mismatches=0
[2/12] serial_latency/vopd/variant=dependent-fma,n=32768,body=64;hip-wave=64 (32 operations; order vulkan -> hipgraph -> hip -> redline)
  vulkan       9.3038 us/op correctness=true mismatches=0
  hipgraph    26.7700 us/op correctness=true mismatches=0
  hip         26.8300 us/op correctness=true mismatches=0
  redline     12.1263 us/op correctness=true mismatches=0
[3/12] serial_latency/vopd/variant=mixed-int-float,n=32768,body=64;hip-wave=64 (32 operations; order hipgraph -> hip -> redline -> vulkan)
  hipgraph    33.6237 us/op correctness=true mismatches=0
  hip         33.7700 us/op correctness=true mismatches=0
  redline     26.6125 us/op correctness=true mismatches=0
  vulkan      16.6875 us/op correctness=true mismatches=0
[4/12] serial_latency/vopd/variant=dequant-like,n=32768,body=64;hip-wave=64 (32 operations; order hip -> redline -> vulkan -> hipgraph)
  hip         31.2000 us/op correctness=true mismatches=0
  redline     23.0875 us/op correctness=true mismatches=0
  vulkan      15.0087 us/op correctness=true mismatches=0
  hipgraph    31.0925 us/op correctness=true mismatches=0
[5/12] independent_throughput/vopd/variant=independent-fma,n=32768,body=64;hip-wave=64 (32 operations; order redline -> vulkan -> hipgraph -> hip)
  redline      8.7700 us/op correctness=true mismatches=0
  vulkan       8.0262 us/op correctness=true mismatches=0
  hipgraph    34.8725 us/op correctness=true mismatches=0
  hip         31.8150 us/op correctness=true mismatches=0
[6/12] independent_throughput/vopd/variant=dependent-fma,n=32768,body=64;hip-wave=64 (32 operations; order vulkan -> hipgraph -> hip -> redline)
  vulkan       7.9650 us/op correctness=true mismatches=0
  hipgraph    34.9725 us/op correctness=true mismatches=0
  hip         25.8025 us/op correctness=true mismatches=0
  redline      5.5500 us/op correctness=true mismatches=0
[7/12] independent_throughput/vopd/variant=mixed-int-float,n=32768,body=64;hip-wave=64 (32 operations; order hipgraph -> hip -> redline -> vulkan)
  hipgraph    31.2037 us/op correctness=true mismatches=0
  hip         24.2862 us/op correctness=true mismatches=0
  redline     10.7575 us/op correctness=true mismatches=0
  vulkan       8.5062 us/op correctness=true mismatches=0
[8/12] independent_throughput/vopd/variant=dequant-like,n=32768,body=64;hip-wave=64 (32 operations; order hip -> redline -> vulkan -> hipgraph)
  hip         21.3412 us/op correctness=true mismatches=0
  redline      8.3212 us/op correctness=true mismatches=0
  vulkan       7.1325 us/op correctness=true mismatches=0
  hipgraph    26.4375 us/op correctness=true mismatches=0
[9/12] single_kernel_aggressive/vopd/variant=independent-fma,n=32768,body=64;hip-wave=64 (1 operations; order redline -> vulkan -> hipgraph -> hip)
  redline      8.8800 us/op correctness=true mismatches=0
  vulkan       8.0800 us/op correctness=true mismatches=0
  hipgraph    24.5200 us/op correctness=true mismatches=0
  hip         18.6800 us/op correctness=true mismatches=0
[10/12] single_kernel_aggressive/vopd/variant=dependent-fma,n=32768,body=64;hip-wave=64 (1 operations; order vulkan -> hipgraph -> hip -> redline)
  vulkan       8.2000 us/op correctness=true mismatches=0
  hipgraph    24.0800 us/op correctness=true mismatches=0
  hip         18.3200 us/op correctness=true mismatches=0
  redline      8.3200 us/op correctness=true mismatches=0
[11/12] single_kernel_aggressive/vopd/variant=mixed-int-float,n=32768,body=64;hip-wave=64 (1 operations; order hipgraph -> hip -> redline -> vulkan)
  hipgraph    27.3200 us/op correctness=true mismatches=0
  hip         21.6800 us/op correctness=true mismatches=0
  redline     15.2000 us/op correctness=true mismatches=0
  vulkan      11.6400 us/op correctness=true mismatches=0
[12/12] single_kernel_aggressive/vopd/variant=dequant-like,n=32768,body=64;hip-wave=64 (1 operations; order hip -> redline -> vulkan -> hipgraph)
  hip         20.4400 us/op correctness=true mismatches=0
  redline     13.5200 us/op correctness=true mismatches=0
  vulkan      10.8000 us/op correctness=true mismatches=0
  hipgraph    26.1600 us/op correctness=true mismatches=0
wrote results/gfx1201/2026-07-13-radiowave-all-losers/vopd-block128-wave64/results.json
wrote results/gfx1201/2026-07-13-radiowave-all-losers/vopd-block128-wave64/REPORT.md
Redline wins 1/12 (8.33%). Four-way placements: 1st 1, 2nd 11, 3rd 0, 4th 0.
