initializing Hipfire HIP bridge
initializing Redline retained-PM4 backend
initializing RADV Vulkan backend
[1/133] serial_latency/dispatch-grid/count=1,grid=1;hip-wave=32 (1 operations; order redline -> vulkan -> hipgraph -> hip)
  redline      3.8400 us/op correctness=true mismatches=0
  vulkan       7.3600 us/op correctness=true mismatches=0
  hipgraph    17.8800 us/op correctness=true mismatches=0
  hip         10.2000 us/op correctness=true mismatches=0
[2/133] serial_latency/dispatch-grid/count=50,grid=1;hip-wave=32 (50 operations; order vulkan -> hipgraph -> hip -> redline)
  vulkan       1.2576 us/op correctness=true mismatches=0
  hipgraph     3.5888 us/op correctness=true mismatches=0
  hip          4.0256 us/op correctness=true mismatches=0
  redline      1.7200 us/op correctness=true mismatches=0
[3/133] serial_latency/dispatch-grid/count=200,grid=1;hip-wave=32 (200 operations; order hipgraph -> hip -> redline -> vulkan)
  hipgraph     3.3350 us/op correctness=true mismatches=0
  hip          3.9108 us/op correctness=true mismatches=0
  redline      1.5994 us/op correctness=true mismatches=0
  vulkan       1.0882 us/op correctness=true mismatches=0
[4/133] serial_latency/dispatch-grid/count=941,grid=1;hip-wave=32 (941 operations; order hip -> redline -> vulkan -> hipgraph)
  hip          3.8624 us/op correctness=true mismatches=0
  redline      1.5730 us/op correctness=true mismatches=0
  vulkan       1.0134 us/op correctness=true mismatches=0
  hipgraph     3.3084 us/op correctness=true mismatches=0
[5/133] serial_latency/dispatch-grid/count=64,grid=128;hip-wave=32 (64 operations; order redline -> vulkan -> hipgraph -> hip)
  redline      2.9638 us/op correctness=true mismatches=0
  vulkan       1.1612 us/op correctness=true mismatches=0
  hipgraph     4.6194 us/op correctness=true mismatches=0
  hip          4.7719 us/op correctness=true mismatches=0
[6/133] serial_latency/dispatch-grid/count=64,grid=1024;hip-wave=32 (64 operations; order vulkan -> hipgraph -> hip -> redline)
  vulkan       2.2025 us/op correctness=true mismatches=0
  hipgraph    13.6075 us/op correctness=true mismatches=0
  hip         13.7744 us/op correctness=true mismatches=0
  redline      3.0444 us/op correctness=true mismatches=0
[7/133] serial_latency/dispatch-grid/count=64,grid=8192;hip-wave=32 (64 operations; order hipgraph -> hip -> redline -> vulkan)
  hipgraph    85.5202 us/op correctness=true mismatches=0
  hip         84.3264 us/op correctness=true mismatches=0
  redline      6.8338 us/op correctness=true mismatches=0
  vulkan      11.4288 us/op correctness=true mismatches=0
[8/133] serial_latency/geometry/k=512,rows=1,wg=256;hip-wave=32 (64 operations; order hip -> redline -> vulkan -> hipgraph)
  hip         19.0175 us/op correctness=true mismatches=0
  redline     14.0444 us/op correctness=true mismatches=0
  vulkan      16.1475 us/op correctness=true mismatches=0
  hipgraph    18.4475 us/op correctness=true mismatches=0
[9/133] serial_latency/geometry/k=512,rows=4,wg=256;hip-wave=32 (64 operations; order redline -> vulkan -> hipgraph -> hip)
  redline     14.0706 us/op correctness=true mismatches=0
  vulkan      16.0700 us/op correctness=true mismatches=0
  hipgraph    15.8675 us/op correctness=true mismatches=0
  hip         16.3463 us/op correctness=true mismatches=0
[10/133] serial_latency/geometry/k=2048,rows=1,wg=256;hip-wave=32 (64 operations; order vulkan -> hipgraph -> hip -> redline)
  vulkan      56.5000 us/op correctness=true mismatches=0
  hipgraph    48.0995 us/op correctness=true mismatches=0
  hip         48.5613 us/op correctness=true mismatches=0
  redline     46.2594 us/op correctness=true mismatches=0
[11/133] serial_latency/geometry/k=2048,rows=4,wg=256;hip-wave=32 (64 operations; order hipgraph -> hip -> redline -> vulkan)
  hipgraph    48.1045 us/op correctness=true mismatches=0
  hip         48.5776 us/op correctness=true mismatches=0
  redline     46.1775 us/op correctness=true mismatches=0
  vulkan      56.2669 us/op correctness=true mismatches=0
[12/133] serial_latency/reduction/variant=wave,k=8192,rows=1;hip-wave=32 (64 operations; order hip -> redline -> vulkan -> hipgraph)
  hip        140.5709 us/op correctness=true mismatches=0
  redline    139.2800 us/op correctness=true mismatches=0
  vulkan     159.4956 us/op correctness=true mismatches=0
  hipgraph   136.3959 us/op correctness=true mismatches=0
[13/133] serial_latency/reduction/variant=wave,k=8192,rows=4;hip-wave=32 (64 operations; order redline -> vulkan -> hipgraph -> hip)
  redline    141.5981 us/op correctness=true mismatches=0
  vulkan     162.4412 us/op correctness=true mismatches=0
  hipgraph   141.9871 us/op correctness=true mismatches=0
  hip        142.4528 us/op correctness=true mismatches=0
[14/133] serial_latency/reduction/variant=lds-tree,k=8192,rows=1;hip-wave=32 (64 operations; order vulkan -> hipgraph -> hip -> redline)
  vulkan     159.8425 us/op correctness=true mismatches=0
  hipgraph   143.5659 us/op correctness=true mismatches=0
  hip        140.6190 us/op correctness=true mismatches=0
  redline    139.5637 us/op correctness=true mismatches=0
[15/133] serial_latency/reduction/variant=lds-tree,k=8192,rows=4;hip-wave=32 (64 operations; order hipgraph -> hip -> redline -> vulkan)
  hipgraph   142.5315 us/op correctness=true mismatches=0
  hip        142.5259 us/op correctness=true mismatches=0
  redline    141.6094 us/op correctness=true mismatches=0
  vulkan     162.5806 us/op correctness=true mismatches=0
[16/133] serial_latency/memory-waitcnt/variant=coalesced4,n=4096,body=16;hip-wave=32 (64 operations; order hip -> redline -> vulkan -> hipgraph)
  hip          9.1869 us/op correctness=true mismatches=0
  redline      7.4181 us/op correctness=true mismatches=0
  vulkan       6.1994 us/op correctness=true mismatches=0
  hipgraph     8.6850 us/op correctness=true mismatches=0
[17/133] serial_latency/memory-waitcnt/variant=coalesced4,n=32768,body=16;hip-wave=32 (32 operations; order redline -> vulkan -> hipgraph -> hip)
  redline      8.9087 us/op correctness=true mismatches=0
  vulkan       6.9175 us/op correctness=true mismatches=0
  hipgraph    45.6451 us/op correctness=true mismatches=0
  hip         45.9638 us/op correctness=true mismatches=0
[18/133] serial_latency/memory-waitcnt/variant=gather,n=4096,body=16;hip-wave=32 (64 operations; order vulkan -> hipgraph -> hip -> redline)
  vulkan       9.3900 us/op correctness=true mismatches=0
  hipgraph     8.6850 us/op correctness=true mismatches=0
  hip          9.1888 us/op correctness=true mismatches=0
  redline      5.8037 us/op correctness=true mismatches=0
[19/133] serial_latency/memory-waitcnt/variant=gather,n=32768,body=16;hip-wave=32 (32 operations; order hipgraph -> hip -> redline -> vulkan)
  hipgraph    45.7401 us/op correctness=true mismatches=0
  hip         46.1626 us/op correctness=true mismatches=0
  redline     23.7075 us/op correctness=true mismatches=0
  vulkan      19.5663 us/op correctness=true mismatches=0
[20/133] serial_latency/memory-waitcnt/variant=interleave4,n=4096,body=16;hip-wave=64 (64 operations; order hip -> redline -> vulkan -> hipgraph)
  hip          8.7669 us/op correctness=true mismatches=0
  redline      7.0987 us/op correctness=true mismatches=0
  vulkan       6.3987 us/op correctness=true mismatches=0
  hipgraph     8.4644 us/op correctness=true mismatches=0
[21/133] serial_latency/memory-waitcnt/variant=interleave4,n=32768,body=16;hip-wave=64 (32 operations; order redline -> vulkan -> hipgraph -> hip)
  redline     12.7012 us/op correctness=true mismatches=0
  vulkan      10.1775 us/op correctness=true mismatches=0
  hipgraph    48.4101 us/op correctness=true mismatches=0
  hip         48.4451 us/op correctness=true mismatches=0
[22/133] serial_latency/packed-dot/variant=q8-signed,n=4096,body=16;hip-wave=32 (64 operations; order vulkan -> hipgraph -> hip -> redline)
  vulkan       7.6863 us/op correctness=true mismatches=0
  hipgraph     8.8275 us/op correctness=true mismatches=0
  hip          9.2894 us/op correctness=true mismatches=0
  redline      7.6231 us/op correctness=true mismatches=0
[23/133] serial_latency/packed-dot/variant=q4-unsigned,n=4096,body=16;hip-wave=32 (64 operations; order hipgraph -> hip -> redline -> vulkan)
  hipgraph     8.8088 us/op correctness=true mismatches=0
  hip          9.2675 us/op correctness=true mismatches=0
  redline      7.5956 us/op correctness=true mismatches=0
  vulkan       7.6756 us/op correctness=true mismatches=0
[24/133] serial_latency/packed-dot/variant=q6-zero,n=4096,body=16;hip-wave=32 (64 operations; order hip -> redline -> vulkan -> hipgraph)
  hip          9.3194 us/op correctness=true mismatches=0
  redline      7.4350 us/op correctness=true mismatches=0
  vulkan       8.0225 us/op correctness=true mismatches=0
  hipgraph     8.8281 us/op correctness=true mismatches=0
[25/133] serial_latency/packed-dot/variant=q4-scalar,n=4096,body=16;hip-wave=32 (64 operations; order redline -> vulkan -> hipgraph -> hip)
  redline      8.7181 us/op correctness=true mismatches=0
  vulkan      14.2700 us/op correctness=true mismatches=0
  hipgraph    10.0813 us/op correctness=true mismatches=0
  hip         10.4325 us/op correctness=true mismatches=0
[26/133] serial_latency/vopd/variant=independent-fma,n=32768,body=64;hip-wave=64 (32 operations; order vulkan -> hipgraph -> hip -> redline)
  vulkan       9.1237 us/op correctness=true mismatches=0
  hipgraph    48.8701 us/op correctness=true mismatches=0
  hip         48.9563 us/op correctness=true mismatches=0
  redline     11.1150 us/op correctness=true mismatches=0
[27/133] serial_latency/vopd/variant=dependent-fma,n=32768,body=64;hip-wave=64 (32 operations; order hipgraph -> hip -> redline -> vulkan)
  hipgraph    48.0713 us/op correctness=true mismatches=0
  hip         48.0738 us/op correctness=true mismatches=0
  redline     10.9987 us/op correctness=true mismatches=0
  vulkan       9.2500 us/op correctness=true mismatches=0
[28/133] serial_latency/vopd/variant=mixed-int-float,n=32768,body=64;hip-wave=64 (32 operations; order hip -> redline -> vulkan -> hipgraph)
  hip         55.2913 us/op correctness=true mismatches=0
  redline     23.9475 us/op correctness=true mismatches=0
  vulkan      16.5463 us/op correctness=true mismatches=0
  hipgraph    54.4201 us/op correctness=true mismatches=0
[29/133] serial_latency/vopd/variant=dequant-like,n=32768,body=64;hip-wave=64 (32 operations; order redline -> vulkan -> hipgraph -> hip)
  redline     21.7100 us/op correctness=true mismatches=0
  vulkan      14.9300 us/op correctness=true mismatches=0
  hipgraph    51.8151 us/op correctness=true mismatches=0
  hip         51.9826 us/op correctness=true mismatches=0
[30/133] serial_latency/sampler/argmax,vocab=32768,rows=1;hip-wave=32 (64 operations; order vulkan -> hipgraph -> hip -> redline)
  vulkan      42.1938 us/op correctness=true mismatches=0
  hipgraph    43.5095 us/op correctness=true mismatches=0
  hip         44.2551 us/op correctness=true mismatches=0
  redline     41.4031 us/op correctness=true mismatches=0
[31/133] serial_latency/sampler/argmax,vocab=32768,rows=4;hip-wave=32 (64 operations; order hipgraph -> hip -> redline -> vulkan)
  hipgraph    43.2870 us/op correctness=true mismatches=0
  hip         43.3182 us/op correctness=true mismatches=0
  redline     41.7019 us/op correctness=true mismatches=0
  vulkan      42.3200 us/op correctness=true mismatches=0
[32/133] serial_latency/sampler/argmax,vocab=131072,rows=1;hip-wave=32 (64 operations; order hip -> redline -> vulkan -> hipgraph)
  hip        160.2035 us/op correctness=true mismatches=0
  redline    156.4375 us/op correctness=true mismatches=0
  vulkan     162.3300 us/op correctness=true mismatches=0
  hipgraph   157.7678 us/op correctness=true mismatches=0
[33/133] serial_latency/sampler/argmax,vocab=131072,rows=4;hip-wave=32 (64 operations; order redline -> vulkan -> hipgraph -> hip)
  redline    158.0700 us/op correctness=true mismatches=0
  vulkan     163.8713 us/op correctness=true mismatches=0
  hipgraph   159.0047 us/op correctness=true mismatches=0
  hip        157.5884 us/op correctness=true mismatches=0
[34/133] serial_latency/two-stage-reduction/k=8192,rows=4,splits=2;hip-wave=32 (64 operations; order vulkan -> hipgraph -> hip -> redline)
  vulkan      10.5281 us/op correctness=true mismatches=0
  hipgraph    12.7419 us/op correctness=true mismatches=0
  hip         13.8019 us/op correctness=true mismatches=0
  redline      9.1844 us/op correctness=true mismatches=0
[35/133] serial_latency/two-stage-reduction/k=32768,rows=4,splits=8;hip-wave=32 (32 operations; order hipgraph -> hip -> redline -> vulkan)
  hipgraph    18.6338 us/op correctness=true mismatches=0
  hip         19.5813 us/op correctness=true mismatches=0
  redline     10.2487 us/op correctness=true mismatches=0
  vulkan      10.5375 us/op correctness=true mismatches=0
[36/133] serial_latency/q4-selected-dual/m=512,k=768,tile=2;hip-wave=64 (32 operations; order hip -> redline -> vulkan -> hipgraph)
  hip         21.3788 us/op correctness=true mismatches=0
  redline      5.8788 us/op correctness=true mismatches=0
  vulkan       6.1487 us/op correctness=true mismatches=0
  hipgraph    21.0088 us/op correctness=true mismatches=0
[37/133] serial_latency/q4-selected-dual/m=2048,k=2048,tile=2;hip-wave=64 (32 operations; order redline -> vulkan -> hipgraph -> hip)
  redline     11.0325 us/op correctness=true mismatches=0
  vulkan      13.8812 us/op correctness=true mismatches=0
  hipgraph    70.1451 us/op correctness=true mismatches=0
  hip         70.5776 us/op correctness=true mismatches=0
[38/133] serial_latency/q4-selected-dual/m=4096,k=8192,tile=2;hip-wave=64 (16 operations; order vulkan -> hipgraph -> hip -> redline)
  vulkan      61.4050 us/op correctness=true mismatches=0
  hipgraph   366.4083 us/op correctness=true mismatches=0
  hip        363.9983 us/op correctness=true mismatches=0
  redline     55.8250 us/op correctness=true mismatches=0
[39/133] serial_latency/q6-x8-selected-down/m=512,k=2048,tile=8;hip-wave=64 (32 operations; order hipgraph -> hip -> redline -> vulkan)
  hipgraph    25.2313 us/op correctness=true mismatches=0
  hip         25.5988 us/op correctness=true mismatches=0
  redline     24.0400 us/op correctness=true mismatches=0
  vulkan      39.9862 us/op correctness=true mismatches=0
[40/133] serial_latency/q6-x8-selected-down/m=2048,k=4096,tile=8;hip-wave=64 (32 operations; order hip -> redline -> vulkan -> hipgraph)
  hip         80.6327 us/op correctness=true mismatches=0
  redline     44.5438 us/op correctness=true mismatches=0
  vulkan      77.6813 us/op correctness=true mismatches=0
  hipgraph    80.1402 us/op correctness=true mismatches=0
[41/133] serial_latency/q6-x8-selected-down/m=4096,k=8192,tile=8;hip-wave=64 (16 operations; order redline -> vulkan -> hipgraph -> hip)
  redline     88.3000 us/op correctness=true mismatches=0
  vulkan     156.1900 us/op correctness=true mismatches=0
  hipgraph   160.0903 us/op correctness=true mismatches=0
  hip        160.2728 us/op correctness=true mismatches=0
[42/133] serial_latency/dense-q8/m=512,k=768,tile=4;hip-wave=64 (32 operations; order vulkan -> hipgraph -> hip -> redline)
  vulkan       8.4725 us/op correctness=true mismatches=0
  hipgraph    20.5188 us/op correctness=true mismatches=0
  hip         20.3263 us/op correctness=true mismatches=0
  redline      7.4575 us/op correctness=true mismatches=0
[43/133] serial_latency/dense-q8/m=2048,k=2048,tile=4;hip-wave=64 (32 operations; order hipgraph -> hip -> redline -> vulkan)
  hipgraph    67.8839 us/op correctness=true mismatches=0
  hip         68.6439 us/op correctness=true mismatches=0
  redline     14.1075 us/op correctness=true mismatches=0
  vulkan      19.6650 us/op correctness=true mismatches=0
[44/133] serial_latency/dense-q8/m=2048,k=8192,tile=4;hip-wave=64 (16 operations; order hip -> redline -> vulkan -> hipgraph)
  hip         95.4402 us/op correctness=true mismatches=0
  redline     41.6825 us/op correctness=true mismatches=0
  vulkan      72.2450 us/op correctness=true mismatches=0
  hipgraph    94.7952 us/op correctness=true mismatches=0
[45/133] serial_latency/dense-q8/m=4096,k=8192,tile=4;hip-wave=64 (16 operations; order redline -> vulkan -> hipgraph -> hip)
  redline     48.8125 us/op correctness=true mismatches=0
  vulkan      81.7650 us/op correctness=true mismatches=0
  hipgraph   182.6054 us/op correctness=true mismatches=0
  hip        184.3779 us/op correctness=true mismatches=0
[46/133] independent_throughput/dispatch-grid/count=1,grid=1;hip-wave=32 (1 operations; order vulkan -> hipgraph -> hip -> redline)
  vulkan       7.7200 us/op correctness=true mismatches=0
  hipgraph    18.3200 us/op correctness=true mismatches=0
  hip         10.9600 us/op correctness=true mismatches=0
  redline      4.0800 us/op correctness=true mismatches=0
[47/133] independent_throughput/dispatch-grid/count=50,grid=1;hip-wave=32 (50 operations; order hipgraph -> hip -> redline -> vulkan)
  hipgraph    13.1600 us/op correctness=true mismatches=0
  hip          8.3976 us/op correctness=true mismatches=0
  redline      0.1952 us/op correctness=true mismatches=0
  vulkan       1.3032 us/op correctness=true mismatches=0
[48/133] independent_throughput/dispatch-grid/count=200,grid=1;hip-wave=32 (200 operations; order hip -> redline -> vulkan -> hipgraph)
  hip          9.4696 us/op correctness=true mismatches=0
  redline      0.1200 us/op correctness=true mismatches=0
  vulkan       0.3140 us/op correctness=true mismatches=0
  hipgraph     9.3572 us/op correctness=true mismatches=0
[49/133] independent_throughput/dispatch-grid/count=941,grid=1;hip-wave=32 (941 operations; order redline -> vulkan -> hipgraph -> hip)
  redline      0.0840 us/op correctness=true mismatches=0
  vulkan       0.0833 us/op correctness=true mismatches=0
  hipgraph     8.5778 us/op correctness=true mismatches=0
  hip          8.4113 us/op correctness=true mismatches=0
[50/133] independent_throughput/dispatch-grid/count=64,grid=128;hip-wave=32 (64 operations; order vulkan -> hipgraph -> hip -> redline)
  vulkan       0.9225 us/op correctness=true mismatches=0
  hipgraph    11.1250 us/op correctness=true mismatches=0
  hip         10.4456 us/op correctness=true mismatches=0
  redline      0.2350 us/op correctness=true mismatches=0
[51/133] independent_throughput/dispatch-grid/count=64,grid=1024;hip-wave=32 (64 operations; order hipgraph -> hip -> redline -> vulkan)
  hipgraph    14.8732 us/op correctness=true mismatches=0
  hip         13.6707 us/op correctness=true mismatches=0
  redline      0.9413 us/op correctness=true mismatches=0
  vulkan       1.1906 us/op correctness=true mismatches=0
[52/133] independent_throughput/dispatch-grid/count=64,grid=8192;hip-wave=32 (64 operations; order hip -> redline -> vulkan -> hipgraph)
  hip         47.2588 us/op correctness=true mismatches=0
  redline      3.6144 us/op correctness=true mismatches=0
  vulkan       5.6900 us/op correctness=true mismatches=0
  hipgraph    50.4013 us/op correctness=true mismatches=0
[53/133] independent_throughput/geometry/k=512,rows=1,wg=256;hip-wave=32 (64 operations; order redline -> vulkan -> hipgraph -> hip)
  redline      0.1875 us/op correctness=true mismatches=0
  vulkan       1.2937 us/op correctness=true mismatches=0
  hipgraph    19.0513 us/op correctness=true mismatches=0
  hip         16.9594 us/op correctness=true mismatches=0
[54/133] independent_throughput/geometry/k=512,rows=4,wg=256;hip-wave=32 (64 operations; order vulkan -> hipgraph -> hip -> redline)
  vulkan       1.2950 us/op correctness=true mismatches=0
  hipgraph    12.1619 us/op correctness=true mismatches=0
  hip         11.6782 us/op correctness=true mismatches=0
  redline      0.3394 us/op correctness=true mismatches=0
[55/133] independent_throughput/geometry/k=2048,rows=1,wg=256;hip-wave=32 (64 operations; order hipgraph -> hip -> redline -> vulkan)
  hipgraph    17.0582 us/op correctness=true mismatches=0
  hip         16.6538 us/op correctness=true mismatches=0
  redline      0.4788 us/op correctness=true mismatches=0
  vulkan       2.1456 us/op correctness=true mismatches=0
[56/133] independent_throughput/geometry/k=2048,rows=4,wg=256;hip-wave=32 (64 operations; order hip -> redline -> vulkan -> hipgraph)
  hip         17.2207 us/op correctness=true mismatches=0
  redline      1.1413 us/op correctness=true mismatches=0
  vulkan       2.2106 us/op correctness=true mismatches=0
  hipgraph    17.7969 us/op correctness=true mismatches=0
[57/133] independent_throughput/reduction/variant=wave,k=8192,rows=1;hip-wave=32 (64 operations; order redline -> vulkan -> hipgraph -> hip)
  redline      1.1594 us/op correctness=true mismatches=0
  vulkan       4.5900 us/op correctness=true mismatches=0
  hipgraph    39.2313 us/op correctness=true mismatches=0
  hip         38.9895 us/op correctness=true mismatches=0
[58/133] independent_throughput/reduction/variant=wave,k=8192,rows=4;hip-wave=32 (64 operations; order vulkan -> hipgraph -> hip -> redline)
  vulkan       4.6638 us/op correctness=true mismatches=0
  hipgraph    40.6320 us/op correctness=true mismatches=0
  hip         38.9745 us/op correctness=true mismatches=0
  redline      2.3594 us/op correctness=true mismatches=0
[59/133] independent_throughput/reduction/variant=lds-tree,k=8192,rows=1;hip-wave=32 (64 operations; order hipgraph -> hip -> redline -> vulkan)
  hipgraph    38.8426 us/op correctness=true mismatches=0
  hip         39.2082 us/op correctness=true mismatches=0
  redline      1.1450 us/op correctness=true mismatches=0
  vulkan       4.4981 us/op correctness=true mismatches=0
[60/133] independent_throughput/reduction/variant=lds-tree,k=8192,rows=4;hip-wave=32 (64 operations; order hip -> redline -> vulkan -> hipgraph)
  hip         38.6670 us/op correctness=true mismatches=0
  redline      2.3262 us/op correctness=true mismatches=0
  vulkan       4.5769 us/op correctness=true mismatches=0
  hipgraph    40.1270 us/op correctness=true mismatches=0
[61/133] independent_throughput/memory-waitcnt/variant=coalesced4,n=4096,body=16;hip-wave=32 (64 operations; order redline -> vulkan -> hipgraph -> hip)
  redline      0.3494 us/op correctness=true mismatches=0
  vulkan       1.0694 us/op correctness=true mismatches=0
  hipgraph    12.8563 us/op correctness=true mismatches=0
  hip         11.5732 us/op correctness=true mismatches=0
[62/133] independent_throughput/memory-waitcnt/variant=coalesced4,n=32768,body=16;hip-wave=32 (32 operations; order vulkan -> hipgraph -> hip -> redline)
  vulkan       2.8200 us/op correctness=true mismatches=0
  hipgraph    33.0301 us/op correctness=true mismatches=0
  hip         26.8876 us/op correctness=true mismatches=0
  redline      2.4250 us/op correctness=true mismatches=0
[63/133] independent_throughput/memory-waitcnt/variant=gather,n=4096,body=16;hip-wave=32 (64 operations; order hipgraph -> hip -> redline -> vulkan)
  hipgraph    12.5400 us/op correctness=true mismatches=0
  hip         11.3956 us/op correctness=true mismatches=0
  redline      1.0394 us/op correctness=true mismatches=0
  vulkan       1.1663 us/op correctness=true mismatches=0
[64/133] independent_throughput/memory-waitcnt/variant=gather,n=32768,body=16;hip-wave=32 (32 operations; order hip -> redline -> vulkan -> hipgraph)
  hip         27.1138 us/op correctness=true mismatches=0
  redline      9.4025 us/op correctness=true mismatches=0
  vulkan       7.4750 us/op correctness=true mismatches=0
  hipgraph    35.3138 us/op correctness=true mismatches=0
[65/133] independent_throughput/memory-waitcnt/variant=interleave4,n=4096,body=16;hip-wave=64 (64 operations; order redline -> vulkan -> hipgraph -> hip)
  redline      0.5244 us/op correctness=true mismatches=0
  vulkan       1.2337 us/op correctness=true mismatches=0
  hipgraph    12.0225 us/op correctness=true mismatches=0
  hip         11.3913 us/op correctness=true mismatches=0
[66/133] independent_throughput/memory-waitcnt/variant=interleave4,n=32768,body=16;hip-wave=64 (32 operations; order vulkan -> hipgraph -> hip -> redline)
  vulkan       4.2825 us/op correctness=true mismatches=0
  hipgraph    30.9788 us/op correctness=true mismatches=0
  hip         27.5963 us/op correctness=true mismatches=0
  redline      3.8650 us/op correctness=true mismatches=0
[67/133] independent_throughput/packed-dot/variant=q8-signed,n=4096,body=16;hip-wave=32 (64 operations; order hipgraph -> hip -> redline -> vulkan)
  hipgraph    12.5407 us/op correctness=true mismatches=0
  hip         11.6888 us/op correctness=true mismatches=0
  redline      0.5550 us/op correctness=true mismatches=0
  vulkan       1.3881 us/op correctness=true mismatches=0
[68/133] independent_throughput/packed-dot/variant=q4-unsigned,n=4096,body=16;hip-wave=32 (64 operations; order hip -> redline -> vulkan -> hipgraph)
  hip         11.6213 us/op correctness=true mismatches=0
  redline      0.5556 us/op correctness=true mismatches=0
  vulkan       1.3675 us/op correctness=true mismatches=0
  hipgraph    12.5569 us/op correctness=true mismatches=0
[69/133] independent_throughput/packed-dot/variant=q6-zero,n=4096,body=16;hip-wave=32 (64 operations; order redline -> vulkan -> hipgraph -> hip)
  redline      0.5769 us/op correctness=true mismatches=0
  vulkan       1.3894 us/op correctness=true mismatches=0
  hipgraph    12.5619 us/op correctness=true mismatches=0
  hip         11.6625 us/op correctness=true mismatches=0
[70/133] independent_throughput/packed-dot/variant=q4-scalar,n=4096,body=16;hip-wave=32 (64 operations; order vulkan -> hipgraph -> hip -> redline)
  vulkan       2.4287 us/op correctness=true mismatches=0
  hipgraph    12.6457 us/op correctness=true mismatches=0
  hip         11.7781 us/op correctness=true mismatches=0
  redline      1.0669 us/op correctness=true mismatches=0
[71/133] independent_throughput/vopd/variant=independent-fma,n=32768,body=64;hip-wave=64 (32 operations; order hipgraph -> hip -> redline -> vulkan)
  hipgraph    33.7676 us/op correctness=true mismatches=0
  hip         28.6076 us/op correctness=true mismatches=0
  redline      3.6387 us/op correctness=true mismatches=0
  vulkan       4.0462 us/op correctness=true mismatches=0
[72/133] independent_throughput/vopd/variant=dependent-fma,n=32768,body=64;hip-wave=64 (32 operations; order hip -> redline -> vulkan -> hipgraph)
  hip         28.5763 us/op correctness=true mismatches=0
  redline      3.5100 us/op correctness=true mismatches=0
  vulkan       4.0137 us/op correctness=true mismatches=0
  hipgraph    33.4576 us/op correctness=true mismatches=0
[73/133] independent_throughput/vopd/variant=mixed-int-float,n=32768,body=64;hip-wave=64 (32 operations; order redline -> vulkan -> hipgraph -> hip)
  redline      8.9262 us/op correctness=true mismatches=0
  vulkan       7.4313 us/op correctness=true mismatches=0
  hipgraph    35.8601 us/op correctness=true mismatches=0
  hip         31.2176 us/op correctness=true mismatches=0
[74/133] independent_throughput/vopd/variant=dequant-like,n=32768,body=64;hip-wave=64 (32 operations; order vulkan -> hipgraph -> hip -> redline)
  vulkan       6.6750 us/op correctness=true mismatches=0
  hipgraph    35.2801 us/op correctness=true mismatches=0
  hip         29.2963 us/op correctness=true mismatches=0
  redline      7.7838 us/op correctness=true mismatches=0
[75/133] independent_throughput/sampler/argmax,vocab=32768,rows=1;hip-wave=32 (64 operations; order hipgraph -> hip -> redline -> vulkan)
  hipgraph    16.9819 us/op correctness=true mismatches=0
  hip         16.6188 us/op correctness=true mismatches=0
  redline      0.3856 us/op correctness=true mismatches=0
  vulkan       1.9175 us/op correctness=true mismatches=0
[76/133] independent_throughput/sampler/argmax,vocab=32768,rows=4;hip-wave=32 (64 operations; order hip -> redline -> vulkan -> hipgraph)
  hip         16.4744 us/op correctness=true mismatches=0
  redline      0.6300 us/op correctness=true mismatches=0
  vulkan       1.9238 us/op correctness=true mismatches=0
  hipgraph    17.8869 us/op correctness=true mismatches=0
[77/133] independent_throughput/sampler/argmax,vocab=131072,rows=1;hip-wave=32 (64 operations; order redline -> vulkan -> hipgraph -> hip)
  redline      1.3819 us/op correctness=true mismatches=0
  vulkan       4.8400 us/op correctness=true mismatches=0
  hipgraph    46.8120 us/op correctness=true mismatches=0
  hip         45.5557 us/op correctness=true mismatches=0
[78/133] independent_throughput/sampler/argmax,vocab=131072,rows=4;hip-wave=32 (64 operations; order vulkan -> hipgraph -> hip -> redline)
  vulkan       4.8381 us/op correctness=true mismatches=0
  hipgraph    46.4063 us/op correctness=true mismatches=0
  hip         45.9826 us/op correctness=true mismatches=0
  redline      2.2969 us/op correctness=true mismatches=0
[79/133] independent_throughput/two-stage-reduction/k=8192,rows=4,splits=2;hip-wave=32 (64 operations; order hipgraph -> hip -> redline -> vulkan)
  hipgraph    20.5044 us/op correctness=true mismatches=0
  hip         19.9600 us/op correctness=true mismatches=0
  redline      4.2206 us/op correctness=true mismatches=0
  vulkan       6.5400 us/op correctness=true mismatches=0
[80/133] independent_throughput/two-stage-reduction/k=32768,rows=4,splits=8;hip-wave=32 (32 operations; order hip -> redline -> vulkan -> hipgraph)
  hip         23.4138 us/op correctness=true mismatches=0
  redline      5.2488 us/op correctness=true mismatches=0
  vulkan       7.3238 us/op correctness=true mismatches=0
  hipgraph    25.3076 us/op correctness=true mismatches=0
[81/133] independent_throughput/q4-selected-dual/m=512,k=768,tile=2;hip-wave=64 (32 operations; order redline -> vulkan -> hipgraph -> hip)
  redline      0.6062 us/op correctness=true mismatches=0
  vulkan       2.0337 us/op correctness=true mismatches=0
  hipgraph    20.0300 us/op correctness=true mismatches=0
  hip         16.7625 us/op correctness=true mismatches=0
[82/133] independent_throughput/q4-selected-dual/m=2048,k=2048,tile=2;hip-wave=64 (32 operations; order vulkan -> hipgraph -> hip -> redline)
  vulkan       3.7950 us/op correctness=true mismatches=0
  hipgraph    45.7326 us/op correctness=true mismatches=0
  hip         40.6038 us/op correctness=true mismatches=0
  redline      2.6750 us/op correctness=true mismatches=0
[83/133] independent_throughput/q4-selected-dual/m=4096,k=8192,tile=2;hip-wave=64 (16 operations; order hipgraph -> hip -> redline -> vulkan)
  hipgraph   203.6504 us/op correctness=true mismatches=0
  hip        197.5279 us/op correctness=true mismatches=0
  redline     20.7575 us/op correctness=true mismatches=0
  vulkan      31.1800 us/op correctness=true mismatches=0
[84/133] independent_throughput/q6-x8-selected-down/m=512,k=2048,tile=8;hip-wave=64 (32 operations; order hip -> redline -> vulkan -> hipgraph)
  hip         17.0676 us/op correctness=true mismatches=0
  redline      0.8525 us/op correctness=true mismatches=0
  vulkan       3.8937 us/op correctness=true mismatches=0
  hipgraph    19.3263 us/op correctness=true mismatches=0
[85/133] independent_throughput/q6-x8-selected-down/m=2048,k=4096,tile=8;hip-wave=64 (32 operations; order redline -> vulkan -> hipgraph -> hip)
  redline      3.5337 us/op correctness=true mismatches=0
  vulkan       6.0488 us/op correctness=true mismatches=0
  hipgraph    48.5089 us/op correctness=true mismatches=0
  hip         44.4601 us/op correctness=true mismatches=0
[86/133] independent_throughput/q6-x8-selected-down/m=4096,k=8192,tile=8;hip-wave=64 (16 operations; order vulkan -> hipgraph -> hip -> redline)
  vulkan      25.0325 us/op correctness=true mismatches=0
  hipgraph    92.7177 us/op correctness=true mismatches=0
  hip         84.4552 us/op correctness=true mismatches=0
  redline     18.2200 us/op correctness=true mismatches=0
[87/133] independent_throughput/dense-q8/m=512,k=768,tile=4;hip-wave=64 (32 operations; order hipgraph -> hip -> redline -> vulkan)
  hipgraph    18.6476 us/op correctness=true mismatches=0
  hip         16.1875 us/op correctness=true mismatches=0
  redline      0.4562 us/op correctness=true mismatches=0
  vulkan       1.9050 us/op correctness=true mismatches=0
[88/133] independent_throughput/dense-q8/m=2048,k=2048,tile=4;hip-wave=64 (32 operations; order hip -> redline -> vulkan -> hipgraph)
  hip         37.5438 us/op correctness=true mismatches=0
  redline      2.0013 us/op correctness=true mismatches=0
  vulkan       3.3075 us/op correctness=true mismatches=0
  hipgraph    41.6801 us/op correctness=true mismatches=0
[89/133] independent_throughput/dense-q8/m=2048,k=8192,tile=4;hip-wave=64 (16 operations; order redline -> vulkan -> hipgraph -> hip)
  redline      8.5100 us/op correctness=true mismatches=0
  vulkan      12.4650 us/op correctness=true mismatches=0
  hipgraph    60.8376 us/op correctness=true mismatches=0
  hip         53.3876 us/op correctness=true mismatches=0
[90/133] independent_throughput/dense-q8/m=4096,k=8192,tile=4;hip-wave=64 (16 operations; order vulkan -> hipgraph -> hip -> redline)
  vulkan      24.4025 us/op correctness=true mismatches=0
  hipgraph   109.3652 us/op correctness=true mismatches=0
  hip        100.4802 us/op correctness=true mismatches=0
  redline     18.5250 us/op correctness=true mismatches=0
[91/133] single_kernel_aggressive/dispatch-grid/count=1,grid=1;hip-wave=32 (1 operations; order hipgraph -> hip -> redline -> vulkan)
  hipgraph    12.8000 us/op correctness=true mismatches=0
  hip          7.1600 us/op correctness=true mismatches=0
  redline      2.4400 us/op correctness=true mismatches=0
  vulkan       4.2000 us/op correctness=true mismatches=0
[92/133] single_kernel_aggressive/dispatch-grid/count=50,grid=1;hip-wave=32 (1 operations; order hip -> redline -> vulkan -> hipgraph)
  hip          7.2800 us/op correctness=true mismatches=0
  redline      2.5200 us/op correctness=true mismatches=0
  vulkan       4.2400 us/op correctness=true mismatches=0
  hipgraph    12.7200 us/op correctness=true mismatches=0
[93/133] single_kernel_aggressive/dispatch-grid/count=200,grid=1;hip-wave=32 (1 operations; order redline -> vulkan -> hipgraph -> hip)
  redline      2.3600 us/op correctness=true mismatches=0
  vulkan       4.2000 us/op correctness=true mismatches=0
  hipgraph    12.5600 us/op correctness=true mismatches=0
  hip          7.2400 us/op correctness=true mismatches=0
[94/133] single_kernel_aggressive/dispatch-grid/count=941,grid=1;hip-wave=32 (1 operations; order vulkan -> hipgraph -> hip -> redline)
  vulkan       4.2000 us/op correctness=true mismatches=0
  hipgraph    12.8000 us/op correctness=true mismatches=0
  hip          7.1600 us/op correctness=true mismatches=0
  redline      2.4400 us/op correctness=true mismatches=0
[95/133] single_kernel_aggressive/dispatch-grid/count=64,grid=128;hip-wave=32 (1 operations; order hipgraph -> hip -> redline -> vulkan)
  hipgraph    13.2400 us/op correctness=true mismatches=0
  hip          7.5600 us/op correctness=true mismatches=0
  redline      3.7600 us/op correctness=true mismatches=0
  vulkan       4.3600 us/op correctness=true mismatches=0
[96/133] single_kernel_aggressive/dispatch-grid/count=64,grid=1024;hip-wave=32 (1 operations; order hip -> redline -> vulkan -> hipgraph)
  hip         11.6800 us/op correctness=true mismatches=0
  redline      3.8000 us/op correctness=true mismatches=0
  vulkan       5.0000 us/op correctness=true mismatches=0
  hipgraph    17.3600 us/op correctness=true mismatches=0
[97/133] single_kernel_aggressive/dispatch-grid/count=64,grid=8192;hip-wave=32 (1 operations; order redline -> vulkan -> hipgraph -> hip)
  redline      5.8000 us/op correctness=true mismatches=0
  vulkan       9.3200 us/op correctness=true mismatches=0
  hipgraph    51.3600 us/op correctness=true mismatches=0
  hip         45.5610 us/op correctness=true mismatches=0
[98/133] single_kernel_aggressive/geometry/k=512,rows=1,wg=256;hip-wave=32 (1 operations; order vulkan -> hipgraph -> hip -> redline)
  vulkan      11.6000 us/op correctness=true mismatches=0
  hipgraph    27.1600 us/op correctness=true mismatches=0
  hip         20.9200 us/op correctness=true mismatches=0
  redline      8.5200 us/op correctness=true mismatches=0
[99/133] single_kernel_aggressive/geometry/k=512,rows=4,wg=256;hip-wave=32 (1 operations; order hipgraph -> hip -> redline -> vulkan)
  hipgraph    18.4800 us/op correctness=true mismatches=0
  hip         13.0810 us/op correctness=true mismatches=0
  redline      8.5600 us/op correctness=true mismatches=0
  vulkan      11.5600 us/op correctness=true mismatches=0
[100/133] single_kernel_aggressive/geometry/k=2048,rows=1,wg=256;hip-wave=32 (1 operations; order hip -> redline -> vulkan -> hipgraph)
  hip         28.8000 us/op correctness=true mismatches=0
  redline     23.8400 us/op correctness=true mismatches=0
  vulkan      30.6800 us/op correctness=true mismatches=0
  hipgraph    34.4000 us/op correctness=true mismatches=0
[101/133] single_kernel_aggressive/geometry/k=2048,rows=4,wg=256;hip-wave=32 (1 operations; order redline -> vulkan -> hipgraph -> hip)
  redline     23.4400 us/op correctness=true mismatches=0
  vulkan      30.5200 us/op correctness=true mismatches=0
  hipgraph    34.2400 us/op correctness=true mismatches=0
  hip         28.3200 us/op correctness=true mismatches=0
[102/133] single_kernel_aggressive/reduction/variant=wave,k=8192,rows=1;hip-wave=32 (1 operations; order vulkan -> hipgraph -> hip -> redline)
  vulkan      79.3600 us/op correctness=true mismatches=0
  hipgraph    76.0000 us/op correctness=true mismatches=0
  hip         72.8400 us/op correctness=true mismatches=0
  redline     66.9200 us/op correctness=true mismatches=0
[103/133] single_kernel_aggressive/reduction/variant=wave,k=8192,rows=4;hip-wave=32 (1 operations; order hipgraph -> hip -> redline -> vulkan)
  hipgraph    77.7600 us/op correctness=true mismatches=0
  hip         72.2000 us/op correctness=true mismatches=0
  redline     68.7200 us/op correctness=true mismatches=0
  vulkan      80.4000 us/op correctness=true mismatches=0
[104/133] single_kernel_aggressive/reduction/variant=lds-tree,k=8192,rows=1;hip-wave=32 (1 operations; order hip -> redline -> vulkan -> hipgraph)
  hip         72.0000 us/op correctness=true mismatches=0
  redline     67.6000 us/op correctness=true mismatches=0
  vulkan      80.1600 us/op correctness=true mismatches=0
  hipgraph    78.4400 us/op correctness=true mismatches=0
[105/133] single_kernel_aggressive/reduction/variant=lds-tree,k=8192,rows=4;hip-wave=32 (1 operations; order redline -> vulkan -> hipgraph -> hip)
  redline     68.8400 us/op correctness=true mismatches=0
  vulkan      80.9600 us/op correctness=true mismatches=0
  hipgraph    77.8400 us/op correctness=true mismatches=0
  hip         72.2000 us/op correctness=true mismatches=0
[106/133] single_kernel_aggressive/memory-waitcnt/variant=coalesced4,n=4096,body=16;hip-wave=32 (1 operations; order vulkan -> hipgraph -> hip -> redline)
  vulkan       7.2400 us/op correctness=true mismatches=0
  hipgraph    15.6800 us/op correctness=true mismatches=0
  hip         10.0800 us/op correctness=true mismatches=0
  redline      6.1200 us/op correctness=true mismatches=0
[107/133] single_kernel_aggressive/memory-waitcnt/variant=coalesced4,n=32768,body=16;hip-wave=32 (1 operations; order hipgraph -> hip -> redline -> vulkan)
  hipgraph    32.3210 us/op correctness=true mismatches=0
  hip         26.5600 us/op correctness=true mismatches=0
  redline      7.6000 us/op correctness=true mismatches=0
  vulkan       8.8400 us/op correctness=true mismatches=0
[108/133] single_kernel_aggressive/memory-waitcnt/variant=gather,n=4096,body=16;hip-wave=32 (1 operations; order hip -> redline -> vulkan -> hipgraph)
  hip          9.5600 us/op correctness=true mismatches=0
  redline      4.8000 us/op correctness=true mismatches=0
  vulkan       8.8000 us/op correctness=true mismatches=0
  hipgraph    15.1200 us/op correctness=true mismatches=0
[109/133] single_kernel_aggressive/memory-waitcnt/variant=gather,n=32768,body=16;hip-wave=32 (1 operations; order redline -> vulkan -> hipgraph -> hip)
  redline     12.8800 us/op correctness=true mismatches=0
  vulkan      13.3200 us/op correctness=true mismatches=0
  hipgraph    32.4000 us/op correctness=true mismatches=0
  hip         26.7200 us/op correctness=true mismatches=0
[110/133] single_kernel_aggressive/memory-waitcnt/variant=interleave4,n=4096,body=16;hip-wave=64 (1 operations; order vulkan -> hipgraph -> hip -> redline)
  vulkan       7.4800 us/op correctness=true mismatches=0
  hipgraph    15.3600 us/op correctness=true mismatches=0
  hip          9.8800 us/op correctness=true mismatches=0
  redline      6.4800 us/op correctness=true mismatches=0
[111/133] single_kernel_aggressive/memory-waitcnt/variant=interleave4,n=32768,body=16;hip-wave=64 (1 operations; order hipgraph -> hip -> redline -> vulkan)
  hipgraph    17.4400 us/op correctness=true mismatches=0
  hip         11.9200 us/op correctness=true mismatches=0
  redline      8.8400 us/op correctness=true mismatches=0
  vulkan       8.8800 us/op correctness=true mismatches=0
[112/133] single_kernel_aggressive/packed-dot/variant=q8-signed,n=4096,body=16;hip-wave=32 (1 operations; order hip -> redline -> vulkan -> hipgraph)
  hip         10.2800 us/op correctness=true mismatches=0
  redline      6.1600 us/op correctness=true mismatches=0
  vulkan       7.9200 us/op correctness=true mismatches=0
  hipgraph    16.1200 us/op correctness=true mismatches=0
[113/133] single_kernel_aggressive/packed-dot/variant=q4-unsigned,n=4096,body=16;hip-wave=32 (1 operations; order redline -> vulkan -> hipgraph -> hip)
  redline      6.2000 us/op correctness=true mismatches=0
  vulkan       7.9600 us/op correctness=true mismatches=0
  hipgraph    16.0800 us/op correctness=true mismatches=0
  hip         10.2800 us/op correctness=true mismatches=0
[114/133] single_kernel_aggressive/packed-dot/variant=q6-zero,n=4096,body=16;hip-wave=32 (1 operations; order vulkan -> hipgraph -> hip -> redline)
  vulkan       8.1600 us/op correctness=true mismatches=0
  hipgraph    15.8800 us/op correctness=true mismatches=0
  hip         10.2000 us/op correctness=true mismatches=0
  redline      6.1600 us/op correctness=true mismatches=0
[115/133] single_kernel_aggressive/packed-dot/variant=q4-scalar,n=4096,body=16;hip-wave=32 (1 operations; order hipgraph -> hip -> redline -> vulkan)
  hipgraph    16.4000 us/op correctness=true mismatches=0
  hip         10.9200 us/op correctness=true mismatches=0
  redline      6.8000 us/op correctness=true mismatches=0
  vulkan      11.4400 us/op correctness=true mismatches=0
[116/133] single_kernel_aggressive/vopd/variant=independent-fma,n=32768,body=64;hip-wave=64 (1 operations; order hip -> redline -> vulkan -> hipgraph)
  hip         28.0010 us/op correctness=true mismatches=0
  redline      7.7600 us/op correctness=true mismatches=0
  vulkan       7.7200 us/op correctness=true mismatches=0
  hipgraph    33.5200 us/op correctness=true mismatches=0
[117/133] single_kernel_aggressive/vopd/variant=dependent-fma,n=32768,body=64;hip-wave=64 (1 operations; order redline -> vulkan -> hipgraph -> hip)
  redline      7.2000 us/op correctness=true mismatches=0
  vulkan       7.7600 us/op correctness=true mismatches=0
  hipgraph    34.6400 us/op correctness=true mismatches=0
  hip         28.4800 us/op correctness=true mismatches=0
[118/133] single_kernel_aggressive/vopd/variant=mixed-int-float,n=32768,body=64;hip-wave=64 (1 operations; order vulkan -> hipgraph -> hip -> redline)
  vulkan      11.1600 us/op correctness=true mismatches=0
  hipgraph    36.4400 us/op correctness=true mismatches=0
  hip         30.9200 us/op correctness=true mismatches=0
  redline     13.2000 us/op correctness=true mismatches=0
[119/133] single_kernel_aggressive/vopd/variant=dequant-like,n=32768,body=64;hip-wave=64 (1 operations; order hipgraph -> hip -> redline -> vulkan)
  hipgraph    34.9600 us/op correctness=true mismatches=0
  hip         29.3200 us/op correctness=true mismatches=0
  redline     12.3600 us/op correctness=true mismatches=0
  vulkan      10.3200 us/op correctness=true mismatches=0
[120/133] single_kernel_aggressive/sampler/argmax,vocab=32768,rows=1;hip-wave=32 (1 operations; order hip -> redline -> vulkan -> hipgraph)
  hip         29.8010 us/op correctness=true mismatches=0
  redline     25.4000 us/op correctness=true mismatches=0
  vulkan      28.0000 us/op correctness=true mismatches=0
  hipgraph    35.5600 us/op correctness=true mismatches=0
[121/133] single_kernel_aggressive/sampler/argmax,vocab=32768,rows=4;hip-wave=32 (1 operations; order redline -> vulkan -> hipgraph -> hip)
  redline     24.6400 us/op correctness=true mismatches=0
  vulkan      27.5600 us/op correctness=true mismatches=0
  hipgraph    35.0000 us/op correctness=true mismatches=0
  hip         29.3600 us/op correctness=true mismatches=0
[122/133] single_kernel_aggressive/sampler/argmax,vocab=131072,rows=1;hip-wave=32 (1 operations; order vulkan -> hipgraph -> hip -> redline)
  vulkan      96.1600 us/op correctness=true mismatches=0
  hipgraph   100.2000 us/op correctness=true mismatches=0
  hip         95.4800 us/op correctness=true mismatches=0
  redline     90.1200 us/op correctness=true mismatches=0
[123/133] single_kernel_aggressive/sampler/argmax,vocab=131072,rows=4;hip-wave=32 (1 operations; order hipgraph -> hip -> redline -> vulkan)
  hipgraph    98.4010 us/op correctness=true mismatches=0
  hip         93.0400 us/op correctness=true mismatches=0
  redline     89.5600 us/op correctness=true mismatches=0
  vulkan      95.6800 us/op correctness=true mismatches=0
[124/133] single_kernel_aggressive/q4-selected-dual/m=512,k=768,tile=2;hip-wave=64 (1 operations; order hip -> redline -> vulkan -> hipgraph)
  hip         15.4800 us/op correctness=true mismatches=0
  redline      5.3600 us/op correctness=true mismatches=0
  vulkan       7.4000 us/op correctness=true mismatches=0
  hipgraph    21.0800 us/op correctness=true mismatches=0
[125/133] single_kernel_aggressive/q4-selected-dual/m=2048,k=2048,tile=2;hip-wave=64 (1 operations; order redline -> vulkan -> hipgraph -> hip)
  redline      8.0800 us/op correctness=true mismatches=0
  vulkan      12.0000 us/op correctness=true mismatches=0
  hipgraph    46.9200 us/op correctness=true mismatches=0
  hip         41.3200 us/op correctness=true mismatches=0
[126/133] single_kernel_aggressive/q4-selected-dual/m=4096,k=8192,tile=2;hip-wave=64 (1 operations; order vulkan -> hipgraph -> hip -> redline)
  vulkan      43.4000 us/op correctness=true mismatches=0
  hipgraph   202.0410 us/op correctness=true mismatches=0
  hip        197.2010 us/op correctness=true mismatches=0
  redline     35.9200 us/op correctness=true mismatches=0
[127/133] single_kernel_aggressive/q6-x8-selected-down/m=512,k=2048,tile=8;hip-wave=64 (1 operations; order hipgraph -> hip -> redline -> vulkan)
  hipgraph    25.1200 us/op correctness=true mismatches=0
  hip         19.2810 us/op correctness=true mismatches=0
  redline     15.4800 us/op correctness=true mismatches=0
  vulkan      27.4400 us/op correctness=true mismatches=0
[128/133] single_kernel_aggressive/q6-x8-selected-down/m=2048,k=4096,tile=8;hip-wave=64 (1 operations; order hip -> redline -> vulkan -> hipgraph)
  hip         51.5600 us/op correctness=true mismatches=0
  redline     27.1200 us/op correctness=true mismatches=0
  vulkan      47.7200 us/op correctness=true mismatches=0
  hipgraph    57.1200 us/op correctness=true mismatches=0
[129/133] single_kernel_aggressive/q6-x8-selected-down/m=4096,k=8192,tile=8;hip-wave=64 (1 operations; order redline -> vulkan -> hipgraph -> hip)
  redline     53.2800 us/op correctness=true mismatches=0
  vulkan      97.7600 us/op correctness=true mismatches=0
  hipgraph    93.2800 us/op correctness=true mismatches=0
  hip         87.0800 us/op correctness=true mismatches=0
[130/133] single_kernel_aggressive/dense-q8/m=512,k=768,tile=4;hip-wave=64 (1 operations; order vulkan -> hipgraph -> hip -> redline)
  vulkan       8.3600 us/op correctness=true mismatches=0
  hipgraph    20.8000 us/op correctness=true mismatches=0
  hip         15.0000 us/op correctness=true mismatches=0
  redline      6.2800 us/op correctness=true mismatches=0
[131/133] single_kernel_aggressive/dense-q8/m=2048,k=2048,tile=4;hip-wave=64 (1 operations; order hipgraph -> hip -> redline -> vulkan)
  hipgraph    44.1200 us/op correctness=true mismatches=0
  hip         38.5200 us/op correctness=true mismatches=0
  redline     10.0400 us/op correctness=true mismatches=0
  vulkan      14.8000 us/op correctness=true mismatches=0
[132/133] single_kernel_aggressive/dense-q8/m=2048,k=8192,tile=4;hip-wave=64 (1 operations; order hip -> redline -> vulkan -> hipgraph)
  hip         54.0400 us/op correctness=true mismatches=0
  redline     26.5200 us/op correctness=true mismatches=0
  vulkan      48.4400 us/op correctness=true mismatches=0
  hipgraph    60.1610 us/op correctness=true mismatches=0
[133/133] single_kernel_aggressive/dense-q8/m=4096,k=8192,tile=4;hip-wave=64 (1 operations; order redline -> vulkan -> hipgraph -> hip)
  redline     32.0400 us/op correctness=true mismatches=0
  vulkan      55.6800 us/op correctness=true mismatches=0
  hipgraph   108.2800 us/op correctness=true mismatches=0
  hip        102.5600 us/op correctness=true mismatches=0
wrote results/gfx1201/2026-07-13-radiowave-all-losers/final-block64/rep1/results.json
wrote results/gfx1201/2026-07-13-radiowave-all-losers/final-block64/rep1/REPORT.md
Redline wins 110/133 (82.71%). Four-way placements: 1st 110, 2nd 23, 3rd 0, 4th 0.
