initializing Hipfire HIP bridge
initializing Redline retained-PM4 backend
initializing RADV Vulkan backend
[1/12] serial_latency/vopd/variant=independent-fma,n=32768,body=64;hip-wave=64 (32 operations; order redline -> vulkan -> hipgraph -> hip)
  redline     12.4962 us/op correctness=true mismatches=0
  vulkan       9.1675 us/op correctness=true mismatches=0
  hipgraph    47.4113 us/op correctness=true mismatches=0
  hip         48.4388 us/op correctness=true mismatches=0
[2/12] serial_latency/vopd/variant=dependent-fma,n=32768,body=64;hip-wave=64 (32 operations; order vulkan -> hipgraph -> hip -> redline)
  vulkan       9.3100 us/op correctness=true mismatches=0
  hipgraph    47.9813 us/op correctness=true mismatches=0
  hip         47.9438 us/op correctness=true mismatches=0
  redline     11.6738 us/op correctness=true mismatches=0
[3/12] serial_latency/vopd/variant=mixed-int-float,n=32768,body=64;hip-wave=64 (32 operations; order hipgraph -> hip -> redline -> vulkan)
  hipgraph    53.9638 us/op correctness=true mismatches=0
  hip         54.2000 us/op correctness=true mismatches=0
  redline     26.1737 us/op correctness=true mismatches=0
  vulkan      16.0162 us/op correctness=true mismatches=0
[4/12] serial_latency/vopd/variant=dequant-like,n=32768,body=64;hip-wave=64 (32 operations; order hip -> redline -> vulkan -> hipgraph)
  hip         52.0800 us/op correctness=true mismatches=0
  redline     22.3900 us/op correctness=true mismatches=0
  vulkan      14.5050 us/op correctness=true mismatches=0
  hipgraph    51.8838 us/op correctness=true mismatches=0
[5/12] independent_throughput/vopd/variant=independent-fma,n=32768,body=64;hip-wave=64 (32 operations; order redline -> vulkan -> hipgraph -> hip)
  redline      8.5625 us/op correctness=true mismatches=0
  vulkan       7.6025 us/op correctness=true mismatches=0
  hipgraph    55.2438 us/op correctness=true mismatches=0
  hip         49.7100 us/op correctness=true mismatches=0
[6/12] independent_throughput/vopd/variant=dependent-fma,n=32768,body=64;hip-wave=64 (32 operations; order vulkan -> hipgraph -> hip -> redline)
  vulkan       6.4750 us/op correctness=true mismatches=0
  hipgraph    45.5775 us/op correctness=true mismatches=0
  hip         36.4825 us/op correctness=true mismatches=0
  redline      4.7412 us/op correctness=true mismatches=0
[7/12] independent_throughput/vopd/variant=mixed-int-float,n=32768,body=64;hip-wave=64 (32 operations; order hipgraph -> hip -> redline -> vulkan)
  hipgraph    39.9725 us/op correctness=true mismatches=0
  hip         31.3862 us/op correctness=true mismatches=0
  redline      9.9625 us/op correctness=true mismatches=0
  vulkan       7.3712 us/op correctness=true mismatches=0
[8/12] independent_throughput/vopd/variant=dequant-like,n=32768,body=64;hip-wave=64 (32 operations; order hip -> redline -> vulkan -> hipgraph)
  hip         31.6750 us/op correctness=true mismatches=0
  redline      8.2988 us/op correctness=true mismatches=0
  vulkan       6.5100 us/op correctness=true mismatches=0
  hipgraph    36.5288 us/op correctness=true mismatches=0
[9/12] single_kernel_aggressive/vopd/variant=independent-fma,n=32768,body=64;hip-wave=64 (1 operations; order redline -> vulkan -> hipgraph -> hip)
  redline      8.4800 us/op correctness=true mismatches=0
  vulkan       8.2000 us/op correctness=true mismatches=0
  hipgraph    34.4000 us/op correctness=true mismatches=0
  hip         28.6800 us/op correctness=true mismatches=0
[10/12] single_kernel_aggressive/vopd/variant=dependent-fma,n=32768,body=64;hip-wave=64 (1 operations; order vulkan -> hipgraph -> hip -> redline)
  vulkan       8.2800 us/op correctness=true mismatches=0
  hipgraph    34.3600 us/op correctness=true mismatches=0
  hip         28.5200 us/op correctness=true mismatches=0
  redline      7.8400 us/op correctness=true mismatches=0
[11/12] single_kernel_aggressive/vopd/variant=mixed-int-float,n=32768,body=64;hip-wave=64 (1 operations; order hipgraph -> hip -> redline -> vulkan)
  hipgraph    37.0800 us/op correctness=true mismatches=0
  hip         31.3600 us/op correctness=true mismatches=0
  redline     14.6400 us/op correctness=true mismatches=0
  vulkan      11.7200 us/op correctness=true mismatches=0
[12/12] single_kernel_aggressive/vopd/variant=dequant-like,n=32768,body=64;hip-wave=64 (1 operations; order hip -> redline -> vulkan -> hipgraph)
  hip         30.3200 us/op correctness=true mismatches=0
  redline     13.1600 us/op correctness=true mismatches=0
  vulkan      10.9600 us/op correctness=true mismatches=0
  hipgraph    36.0000 us/op correctness=true mismatches=0
wrote results/gfx1201/2026-07-13-radiowave-all-losers/vopd-iterative-ilp/results.json
wrote results/gfx1201/2026-07-13-radiowave-all-losers/vopd-iterative-ilp/REPORT.md
Redline wins 2/12 (16.67%). Four-way placements: 1st 2, 2nd 10, 3rd 0, 4th 0.
