initializing Hipfire HIP bridge
initializing Redline retained-PM4 backend
initializing RADV Vulkan backend
WARNING: radv is not a conformant Vulkan implementation, testing use only.
[1/133] serial_latency/dispatch-grid/count=1,grid=1;hip-wave=32 (1 operations; order redline -> vulkan -> hipgraph -> hip)
  redline      4.2000 us/op correctness=true mismatches=0
  vulkan       7.4800 us/op correctness=true mismatches=0
  hipgraph    35.0800 us/op correctness=true mismatches=0
  hip         26.5600 us/op correctness=true mismatches=0
[2/133] serial_latency/dispatch-grid/count=50,grid=1;hip-wave=32 (50 operations; order vulkan -> hipgraph -> hip -> redline)
  vulkan       1.2848 us/op correctness=true mismatches=0
  hipgraph    18.5761 us/op correctness=true mismatches=0
  hip         19.0057 us/op correctness=true mismatches=0
  redline      1.7248 us/op correctness=true mismatches=0
[3/133] serial_latency/dispatch-grid/count=200,grid=1;hip-wave=32 (200 operations; order hipgraph -> hip -> redline -> vulkan)
  hipgraph    18.5405 us/op correctness=true mismatches=0
  hip         18.9447 us/op correctness=true mismatches=0
  redline      1.6010 us/op correctness=true mismatches=0
  vulkan       1.0768 us/op correctness=true mismatches=0
[4/133] serial_latency/dispatch-grid/count=941,grid=1;hip-wave=32 (941 operations; order hip -> redline -> vulkan -> hipgraph)
  hip         18.9800 us/op correctness=true mismatches=0
  redline      1.5716 us/op correctness=true mismatches=0
  vulkan       1.0539 us/op correctness=true mismatches=0
  hipgraph    18.4523 us/op correctness=true mismatches=0
[5/133] serial_latency/dispatch-grid/count=64,grid=128;hip-wave=32 (64 operations; order redline -> vulkan -> hipgraph -> hip)
  redline      2.9644 us/op correctness=true mismatches=0
  vulkan       1.1887 us/op correctness=true mismatches=0
  hipgraph    44.1152 us/op correctness=true mismatches=0
  hip         44.8515 us/op correctness=true mismatches=0
[6/133] serial_latency/dispatch-grid/count=64,grid=1024;hip-wave=32 (64 operations; order vulkan -> hipgraph -> hip -> redline)
  vulkan       2.2206 us/op correctness=true mismatches=0
  hipgraph   329.0547 us/op correctness=true mismatches=0
  hip        329.6497 us/op correctness=true mismatches=0
  redline      3.7831 us/op correctness=true mismatches=0
[7/133] serial_latency/dispatch-grid/count=64,grid=8192;hip-wave=32 (64 operations; order hipgraph -> hip -> redline -> vulkan)
  hipgraph  1318.2129 us/op correctness=true mismatches=0
  hip       1310.0417 us/op correctness=true mismatches=0
  redline     10.2019 us/op correctness=true mismatches=0
  vulkan      11.2381 us/op correctness=true mismatches=0
[8/133] serial_latency/geometry/k=512,rows=1,wg=256;hip-wave=32 (64 operations; order hip -> redline -> vulkan -> hipgraph)
  hip         18.9938 us/op correctness=true mismatches=0
  redline     13.8038 us/op correctness=true mismatches=0
  vulkan      15.9150 us/op correctness=true mismatches=0
  hipgraph    18.1157 us/op correctness=true mismatches=0
[9/133] serial_latency/geometry/k=512,rows=4,wg=256;hip-wave=32 (64 operations; order redline -> vulkan -> hipgraph -> hip)
  redline     13.8519 us/op correctness=true mismatches=0
  vulkan      15.8131 us/op correctness=true mismatches=0
  hipgraph    15.6295 us/op correctness=true mismatches=0
  hip         16.1220 us/op correctness=true mismatches=0
[10/133] serial_latency/geometry/k=2048,rows=1,wg=256;hip-wave=32 (64 operations; order vulkan -> hipgraph -> hip -> redline)
  vulkan      55.6575 us/op correctness=true mismatches=0
  hipgraph    47.3902 us/op correctness=true mismatches=0
  hip         47.8059 us/op correctness=true mismatches=0
  redline     45.5919 us/op correctness=true mismatches=0
[11/133] serial_latency/geometry/k=2048,rows=4,wg=256;hip-wave=32 (64 operations; order hipgraph -> hip -> redline -> vulkan)
  hipgraph    47.4003 us/op correctness=true mismatches=0
  hip         47.8877 us/op correctness=true mismatches=0
  redline     45.4919 us/op correctness=true mismatches=0
  vulkan      55.4531 us/op correctness=true mismatches=0
[12/133] serial_latency/reduction/variant=wave,k=8192,rows=1;hip-wave=32 (64 operations; order hip -> redline -> vulkan -> hipgraph)
  hip        139.6295 us/op correctness=true mismatches=0
  redline    137.3462 us/op correctness=true mismatches=0
  vulkan     157.2606 us/op correctness=true mismatches=0
  hipgraph   139.7444 us/op correctness=true mismatches=0
[13/133] serial_latency/reduction/variant=wave,k=8192,rows=4;hip-wave=32 (64 operations; order redline -> vulkan -> hipgraph -> hip)
  redline    139.7663 us/op correctness=true mismatches=0
  vulkan     160.0387 us/op correctness=true mismatches=0
  hipgraph   140.1913 us/op correctness=true mismatches=0
  hip        140.6413 us/op correctness=true mismatches=0
[14/133] serial_latency/reduction/variant=lds-tree,k=8192,rows=1;hip-wave=32 (64 operations; order vulkan -> hipgraph -> hip -> redline)
  vulkan     157.6769 us/op correctness=true mismatches=0
  hipgraph   138.4051 us/op correctness=true mismatches=0
  hip        139.5857 us/op correctness=true mismatches=0
  redline    137.6287 us/op correctness=true mismatches=0
[15/133] serial_latency/reduction/variant=lds-tree,k=8192,rows=4;hip-wave=32 (64 operations; order hipgraph -> hip -> redline -> vulkan)
  hipgraph   140.4795 us/op correctness=true mismatches=0
  hip        140.5520 us/op correctness=true mismatches=0
  redline    139.1188 us/op correctness=true mismatches=0
  vulkan     159.7200 us/op correctness=true mismatches=0
[16/133] serial_latency/memory-waitcnt/variant=coalesced4,n=4096,body=16;hip-wave=32 (64 operations; order hip -> redline -> vulkan -> hipgraph)
  hip          9.1057 us/op correctness=true mismatches=0
  redline      7.4831 us/op correctness=true mismatches=0
  vulkan       6.1188 us/op correctness=true mismatches=0
  hipgraph     8.6132 us/op correctness=true mismatches=0
[17/133] serial_latency/memory-waitcnt/variant=coalesced4,n=32768,body=16;hip-wave=32 (32 operations; order redline -> vulkan -> hipgraph -> hip)
  redline      8.8475 us/op correctness=true mismatches=0
  vulkan       6.8712 us/op correctness=true mismatches=0
  hipgraph    45.0115 us/op correctness=true mismatches=0
  hip         45.3515 us/op correctness=true mismatches=0
[18/133] serial_latency/memory-waitcnt/variant=gather,n=4096,body=16;hip-wave=32 (64 operations; order vulkan -> hipgraph -> hip -> redline)
  vulkan       9.3075 us/op correctness=true mismatches=0
  hipgraph    11.6988 us/op correctness=true mismatches=0
  hip         12.1782 us/op correctness=true mismatches=0
  redline     10.3537 us/op correctness=true mismatches=0
[19/133] serial_latency/memory-waitcnt/variant=gather,n=32768,body=16;hip-wave=32 (32 operations; order hipgraph -> hip -> redline -> vulkan)
  hipgraph    44.3902 us/op correctness=true mismatches=0
  hip         45.5190 us/op correctness=true mismatches=0
  redline     23.5875 us/op correctness=true mismatches=0
  vulkan      19.2862 us/op correctness=true mismatches=0
[20/133] serial_latency/memory-waitcnt/variant=interleave4,n=4096,body=16;hip-wave=32 (64 operations; order hip -> redline -> vulkan -> hipgraph)
  hip          9.2763 us/op correctness=true mismatches=0
  redline      7.6863 us/op correctness=true mismatches=0
  vulkan       6.3362 us/op correctness=true mismatches=0
  hipgraph     8.7950 us/op correctness=true mismatches=0
[21/133] serial_latency/memory-waitcnt/variant=interleave4,n=32768,body=16;hip-wave=32 (32 operations; order redline -> vulkan -> hipgraph -> hip)
  redline     16.4100 us/op correctness=true mismatches=0
  vulkan      10.0575 us/op correctness=true mismatches=0
  hipgraph    49.7777 us/op correctness=true mismatches=0
  hip         50.0665 us/op correctness=true mismatches=0
[22/133] serial_latency/packed-dot/variant=q8-signed,n=4096,body=16;hip-wave=32 (64 operations; order vulkan -> hipgraph -> hip -> redline)
  vulkan       7.5994 us/op correctness=true mismatches=0
  hipgraph    10.8126 us/op correctness=true mismatches=0
  hip         11.3107 us/op correctness=true mismatches=0
  redline      9.6456 us/op correctness=true mismatches=0
[23/133] serial_latency/packed-dot/variant=q4-unsigned,n=4096,body=16;hip-wave=32 (64 operations; order hipgraph -> hip -> redline -> vulkan)
  hipgraph    10.8082 us/op correctness=true mismatches=0
  hip         11.2975 us/op correctness=true mismatches=0
  redline      9.6163 us/op correctness=true mismatches=0
  vulkan       7.6344 us/op correctness=true mismatches=0
[24/133] serial_latency/packed-dot/variant=q6-zero,n=4096,body=16;hip-wave=32 (64 operations; order hip -> redline -> vulkan -> hipgraph)
  hip         11.4813 us/op correctness=true mismatches=0
  redline      9.6544 us/op correctness=true mismatches=0
  vulkan       7.7844 us/op correctness=true mismatches=0
  hipgraph    10.9819 us/op correctness=true mismatches=0
[25/133] serial_latency/packed-dot/variant=q4-scalar,n=4096,body=16;hip-wave=32 (64 operations; order redline -> vulkan -> hipgraph -> hip)
  redline     10.9056 us/op correctness=true mismatches=0
  vulkan      14.0944 us/op correctness=true mismatches=0
  hipgraph    12.1125 us/op correctness=true mismatches=0
  hip         12.6032 us/op correctness=true mismatches=0
[26/133] serial_latency/vopd/variant=independent-fma,n=32768,body=64;hip-wave=32 (32 operations; order vulkan -> hipgraph -> hip -> redline)
  vulkan       9.0125 us/op correctness=true mismatches=0
  hipgraph    49.5802 us/op correctness=true mismatches=0
  hip         49.8790 us/op correctness=true mismatches=0
  redline     13.3625 us/op correctness=true mismatches=0
[27/133] serial_latency/vopd/variant=dependent-fma,n=32768,body=64;hip-wave=32 (32 operations; order hipgraph -> hip -> redline -> vulkan)
  hipgraph    49.1052 us/op correctness=true mismatches=0
  hip         49.4402 us/op correctness=true mismatches=0
  redline     13.0712 us/op correctness=true mismatches=0
  vulkan       8.9812 us/op correctness=true mismatches=0
[28/133] serial_latency/vopd/variant=mixed-int-float,n=32768,body=64;hip-wave=32 (32 operations; order hip -> redline -> vulkan -> hipgraph)
  hip         57.6941 us/op correctness=true mismatches=0
  redline     28.4237 us/op correctness=true mismatches=0
  vulkan      16.2888 us/op correctness=true mismatches=0
  hipgraph    57.2790 us/op correctness=true mismatches=0
[29/133] serial_latency/vopd/variant=dequant-like,n=32768,body=64;hip-wave=32 (32 operations; order redline -> vulkan -> hipgraph -> hip)
  redline     23.7913 us/op correctness=true mismatches=0
  vulkan      14.6937 us/op correctness=true mismatches=0
  hipgraph    52.5802 us/op correctness=true mismatches=0
  hip         52.5778 us/op correctness=true mismatches=0
[30/133] serial_latency/sampler/argmax,vocab=32768,rows=1;hip-wave=32 (64 operations; order vulkan -> hipgraph -> hip -> redline)
  vulkan      41.6713 us/op correctness=true mismatches=0
  hipgraph    45.6240 us/op correctness=true mismatches=0
  hip         46.0284 us/op correctness=true mismatches=0
  redline     43.5444 us/op correctness=true mismatches=0
[31/133] serial_latency/sampler/argmax,vocab=32768,rows=4;hip-wave=32 (64 operations; order hipgraph -> hip -> redline -> vulkan)
  hipgraph    45.4409 us/op correctness=true mismatches=0
  hip         45.5796 us/op correctness=true mismatches=0
  redline     43.7525 us/op correctness=true mismatches=0
  vulkan      41.6569 us/op correctness=true mismatches=0
[32/133] serial_latency/sampler/argmax,vocab=131072,rows=1;hip-wave=32 (64 operations; order hip -> redline -> vulkan -> hipgraph)
  hip        166.4177 us/op correctness=true mismatches=0
  redline    165.0769 us/op correctness=true mismatches=0
  vulkan     160.5669 us/op correctness=true mismatches=0
  hipgraph   163.9602 us/op correctness=true mismatches=0
[33/133] serial_latency/sampler/argmax,vocab=131072,rows=4;hip-wave=32 (64 operations; order redline -> vulkan -> hipgraph -> hip)
  redline    167.1287 us/op correctness=true mismatches=0
  vulkan     162.4475 us/op correctness=true mismatches=0
  hipgraph   168.1340 us/op correctness=true mismatches=0
  hip        167.0565 us/op correctness=true mismatches=0
[34/133] serial_latency/two-stage-reduction/k=8192,rows=4,splits=2;hip-wave=32 (64 operations; order vulkan -> hipgraph -> hip -> redline)
  vulkan      10.4181 us/op correctness=true mismatches=0
  hipgraph    12.9757 us/op correctness=true mismatches=0
  hip         14.0445 us/op correctness=true mismatches=0
  redline      9.4156 us/op correctness=true mismatches=0
[35/133] serial_latency/two-stage-reduction/k=32768,rows=4,splits=8;hip-wave=32 (32 operations; order hipgraph -> hip -> redline -> vulkan)
  hipgraph    18.4138 us/op correctness=true mismatches=0
  hip         19.3513 us/op correctness=true mismatches=0
  redline     10.4375 us/op correctness=true mismatches=0
  vulkan      10.4712 us/op correctness=true mismatches=0
[36/133] serial_latency/q4-selected-dual/m=512,k=768,tile=2;hip-wave=32 (32 operations; order hip -> redline -> vulkan -> hipgraph)
  hip         10.3001 us/op correctness=true mismatches=0
  redline      7.4112 us/op correctness=true mismatches=0
  vulkan       6.0312 us/op correctness=true mismatches=0
  hipgraph     9.9338 us/op correctness=true mismatches=0
[37/133] serial_latency/q4-selected-dual/m=2048,k=2048,tile=2;hip-wave=32 (32 operations; order redline -> vulkan -> hipgraph -> hip)
  redline     14.6525 us/op correctness=true mismatches=0
  vulkan      13.9637 us/op correctness=true mismatches=0
  hipgraph    47.6828 us/op correctness=true mismatches=0
  hip         46.2990 us/op correctness=true mismatches=0
[38/133] serial_latency/q4-selected-dual/m=4096,k=8192,tile=2;hip-wave=32 (16 operations; order vulkan -> hipgraph -> hip -> redline)
  vulkan      60.7975 us/op correctness=true mismatches=0
  hipgraph   286.7239 us/op correctness=true mismatches=0
  hip        289.4314 us/op correctness=true mismatches=0
  redline     88.8750 us/op correctness=true mismatches=0
[39/133] serial_latency/q6-x8-selected-down/m=512,k=2048,tile=8;hip-wave=32 (32 operations; order hipgraph -> hip -> redline -> vulkan)
  hipgraph    36.8414 us/op correctness=true mismatches=0
  hip         37.2202 us/op correctness=true mismatches=0
  redline     37.1213 us/op correctness=true mismatches=0
  vulkan      39.4700 us/op correctness=true mismatches=0
[40/133] serial_latency/q6-x8-selected-down/m=2048,k=4096,tile=8;hip-wave=32 (32 operations; order hip -> redline -> vulkan -> hipgraph)
  hip         71.4179 us/op correctness=true mismatches=0
  redline     70.8113 us/op correctness=true mismatches=0
  vulkan      76.7087 us/op correctness=true mismatches=0
  hipgraph    70.0078 us/op correctness=true mismatches=0
[41/133] serial_latency/q6-x8-selected-down/m=4096,k=8192,tile=8;hip-wave=32 (16 operations; order redline -> vulkan -> hipgraph -> hip)
  redline    140.8150 us/op correctness=true mismatches=0
  vulkan     154.9825 us/op correctness=true mismatches=0
  hipgraph   164.8634 us/op correctness=true mismatches=0
  hip        167.1684 us/op correctness=true mismatches=0
[42/133] serial_latency/dense-q8/m=512,k=768,tile=4;hip-wave=32 (32 operations; order vulkan -> hipgraph -> hip -> redline)
  vulkan       8.3275 us/op correctness=true mismatches=0
  hipgraph    10.5750 us/op correctness=true mismatches=0
  hip         10.9401 us/op correctness=true mismatches=0
  redline      9.5612 us/op correctness=true mismatches=0
[43/133] serial_latency/dense-q8/m=2048,k=2048,tile=4;hip-wave=32 (32 operations; order hipgraph -> hip -> redline -> vulkan)
  hipgraph    24.7076 us/op correctness=true mismatches=0
  hip         25.0839 us/op correctness=true mismatches=0
  redline     19.3025 us/op correctness=true mismatches=0
  vulkan      19.2112 us/op correctness=true mismatches=0
[44/133] serial_latency/dense-q8/m=2048,k=8192,tile=4;hip-wave=32 (16 operations; order hip -> redline -> vulkan -> hipgraph)
  hip         89.5404 us/op correctness=true mismatches=0
  redline     65.2325 us/op correctness=true mismatches=0
  vulkan      71.0850 us/op correctness=true mismatches=0
  hipgraph    89.3779 us/op correctness=true mismatches=0
[45/133] serial_latency/dense-q8/m=4096,k=8192,tile=4;hip-wave=32 (16 operations; order redline -> vulkan -> hipgraph -> hip)
  redline     72.4550 us/op correctness=true mismatches=0
  vulkan      81.0025 us/op correctness=true mismatches=0
  hipgraph   139.3708 us/op correctness=true mismatches=0
  hip        147.0232 us/op correctness=true mismatches=0
[46/133] independent_throughput/dispatch-grid/count=1,grid=1;hip-wave=32 (1 operations; order vulkan -> hipgraph -> hip -> redline)
  vulkan       7.5600 us/op correctness=true mismatches=0
  hipgraph    35.3200 us/op correctness=true mismatches=0
  hip         28.2400 us/op correctness=true mismatches=0
  redline      4.0400 us/op correctness=true mismatches=0
[47/133] independent_throughput/dispatch-grid/count=50,grid=1;hip-wave=32 (50 operations; order hipgraph -> hip -> redline -> vulkan)
  hipgraph    22.4633 us/op correctness=true mismatches=0
  hip         21.3569 us/op correctness=true mismatches=0
  redline      0.1928 us/op correctness=true mismatches=0
  vulkan       1.1952 us/op correctness=true mismatches=0
[48/133] independent_throughput/dispatch-grid/count=200,grid=1;hip-wave=32 (200 operations; order hip -> redline -> vulkan -> hipgraph)
  hip         20.9869 us/op correctness=true mismatches=0
  redline      0.1180 us/op correctness=true mismatches=0
  vulkan       0.4178 us/op correctness=true mismatches=0
  hipgraph    20.3125 us/op correctness=true mismatches=0
[49/133] independent_throughput/dispatch-grid/count=941,grid=1;hip-wave=32 (941 operations; order redline -> vulkan -> hipgraph -> hip)
  redline      0.0761 us/op correctness=true mismatches=0
  vulkan       0.1185 us/op correctness=true mismatches=0
  hipgraph    18.3842 us/op correctness=true mismatches=0
  hip         18.1288 us/op correctness=true mismatches=0
[50/133] independent_throughput/dispatch-grid/count=64,grid=128;hip-wave=32 (64 operations; order vulkan -> hipgraph -> hip -> redline)
  vulkan       1.0206 us/op correctness=true mismatches=0
  hipgraph    30.5889 us/op correctness=true mismatches=0
  hip         26.9889 us/op correctness=true mismatches=0
  redline      0.8712 us/op correctness=true mismatches=0
[51/133] independent_throughput/dispatch-grid/count=64,grid=1024;hip-wave=32 (64 operations; order hipgraph -> hip -> redline -> vulkan)
  hipgraph   172.3402 us/op correctness=true mismatches=0
  hip        167.1683 us/op correctness=true mismatches=0
  redline      2.2669 us/op correctness=true mismatches=0
  vulkan       1.4244 us/op correctness=true mismatches=0
[52/133] independent_throughput/dispatch-grid/count=64,grid=8192;hip-wave=32 (64 operations; order hip -> redline -> vulkan -> hipgraph)
  hip       1276.1053 us/op correctness=true mismatches=0
  redline      8.3112 us/op correctness=true mismatches=0
  vulkan       5.5175 us/op correctness=true mismatches=0
  hipgraph  1264.8189 us/op correctness=true mismatches=0
[53/133] independent_throughput/geometry/k=512,rows=1,wg=256;hip-wave=32 (64 operations; order redline -> vulkan -> hipgraph -> hip)
  redline      0.1800 us/op correctness=true mismatches=0
  vulkan       1.2506 us/op correctness=true mismatches=0
  hipgraph    18.9601 us/op correctness=true mismatches=0
  hip         17.1057 us/op correctness=true mismatches=0
[54/133] independent_throughput/geometry/k=512,rows=4,wg=256;hip-wave=32 (64 operations; order vulkan -> hipgraph -> hip -> redline)
  vulkan       1.2825 us/op correctness=true mismatches=0
  hipgraph    11.9851 us/op correctness=true mismatches=0
  hip         11.5151 us/op correctness=true mismatches=0
  redline      0.3275 us/op correctness=true mismatches=0
[55/133] independent_throughput/geometry/k=2048,rows=1,wg=256;hip-wave=32 (64 operations; order hipgraph -> hip -> redline -> vulkan)
  hipgraph    17.0376 us/op correctness=true mismatches=0
  hip         16.3620 us/op correctness=true mismatches=0
  redline      0.4669 us/op correctness=true mismatches=0
  vulkan       2.1375 us/op correctness=true mismatches=0
[56/133] independent_throughput/geometry/k=2048,rows=4,wg=256;hip-wave=32 (64 operations; order hip -> redline -> vulkan -> hipgraph)
  hip         16.4776 us/op correctness=true mismatches=0
  redline      1.1150 us/op correctness=true mismatches=0
  vulkan       2.1569 us/op correctness=true mismatches=0
  hipgraph    16.9082 us/op correctness=true mismatches=0
[57/133] independent_throughput/reduction/variant=wave,k=8192,rows=1;hip-wave=32 (64 operations; order redline -> vulkan -> hipgraph -> hip)
  redline      1.1394 us/op correctness=true mismatches=0
  vulkan       4.4544 us/op correctness=true mismatches=0
  hipgraph    38.4183 us/op correctness=true mismatches=0
  hip         38.3664 us/op correctness=true mismatches=0
[58/133] independent_throughput/reduction/variant=wave,k=8192,rows=4;hip-wave=32 (64 operations; order vulkan -> hipgraph -> hip -> redline)
  vulkan       4.5738 us/op correctness=true mismatches=0
  hipgraph    39.7133 us/op correctness=true mismatches=0
  hip         38.6852 us/op correctness=true mismatches=0
  redline      2.3338 us/op correctness=true mismatches=0
[59/133] independent_throughput/reduction/variant=lds-tree,k=8192,rows=1;hip-wave=32 (64 operations; order hipgraph -> hip -> redline -> vulkan)
  hipgraph    38.4890 us/op correctness=true mismatches=0
  hip         38.2208 us/op correctness=true mismatches=0
  redline      1.1356 us/op correctness=true mismatches=0
  vulkan       4.4463 us/op correctness=true mismatches=0
[60/133] independent_throughput/reduction/variant=lds-tree,k=8192,rows=4;hip-wave=32 (64 operations; order hip -> redline -> vulkan -> hipgraph)
  hip         38.7846 us/op correctness=true mismatches=0
  redline      2.3388 us/op correctness=true mismatches=0
  vulkan       4.6037 us/op correctness=true mismatches=0
  hipgraph    40.3940 us/op correctness=true mismatches=0
[61/133] independent_throughput/memory-waitcnt/variant=coalesced4,n=4096,body=16;hip-wave=32 (64 operations; order redline -> vulkan -> hipgraph -> hip)
  redline      0.3488 us/op correctness=true mismatches=0
  vulkan       1.0619 us/op correctness=true mismatches=0
  hipgraph    12.5026 us/op correctness=true mismatches=0
  hip         11.5819 us/op correctness=true mismatches=0
[62/133] independent_throughput/memory-waitcnt/variant=coalesced4,n=32768,body=16;hip-wave=32 (32 operations; order vulkan -> hipgraph -> hip -> redline)
  vulkan       2.8250 us/op correctness=true mismatches=0
  hipgraph    33.1777 us/op correctness=true mismatches=0
  hip         27.0014 us/op correctness=true mismatches=0
  redline      2.4463 us/op correctness=true mismatches=0
[63/133] independent_throughput/memory-waitcnt/variant=gather,n=4096,body=16;hip-wave=32 (64 operations; order hipgraph -> hip -> redline -> vulkan)
  hipgraph    12.5376 us/op correctness=true mismatches=0
  hip         12.0432 us/op correctness=true mismatches=0
  redline      1.0513 us/op correctness=true mismatches=0
  vulkan       1.1275 us/op correctness=true mismatches=0
[64/133] independent_throughput/memory-waitcnt/variant=gather,n=32768,body=16;hip-wave=32 (32 operations; order hip -> redline -> vulkan -> hipgraph)
  hip         27.2676 us/op correctness=true mismatches=0
  redline      9.5237 us/op correctness=true mismatches=0
  vulkan       7.7838 us/op correctness=true mismatches=0
  hipgraph    36.2064 us/op correctness=true mismatches=0
[65/133] independent_throughput/memory-waitcnt/variant=interleave4,n=4096,body=16;hip-wave=32 (64 operations; order redline -> vulkan -> hipgraph -> hip)
  redline      0.7013 us/op correctness=true mismatches=0
  vulkan       0.9812 us/op correctness=true mismatches=0
  hipgraph    16.3720 us/op correctness=true mismatches=0
  hip         15.7957 us/op correctness=true mismatches=0
[66/133] independent_throughput/memory-waitcnt/variant=interleave4,n=32768,body=16;hip-wave=32 (32 operations; order vulkan -> hipgraph -> hip -> redline)
  vulkan       4.3087 us/op correctness=true mismatches=0
  hipgraph    39.3189 us/op correctness=true mismatches=0
  hip         38.1214 us/op correctness=true mismatches=0
  redline      5.2237 us/op correctness=true mismatches=0
[67/133] independent_throughput/packed-dot/variant=q8-signed,n=4096,body=16;hip-wave=32 (64 operations; order hipgraph -> hip -> redline -> vulkan)
  hipgraph    16.8782 us/op correctness=true mismatches=0
  hip         16.4020 us/op correctness=true mismatches=0
  redline      1.5200 us/op correctness=true mismatches=0
  vulkan       1.1413 us/op correctness=true mismatches=0
[68/133] independent_throughput/packed-dot/variant=q4-unsigned,n=4096,body=16;hip-wave=32 (64 operations; order hip -> redline -> vulkan -> hipgraph)
  hip         16.4276 us/op correctness=true mismatches=0
  redline      1.4912 us/op correctness=true mismatches=0
  vulkan       1.4187 us/op correctness=true mismatches=0
  hipgraph    16.5038 us/op correctness=true mismatches=0
[69/133] independent_throughput/packed-dot/variant=q6-zero,n=4096,body=16;hip-wave=32 (64 operations; order redline -> vulkan -> hipgraph -> hip)
  redline      1.3513 us/op correctness=true mismatches=0
  vulkan       1.4300 us/op correctness=true mismatches=0
  hipgraph    16.9257 us/op correctness=true mismatches=0
  hip         17.2388 us/op correctness=true mismatches=0
[70/133] independent_throughput/packed-dot/variant=q4-scalar,n=4096,body=16;hip-wave=32 (64 operations; order vulkan -> hipgraph -> hip -> redline)
  vulkan       2.4481 us/op correctness=true mismatches=0
  hipgraph    17.4382 us/op correctness=true mismatches=0
  hip         19.5570 us/op correctness=true mismatches=0
  redline      1.5494 us/op correctness=true mismatches=0
[71/133] independent_throughput/vopd/variant=independent-fma,n=32768,body=64;hip-wave=32 (32 operations; order hipgraph -> hip -> redline -> vulkan)
  hipgraph    38.3939 us/op correctness=true mismatches=0
  hip         37.3327 us/op correctness=true mismatches=0
  redline      4.4500 us/op correctness=true mismatches=0
  vulkan       4.0850 us/op correctness=true mismatches=0
[72/133] independent_throughput/vopd/variant=dependent-fma,n=32768,body=64;hip-wave=32 (32 operations; order hip -> redline -> vulkan -> hipgraph)
  hip         36.9177 us/op correctness=true mismatches=0
  redline      4.3513 us/op correctness=true mismatches=0
  vulkan       4.0400 us/op correctness=true mismatches=0
  hipgraph    37.8902 us/op correctness=true mismatches=0
[73/133] independent_throughput/vopd/variant=mixed-int-float,n=32768,body=64;hip-wave=32 (32 operations; order redline -> vulkan -> hipgraph -> hip)
  redline     10.5775 us/op correctness=true mismatches=0
  vulkan       7.5038 us/op correctness=true mismatches=0
  hipgraph    41.6627 us/op correctness=true mismatches=0
  hip         39.8952 us/op correctness=true mismatches=0
[74/133] independent_throughput/vopd/variant=dequant-like,n=32768,body=64;hip-wave=32 (32 operations; order vulkan -> hipgraph -> hip -> redline)
  vulkan       6.6887 us/op correctness=true mismatches=0
  hipgraph    39.6427 us/op correctness=true mismatches=0
  hip         38.4277 us/op correctness=true mismatches=0
  redline      8.0988 us/op correctness=true mismatches=0
[75/133] independent_throughput/sampler/argmax,vocab=32768,rows=1;hip-wave=32 (64 operations; order hipgraph -> hip -> redline -> vulkan)
  hipgraph    22.3701 us/op correctness=true mismatches=0
  hip         22.2245 us/op correctness=true mismatches=0
  redline      0.4106 us/op correctness=true mismatches=0
  vulkan       1.8969 us/op correctness=true mismatches=0
[76/133] independent_throughput/sampler/argmax,vocab=32768,rows=4;hip-wave=32 (64 operations; order hip -> redline -> vulkan -> hipgraph)
  hip         21.7551 us/op correctness=true mismatches=0
  redline      0.6800 us/op correctness=true mismatches=0
  vulkan       1.9219 us/op correctness=true mismatches=0
  hipgraph    22.3532 us/op correctness=true mismatches=0
[77/133] independent_throughput/sampler/argmax,vocab=131072,rows=1;hip-wave=32 (64 operations; order redline -> vulkan -> hipgraph -> hip)
  redline      1.4819 us/op correctness=true mismatches=0
  vulkan       4.8775 us/op correctness=true mismatches=0
  hipgraph    51.9415 us/op correctness=true mismatches=0
  hip         52.8296 us/op correctness=true mismatches=0
[78/133] independent_throughput/sampler/argmax,vocab=131072,rows=4;hip-wave=32 (64 operations; order vulkan -> hipgraph -> hip -> redline)
  vulkan       4.8500 us/op correctness=true mismatches=0
  hipgraph    50.3727 us/op correctness=true mismatches=0
  hip         52.5709 us/op correctness=true mismatches=0
  redline      2.4875 us/op correctness=true mismatches=0
[79/133] independent_throughput/two-stage-reduction/k=8192,rows=4,splits=2;hip-wave=32 (64 operations; order hipgraph -> hip -> redline -> vulkan)
  hipgraph    28.0264 us/op correctness=true mismatches=0
  hip         27.9089 us/op correctness=true mismatches=0
  redline      4.4081 us/op correctness=true mismatches=0
  vulkan       6.5531 us/op correctness=true mismatches=0
[80/133] independent_throughput/two-stage-reduction/k=32768,rows=4,splits=8;hip-wave=32 (32 operations; order hip -> redline -> vulkan -> hipgraph)
  hip         32.3077 us/op correctness=true mismatches=0
  redline      5.4625 us/op correctness=true mismatches=0
  vulkan       7.3450 us/op correctness=true mismatches=0
  hipgraph    33.9264 us/op correctness=true mismatches=0
[81/133] independent_throughput/q4-selected-dual/m=512,k=768,tile=2;hip-wave=32 (32 operations; order redline -> vulkan -> hipgraph -> hip)
  redline      0.6637 us/op correctness=true mismatches=0
  vulkan       2.0288 us/op correctness=true mismatches=0
  hipgraph    19.3226 us/op correctness=true mismatches=0
  hip         17.6101 us/op correctness=true mismatches=0
[82/133] independent_throughput/q4-selected-dual/m=2048,k=2048,tile=2;hip-wave=32 (32 operations; order vulkan -> hipgraph -> hip -> redline)
  vulkan       3.4362 us/op correctness=true mismatches=0
  hipgraph    37.6752 us/op correctness=true mismatches=0
  hip         36.5689 us/op correctness=true mismatches=0
  redline      3.9000 us/op correctness=true mismatches=0
[83/133] independent_throughput/q4-selected-dual/m=4096,k=8192,tile=2;hip-wave=32 (16 operations; order hipgraph -> hip -> redline -> vulkan)
  hipgraph   160.6783 us/op correctness=true mismatches=0
  hip        159.3683 us/op correctness=true mismatches=0
  redline     31.4175 us/op correctness=true mismatches=0
  vulkan      31.3150 us/op correctness=true mismatches=0
[84/133] independent_throughput/q6-x8-selected-down/m=512,k=2048,tile=8;hip-wave=32 (32 operations; order hip -> redline -> vulkan -> hipgraph)
  hip         16.4538 us/op correctness=true mismatches=0
  redline      1.2225 us/op correctness=true mismatches=0
  vulkan       3.8125 us/op correctness=true mismatches=0
  hipgraph    18.3601 us/op correctness=true mismatches=0
[85/133] independent_throughput/q6-x8-selected-down/m=2048,k=4096,tile=8;hip-wave=32 (32 operations; order redline -> vulkan -> hipgraph -> hip)
  redline      5.7512 us/op correctness=true mismatches=0
  vulkan       6.1063 us/op correctness=true mismatches=0
  hipgraph    26.2476 us/op correctness=true mismatches=0
  hip         28.8477 us/op correctness=true mismatches=0
[86/133] independent_throughput/q6-x8-selected-down/m=4096,k=8192,tile=8;hip-wave=32 (16 operations; order vulkan -> hipgraph -> hip -> redline)
  vulkan      25.1275 us/op correctness=true mismatches=0
  hipgraph    88.1429 us/op correctness=true mismatches=0
  hip         84.8054 us/op correctness=true mismatches=0
  redline     28.8225 us/op correctness=true mismatches=0
[87/133] independent_throughput/dense-q8/m=512,k=768,tile=4;hip-wave=32 (32 operations; order hipgraph -> hip -> redline -> vulkan)
  hipgraph    14.0513 us/op correctness=true mismatches=0
  hip         12.3776 us/op correctness=true mismatches=0
  redline      0.5175 us/op correctness=true mismatches=0
  vulkan       2.1612 us/op correctness=true mismatches=0
[88/133] independent_throughput/dense-q8/m=2048,k=2048,tile=4;hip-wave=32 (32 operations; order hip -> redline -> vulkan -> hipgraph)
  hip         18.7539 us/op correctness=true mismatches=0
  redline      2.9850 us/op correctness=true mismatches=0
  vulkan       3.2062 us/op correctness=true mismatches=0
  hipgraph    21.6626 us/op correctness=true mismatches=0
[89/133] independent_throughput/dense-q8/m=2048,k=8192,tile=4;hip-wave=32 (16 operations; order redline -> vulkan -> hipgraph -> hip)
  redline     12.7700 us/op correctness=true mismatches=0
  vulkan      12.4500 us/op correctness=true mismatches=0
  hipgraph    51.7252 us/op correctness=true mismatches=0
  hip         45.4652 us/op correctness=true mismatches=0
[90/133] independent_throughput/dense-q8/m=4096,k=8192,tile=4;hip-wave=32 (16 operations; order vulkan -> hipgraph -> hip -> redline)
  vulkan      24.7500 us/op correctness=true mismatches=0
  hipgraph    85.9104 us/op correctness=true mismatches=0
  hip         79.7704 us/op correctness=true mismatches=0
  redline     24.5325 us/op correctness=true mismatches=0
[91/133] single_kernel_aggressive/dispatch-grid/count=1,grid=1;hip-wave=32 (1 operations; order hipgraph -> hip -> redline -> vulkan)
  hipgraph    26.8010 us/op correctness=true mismatches=0
  hip         20.6000 us/op correctness=true mismatches=0
  redline      2.3600 us/op correctness=true mismatches=0
  vulkan       4.2400 us/op correctness=true mismatches=0
[92/133] single_kernel_aggressive/dispatch-grid/count=50,grid=1;hip-wave=32 (1 operations; order hip -> redline -> vulkan -> hipgraph)
  hip         20.5600 us/op correctness=true mismatches=0
  redline      2.5200 us/op correctness=true mismatches=0
  vulkan       4.2400 us/op correctness=true mismatches=0
  hipgraph    26.9600 us/op correctness=true mismatches=0
[93/133] single_kernel_aggressive/dispatch-grid/count=200,grid=1;hip-wave=32 (1 operations; order redline -> vulkan -> hipgraph -> hip)
  redline      2.5200 us/op correctness=true mismatches=0
  vulkan       4.2400 us/op correctness=true mismatches=0
  hipgraph    26.6810 us/op correctness=true mismatches=0
  hip         20.6400 us/op correctness=true mismatches=0
[94/133] single_kernel_aggressive/dispatch-grid/count=941,grid=1;hip-wave=32 (1 operations; order vulkan -> hipgraph -> hip -> redline)
  vulkan       4.2800 us/op correctness=true mismatches=0
  hipgraph    26.7600 us/op correctness=true mismatches=0
  hip         20.6800 us/op correctness=true mismatches=0
  redline      2.4800 us/op correctness=true mismatches=0
[95/133] single_kernel_aggressive/dispatch-grid/count=64,grid=128;hip-wave=32 (1 operations; order hipgraph -> hip -> redline -> vulkan)
  hipgraph    32.0400 us/op correctness=true mismatches=0
  hip         26.3600 us/op correctness=true mismatches=0
  redline      3.8400 us/op correctness=true mismatches=0
  vulkan       4.3600 us/op correctness=true mismatches=0
[96/133] single_kernel_aggressive/dispatch-grid/count=64,grid=1024;hip-wave=32 (1 operations; order hip -> redline -> vulkan -> hipgraph)
  hip        161.6010 us/op correctness=true mismatches=0
  redline      4.7600 us/op correctness=true mismatches=0
  vulkan       5.0000 us/op correctness=true mismatches=0
  hipgraph   166.9610 us/op correctness=true mismatches=0
[97/133] single_kernel_aggressive/dispatch-grid/count=64,grid=8192;hip-wave=32 (1 operations; order redline -> vulkan -> hipgraph -> hip)
  redline     10.7200 us/op correctness=true mismatches=0
  vulkan       9.2400 us/op correctness=true mismatches=0
  hipgraph  1244.3260 us/op correctness=true mismatches=0
  hip       1238.7670 us/op correctness=true mismatches=0
[98/133] single_kernel_aggressive/geometry/k=512,rows=1,wg=256;hip-wave=32 (1 operations; order vulkan -> hipgraph -> hip -> redline)
  vulkan      11.6800 us/op correctness=true mismatches=0
  hipgraph    27.0800 us/op correctness=true mismatches=0
  hip         20.6000 us/op correctness=true mismatches=0
  redline      8.5200 us/op correctness=true mismatches=0
[99/133] single_kernel_aggressive/geometry/k=512,rows=4,wg=256;hip-wave=32 (1 operations; order hipgraph -> hip -> redline -> vulkan)
  hipgraph    18.6800 us/op correctness=true mismatches=0
  hip         13.1600 us/op correctness=true mismatches=0
  redline      8.4800 us/op correctness=true mismatches=0
  vulkan      11.6000 us/op correctness=true mismatches=0
[100/133] single_kernel_aggressive/geometry/k=2048,rows=1,wg=256;hip-wave=32 (1 operations; order hip -> redline -> vulkan -> hipgraph)
  hip         28.6800 us/op correctness=true mismatches=0
  redline     23.9200 us/op correctness=true mismatches=0
  vulkan      30.8800 us/op correctness=true mismatches=0
  hipgraph    34.2410 us/op correctness=true mismatches=0
[101/133] single_kernel_aggressive/geometry/k=2048,rows=4,wg=256;hip-wave=32 (1 operations; order redline -> vulkan -> hipgraph -> hip)
  redline     23.8400 us/op correctness=true mismatches=0
  vulkan      30.6000 us/op correctness=true mismatches=0
  hipgraph    34.1200 us/op correctness=true mismatches=0
  hip         28.3600 us/op correctness=true mismatches=0
[102/133] single_kernel_aggressive/reduction/variant=wave,k=8192,rows=1;hip-wave=32 (1 operations; order vulkan -> hipgraph -> hip -> redline)
  vulkan      79.6800 us/op correctness=true mismatches=0
  hipgraph    79.3200 us/op correctness=true mismatches=0
  hip         71.3200 us/op correctness=true mismatches=0
  redline     67.0800 us/op correctness=true mismatches=0
[103/133] single_kernel_aggressive/reduction/variant=wave,k=8192,rows=4;hip-wave=32 (1 operations; order hipgraph -> hip -> redline -> vulkan)
  hipgraph    79.6000 us/op correctness=true mismatches=0
  hip         74.0410 us/op correctness=true mismatches=0
  redline     69.3600 us/op correctness=true mismatches=0
  vulkan      80.9200 us/op correctness=true mismatches=0
[104/133] single_kernel_aggressive/reduction/variant=lds-tree,k=8192,rows=1;hip-wave=32 (1 operations; order hip -> redline -> vulkan -> hipgraph)
  hip         72.3600 us/op correctness=true mismatches=0
  redline     67.6800 us/op correctness=true mismatches=0
  vulkan      79.8800 us/op correctness=true mismatches=0
  hipgraph    78.3200 us/op correctness=true mismatches=0
[105/133] single_kernel_aggressive/reduction/variant=lds-tree,k=8192,rows=4;hip-wave=32 (1 operations; order redline -> vulkan -> hipgraph -> hip)
  redline     69.4800 us/op correctness=true mismatches=0
  vulkan      81.2800 us/op correctness=true mismatches=0
  hipgraph    79.5210 us/op correctness=true mismatches=0
  hip         74.0400 us/op correctness=true mismatches=0
[106/133] single_kernel_aggressive/memory-waitcnt/variant=coalesced4,n=4096,body=16;hip-wave=32 (1 operations; order vulkan -> hipgraph -> hip -> redline)
  vulkan       7.3200 us/op correctness=true mismatches=0
  hipgraph    15.6000 us/op correctness=true mismatches=0
  hip          9.9600 us/op correctness=true mismatches=0
  redline      6.1200 us/op correctness=true mismatches=0
[107/133] single_kernel_aggressive/memory-waitcnt/variant=coalesced4,n=32768,body=16;hip-wave=32 (1 operations; order hipgraph -> hip -> redline -> vulkan)
  hipgraph    32.0400 us/op correctness=true mismatches=0
  hip         26.6400 us/op correctness=true mismatches=0
  redline      7.7200 us/op correctness=true mismatches=0
  vulkan       8.8800 us/op correctness=true mismatches=0
[108/133] single_kernel_aggressive/memory-waitcnt/variant=gather,n=4096,body=16;hip-wave=32 (1 operations; order hip -> redline -> vulkan -> hipgraph)
  hip         11.7600 us/op correctness=true mismatches=0
  redline      7.5200 us/op correctness=true mismatches=0
  vulkan       8.8000 us/op correctness=true mismatches=0
  hipgraph    17.5600 us/op correctness=true mismatches=0
[109/133] single_kernel_aggressive/memory-waitcnt/variant=gather,n=32768,body=16;hip-wave=32 (1 operations; order redline -> vulkan -> hipgraph -> hip)
  redline     13.5200 us/op correctness=true mismatches=0
  vulkan      13.3200 us/op correctness=true mismatches=0
  hipgraph    32.6400 us/op correctness=true mismatches=0
  hip         26.9200 us/op correctness=true mismatches=0
[110/133] single_kernel_aggressive/memory-waitcnt/variant=interleave4,n=4096,body=16;hip-wave=32 (1 operations; order vulkan -> hipgraph -> hip -> redline)
  vulkan       7.4000 us/op correctness=true mismatches=0
  hipgraph    15.5600 us/op correctness=true mismatches=0
  hip         10.2400 us/op correctness=true mismatches=0
  redline      6.2800 us/op correctness=true mismatches=0
[111/133] single_kernel_aggressive/memory-waitcnt/variant=interleave4,n=32768,body=16;hip-wave=32 (1 operations; order hipgraph -> hip -> redline -> vulkan)
  hipgraph    35.4000 us/op correctness=true mismatches=0
  hip         29.8810 us/op correctness=true mismatches=0
  redline     10.1200 us/op correctness=true mismatches=0
  vulkan       8.8800 us/op correctness=true mismatches=0
[112/133] single_kernel_aggressive/packed-dot/variant=q8-signed,n=4096,body=16;hip-wave=32 (1 operations; order hip -> redline -> vulkan -> hipgraph)
  hip         10.8400 us/op correctness=true mismatches=0
  redline      6.6400 us/op correctness=true mismatches=0
  vulkan       7.9200 us/op correctness=true mismatches=0
  hipgraph    16.5200 us/op correctness=true mismatches=0
[113/133] single_kernel_aggressive/packed-dot/variant=q4-unsigned,n=4096,body=16;hip-wave=32 (1 operations; order redline -> vulkan -> hipgraph -> hip)
  redline      6.7600 us/op correctness=true mismatches=0
  vulkan       7.9600 us/op correctness=true mismatches=0
  hipgraph    16.6800 us/op correctness=true mismatches=0
  hip         10.8400 us/op correctness=true mismatches=0
[114/133] single_kernel_aggressive/packed-dot/variant=q6-zero,n=4096,body=16;hip-wave=32 (1 operations; order vulkan -> hipgraph -> hip -> redline)
  vulkan       8.2400 us/op correctness=true mismatches=0
  hipgraph    16.4800 us/op correctness=true mismatches=0
  hip         10.8400 us/op correctness=true mismatches=0
  redline      6.8000 us/op correctness=true mismatches=0
[115/133] single_kernel_aggressive/packed-dot/variant=q4-scalar,n=4096,body=16;hip-wave=32 (1 operations; order hipgraph -> hip -> redline -> vulkan)
  hipgraph    16.8400 us/op correctness=true mismatches=0
  hip         11.3600 us/op correctness=true mismatches=0
  redline      7.4400 us/op correctness=true mismatches=0
  vulkan      11.4800 us/op correctness=true mismatches=0
[116/133] single_kernel_aggressive/vopd/variant=independent-fma,n=32768,body=64;hip-wave=32 (1 operations; order hip -> redline -> vulkan -> hipgraph)
  hip         28.9600 us/op correctness=true mismatches=0
  redline      8.6000 us/op correctness=true mismatches=0
  vulkan       7.7600 us/op correctness=true mismatches=0
  hipgraph    34.4000 us/op correctness=true mismatches=0
[117/133] single_kernel_aggressive/vopd/variant=dependent-fma,n=32768,body=64;hip-wave=32 (1 operations; order redline -> vulkan -> hipgraph -> hip)
  redline      8.6800 us/op correctness=true mismatches=0
  vulkan       7.8400 us/op correctness=true mismatches=0
  hipgraph    34.3600 us/op correctness=true mismatches=0
  hip         28.6400 us/op correctness=true mismatches=0
[118/133] single_kernel_aggressive/vopd/variant=mixed-int-float,n=32768,body=64;hip-wave=32 (1 operations; order vulkan -> hipgraph -> hip -> redline)
  vulkan      11.1600 us/op correctness=true mismatches=0
  hipgraph    38.0800 us/op correctness=true mismatches=0
  hip         32.5600 us/op correctness=true mismatches=0
  redline     15.7200 us/op correctness=true mismatches=0
[119/133] single_kernel_aggressive/vopd/variant=dequant-like,n=32768,body=64;hip-wave=32 (1 operations; order hipgraph -> hip -> redline -> vulkan)
  hipgraph    35.8400 us/op correctness=true mismatches=0
  hip         30.3600 us/op correctness=true mismatches=0
  redline     13.9200 us/op correctness=true mismatches=0
  vulkan      10.4400 us/op correctness=true mismatches=0
[120/133] single_kernel_aggressive/sampler/argmax,vocab=32768,rows=1;hip-wave=32 (1 operations; order hip -> redline -> vulkan -> hipgraph)
  hip         32.0410 us/op correctness=true mismatches=0
  redline     26.7200 us/op correctness=true mismatches=0
  vulkan      27.8400 us/op correctness=true mismatches=0
  hipgraph    36.9200 us/op correctness=true mismatches=0
[121/133] single_kernel_aggressive/sampler/argmax,vocab=32768,rows=4;hip-wave=32 (1 operations; order redline -> vulkan -> hipgraph -> hip)
  redline     26.2800 us/op correctness=true mismatches=0
  vulkan      27.7600 us/op correctness=true mismatches=0
  hipgraph    36.5200 us/op correctness=true mismatches=0
  hip         30.9610 us/op correctness=true mismatches=0
[122/133] single_kernel_aggressive/sampler/argmax,vocab=131072,rows=1;hip-wave=32 (1 operations; order vulkan -> hipgraph -> hip -> redline)
  vulkan      95.7600 us/op correctness=true mismatches=0
  hipgraph   104.5200 us/op correctness=true mismatches=0
  hip        100.1200 us/op correctness=true mismatches=0
  redline     96.1600 us/op correctness=true mismatches=0
[123/133] single_kernel_aggressive/sampler/argmax,vocab=131072,rows=4;hip-wave=32 (1 operations; order hipgraph -> hip -> redline -> vulkan)
  hipgraph   106.2410 us/op correctness=true mismatches=0
  hip         99.0400 us/op correctness=true mismatches=0
  redline     96.2800 us/op correctness=true mismatches=0
  vulkan      95.7600 us/op correctness=true mismatches=0
[124/133] single_kernel_aggressive/q4-selected-dual/m=512,k=768,tile=2;hip-wave=32 (1 operations; order hip -> redline -> vulkan -> hipgraph)
  hip         10.2800 us/op correctness=true mismatches=0
  redline      6.0800 us/op correctness=true mismatches=0
  vulkan       7.2800 us/op correctness=true mismatches=0
  hipgraph    16.1200 us/op correctness=true mismatches=0
[125/133] single_kernel_aggressive/q4-selected-dual/m=2048,k=2048,tile=2;hip-wave=32 (1 operations; order redline -> vulkan -> hipgraph -> hip)
  redline     10.0400 us/op correctness=true mismatches=0
  vulkan      12.0800 us/op correctness=true mismatches=0
  hipgraph    34.3210 us/op correctness=true mismatches=0
  hip         28.6000 us/op correctness=true mismatches=0
[126/133] single_kernel_aggressive/q4-selected-dual/m=4096,k=8192,tile=2;hip-wave=32 (1 operations; order vulkan -> hipgraph -> hip -> redline)
  vulkan      43.6800 us/op correctness=true mismatches=0
  hipgraph   162.4410 us/op correctness=true mismatches=0
  hip        158.3210 us/op correctness=true mismatches=0
  redline     51.8400 us/op correctness=true mismatches=0
[127/133] single_kernel_aggressive/q6-x8-selected-down/m=512,k=2048,tile=8;hip-wave=32 (1 operations; order hipgraph -> hip -> redline -> vulkan)
  hipgraph    30.9200 us/op correctness=true mismatches=0
  hip         25.3200 us/op correctness=true mismatches=0
  redline     22.0000 us/op correctness=true mismatches=0
  vulkan      27.5600 us/op correctness=true mismatches=0
[128/133] single_kernel_aggressive/q6-x8-selected-down/m=2048,k=4096,tile=8;hip-wave=32 (1 operations; order hip -> redline -> vulkan -> hipgraph)
  hip         43.2800 us/op correctness=true mismatches=0
  redline     39.6800 us/op correctness=true mismatches=0
  vulkan      48.0800 us/op correctness=true mismatches=0
  hipgraph    48.9200 us/op correctness=true mismatches=0
[129/133] single_kernel_aggressive/q6-x8-selected-down/m=4096,k=8192,tile=8;hip-wave=32 (1 operations; order redline -> vulkan -> hipgraph -> hip)
  redline     80.3600 us/op correctness=true mismatches=0
  vulkan      98.2400 us/op correctness=true mismatches=0
  hipgraph    96.7200 us/op correctness=true mismatches=0
  hip         98.9600 us/op correctness=true mismatches=0
[130/133] single_kernel_aggressive/dense-q8/m=512,k=768,tile=4;hip-wave=32 (1 operations; order vulkan -> hipgraph -> hip -> redline)
  vulkan       8.4000 us/op correctness=true mismatches=0
  hipgraph    16.4800 us/op correctness=true mismatches=0
  hip         10.8400 us/op correctness=true mismatches=0
  redline      7.2400 us/op correctness=true mismatches=0
[131/133] single_kernel_aggressive/dense-q8/m=2048,k=2048,tile=4;hip-wave=32 (1 operations; order hipgraph -> hip -> redline -> vulkan)
  hipgraph    23.2800 us/op correctness=true mismatches=0
  hip         17.6400 us/op correctness=true mismatches=0
  redline     12.7200 us/op correctness=true mismatches=0
  vulkan      14.8800 us/op correctness=true mismatches=0
[132/133] single_kernel_aggressive/dense-q8/m=2048,k=8192,tile=4;hip-wave=32 (1 operations; order hip -> redline -> vulkan -> hipgraph)
  hip         49.0400 us/op correctness=true mismatches=0
  redline     37.6800 us/op correctness=true mismatches=0
  vulkan      48.7600 us/op correctness=true mismatches=0
  hipgraph    54.7200 us/op correctness=true mismatches=0
[133/133] single_kernel_aggressive/dense-q8/m=4096,k=8192,tile=4;hip-wave=32 (1 operations; order redline -> vulkan -> hipgraph -> hip)
  redline     46.1200 us/op correctness=true mismatches=0
  vulkan      55.8800 us/op correctness=true mismatches=0
  hipgraph    91.0010 us/op correctness=true mismatches=0
  hip         84.6800 us/op correctness=true mismatches=0
wrote results/gfx1201/2026-07-12-wave-policy-comparison/rep2-all32/results.json
wrote results/gfx1201/2026-07-12-wave-policy-comparison/rep2-all32/REPORT.md
Redline wins 80/133 (60.15%). Four-way placements: 1st 80, 2nd 51, 3rd 2, 4th 0.
