initializing Hipfire HIP bridge
initializing Redline retained-PM4 backend
initializing RADV Vulkan backend
[1/133] serial_latency/dispatch-grid/count=1,grid=1;hip-wave=32 (1 operations; order redline -> vulkan -> hipgraph -> hip)
  redline      3.9200 us/op correctness=true mismatches=0
  vulkan       7.4400 us/op correctness=true mismatches=0
  hipgraph    17.8000 us/op correctness=true mismatches=0
  hip         10.2400 us/op correctness=true mismatches=0
[2/133] serial_latency/dispatch-grid/count=50,grid=1;hip-wave=32 (50 operations; order vulkan -> hipgraph -> hip -> redline)
  vulkan       1.2824 us/op correctness=true mismatches=0
  hipgraph     3.6280 us/op correctness=true mismatches=0
  hip          4.0664 us/op correctness=true mismatches=0
  redline      1.7288 us/op correctness=true mismatches=0
[3/133] serial_latency/dispatch-grid/count=200,grid=1;hip-wave=32 (200 operations; order hipgraph -> hip -> redline -> vulkan)
  hipgraph     3.3692 us/op correctness=true mismatches=0
  hip          3.9470 us/op correctness=true mismatches=0
  redline      1.6098 us/op correctness=true mismatches=0
  vulkan       1.0924 us/op correctness=true mismatches=0
[4/133] serial_latency/dispatch-grid/count=941,grid=1;hip-wave=32 (941 operations; order hip -> redline -> vulkan -> hipgraph)
  hip          3.8776 us/op correctness=true mismatches=0
  redline      1.5800 us/op correctness=true mismatches=0
  vulkan       1.0274 us/op correctness=true mismatches=0
  hipgraph     3.3445 us/op correctness=true mismatches=0
[5/133] serial_latency/dispatch-grid/count=64,grid=128;hip-wave=32 (64 operations; order redline -> vulkan -> hipgraph -> hip)
  redline      2.9794 us/op correctness=true mismatches=0
  vulkan       1.1663 us/op correctness=true mismatches=0
  hipgraph     4.6756 us/op correctness=true mismatches=0
  hip          4.8144 us/op correctness=true mismatches=0
[6/133] serial_latency/dispatch-grid/count=64,grid=1024;hip-wave=32 (64 operations; order vulkan -> hipgraph -> hip -> redline)
  vulkan       2.2250 us/op correctness=true mismatches=0
  hipgraph    13.8019 us/op correctness=true mismatches=0
  hip         13.9588 us/op correctness=true mismatches=0
  redline      3.0594 us/op correctness=true mismatches=0
[7/133] serial_latency/dispatch-grid/count=64,grid=8192;hip-wave=32 (64 operations; order hipgraph -> hip -> redline -> vulkan)
  hipgraph    86.8262 us/op correctness=true mismatches=0
  hip         81.7987 us/op correctness=true mismatches=0
  redline      6.8906 us/op correctness=true mismatches=0
  vulkan      11.5594 us/op correctness=true mismatches=0
[8/133] serial_latency/geometry/k=512,rows=1,wg=256;hip-wave=32 (64 operations; order hip -> redline -> vulkan -> hipgraph)
  hip         19.0706 us/op correctness=true mismatches=0
  redline     14.1975 us/op correctness=true mismatches=0
  vulkan      16.3381 us/op correctness=true mismatches=0
  hipgraph    17.9006 us/op correctness=true mismatches=0
[9/133] serial_latency/geometry/k=512,rows=4,wg=256;hip-wave=32 (64 operations; order redline -> vulkan -> hipgraph -> hip)
  redline     14.2287 us/op correctness=true mismatches=0
  vulkan      16.2288 us/op correctness=true mismatches=0
  hipgraph    16.0331 us/op correctness=true mismatches=0
  hip         16.5119 us/op correctness=true mismatches=0
[10/133] serial_latency/geometry/k=2048,rows=1,wg=256;hip-wave=32 (64 operations; order vulkan -> hipgraph -> hip -> redline)
  vulkan      57.1213 us/op correctness=true mismatches=0
  hipgraph    48.8044 us/op correctness=true mismatches=0
  hip         49.1994 us/op correctness=true mismatches=0
  redline     46.8237 us/op correctness=true mismatches=0
[11/133] serial_latency/geometry/k=2048,rows=4,wg=256;hip-wave=32 (64 operations; order hipgraph -> hip -> redline -> vulkan)
  hipgraph    48.6706 us/op correctness=true mismatches=0
  hip         49.1669 us/op correctness=true mismatches=0
  redline     46.7594 us/op correctness=true mismatches=0
  vulkan      56.9594 us/op correctness=true mismatches=0
[12/133] serial_latency/reduction/variant=wave,k=8192,rows=1;hip-wave=32 (64 operations; order hip -> redline -> vulkan -> hipgraph)
  hip        143.3356 us/op correctness=true mismatches=0
  redline    141.0362 us/op correctness=true mismatches=0
  vulkan     161.4437 us/op correctness=true mismatches=0
  hipgraph   143.4981 us/op correctness=true mismatches=0
[13/133] serial_latency/reduction/variant=wave,k=8192,rows=4;hip-wave=32 (64 operations; order redline -> vulkan -> hipgraph -> hip)
  redline    143.4225 us/op correctness=true mismatches=0
  vulkan     164.3237 us/op correctness=true mismatches=0
  hipgraph   144.2206 us/op correctness=true mismatches=0
  hip        144.2368 us/op correctness=true mismatches=0
[14/133] serial_latency/reduction/variant=lds-tree,k=8192,rows=1;hip-wave=32 (64 operations; order vulkan -> hipgraph -> hip -> redline)
  vulkan     161.9019 us/op correctness=true mismatches=0
  hipgraph   144.7318 us/op correctness=true mismatches=0
  hip        140.6887 us/op correctness=true mismatches=0
  redline    141.3581 us/op correctness=true mismatches=0
[15/133] serial_latency/reduction/variant=lds-tree,k=8192,rows=4;hip-wave=32 (64 operations; order hipgraph -> hip -> redline -> vulkan)
  hipgraph   144.3044 us/op correctness=true mismatches=0
  hip        144.0975 us/op correctness=true mismatches=0
  redline    143.3394 us/op correctness=true mismatches=0
  vulkan     164.3613 us/op correctness=true mismatches=0
[16/133] serial_latency/memory-waitcnt/variant=coalesced4,n=4096,body=16;hip-wave=32 (64 operations; order hip -> redline -> vulkan -> hipgraph)
  hip          9.2662 us/op correctness=true mismatches=0
  redline      7.4975 us/op correctness=true mismatches=0
  vulkan       6.2700 us/op correctness=true mismatches=0
  hipgraph     8.7906 us/op correctness=true mismatches=0
[17/133] serial_latency/memory-waitcnt/variant=coalesced4,n=32768,body=16;hip-wave=32 (32 operations; order redline -> vulkan -> hipgraph -> hip)
  redline      8.9938 us/op correctness=true mismatches=0
  vulkan       6.9837 us/op correctness=true mismatches=0
  hipgraph    46.1750 us/op correctness=true mismatches=0
  hip         46.6087 us/op correctness=true mismatches=0
[18/133] serial_latency/memory-waitcnt/variant=gather,n=4096,body=16;hip-wave=32 (64 operations; order vulkan -> hipgraph -> hip -> redline)
  vulkan       9.5056 us/op correctness=true mismatches=0
  hipgraph     8.7737 us/op correctness=true mismatches=0
  hip          9.2925 us/op correctness=true mismatches=0
  redline      5.9887 us/op correctness=true mismatches=0
[19/133] serial_latency/memory-waitcnt/variant=gather,n=32768,body=16;hip-wave=32 (32 operations; order hipgraph -> hip -> redline -> vulkan)
  hipgraph    46.3662 us/op correctness=true mismatches=0
  hip         46.7300 us/op correctness=true mismatches=0
  redline     24.0350 us/op correctness=true mismatches=0
  vulkan      19.7750 us/op correctness=true mismatches=0
[20/133] serial_latency/memory-waitcnt/variant=interleave4,n=4096,body=16;hip-wave=64 (64 operations; order hip -> redline -> vulkan -> hipgraph)
  hip          8.8388 us/op correctness=true mismatches=0
  redline      7.1206 us/op correctness=true mismatches=0
  vulkan       6.4600 us/op correctness=true mismatches=0
  hipgraph     8.5438 us/op correctness=true mismatches=0
[21/133] serial_latency/memory-waitcnt/variant=interleave4,n=32768,body=16;hip-wave=64 (32 operations; order redline -> vulkan -> hipgraph -> hip)
  redline     12.9337 us/op correctness=true mismatches=0
  vulkan      10.3387 us/op correctness=true mismatches=0
  hipgraph    49.0225 us/op correctness=true mismatches=0
  hip         48.9937 us/op correctness=true mismatches=0
[22/133] serial_latency/packed-dot/variant=q8-signed,n=4096,body=16;hip-wave=32 (64 operations; order vulkan -> hipgraph -> hip -> redline)
  vulkan       7.7869 us/op correctness=true mismatches=0
  hipgraph     8.9275 us/op correctness=true mismatches=0
  hip          9.4000 us/op correctness=true mismatches=0
  redline      7.6006 us/op correctness=true mismatches=0
[23/133] serial_latency/packed-dot/variant=q4-unsigned,n=4096,body=16;hip-wave=32 (64 operations; order hipgraph -> hip -> redline -> vulkan)
  hipgraph     8.8937 us/op correctness=true mismatches=0
  hip          9.3669 us/op correctness=true mismatches=0
  redline      7.6656 us/op correctness=true mismatches=0
  vulkan       7.7625 us/op correctness=true mismatches=0
[24/133] serial_latency/packed-dot/variant=q6-zero,n=4096,body=16;hip-wave=32 (64 operations; order hip -> redline -> vulkan -> hipgraph)
  hip          9.4150 us/op correctness=true mismatches=0
  redline      7.5213 us/op correctness=true mismatches=0
  vulkan       8.1544 us/op correctness=true mismatches=0
  hipgraph     8.9163 us/op correctness=true mismatches=0
[25/133] serial_latency/packed-dot/variant=q4-scalar,n=4096,body=16;hip-wave=32 (64 operations; order redline -> vulkan -> hipgraph -> hip)
  redline      8.7706 us/op correctness=true mismatches=0
  vulkan      14.3994 us/op correctness=true mismatches=0
  hipgraph    10.1787 us/op correctness=true mismatches=0
  hip         10.5306 us/op correctness=true mismatches=0
[26/133] serial_latency/vopd/variant=independent-fma,n=32768,body=64;hip-wave=64 (32 operations; order vulkan -> hipgraph -> hip -> redline)
  vulkan       9.2550 us/op correctness=true mismatches=0
  hipgraph    49.0525 us/op correctness=true mismatches=0
  hip         49.0412 us/op correctness=true mismatches=0
  redline     12.7613 us/op correctness=true mismatches=0
[27/133] serial_latency/vopd/variant=dependent-fma,n=32768,body=64;hip-wave=64 (32 operations; order hipgraph -> hip -> redline -> vulkan)
  hipgraph    47.8687 us/op correctness=true mismatches=0
  hip         47.8937 us/op correctness=true mismatches=0
  redline     11.5663 us/op correctness=true mismatches=0
  vulkan       9.3788 us/op correctness=true mismatches=0
[28/133] serial_latency/vopd/variant=mixed-int-float,n=32768,body=64;hip-wave=64 (32 operations; order hip -> redline -> vulkan -> hipgraph)
  hip         54.9550 us/op correctness=true mismatches=0
  redline     26.0562 us/op correctness=true mismatches=0
  vulkan      16.7888 us/op correctness=true mismatches=0
  hipgraph    54.7263 us/op correctness=true mismatches=0
[29/133] serial_latency/vopd/variant=dequant-like,n=32768,body=64;hip-wave=64 (32 operations; order redline -> vulkan -> hipgraph -> hip)
  redline     22.5775 us/op correctness=true mismatches=0
  vulkan      15.1625 us/op correctness=true mismatches=0
  hipgraph    52.2175 us/op correctness=true mismatches=0
  hip         52.3675 us/op correctness=true mismatches=0
[30/133] serial_latency/sampler/argmax,vocab=32768,rows=1;hip-wave=32 (64 operations; order vulkan -> hipgraph -> hip -> redline)
  vulkan      42.6181 us/op correctness=true mismatches=0
  hipgraph    44.3175 us/op correctness=true mismatches=0
  hip         43.8988 us/op correctness=true mismatches=0
  redline     41.8144 us/op correctness=true mismatches=0
[31/133] serial_latency/sampler/argmax,vocab=32768,rows=4;hip-wave=32 (64 operations; order hipgraph -> hip -> redline -> vulkan)
  hipgraph    43.7319 us/op correctness=true mismatches=0
  hip         43.6450 us/op correctness=true mismatches=0
  redline     42.1863 us/op correctness=true mismatches=0
  vulkan      42.6713 us/op correctness=true mismatches=0
[32/133] serial_latency/sampler/argmax,vocab=131072,rows=1;hip-wave=32 (64 operations; order hip -> redline -> vulkan -> hipgraph)
  hip        161.9481 us/op correctness=true mismatches=0
  redline    157.9837 us/op correctness=true mismatches=0
  vulkan     164.0213 us/op correctness=true mismatches=0
  hipgraph   159.4150 us/op correctness=true mismatches=0
[33/133] serial_latency/sampler/argmax,vocab=131072,rows=4;hip-wave=32 (64 operations; order redline -> vulkan -> hipgraph -> hip)
  redline    160.2931 us/op correctness=true mismatches=0
  vulkan     165.2794 us/op correctness=true mismatches=0
  hipgraph   160.5412 us/op correctness=true mismatches=0
  hip        159.4262 us/op correctness=true mismatches=0
[34/133] serial_latency/two-stage-reduction/k=8192,rows=4,splits=2;hip-wave=32 (64 operations; order vulkan -> hipgraph -> hip -> redline)
  vulkan      10.6613 us/op correctness=true mismatches=0
  hipgraph    12.8519 us/op correctness=true mismatches=0
  hip         13.9175 us/op correctness=true mismatches=0
  redline      9.2000 us/op correctness=true mismatches=0
[35/133] serial_latency/two-stage-reduction/k=32768,rows=4,splits=8;hip-wave=32 (32 operations; order hipgraph -> hip -> redline -> vulkan)
  hipgraph    18.8612 us/op correctness=true mismatches=0
  hip         19.7312 us/op correctness=true mismatches=0
  redline     10.2700 us/op correctness=true mismatches=0
  vulkan      10.6487 us/op correctness=true mismatches=0
[36/133] serial_latency/q4-selected-dual/m=512,k=768,tile=2;hip-wave=64 (32 operations; order hip -> redline -> vulkan -> hipgraph)
  hip         21.6125 us/op correctness=true mismatches=0
  redline      5.9000 us/op correctness=true mismatches=0
  vulkan       6.1762 us/op correctness=true mismatches=0
  hipgraph    21.2738 us/op correctness=true mismatches=0
[37/133] serial_latency/q4-selected-dual/m=2048,k=2048,tile=2;hip-wave=64 (32 operations; order redline -> vulkan -> hipgraph -> hip)
  redline     11.1100 us/op correctness=true mismatches=0
  vulkan      14.0687 us/op correctness=true mismatches=0
  hipgraph    70.8000 us/op correctness=true mismatches=0
  hip         71.0438 us/op correctness=true mismatches=0
[38/133] serial_latency/q4-selected-dual/m=4096,k=8192,tile=2;hip-wave=64 (16 operations; order vulkan -> hipgraph -> hip -> redline)
  vulkan      61.9450 us/op correctness=true mismatches=0
  hipgraph   367.7824 us/op correctness=true mismatches=0
  hip        368.3524 us/op correctness=true mismatches=0
  redline     56.1375 us/op correctness=true mismatches=0
[39/133] serial_latency/q6-x8-selected-down/m=512,k=2048,tile=8;hip-wave=64 (32 operations; order hipgraph -> hip -> redline -> vulkan)
  hipgraph    25.4975 us/op correctness=true mismatches=0
  hip         25.8600 us/op correctness=true mismatches=0
  redline     24.1938 us/op correctness=true mismatches=0
  vulkan      40.5700 us/op correctness=true mismatches=0
[40/133] serial_latency/q6-x8-selected-down/m=2048,k=4096,tile=8;hip-wave=64 (32 operations; order hip -> redline -> vulkan -> hipgraph)
  hip         81.7638 us/op correctness=true mismatches=0
  redline     45.0325 us/op correctness=true mismatches=0
  vulkan      78.4862 us/op correctness=true mismatches=0
  hipgraph    81.2612 us/op correctness=true mismatches=0
[41/133] serial_latency/q6-x8-selected-down/m=4096,k=8192,tile=8;hip-wave=64 (16 operations; order redline -> vulkan -> hipgraph -> hip)
  redline     89.2675 us/op correctness=true mismatches=0
  vulkan     157.7300 us/op correctness=true mismatches=0
  hipgraph   161.9800 us/op correctness=true mismatches=0
  hip        162.0024 us/op correctness=true mismatches=0
[42/133] serial_latency/dense-q8/m=512,k=768,tile=4;hip-wave=64 (32 operations; order vulkan -> hipgraph -> hip -> redline)
  vulkan       8.5587 us/op correctness=true mismatches=0
  hipgraph    20.7675 us/op correctness=true mismatches=0
  hip         21.1312 us/op correctness=true mismatches=0
  redline      7.5263 us/op correctness=true mismatches=0
[43/133] serial_latency/dense-q8/m=2048,k=2048,tile=4;hip-wave=64 (32 operations; order hipgraph -> hip -> redline -> vulkan)
  hipgraph    68.6187 us/op correctness=true mismatches=0
  hip         69.5937 us/op correctness=true mismatches=0
  redline     14.2837 us/op correctness=true mismatches=0
  vulkan      19.8900 us/op correctness=true mismatches=0
[44/133] serial_latency/dense-q8/m=2048,k=8192,tile=4;hip-wave=64 (16 operations; order hip -> redline -> vulkan -> hipgraph)
  hip         97.6924 us/op correctness=true mismatches=0
  redline     42.0725 us/op correctness=true mismatches=0
  vulkan      73.1400 us/op correctness=true mismatches=0
  hipgraph    97.7649 us/op correctness=true mismatches=0
[45/133] serial_latency/dense-q8/m=4096,k=8192,tile=4;hip-wave=64 (16 operations; order redline -> vulkan -> hipgraph -> hip)
  redline     49.6100 us/op correctness=true mismatches=0
  vulkan      82.6325 us/op correctness=true mismatches=0
  hipgraph   185.5149 us/op correctness=true mismatches=0
  hip        185.1174 us/op correctness=true mismatches=0
[46/133] independent_throughput/dispatch-grid/count=1,grid=1;hip-wave=32 (1 operations; order vulkan -> hipgraph -> hip -> redline)
  vulkan       7.8000 us/op correctness=true mismatches=0
  hipgraph    18.5200 us/op correctness=true mismatches=0
  hip         11.0400 us/op correctness=true mismatches=0
  redline      4.1600 us/op correctness=true mismatches=0
[47/133] independent_throughput/dispatch-grid/count=50,grid=1;hip-wave=32 (50 operations; order hipgraph -> hip -> redline -> vulkan)
  hipgraph    13.1696 us/op correctness=true mismatches=0
  hip          8.4392 us/op correctness=true mismatches=0
  redline      0.1872 us/op correctness=true mismatches=0
  vulkan       1.2104 us/op correctness=true mismatches=0
[48/133] independent_throughput/dispatch-grid/count=200,grid=1;hip-wave=32 (200 operations; order hip -> redline -> vulkan -> hipgraph)
  hip          9.5302 us/op correctness=true mismatches=0
  redline      0.1216 us/op correctness=true mismatches=0
  vulkan       0.4288 us/op correctness=true mismatches=0
  hipgraph     9.1652 us/op correctness=true mismatches=0
[49/133] independent_throughput/dispatch-grid/count=941,grid=1;hip-wave=32 (941 operations; order redline -> vulkan -> hipgraph -> hip)
  redline      0.0785 us/op correctness=true mismatches=0
  vulkan       0.1222 us/op correctness=true mismatches=0
  hipgraph    10.1014 us/op correctness=true mismatches=0
  hip         10.8236 us/op correctness=true mismatches=0
[50/133] independent_throughput/dispatch-grid/count=64,grid=128;hip-wave=32 (64 operations; order vulkan -> hipgraph -> hip -> redline)
  vulkan       1.0600 us/op correctness=true mismatches=0
  hipgraph    13.7056 us/op correctness=true mismatches=0
  hip         12.9787 us/op correctness=true mismatches=0
  redline      0.2444 us/op correctness=true mismatches=0
[51/133] independent_throughput/dispatch-grid/count=64,grid=1024;hip-wave=32 (64 operations; order hipgraph -> hip -> redline -> vulkan)
  hipgraph    18.8281 us/op correctness=true mismatches=0
  hip         19.1287 us/op correctness=true mismatches=0
  redline      0.9556 us/op correctness=true mismatches=0
  vulkan       1.4150 us/op correctness=true mismatches=0
[52/133] independent_throughput/dispatch-grid/count=64,grid=8192;hip-wave=32 (64 operations; order hip -> redline -> vulkan -> hipgraph)
  hip         54.8525 us/op correctness=true mismatches=0
  redline      3.6162 us/op correctness=true mismatches=0
  vulkan       5.6813 us/op correctness=true mismatches=0
  hipgraph    53.3975 us/op correctness=true mismatches=0
[53/133] independent_throughput/geometry/k=512,rows=1,wg=256;hip-wave=32 (64 operations; order redline -> vulkan -> hipgraph -> hip)
  redline      0.1869 us/op correctness=true mismatches=0
  vulkan       1.0000 us/op correctness=true mismatches=0
  hipgraph    27.8619 us/op correctness=true mismatches=0
  hip         24.2500 us/op correctness=true mismatches=0
[54/133] independent_throughput/geometry/k=512,rows=4,wg=256;hip-wave=32 (64 operations; order vulkan -> hipgraph -> hip -> redline)
  vulkan       1.0081 us/op correctness=true mismatches=0
  hipgraph    19.4512 us/op correctness=true mismatches=0
  hip         18.6462 us/op correctness=true mismatches=0
  redline      0.3375 us/op correctness=true mismatches=0
[55/133] independent_throughput/geometry/k=2048,rows=1,wg=256;hip-wave=32 (64 operations; order hipgraph -> hip -> redline -> vulkan)
  hipgraph    22.1394 us/op correctness=true mismatches=0
  hip         22.1437 us/op correctness=true mismatches=0
  redline      0.4775 us/op correctness=true mismatches=0
  vulkan       2.1206 us/op correctness=true mismatches=0
[56/133] independent_throughput/geometry/k=2048,rows=4,wg=256;hip-wave=32 (64 operations; order hip -> redline -> vulkan -> hipgraph)
  hip         21.1388 us/op correctness=true mismatches=0
  redline      1.1400 us/op correctness=true mismatches=0
  vulkan       2.1869 us/op correctness=true mismatches=0
  hipgraph    20.9319 us/op correctness=true mismatches=0
[57/133] independent_throughput/reduction/variant=wave,k=8192,rows=1;hip-wave=32 (64 operations; order redline -> vulkan -> hipgraph -> hip)
  redline      1.1594 us/op correctness=true mismatches=0
  vulkan       4.5131 us/op correctness=true mismatches=0
  hipgraph    43.6200 us/op correctness=true mismatches=0
  hip         43.2319 us/op correctness=true mismatches=0
[58/133] independent_throughput/reduction/variant=wave,k=8192,rows=4;hip-wave=32 (64 operations; order vulkan -> hipgraph -> hip -> redline)
  vulkan       4.6262 us/op correctness=true mismatches=0
  hipgraph    44.4200 us/op correctness=true mismatches=0
  hip         43.1669 us/op correctness=true mismatches=0
  redline      2.3431 us/op correctness=true mismatches=0
[59/133] independent_throughput/reduction/variant=lds-tree,k=8192,rows=1;hip-wave=32 (64 operations; order hipgraph -> hip -> redline -> vulkan)
  hipgraph    43.0812 us/op correctness=true mismatches=0
  hip         42.8781 us/op correctness=true mismatches=0
  redline      1.1381 us/op correctness=true mismatches=0
  vulkan       4.4331 us/op correctness=true mismatches=0
[60/133] independent_throughput/reduction/variant=lds-tree,k=8192,rows=4;hip-wave=32 (64 operations; order hip -> redline -> vulkan -> hipgraph)
  hip         43.0344 us/op correctness=true mismatches=0
  redline      2.3306 us/op correctness=true mismatches=0
  vulkan       4.5856 us/op correctness=true mismatches=0
  hipgraph    44.0619 us/op correctness=true mismatches=0
[61/133] independent_throughput/memory-waitcnt/variant=coalesced4,n=4096,body=16;hip-wave=32 (64 operations; order redline -> vulkan -> hipgraph -> hip)
  redline      0.3463 us/op correctness=true mismatches=0
  vulkan       1.1319 us/op correctness=true mismatches=0
  hipgraph    16.2850 us/op correctness=true mismatches=0
  hip         15.6512 us/op correctness=true mismatches=0
[62/133] independent_throughput/memory-waitcnt/variant=coalesced4,n=32768,body=16;hip-wave=32 (32 operations; order vulkan -> hipgraph -> hip -> redline)
  vulkan       2.9362 us/op correctness=true mismatches=0
  hipgraph    36.5987 us/op correctness=true mismatches=0
  hip         35.0313 us/op correctness=true mismatches=0
  redline      2.4325 us/op correctness=true mismatches=0
[63/133] independent_throughput/memory-waitcnt/variant=gather,n=4096,body=16;hip-wave=32 (64 operations; order hipgraph -> hip -> redline -> vulkan)
  hipgraph    16.2438 us/op correctness=true mismatches=0
  hip         15.6256 us/op correctness=true mismatches=0
  redline      1.0350 us/op correctness=true mismatches=0
  vulkan       1.1863 us/op correctness=true mismatches=0
[64/133] independent_throughput/memory-waitcnt/variant=gather,n=32768,body=16;hip-wave=32 (32 operations; order hip -> redline -> vulkan -> hipgraph)
  hip         35.4863 us/op correctness=true mismatches=0
  redline      9.3712 us/op correctness=true mismatches=0
  vulkan       7.6825 us/op correctness=true mismatches=0
  hipgraph    37.5713 us/op correctness=true mismatches=0
[65/133] independent_throughput/memory-waitcnt/variant=interleave4,n=4096,body=16;hip-wave=64 (64 operations; order redline -> vulkan -> hipgraph -> hip)
  redline      0.5269 us/op correctness=true mismatches=0
  vulkan       1.2494 us/op correctness=true mismatches=0
  hipgraph    16.1706 us/op correctness=true mismatches=0
  hip         15.5200 us/op correctness=true mismatches=0
[66/133] independent_throughput/memory-waitcnt/variant=interleave4,n=32768,body=16;hip-wave=64 (32 operations; order vulkan -> hipgraph -> hip -> redline)
  vulkan       4.3400 us/op correctness=true mismatches=0
  hipgraph    36.6400 us/op correctness=true mismatches=0
  hip         35.6275 us/op correctness=true mismatches=0
  redline      3.8737 us/op correctness=true mismatches=0
[67/133] independent_throughput/packed-dot/variant=q8-signed,n=4096,body=16;hip-wave=32 (64 operations; order hipgraph -> hip -> redline -> vulkan)
  hipgraph    16.3569 us/op correctness=true mismatches=0
  hip         15.7581 us/op correctness=true mismatches=0
  redline      0.5587 us/op correctness=true mismatches=0
  vulkan       1.4087 us/op correctness=true mismatches=0
[68/133] independent_throughput/packed-dot/variant=q4-unsigned,n=4096,body=16;hip-wave=32 (64 operations; order hip -> redline -> vulkan -> hipgraph)
  hip         15.7369 us/op correctness=true mismatches=0
  redline      0.5575 us/op correctness=true mismatches=0
  vulkan       1.4181 us/op correctness=true mismatches=0
  hipgraph    16.3200 us/op correctness=true mismatches=0
[69/133] independent_throughput/packed-dot/variant=q6-zero,n=4096,body=16;hip-wave=32 (64 operations; order redline -> vulkan -> hipgraph -> hip)
  redline      0.5675 us/op correctness=true mismatches=0
  vulkan       1.4212 us/op correctness=true mismatches=0
  hipgraph    16.3225 us/op correctness=true mismatches=0
  hip         15.7287 us/op correctness=true mismatches=0
[70/133] independent_throughput/packed-dot/variant=q4-scalar,n=4096,body=16;hip-wave=32 (64 operations; order vulkan -> hipgraph -> hip -> redline)
  vulkan       2.4162 us/op correctness=true mismatches=0
  hipgraph    16.3956 us/op correctness=true mismatches=0
  hip         16.6575 us/op correctness=true mismatches=0
  redline      1.0631 us/op correctness=true mismatches=0
[71/133] independent_throughput/vopd/variant=independent-fma,n=32768,body=64;hip-wave=64 (32 operations; order hipgraph -> hip -> redline -> vulkan)
  hipgraph    37.9125 us/op correctness=true mismatches=0
  hip         36.5462 us/op correctness=true mismatches=0
  redline      4.0400 us/op correctness=true mismatches=0
  vulkan       4.0388 us/op correctness=true mismatches=0
[72/133] independent_throughput/vopd/variant=dependent-fma,n=32768,body=64;hip-wave=64 (32 operations; order hip -> redline -> vulkan -> hipgraph)
  hip         36.2862 us/op correctness=true mismatches=0
  redline      3.4950 us/op correctness=true mismatches=0
  vulkan       4.0038 us/op correctness=true mismatches=0
  hipgraph    37.5150 us/op correctness=true mismatches=0
[73/133] independent_throughput/vopd/variant=mixed-int-float,n=32768,body=64;hip-wave=64 (32 operations; order redline -> vulkan -> hipgraph -> hip)
  redline      9.3912 us/op correctness=true mismatches=0
  vulkan       7.4413 us/op correctness=true mismatches=0
  hipgraph    40.0338 us/op correctness=true mismatches=0
  hip         39.0225 us/op correctness=true mismatches=0
[74/133] independent_throughput/vopd/variant=dequant-like,n=32768,body=64;hip-wave=64 (32 operations; order vulkan -> hipgraph -> hip -> redline)
  vulkan       6.3863 us/op correctness=true mismatches=0
  hipgraph    39.0600 us/op correctness=true mismatches=0
  hip         37.4137 us/op correctness=true mismatches=0
  redline      7.8325 us/op correctness=true mismatches=0
[75/133] independent_throughput/sampler/argmax,vocab=32768,rows=1;hip-wave=32 (64 operations; order hipgraph -> hip -> redline -> vulkan)
  hipgraph    21.8962 us/op correctness=true mismatches=0
  hip         22.0100 us/op correctness=true mismatches=0
  redline      0.3856 us/op correctness=true mismatches=0
  vulkan       1.9463 us/op correctness=true mismatches=0
[76/133] independent_throughput/sampler/argmax,vocab=32768,rows=4;hip-wave=32 (64 operations; order hip -> redline -> vulkan -> hipgraph)
  hip         20.9912 us/op correctness=true mismatches=0
  redline      0.6300 us/op correctness=true mismatches=0
  vulkan       1.9463 us/op correctness=true mismatches=0
  hipgraph    20.7356 us/op correctness=true mismatches=0
[77/133] independent_throughput/sampler/argmax,vocab=131072,rows=1;hip-wave=32 (64 operations; order redline -> vulkan -> hipgraph -> hip)
  redline      1.3831 us/op correctness=true mismatches=0
  vulkan       4.8669 us/op correctness=true mismatches=0
  hipgraph    48.8238 us/op correctness=true mismatches=0
  hip         49.9106 us/op correctness=true mismatches=0
[78/133] independent_throughput/sampler/argmax,vocab=131072,rows=4;hip-wave=32 (64 operations; order vulkan -> hipgraph -> hip -> redline)
  vulkan       4.8131 us/op correctness=true mismatches=0
  hipgraph    47.2306 us/op correctness=true mismatches=0
  hip         49.5500 us/op correctness=true mismatches=0
  redline      2.2931 us/op correctness=true mismatches=0
[79/133] independent_throughput/two-stage-reduction/k=8192,rows=4,splits=2;hip-wave=32 (64 operations; order hipgraph -> hip -> redline -> vulkan)
  hipgraph    27.8444 us/op correctness=true mismatches=0
  hip         27.7687 us/op correctness=true mismatches=0
  redline      4.1981 us/op correctness=true mismatches=0
  vulkan       6.5012 us/op correctness=true mismatches=0
[80/133] independent_throughput/two-stage-reduction/k=32768,rows=4,splits=8;hip-wave=32 (32 operations; order hip -> redline -> vulkan -> hipgraph)
  hip         31.9875 us/op correctness=true mismatches=0
  redline      5.1212 us/op correctness=true mismatches=0
  vulkan       6.8513 us/op correctness=true mismatches=0
  hipgraph    33.8362 us/op correctness=true mismatches=0
[81/133] independent_throughput/q4-selected-dual/m=512,k=768,tile=2;hip-wave=64 (32 operations; order redline -> vulkan -> hipgraph -> hip)
  redline      0.6038 us/op correctness=true mismatches=0
  vulkan       2.0888 us/op correctness=true mismatches=0
  hipgraph    19.3387 us/op correctness=true mismatches=0
  hip         16.7513 us/op correctness=true mismatches=0
[82/133] independent_throughput/q4-selected-dual/m=2048,k=2048,tile=2;hip-wave=64 (32 operations; order vulkan -> hipgraph -> hip -> redline)
  vulkan       3.8062 us/op correctness=true mismatches=0
  hipgraph    45.7362 us/op correctness=true mismatches=0
  hip         40.4563 us/op correctness=true mismatches=0
  redline      2.6562 us/op correctness=true mismatches=0
[83/133] independent_throughput/q4-selected-dual/m=4096,k=8192,tile=2;hip-wave=64 (16 operations; order hipgraph -> hip -> redline -> vulkan)
  hipgraph   204.7450 us/op correctness=true mismatches=0
  hip        199.4874 us/op correctness=true mismatches=0
  redline     20.7200 us/op correctness=true mismatches=0
  vulkan      31.4550 us/op correctness=true mismatches=0
[84/133] independent_throughput/q6-x8-selected-down/m=512,k=2048,tile=8;hip-wave=64 (32 operations; order hip -> redline -> vulkan -> hipgraph)
  hip         17.1912 us/op correctness=true mismatches=0
  redline      0.8588 us/op correctness=true mismatches=0
  vulkan       3.3750 us/op correctness=true mismatches=0
  hipgraph    19.2463 us/op correctness=true mismatches=0
[85/133] independent_throughput/q6-x8-selected-down/m=2048,k=4096,tile=8;hip-wave=64 (32 operations; order redline -> vulkan -> hipgraph -> hip)
  redline      3.5450 us/op correctness=true mismatches=0
  vulkan       6.0938 us/op correctness=true mismatches=0
  hipgraph    48.4963 us/op correctness=true mismatches=0
  hip         43.7238 us/op correctness=true mismatches=0
[86/133] independent_throughput/q6-x8-selected-down/m=4096,k=8192,tile=8;hip-wave=64 (16 operations; order vulkan -> hipgraph -> hip -> redline)
  vulkan      24.4675 us/op correctness=true mismatches=0
  hipgraph    91.2850 us/op correctness=true mismatches=0
  hip         84.0900 us/op correctness=true mismatches=0
  redline     18.2050 us/op correctness=true mismatches=0
[87/133] independent_throughput/dense-q8/m=512,k=768,tile=4;hip-wave=64 (32 operations; order hipgraph -> hip -> redline -> vulkan)
  hipgraph    19.4013 us/op correctness=true mismatches=0
  hip         16.1525 us/op correctness=true mismatches=0
  redline      0.4713 us/op correctness=true mismatches=0
  vulkan       2.1475 us/op correctness=true mismatches=0
[88/133] independent_throughput/dense-q8/m=2048,k=2048,tile=4;hip-wave=64 (32 operations; order hip -> redline -> vulkan -> hipgraph)
  hip         37.4313 us/op correctness=true mismatches=0
  redline      1.9800 us/op correctness=true mismatches=0
  vulkan       3.2887 us/op correctness=true mismatches=0
  hipgraph    42.3425 us/op correctness=true mismatches=0
[89/133] independent_throughput/dense-q8/m=2048,k=8192,tile=4;hip-wave=64 (16 operations; order redline -> vulkan -> hipgraph -> hip)
  redline      8.5225 us/op correctness=true mismatches=0
  vulkan      12.3850 us/op correctness=true mismatches=0
  hipgraph    60.6075 us/op correctness=true mismatches=0
  hip         53.1500 us/op correctness=true mismatches=0
[90/133] independent_throughput/dense-q8/m=4096,k=8192,tile=4;hip-wave=64 (16 operations; order vulkan -> hipgraph -> hip -> redline)
  vulkan      24.6475 us/op correctness=true mismatches=0
  hipgraph   110.3375 us/op correctness=true mismatches=0
  hip        101.0150 us/op correctness=true mismatches=0
  redline     18.4350 us/op correctness=true mismatches=0
[91/133] single_kernel_aggressive/dispatch-grid/count=1,grid=1;hip-wave=32 (1 operations; order hipgraph -> hip -> redline -> vulkan)
  hipgraph    12.7600 us/op correctness=true mismatches=0
  hip          7.1200 us/op correctness=true mismatches=0
  redline      2.4400 us/op correctness=true mismatches=0
  vulkan       4.2000 us/op correctness=true mismatches=0
[92/133] single_kernel_aggressive/dispatch-grid/count=50,grid=1;hip-wave=32 (1 operations; order hip -> redline -> vulkan -> hipgraph)
  hip          7.0800 us/op correctness=true mismatches=0
  redline      2.5200 us/op correctness=true mismatches=0
  vulkan       4.2000 us/op correctness=true mismatches=0
  hipgraph    12.5200 us/op correctness=true mismatches=0
[93/133] single_kernel_aggressive/dispatch-grid/count=200,grid=1;hip-wave=32 (1 operations; order redline -> vulkan -> hipgraph -> hip)
  redline      2.4800 us/op correctness=true mismatches=0
  vulkan       4.2000 us/op correctness=true mismatches=0
  hipgraph    12.7200 us/op correctness=true mismatches=0
  hip          7.1200 us/op correctness=true mismatches=0
[94/133] single_kernel_aggressive/dispatch-grid/count=941,grid=1;hip-wave=32 (1 operations; order vulkan -> hipgraph -> hip -> redline)
  vulkan       4.1600 us/op correctness=true mismatches=0
  hipgraph    12.7200 us/op correctness=true mismatches=0
  hip          7.2000 us/op correctness=true mismatches=0
  redline      2.5200 us/op correctness=true mismatches=0
[95/133] single_kernel_aggressive/dispatch-grid/count=64,grid=128;hip-wave=32 (1 operations; order hipgraph -> hip -> redline -> vulkan)
  hipgraph    13.2800 us/op correctness=true mismatches=0
  hip          7.4800 us/op correctness=true mismatches=0
  redline      3.8400 us/op correctness=true mismatches=0
  vulkan       4.3600 us/op correctness=true mismatches=0
[96/133] single_kernel_aggressive/dispatch-grid/count=64,grid=1024;hip-wave=32 (1 operations; order hip -> redline -> vulkan -> hipgraph)
  hip         11.7200 us/op correctness=true mismatches=0
  redline      3.9200 us/op correctness=true mismatches=0
  vulkan       5.0000 us/op correctness=true mismatches=0
  hipgraph    17.4800 us/op correctness=true mismatches=0
[97/133] single_kernel_aggressive/dispatch-grid/count=64,grid=8192;hip-wave=32 (1 operations; order redline -> vulkan -> hipgraph -> hip)
  redline      5.8000 us/op correctness=true mismatches=0
  vulkan       9.2000 us/op correctness=true mismatches=0
  hipgraph    51.2400 us/op correctness=true mismatches=0
  hip         45.6400 us/op correctness=true mismatches=0
[98/133] single_kernel_aggressive/geometry/k=512,rows=1,wg=256;hip-wave=32 (1 operations; order vulkan -> hipgraph -> hip -> redline)
  vulkan      11.6400 us/op correctness=true mismatches=0
  hipgraph    26.7600 us/op correctness=true mismatches=0
  hip         20.8800 us/op correctness=true mismatches=0
  redline      8.5200 us/op correctness=true mismatches=0
[99/133] single_kernel_aggressive/geometry/k=512,rows=4,wg=256;hip-wave=32 (1 operations; order hipgraph -> hip -> redline -> vulkan)
  hipgraph    18.5600 us/op correctness=true mismatches=0
  hip         13.0400 us/op correctness=true mismatches=0
  redline      8.4400 us/op correctness=true mismatches=0
  vulkan      11.5600 us/op correctness=true mismatches=0
[100/133] single_kernel_aggressive/geometry/k=2048,rows=1,wg=256;hip-wave=32 (1 operations; order hip -> redline -> vulkan -> hipgraph)
  hip         28.5600 us/op correctness=true mismatches=0
  redline     23.8800 us/op correctness=true mismatches=0
  vulkan      30.7200 us/op correctness=true mismatches=0
  hipgraph    34.1600 us/op correctness=true mismatches=0
[101/133] single_kernel_aggressive/geometry/k=2048,rows=4,wg=256;hip-wave=32 (1 operations; order redline -> vulkan -> hipgraph -> hip)
  redline     23.6400 us/op correctness=true mismatches=0
  vulkan      30.4400 us/op correctness=true mismatches=0
  hipgraph    33.7600 us/op correctness=true mismatches=0
  hip         28.2000 us/op correctness=true mismatches=0
[102/133] single_kernel_aggressive/reduction/variant=wave,k=8192,rows=1;hip-wave=32 (1 operations; order vulkan -> hipgraph -> hip -> redline)
  vulkan      79.4400 us/op correctness=true mismatches=0
  hipgraph    77.4000 us/op correctness=true mismatches=0
  hip         72.6400 us/op correctness=true mismatches=0
  redline     67.7200 us/op correctness=true mismatches=0
[103/133] single_kernel_aggressive/reduction/variant=wave,k=8192,rows=4;hip-wave=32 (1 operations; order hipgraph -> hip -> redline -> vulkan)
  hipgraph    77.7200 us/op correctness=true mismatches=0
  hip         71.6000 us/op correctness=true mismatches=0
  redline     69.3200 us/op correctness=true mismatches=0
  vulkan      80.7600 us/op correctness=true mismatches=0
[104/133] single_kernel_aggressive/reduction/variant=lds-tree,k=8192,rows=1;hip-wave=32 (1 operations; order hip -> redline -> vulkan -> hipgraph)
  hip         71.0800 us/op correctness=true mismatches=0
  redline     67.5600 us/op correctness=true mismatches=0
  vulkan      78.9200 us/op correctness=true mismatches=0
  hipgraph    77.8400 us/op correctness=true mismatches=0
[105/133] single_kernel_aggressive/reduction/variant=lds-tree,k=8192,rows=4;hip-wave=32 (1 operations; order redline -> vulkan -> hipgraph -> hip)
  redline     68.9600 us/op correctness=true mismatches=0
  vulkan      80.7200 us/op correctness=true mismatches=0
  hipgraph    79.4800 us/op correctness=true mismatches=0
  hip         72.6800 us/op correctness=true mismatches=0
[106/133] single_kernel_aggressive/memory-waitcnt/variant=coalesced4,n=4096,body=16;hip-wave=32 (1 operations; order vulkan -> hipgraph -> hip -> redline)
  vulkan       7.2800 us/op correctness=true mismatches=0
  hipgraph    15.6400 us/op correctness=true mismatches=0
  hip         10.0400 us/op correctness=true mismatches=0
  redline      6.2000 us/op correctness=true mismatches=0
[107/133] single_kernel_aggressive/memory-waitcnt/variant=coalesced4,n=32768,body=16;hip-wave=32 (1 operations; order hipgraph -> hip -> redline -> vulkan)
  hipgraph    32.0400 us/op correctness=true mismatches=0
  hip         27.0400 us/op correctness=true mismatches=0
  redline      7.5200 us/op correctness=true mismatches=0
  vulkan       8.9600 us/op correctness=true mismatches=0
[108/133] single_kernel_aggressive/memory-waitcnt/variant=gather,n=4096,body=16;hip-wave=32 (1 operations; order hip -> redline -> vulkan -> hipgraph)
  hip          9.5600 us/op correctness=true mismatches=0
  redline      4.8400 us/op correctness=true mismatches=0
  vulkan       8.8000 us/op correctness=true mismatches=0
  hipgraph    15.3600 us/op correctness=true mismatches=0
[109/133] single_kernel_aggressive/memory-waitcnt/variant=gather,n=32768,body=16;hip-wave=32 (1 operations; order redline -> vulkan -> hipgraph -> hip)
  redline     13.0800 us/op correctness=true mismatches=0
  vulkan      13.2400 us/op correctness=true mismatches=0
  hipgraph    32.5200 us/op correctness=true mismatches=0
  hip         26.5600 us/op correctness=true mismatches=0
[110/133] single_kernel_aggressive/memory-waitcnt/variant=interleave4,n=4096,body=16;hip-wave=64 (1 operations; order vulkan -> hipgraph -> hip -> redline)
  vulkan       7.4800 us/op correctness=true mismatches=0
  hipgraph    15.5600 us/op correctness=true mismatches=0
  hip          9.8800 us/op correctness=true mismatches=0
  redline      6.4000 us/op correctness=true mismatches=0
[111/133] single_kernel_aggressive/memory-waitcnt/variant=interleave4,n=32768,body=16;hip-wave=64 (1 operations; order hipgraph -> hip -> redline -> vulkan)
  hipgraph    22.5200 us/op correctness=true mismatches=0
  hip         16.7600 us/op correctness=true mismatches=0
  redline      8.8000 us/op correctness=true mismatches=0
  vulkan       8.9200 us/op correctness=true mismatches=0
[112/133] single_kernel_aggressive/packed-dot/variant=q8-signed,n=4096,body=16;hip-wave=32 (1 operations; order hip -> redline -> vulkan -> hipgraph)
  hip         10.3200 us/op correctness=true mismatches=0
  redline      6.1200 us/op correctness=true mismatches=0
  vulkan       7.8400 us/op correctness=true mismatches=0
  hipgraph    16.1600 us/op correctness=true mismatches=0
[113/133] single_kernel_aggressive/packed-dot/variant=q4-unsigned,n=4096,body=16;hip-wave=32 (1 operations; order redline -> vulkan -> hipgraph -> hip)
  redline      6.1200 us/op correctness=true mismatches=0
  vulkan       7.8400 us/op correctness=true mismatches=0
  hipgraph    15.9600 us/op correctness=true mismatches=0
  hip         10.2800 us/op correctness=true mismatches=0
[114/133] single_kernel_aggressive/packed-dot/variant=q6-zero,n=4096,body=16;hip-wave=32 (1 operations; order vulkan -> hipgraph -> hip -> redline)
  vulkan       8.0800 us/op correctness=true mismatches=0
  hipgraph    15.6400 us/op correctness=true mismatches=0
  hip         10.2000 us/op correctness=true mismatches=0
  redline      6.0800 us/op correctness=true mismatches=0
[115/133] single_kernel_aggressive/packed-dot/variant=q4-scalar,n=4096,body=16;hip-wave=32 (1 operations; order hipgraph -> hip -> redline -> vulkan)
  hipgraph    16.4000 us/op correctness=true mismatches=0
  hip         10.6800 us/op correctness=true mismatches=0
  redline      6.9200 us/op correctness=true mismatches=0
  vulkan      11.4400 us/op correctness=true mismatches=0
[116/133] single_kernel_aggressive/vopd/variant=independent-fma,n=32768,body=64;hip-wave=64 (1 operations; order hip -> redline -> vulkan -> hipgraph)
  hip         27.8800 us/op correctness=true mismatches=0
  redline      8.4400 us/op correctness=true mismatches=0
  vulkan       7.7200 us/op correctness=true mismatches=0
  hipgraph    33.4800 us/op correctness=true mismatches=0
[117/133] single_kernel_aggressive/vopd/variant=dependent-fma,n=32768,body=64;hip-wave=64 (1 operations; order redline -> vulkan -> hipgraph -> hip)
  redline      7.4800 us/op correctness=true mismatches=0
  vulkan       7.7600 us/op correctness=true mismatches=0
  hipgraph    34.0400 us/op correctness=true mismatches=0
  hip         27.1600 us/op correctness=true mismatches=0
[118/133] single_kernel_aggressive/vopd/variant=mixed-int-float,n=32768,body=64;hip-wave=64 (1 operations; order vulkan -> hipgraph -> hip -> redline)
  vulkan      11.1600 us/op correctness=true mismatches=0
  hipgraph    35.9200 us/op correctness=true mismatches=0
  hip         30.2800 us/op correctness=true mismatches=0
  redline     13.9200 us/op correctness=true mismatches=0
[119/133] single_kernel_aggressive/vopd/variant=dequant-like,n=32768,body=64;hip-wave=64 (1 operations; order hipgraph -> hip -> redline -> vulkan)
  hipgraph    34.6400 us/op correctness=true mismatches=0
  hip         29.2000 us/op correctness=true mismatches=0
  redline     12.8000 us/op correctness=true mismatches=0
  vulkan      10.3200 us/op correctness=true mismatches=0
[120/133] single_kernel_aggressive/sampler/argmax,vocab=32768,rows=1;hip-wave=32 (1 operations; order hip -> redline -> vulkan -> hipgraph)
  hip         29.6400 us/op correctness=true mismatches=0
  redline     25.4000 us/op correctness=true mismatches=0
  vulkan      27.8000 us/op correctness=true mismatches=0
  hipgraph    35.6000 us/op correctness=true mismatches=0
[121/133] single_kernel_aggressive/sampler/argmax,vocab=32768,rows=4;hip-wave=32 (1 operations; order redline -> vulkan -> hipgraph -> hip)
  redline     24.9200 us/op correctness=true mismatches=0
  vulkan      27.7200 us/op correctness=true mismatches=0
  hipgraph    35.0800 us/op correctness=true mismatches=0
  hip         29.2800 us/op correctness=true mismatches=0
[122/133] single_kernel_aggressive/sampler/argmax,vocab=131072,rows=1;hip-wave=32 (1 operations; order vulkan -> hipgraph -> hip -> redline)
  vulkan      95.3200 us/op correctness=true mismatches=0
  hipgraph   100.9600 us/op correctness=true mismatches=0
  hip         93.9600 us/op correctness=true mismatches=0
  redline     90.8800 us/op correctness=true mismatches=0
[123/133] single_kernel_aggressive/sampler/argmax,vocab=131072,rows=4;hip-wave=32 (1 operations; order hipgraph -> hip -> redline -> vulkan)
  hipgraph    98.4000 us/op correctness=true mismatches=0
  hip         93.4000 us/op correctness=true mismatches=0
  redline     90.2000 us/op correctness=true mismatches=0
  vulkan      95.8000 us/op correctness=true mismatches=0
[124/133] single_kernel_aggressive/q4-selected-dual/m=512,k=768,tile=2;hip-wave=64 (1 operations; order hip -> redline -> vulkan -> hipgraph)
  hip         15.2000 us/op correctness=true mismatches=0
  redline      5.1200 us/op correctness=true mismatches=0
  vulkan       7.3600 us/op correctness=true mismatches=0
  hipgraph    20.7200 us/op correctness=true mismatches=0
[125/133] single_kernel_aggressive/q4-selected-dual/m=2048,k=2048,tile=2;hip-wave=64 (1 operations; order redline -> vulkan -> hipgraph -> hip)
  redline      7.9600 us/op correctness=true mismatches=0
  vulkan      11.9600 us/op correctness=true mismatches=0
  hipgraph    46.8800 us/op correctness=true mismatches=0
  hip         41.0400 us/op correctness=true mismatches=0
[126/133] single_kernel_aggressive/q4-selected-dual/m=4096,k=8192,tile=2;hip-wave=64 (1 operations; order vulkan -> hipgraph -> hip -> redline)
  vulkan      43.7200 us/op correctness=true mismatches=0
  hipgraph   202.8800 us/op correctness=true mismatches=0
  hip        197.1200 us/op correctness=true mismatches=0
  redline     35.4000 us/op correctness=true mismatches=0
[127/133] single_kernel_aggressive/q6-x8-selected-down/m=512,k=2048,tile=8;hip-wave=64 (1 operations; order hipgraph -> hip -> redline -> vulkan)
  hipgraph    25.2400 us/op correctness=true mismatches=0
  hip         19.3200 us/op correctness=true mismatches=0
  redline     15.4400 us/op correctness=true mismatches=0
  vulkan      27.4800 us/op correctness=true mismatches=0
[128/133] single_kernel_aggressive/q6-x8-selected-down/m=2048,k=4096,tile=8;hip-wave=64 (1 operations; order hip -> redline -> vulkan -> hipgraph)
  hip         51.6800 us/op correctness=true mismatches=0
  redline     26.8000 us/op correctness=true mismatches=0
  vulkan      47.7200 us/op correctness=true mismatches=0
  hipgraph    57.1200 us/op correctness=true mismatches=0
[129/133] single_kernel_aggressive/q6-x8-selected-down/m=4096,k=8192,tile=8;hip-wave=64 (1 operations; order redline -> vulkan -> hipgraph -> hip)
  redline     53.6400 us/op correctness=true mismatches=0
  vulkan      97.9600 us/op correctness=true mismatches=0
  hipgraph    93.3200 us/op correctness=true mismatches=0
  hip         87.3200 us/op correctness=true mismatches=0
[130/133] single_kernel_aggressive/dense-q8/m=512,k=768,tile=4;hip-wave=64 (1 operations; order vulkan -> hipgraph -> hip -> redline)
  vulkan       8.3600 us/op correctness=true mismatches=0
  hipgraph    20.8400 us/op correctness=true mismatches=0
  hip         15.0400 us/op correctness=true mismatches=0
  redline      6.0400 us/op correctness=true mismatches=0
[131/133] single_kernel_aggressive/dense-q8/m=2048,k=2048,tile=4;hip-wave=64 (1 operations; order hipgraph -> hip -> redline -> vulkan)
  hipgraph    43.7600 us/op correctness=true mismatches=0
  hip         38.4000 us/op correctness=true mismatches=0
  redline      9.8800 us/op correctness=true mismatches=0
  vulkan      14.8400 us/op correctness=true mismatches=0
[132/133] single_kernel_aggressive/dense-q8/m=2048,k=8192,tile=4;hip-wave=64 (1 operations; order hip -> redline -> vulkan -> hipgraph)
  hip         53.9200 us/op correctness=true mismatches=0
  redline     26.3600 us/op correctness=true mismatches=0
  vulkan      48.3200 us/op correctness=true mismatches=0
  hipgraph    60.0000 us/op correctness=true mismatches=0
[133/133] single_kernel_aggressive/dense-q8/m=4096,k=8192,tile=4;hip-wave=64 (1 operations; order redline -> vulkan -> hipgraph -> hip)
  redline     31.9600 us/op correctness=true mismatches=0
  vulkan      55.7600 us/op correctness=true mismatches=0
  hipgraph   108.0800 us/op correctness=true mismatches=0
  hip        102.2400 us/op correctness=true mismatches=0
wrote results/gfx1201/2026-07-13-radiowave-all-losers/full-pass1/results.json
wrote results/gfx1201/2026-07-13-radiowave-all-losers/full-pass1/REPORT.md
Redline wins 110/133 (82.71%). Four-way placements: 1st 110, 2nd 23, 3rd 0, 4th 0.
