initializing Hipfire HIP bridge
initializing Redline retained-PM4 backend
initializing RADV Vulkan backend
[1/12] serial_latency/vopd/variant=independent-fma,n=32768,body=64;hip-wave=64 (32 operations; order redline -> vulkan -> hipgraph -> hip)
  redline     12.8350 us/op correctness=true mismatches=0
  vulkan       9.0725 us/op correctness=true mismatches=0
  hipgraph    47.1888 us/op correctness=true mismatches=0
  hip         48.0638 us/op correctness=true mismatches=0
[2/12] serial_latency/vopd/variant=dependent-fma,n=32768,body=64;hip-wave=64 (32 operations; order vulkan -> hipgraph -> hip -> redline)
  vulkan       9.2075 us/op correctness=true mismatches=0
  hipgraph    46.7487 us/op correctness=true mismatches=0
  hip         46.7888 us/op correctness=true mismatches=0
  redline     11.7562 us/op correctness=true mismatches=0
[3/12] serial_latency/vopd/variant=mixed-int-float,n=32768,body=64;hip-wave=64 (32 operations; order hipgraph -> hip -> redline -> vulkan)
  hipgraph    53.6750 us/op correctness=true mismatches=0
  hip         53.7925 us/op correctness=true mismatches=0
  redline     26.8238 us/op correctness=true mismatches=0
  vulkan      16.5087 us/op correctness=true mismatches=0
[4/12] serial_latency/vopd/variant=dequant-like,n=32768,body=64;hip-wave=64 (32 operations; order hip -> redline -> vulkan -> hipgraph)
  hip         52.1338 us/op correctness=true mismatches=0
  redline     22.9850 us/op correctness=true mismatches=0
  vulkan      14.8688 us/op correctness=true mismatches=0
  hipgraph    52.0413 us/op correctness=true mismatches=0
[5/12] independent_throughput/vopd/variant=independent-fma,n=32768,body=64;hip-wave=64 (32 operations; order redline -> vulkan -> hipgraph -> hip)
  redline      8.6312 us/op correctness=true mismatches=0
  vulkan       7.5375 us/op correctness=true mismatches=0
  hipgraph    54.9425 us/op correctness=true mismatches=0
  hip         48.3788 us/op correctness=true mismatches=0
[6/12] independent_throughput/vopd/variant=dependent-fma,n=32768,body=64;hip-wave=64 (32 operations; order vulkan -> hipgraph -> hip -> redline)
  vulkan       6.5550 us/op correctness=true mismatches=0
  hipgraph    44.7375 us/op correctness=true mismatches=0
  hip         34.9475 us/op correctness=true mismatches=0
  redline      4.5550 us/op correctness=true mismatches=0
[7/12] independent_throughput/vopd/variant=mixed-int-float,n=32768,body=64;hip-wave=64 (32 operations; order hipgraph -> hip -> redline -> vulkan)
  hipgraph    39.5200 us/op correctness=true mismatches=0
  hip         31.3388 us/op correctness=true mismatches=0
  redline      9.8875 us/op correctness=true mismatches=0
  vulkan       7.3250 us/op correctness=true mismatches=0
[8/12] independent_throughput/vopd/variant=dequant-like,n=32768,body=64;hip-wave=64 (32 operations; order hip -> redline -> vulkan -> hipgraph)
  hip         30.5925 us/op correctness=true mismatches=0
  redline      8.4575 us/op correctness=true mismatches=0
  vulkan       6.5125 us/op correctness=true mismatches=0
  hipgraph    35.9237 us/op correctness=true mismatches=0
[9/12] single_kernel_aggressive/vopd/variant=independent-fma,n=32768,body=64;hip-wave=64 (1 operations; order redline -> vulkan -> hipgraph -> hip)
  redline      8.8800 us/op correctness=true mismatches=0
  vulkan       8.2000 us/op correctness=true mismatches=0
  hipgraph    34.4400 us/op correctness=true mismatches=0
  hip         28.8400 us/op correctness=true mismatches=0
[10/12] single_kernel_aggressive/vopd/variant=dependent-fma,n=32768,body=64;hip-wave=64 (1 operations; order vulkan -> hipgraph -> hip -> redline)
  vulkan       8.2400 us/op correctness=true mismatches=0
  hipgraph    33.8800 us/op correctness=true mismatches=0
  hip         28.2400 us/op correctness=true mismatches=0
  redline      8.1600 us/op correctness=true mismatches=0
[11/12] single_kernel_aggressive/vopd/variant=mixed-int-float,n=32768,body=64;hip-wave=64 (1 operations; order hipgraph -> hip -> redline -> vulkan)
  hipgraph    37.0800 us/op correctness=true mismatches=0
  hip         31.4800 us/op correctness=true mismatches=0
  redline     15.4800 us/op correctness=true mismatches=0
  vulkan      11.6800 us/op correctness=true mismatches=0
[12/12] single_kernel_aggressive/vopd/variant=dequant-like,n=32768,body=64;hip-wave=64 (1 operations; order hip -> redline -> vulkan -> hipgraph)
  hip         30.6000 us/op correctness=true mismatches=0
  redline     13.2400 us/op correctness=true mismatches=0
  vulkan      10.9600 us/op correctness=true mismatches=0
  hipgraph    36.2000 us/op correctness=true mismatches=0
wrote results/gfx1201/2026-07-13-radiowave-all-losers/vopd-iterative-minreg/results.json
wrote results/gfx1201/2026-07-13-radiowave-all-losers/vopd-iterative-minreg/REPORT.md
Redline wins 2/12 (16.67%). Four-way placements: 1st 2, 2nd 10, 3rd 0, 4th 0.
