initializing Hipfire HIP bridge
initializing Redline retained-PM4 backend
initializing RADV Vulkan backend
[1/133] serial_latency/dispatch-grid/count=1,grid=1;hip-wave=32 (1 operations; order redline -> vulkan -> hipgraph -> hip)
  redline      3.8000 us/op correctness=true mismatches=0
  vulkan       7.3200 us/op correctness=true mismatches=0
  hipgraph    17.5600 us/op correctness=true mismatches=0
  hip         10.1200 us/op correctness=true mismatches=0
[2/133] serial_latency/dispatch-grid/count=50,grid=1;hip-wave=32 (50 operations; order vulkan -> hipgraph -> hip -> redline)
  vulkan       1.2744 us/op correctness=true mismatches=0
  hipgraph     3.5664 us/op correctness=true mismatches=0
  hip          4.0056 us/op correctness=true mismatches=0
  redline      1.7072 us/op correctness=true mismatches=0
[3/133] serial_latency/dispatch-grid/count=200,grid=1;hip-wave=32 (200 operations; order hipgraph -> hip -> redline -> vulkan)
  hipgraph     3.3126 us/op correctness=true mismatches=0
  hip          3.9000 us/op correctness=true mismatches=0
  redline      1.5910 us/op correctness=true mismatches=0
  vulkan       1.0620 us/op correctness=true mismatches=0
[4/133] serial_latency/dispatch-grid/count=941,grid=1;hip-wave=32 (941 operations; order hip -> redline -> vulkan -> hipgraph)
  hip          3.8494 us/op correctness=true mismatches=0
  redline      1.5746 us/op correctness=true mismatches=0
  vulkan       1.0066 us/op correctness=true mismatches=0
  hipgraph     3.2897 us/op correctness=true mismatches=0
[5/133] serial_latency/dispatch-grid/count=64,grid=128;hip-wave=32 (64 operations; order redline -> vulkan -> hipgraph -> hip)
  redline      2.9625 us/op correctness=true mismatches=0
  vulkan       1.1531 us/op correctness=true mismatches=0
  hipgraph     4.5950 us/op correctness=true mismatches=0
  hip          4.7450 us/op correctness=true mismatches=0
[6/133] serial_latency/dispatch-grid/count=64,grid=1024;hip-wave=32 (64 operations; order vulkan -> hipgraph -> hip -> redline)
  vulkan       2.1881 us/op correctness=true mismatches=0
  hipgraph    13.5275 us/op correctness=true mismatches=0
  hip         13.6881 us/op correctness=true mismatches=0
  redline      3.0125 us/op correctness=true mismatches=0
[7/133] serial_latency/dispatch-grid/count=64,grid=8192;hip-wave=32 (64 operations; order hipgraph -> hip -> redline -> vulkan)
  hipgraph    84.8788 us/op correctness=true mismatches=0
  hip         80.9325 us/op correctness=true mismatches=0
  redline      6.7744 us/op correctness=true mismatches=0
  vulkan      11.3238 us/op correctness=true mismatches=0
[8/133] serial_latency/geometry/k=512,rows=1,wg=256;hip-wave=32 (64 operations; order hip -> redline -> vulkan -> hipgraph)
  hip         19.0012 us/op correctness=true mismatches=0
  redline     13.8906 us/op correctness=true mismatches=0
  vulkan      15.9725 us/op correctness=true mismatches=0
  hipgraph    18.6881 us/op correctness=true mismatches=0
[9/133] serial_latency/geometry/k=512,rows=4,wg=256;hip-wave=32 (64 operations; order redline -> vulkan -> hipgraph -> hip)
  redline     13.9162 us/op correctness=true mismatches=0
  vulkan      15.8837 us/op correctness=true mismatches=0
  hipgraph    15.6931 us/op correctness=true mismatches=0
  hip         16.1894 us/op correctness=true mismatches=0
[10/133] serial_latency/geometry/k=2048,rows=1,wg=256;hip-wave=32 (64 operations; order vulkan -> hipgraph -> hip -> redline)
  vulkan      55.8656 us/op correctness=true mismatches=0
  hipgraph    47.6438 us/op correctness=true mismatches=0
  hip         48.2525 us/op correctness=true mismatches=0
  redline     45.7956 us/op correctness=true mismatches=0
[11/133] serial_latency/geometry/k=2048,rows=4,wg=256;hip-wave=32 (64 operations; order hipgraph -> hip -> redline -> vulkan)
  hipgraph    47.6007 us/op correctness=true mismatches=0
  hip         48.0769 us/op correctness=true mismatches=0
  redline     45.6950 us/op correctness=true mismatches=0
  vulkan      55.6819 us/op correctness=true mismatches=0
[12/133] serial_latency/reduction/variant=wave,k=8192,rows=1;hip-wave=32 (64 operations; order hip -> redline -> vulkan -> hipgraph)
  hip        135.1757 us/op correctness=true mismatches=0
  redline    137.9462 us/op correctness=true mismatches=0
  vulkan     157.8400 us/op correctness=true mismatches=0
  hipgraph   141.7463 us/op correctness=true mismatches=0
[13/133] serial_latency/reduction/variant=wave,k=8192,rows=4;hip-wave=32 (64 operations; order redline -> vulkan -> hipgraph -> hip)
  redline    139.6262 us/op correctness=true mismatches=0
  vulkan     160.1831 us/op correctness=true mismatches=0
  hipgraph   140.7725 us/op correctness=true mismatches=0
  hip        140.5532 us/op correctness=true mismatches=0
[14/133] serial_latency/reduction/variant=lds-tree,k=8192,rows=1;hip-wave=32 (64 operations; order vulkan -> hipgraph -> hip -> redline)
  vulkan     158.2488 us/op correctness=true mismatches=0
  hipgraph   141.9369 us/op correctness=true mismatches=0
  hip        137.3532 us/op correctness=true mismatches=0
  redline    138.0675 us/op correctness=true mismatches=0
[15/133] serial_latency/reduction/variant=lds-tree,k=8192,rows=4;hip-wave=32 (64 operations; order hipgraph -> hip -> redline -> vulkan)
  hipgraph   141.1713 us/op correctness=true mismatches=0
  hip        141.0763 us/op correctness=true mismatches=0
  redline    140.3050 us/op correctness=true mismatches=0
  vulkan     160.7056 us/op correctness=true mismatches=0
[16/133] serial_latency/memory-waitcnt/variant=coalesced4,n=4096,body=16;hip-wave=32 (64 operations; order hip -> redline -> vulkan -> hipgraph)
  hip          9.0987 us/op correctness=true mismatches=0
  redline      7.4994 us/op correctness=true mismatches=0
  vulkan       6.1406 us/op correctness=true mismatches=0
  hipgraph     8.6081 us/op correctness=true mismatches=0
[17/133] serial_latency/memory-waitcnt/variant=coalesced4,n=32768,body=16;hip-wave=32 (32 operations; order redline -> vulkan -> hipgraph -> hip)
  redline      8.8663 us/op correctness=true mismatches=0
  vulkan       6.8325 us/op correctness=true mismatches=0
  hipgraph    45.2075 us/op correctness=true mismatches=0
  hip         45.4650 us/op correctness=true mismatches=0
[18/133] serial_latency/memory-waitcnt/variant=gather,n=4096,body=16;hip-wave=32 (64 operations; order vulkan -> hipgraph -> hip -> redline)
  vulkan       9.3287 us/op correctness=true mismatches=0
  hipgraph     8.5962 us/op correctness=true mismatches=0
  hip          9.1244 us/op correctness=true mismatches=0
  redline      5.7819 us/op correctness=true mismatches=0
[19/133] serial_latency/memory-waitcnt/variant=gather,n=32768,body=16;hip-wave=32 (32 operations; order hipgraph -> hip -> redline -> vulkan)
  hipgraph    45.3613 us/op correctness=true mismatches=0
  hip         45.6750 us/op correctness=true mismatches=0
  redline     23.4462 us/op correctness=true mismatches=0
  vulkan      19.3687 us/op correctness=true mismatches=0
[20/133] serial_latency/memory-waitcnt/variant=interleave4,n=4096,body=16;hip-wave=64 (64 operations; order hip -> redline -> vulkan -> hipgraph)
  hip          8.6938 us/op correctness=true mismatches=0
  redline      7.0713 us/op correctness=true mismatches=0
  vulkan       6.3394 us/op correctness=true mismatches=0
  hipgraph     8.3844 us/op correctness=true mismatches=0
[21/133] serial_latency/memory-waitcnt/variant=interleave4,n=32768,body=16;hip-wave=64 (32 operations; order redline -> vulkan -> hipgraph -> hip)
  redline     12.5750 us/op correctness=true mismatches=0
  vulkan      10.0762 us/op correctness=true mismatches=0
  hipgraph    47.8738 us/op correctness=true mismatches=0
  hip         47.9613 us/op correctness=true mismatches=0
[22/133] serial_latency/packed-dot/variant=q8-signed,n=4096,body=16;hip-wave=32 (64 operations; order vulkan -> hipgraph -> hip -> redline)
  vulkan       7.6350 us/op correctness=true mismatches=0
  hipgraph     8.7556 us/op correctness=true mismatches=0
  hip          9.2087 us/op correctness=true mismatches=0
  redline      7.6100 us/op correctness=true mismatches=0
[23/133] serial_latency/packed-dot/variant=q4-unsigned,n=4096,body=16;hip-wave=32 (64 operations; order hipgraph -> hip -> redline -> vulkan)
  hipgraph     8.7375 us/op correctness=true mismatches=0
  hip          9.1938 us/op correctness=true mismatches=0
  redline      7.5631 us/op correctness=true mismatches=0
  vulkan       7.6238 us/op correctness=true mismatches=0
[24/133] serial_latency/packed-dot/variant=q6-zero,n=4096,body=16;hip-wave=32 (64 operations; order hip -> redline -> vulkan -> hipgraph)
  hip          9.2350 us/op correctness=true mismatches=0
  redline      7.5038 us/op correctness=true mismatches=0
  vulkan       7.9594 us/op correctness=true mismatches=0
  hipgraph     8.7450 us/op correctness=true mismatches=0
[25/133] serial_latency/packed-dot/variant=q4-scalar,n=4096,body=16;hip-wave=32 (64 operations; order redline -> vulkan -> hipgraph -> hip)
  redline      8.6625 us/op correctness=true mismatches=0
  vulkan      14.1556 us/op correctness=true mismatches=0
  hipgraph    10.0050 us/op correctness=true mismatches=0
  hip         10.3481 us/op correctness=true mismatches=0
[26/133] serial_latency/vopd/variant=independent-fma,n=32768,body=64;hip-wave=64 (32 operations; order vulkan -> hipgraph -> hip -> redline)
  vulkan       9.0337 us/op correctness=true mismatches=0
  hipgraph    48.3912 us/op correctness=true mismatches=0
  hip         48.4913 us/op correctness=true mismatches=0
  redline     10.9738 us/op correctness=true mismatches=0
[27/133] serial_latency/vopd/variant=dependent-fma,n=32768,body=64;hip-wave=64 (32 operations; order hipgraph -> hip -> redline -> vulkan)
  hipgraph    47.7225 us/op correctness=true mismatches=0
  hip         47.6925 us/op correctness=true mismatches=0
  redline     10.8837 us/op correctness=true mismatches=0
  vulkan       9.1638 us/op correctness=true mismatches=0
[28/133] serial_latency/vopd/variant=mixed-int-float,n=32768,body=64;hip-wave=64 (32 operations; order hip -> redline -> vulkan -> hipgraph)
  hip         54.9038 us/op correctness=true mismatches=0
  redline     23.6825 us/op correctness=true mismatches=0
  vulkan      15.7400 us/op correctness=true mismatches=0
  hipgraph    54.6625 us/op correctness=true mismatches=0
[29/133] serial_latency/vopd/variant=dequant-like,n=32768,body=64;hip-wave=64 (32 operations; order redline -> vulkan -> hipgraph -> hip)
  redline     21.4900 us/op correctness=true mismatches=0
  vulkan      14.7975 us/op correctness=true mismatches=0
  hipgraph    51.3375 us/op correctness=true mismatches=0
  hip         51.5225 us/op correctness=true mismatches=0
[30/133] serial_latency/sampler/argmax,vocab=32768,rows=1;hip-wave=32 (64 operations; order vulkan -> hipgraph -> hip -> redline)
  vulkan      41.7938 us/op correctness=true mismatches=0
  hipgraph    42.6606 us/op correctness=true mismatches=0
  hip         43.3713 us/op correctness=true mismatches=0
  redline     41.0419 us/op correctness=true mismatches=0
[31/133] serial_latency/sampler/argmax,vocab=32768,rows=4;hip-wave=32 (64 operations; order hipgraph -> hip -> redline -> vulkan)
  hipgraph    42.9938 us/op correctness=true mismatches=0
  hip         42.8150 us/op correctness=true mismatches=0
  redline     41.3862 us/op correctness=true mismatches=0
  vulkan      42.0588 us/op correctness=true mismatches=0
[32/133] serial_latency/sampler/argmax,vocab=131072,rows=1;hip-wave=32 (64 operations; order hip -> redline -> vulkan -> hipgraph)
  hip        159.2700 us/op correctness=true mismatches=0
  redline    155.0844 us/op correctness=true mismatches=0
  vulkan     161.0869 us/op correctness=true mismatches=0
  hipgraph   155.0801 us/op correctness=true mismatches=0
[33/133] serial_latency/sampler/argmax,vocab=131072,rows=4;hip-wave=32 (64 operations; order redline -> vulkan -> hipgraph -> hip)
  redline    156.0987 us/op correctness=true mismatches=0
  vulkan     162.5737 us/op correctness=true mismatches=0
  hipgraph   157.7381 us/op correctness=true mismatches=0
  hip        156.2094 us/op correctness=true mismatches=0
[34/133] serial_latency/two-stage-reduction/k=8192,rows=4,splits=2;hip-wave=32 (64 operations; order vulkan -> hipgraph -> hip -> redline)
  vulkan      10.4375 us/op correctness=true mismatches=0
  hipgraph    12.6563 us/op correctness=true mismatches=0
  hip         13.6938 us/op correctness=true mismatches=0
  redline      9.0875 us/op correctness=true mismatches=0
[35/133] serial_latency/two-stage-reduction/k=32768,rows=4,splits=8;hip-wave=32 (32 operations; order hipgraph -> hip -> redline -> vulkan)
  hipgraph    18.5025 us/op correctness=true mismatches=0
  hip         19.4388 us/op correctness=true mismatches=0
  redline     10.1163 us/op correctness=true mismatches=0
  vulkan      10.4525 us/op correctness=true mismatches=0
[36/133] serial_latency/q4-selected-dual/m=512,k=768,tile=2;hip-wave=64 (32 operations; order hip -> redline -> vulkan -> hipgraph)
  hip         21.2088 us/op correctness=true mismatches=0
  redline      5.8650 us/op correctness=true mismatches=0
  vulkan       6.0788 us/op correctness=true mismatches=0
  hipgraph    20.8163 us/op correctness=true mismatches=0
[37/133] serial_latency/q4-selected-dual/m=2048,k=2048,tile=2;hip-wave=64 (32 operations; order redline -> vulkan -> hipgraph -> hip)
  redline     10.8712 us/op correctness=true mismatches=0
  vulkan      13.8488 us/op correctness=true mismatches=0
  hipgraph    69.7675 us/op correctness=true mismatches=0
  hip         70.2287 us/op correctness=true mismatches=0
[38/133] serial_latency/q4-selected-dual/m=4096,k=8192,tile=2;hip-wave=64 (16 operations; order vulkan -> hipgraph -> hip -> redline)
  vulkan      61.0725 us/op correctness=true mismatches=0
  hipgraph   362.9726 us/op correctness=true mismatches=0
  hip        364.2001 us/op correctness=true mismatches=0
  redline     54.9600 us/op correctness=true mismatches=0
[39/133] serial_latency/q6-x8-selected-down/m=512,k=2048,tile=8;hip-wave=64 (32 operations; order hipgraph -> hip -> redline -> vulkan)
  hipgraph    25.0588 us/op correctness=true mismatches=0
  hip         25.4100 us/op correctness=true mismatches=0
  redline     23.8912 us/op correctness=true mismatches=0
  vulkan      39.7625 us/op correctness=true mismatches=0
[40/133] serial_latency/q6-x8-selected-down/m=2048,k=4096,tile=8;hip-wave=64 (32 operations; order hip -> redline -> vulkan -> hipgraph)
  hip         80.3475 us/op correctness=true mismatches=0
  redline     44.1950 us/op correctness=true mismatches=0
  vulkan      77.0362 us/op correctness=true mismatches=0
  hipgraph    79.6938 us/op correctness=true mismatches=0
[41/133] serial_latency/q6-x8-selected-down/m=4096,k=8192,tile=8;hip-wave=64 (16 operations; order redline -> vulkan -> hipgraph -> hip)
  redline     87.5650 us/op correctness=true mismatches=0
  vulkan     155.2550 us/op correctness=true mismatches=0
  hipgraph   158.8450 us/op correctness=true mismatches=0
  hip        160.0976 us/op correctness=true mismatches=0
[42/133] serial_latency/dense-q8/m=512,k=768,tile=4;hip-wave=64 (32 operations; order vulkan -> hipgraph -> hip -> redline)
  vulkan       8.4162 us/op correctness=true mismatches=0
  hipgraph    20.3150 us/op correctness=true mismatches=0
  hip         20.7238 us/op correctness=true mismatches=0
  redline      7.4350 us/op correctness=true mismatches=0
[43/133] serial_latency/dense-q8/m=2048,k=2048,tile=4;hip-wave=64 (32 operations; order hipgraph -> hip -> redline -> vulkan)
  hipgraph    67.3863 us/op correctness=true mismatches=0
  hip         67.9125 us/op correctness=true mismatches=0
  redline     13.9938 us/op correctness=true mismatches=0
  vulkan      19.5413 us/op correctness=true mismatches=0
[44/133] serial_latency/dense-q8/m=2048,k=8192,tile=4;hip-wave=64 (16 operations; order hip -> redline -> vulkan -> hipgraph)
  hip         96.3450 us/op correctness=true mismatches=0
  redline     41.3350 us/op correctness=true mismatches=0
  vulkan      71.2450 us/op correctness=true mismatches=0
  hipgraph    96.9275 us/op correctness=true mismatches=0
[45/133] serial_latency/dense-q8/m=4096,k=8192,tile=4;hip-wave=64 (16 operations; order redline -> vulkan -> hipgraph -> hip)
  redline     48.6775 us/op correctness=true mismatches=0
  vulkan      81.4950 us/op correctness=true mismatches=0
  hipgraph   181.7026 us/op correctness=true mismatches=0
  hip        181.5900 us/op correctness=true mismatches=0
[46/133] independent_throughput/dispatch-grid/count=1,grid=1;hip-wave=32 (1 operations; order vulkan -> hipgraph -> hip -> redline)
  vulkan       7.6800 us/op correctness=true mismatches=0
  hipgraph    19.0000 us/op correctness=true mismatches=0
  hip         10.8000 us/op correctness=true mismatches=0
  redline      4.0400 us/op correctness=true mismatches=0
[47/133] independent_throughput/dispatch-grid/count=50,grid=1;hip-wave=32 (50 operations; order hipgraph -> hip -> redline -> vulkan)
  hipgraph    13.1104 us/op correctness=true mismatches=0
  hip          8.3544 us/op correctness=true mismatches=0
  redline      0.1936 us/op correctness=true mismatches=0
  vulkan       1.2080 us/op correctness=true mismatches=0
[48/133] independent_throughput/dispatch-grid/count=200,grid=1;hip-wave=32 (200 operations; order hip -> redline -> vulkan -> hipgraph)
  hip          9.4346 us/op correctness=true mismatches=0
  redline      0.1178 us/op correctness=true mismatches=0
  vulkan       0.4182 us/op correctness=true mismatches=0
  hipgraph     9.2574 us/op correctness=true mismatches=0
[49/133] independent_throughput/dispatch-grid/count=941,grid=1;hip-wave=32 (941 operations; order redline -> vulkan -> hipgraph -> hip)
  redline      0.0816 us/op correctness=true mismatches=0
  vulkan       0.1228 us/op correctness=true mismatches=0
  hipgraph     8.5770 us/op correctness=true mismatches=0
  hip          8.3790 us/op correctness=true mismatches=0
[50/133] independent_throughput/dispatch-grid/count=64,grid=128;hip-wave=32 (64 operations; order vulkan -> hipgraph -> hip -> redline)
  vulkan       1.0144 us/op correctness=true mismatches=0
  hipgraph    10.3587 us/op correctness=true mismatches=0
  hip         10.0569 us/op correctness=true mismatches=0
  redline      0.2431 us/op correctness=true mismatches=0
[51/133] independent_throughput/dispatch-grid/count=64,grid=1024;hip-wave=32 (64 operations; order hipgraph -> hip -> redline -> vulkan)
  hipgraph    14.8569 us/op correctness=true mismatches=0
  hip         13.6500 us/op correctness=true mismatches=0
  redline      0.8925 us/op correctness=true mismatches=0
  vulkan       1.3938 us/op correctness=true mismatches=0
[52/133] independent_throughput/dispatch-grid/count=64,grid=8192;hip-wave=32 (64 operations; order hip -> redline -> vulkan -> hipgraph)
  hip         54.9431 us/op correctness=true mismatches=0
  redline      3.6169 us/op correctness=true mismatches=0
  vulkan       5.6787 us/op correctness=true mismatches=0
  hipgraph    53.5975 us/op correctness=true mismatches=0
[53/133] independent_throughput/geometry/k=512,rows=1,wg=256;hip-wave=32 (64 operations; order redline -> vulkan -> hipgraph -> hip)
  redline      0.1856 us/op correctness=true mismatches=0
  vulkan       1.2500 us/op correctness=true mismatches=0
  hipgraph    27.9069 us/op correctness=true mismatches=0
  hip         24.5100 us/op correctness=true mismatches=0
[54/133] independent_throughput/geometry/k=512,rows=4,wg=256;hip-wave=32 (64 operations; order vulkan -> hipgraph -> hip -> redline)
  vulkan       1.3156 us/op correctness=true mismatches=0
  hipgraph    19.6838 us/op correctness=true mismatches=0
  hip         18.7744 us/op correctness=true mismatches=0
  redline      0.3362 us/op correctness=true mismatches=0
[55/133] independent_throughput/geometry/k=2048,rows=1,wg=256;hip-wave=32 (64 operations; order hipgraph -> hip -> redline -> vulkan)
  hipgraph    22.3244 us/op correctness=true mismatches=0
  hip         22.2369 us/op correctness=true mismatches=0
  redline      0.4788 us/op correctness=true mismatches=0
  vulkan       2.0562 us/op correctness=true mismatches=0
[56/133] independent_throughput/geometry/k=2048,rows=4,wg=256;hip-wave=32 (64 operations; order hip -> redline -> vulkan -> hipgraph)
  hip         16.7381 us/op correctness=true mismatches=0
  redline      1.1431 us/op correctness=true mismatches=0
  vulkan       2.2044 us/op correctness=true mismatches=0
  hipgraph    17.3600 us/op correctness=true mismatches=0
[57/133] independent_throughput/reduction/variant=wave,k=8192,rows=1;hip-wave=32 (64 operations; order redline -> vulkan -> hipgraph -> hip)
  redline      1.1544 us/op correctness=true mismatches=0
  vulkan       4.5669 us/op correctness=true mismatches=0
  hipgraph    39.0563 us/op correctness=true mismatches=0
  hip         38.8725 us/op correctness=true mismatches=0
[58/133] independent_throughput/reduction/variant=wave,k=8192,rows=4;hip-wave=32 (64 operations; order vulkan -> hipgraph -> hip -> redline)
  vulkan       4.6556 us/op correctness=true mismatches=0
  hipgraph    40.4763 us/op correctness=true mismatches=0
  hip         38.7437 us/op correctness=true mismatches=0
  redline      2.3419 us/op correctness=true mismatches=0
[59/133] independent_throughput/reduction/variant=lds-tree,k=8192,rows=1;hip-wave=32 (64 operations; order hipgraph -> hip -> redline -> vulkan)
  hipgraph    38.7638 us/op correctness=true mismatches=0
  hip         38.4563 us/op correctness=true mismatches=0
  redline      1.1394 us/op correctness=true mismatches=0
  vulkan       4.4381 us/op correctness=true mismatches=0
[60/133] independent_throughput/reduction/variant=lds-tree,k=8192,rows=4;hip-wave=32 (64 operations; order hip -> redline -> vulkan -> hipgraph)
  hip         38.4481 us/op correctness=true mismatches=0
  redline      2.3250 us/op correctness=true mismatches=0
  vulkan       4.3637 us/op correctness=true mismatches=0
  hipgraph    40.2606 us/op correctness=true mismatches=0
[61/133] independent_throughput/memory-waitcnt/variant=coalesced4,n=4096,body=16;hip-wave=32 (64 operations; order redline -> vulkan -> hipgraph -> hip)
  redline      0.3444 us/op correctness=true mismatches=0
  vulkan       1.0506 us/op correctness=true mismatches=0
  hipgraph    12.8250 us/op correctness=true mismatches=0
  hip         11.5669 us/op correctness=true mismatches=0
[62/133] independent_throughput/memory-waitcnt/variant=coalesced4,n=32768,body=16;hip-wave=32 (32 operations; order vulkan -> hipgraph -> hip -> redline)
  vulkan       2.8575 us/op correctness=true mismatches=0
  hipgraph    33.0313 us/op correctness=true mismatches=0
  hip         26.8588 us/op correctness=true mismatches=0
  redline      2.4337 us/op correctness=true mismatches=0
[63/133] independent_throughput/memory-waitcnt/variant=gather,n=4096,body=16;hip-wave=32 (64 operations; order hipgraph -> hip -> redline -> vulkan)
  hipgraph    12.8469 us/op correctness=true mismatches=0
  hip         11.4563 us/op correctness=true mismatches=0
  redline      1.0394 us/op correctness=true mismatches=0
  vulkan       1.1344 us/op correctness=true mismatches=0
[64/133] independent_throughput/memory-waitcnt/variant=gather,n=32768,body=16;hip-wave=32 (32 operations; order hip -> redline -> vulkan -> hipgraph)
  hip         27.0750 us/op correctness=true mismatches=0
  redline      9.3688 us/op correctness=true mismatches=0
  vulkan       7.7425 us/op correctness=true mismatches=0
  hipgraph    36.0388 us/op correctness=true mismatches=0
[65/133] independent_throughput/memory-waitcnt/variant=interleave4,n=4096,body=16;hip-wave=64 (64 operations; order redline -> vulkan -> hipgraph -> hip)
  redline      0.5262 us/op correctness=true mismatches=0
  vulkan       1.1506 us/op correctness=true mismatches=0
  hipgraph    12.4156 us/op correctness=true mismatches=0
  hip         11.4156 us/op correctness=true mismatches=0
[66/133] independent_throughput/memory-waitcnt/variant=interleave4,n=32768,body=16;hip-wave=64 (32 operations; order vulkan -> hipgraph -> hip -> redline)
  vulkan       4.2700 us/op correctness=true mismatches=0
  hipgraph    31.8050 us/op correctness=true mismatches=0
  hip         27.4988 us/op correctness=true mismatches=0
  redline      3.8638 us/op correctness=true mismatches=0
[67/133] independent_throughput/packed-dot/variant=q8-signed,n=4096,body=16;hip-wave=32 (64 operations; order hipgraph -> hip -> redline -> vulkan)
  hipgraph    12.8919 us/op correctness=true mismatches=0
  hip         11.6494 us/op correctness=true mismatches=0
  redline      0.5575 us/op correctness=true mismatches=0
  vulkan       1.2500 us/op correctness=true mismatches=0
[68/133] independent_throughput/packed-dot/variant=q4-unsigned,n=4096,body=16;hip-wave=32 (64 operations; order hip -> redline -> vulkan -> hipgraph)
  hip         11.6425 us/op correctness=true mismatches=0
  redline      0.5519 us/op correctness=true mismatches=0
  vulkan       1.4125 us/op correctness=true mismatches=0
  hipgraph    12.9331 us/op correctness=true mismatches=0
[69/133] independent_throughput/packed-dot/variant=q6-zero,n=4096,body=16;hip-wave=32 (64 operations; order redline -> vulkan -> hipgraph -> hip)
  redline      0.5706 us/op correctness=true mismatches=0
  vulkan       1.4038 us/op correctness=true mismatches=0
  hipgraph    12.8963 us/op correctness=true mismatches=0
  hip         11.6344 us/op correctness=true mismatches=0
[70/133] independent_throughput/packed-dot/variant=q4-scalar,n=4096,body=16;hip-wave=32 (64 operations; order vulkan -> hipgraph -> hip -> redline)
  vulkan       2.4169 us/op correctness=true mismatches=0
  hipgraph    13.0194 us/op correctness=true mismatches=0
  hip         11.8481 us/op correctness=true mismatches=0
  redline      1.0688 us/op correctness=true mismatches=0
[71/133] independent_throughput/vopd/variant=independent-fma,n=32768,body=64;hip-wave=64 (32 operations; order hipgraph -> hip -> redline -> vulkan)
  hipgraph    33.6800 us/op correctness=true mismatches=0
  hip         28.6037 us/op correctness=true mismatches=0
  redline      3.6463 us/op correctness=true mismatches=0
  vulkan       3.8638 us/op correctness=true mismatches=0
[72/133] independent_throughput/vopd/variant=dependent-fma,n=32768,body=64;hip-wave=64 (32 operations; order hip -> redline -> vulkan -> hipgraph)
  hip         28.4300 us/op correctness=true mismatches=0
  redline      3.5063 us/op correctness=true mismatches=0
  vulkan       4.0038 us/op correctness=true mismatches=0
  hipgraph    33.9775 us/op correctness=true mismatches=0
[73/133] independent_throughput/vopd/variant=mixed-int-float,n=32768,body=64;hip-wave=64 (32 operations; order redline -> vulkan -> hipgraph -> hip)
  redline      8.9012 us/op correctness=true mismatches=0
  vulkan       7.4313 us/op correctness=true mismatches=0
  hipgraph    36.3725 us/op correctness=true mismatches=0
  hip         31.2563 us/op correctness=true mismatches=0
[74/133] independent_throughput/vopd/variant=dequant-like,n=32768,body=64;hip-wave=64 (32 operations; order vulkan -> hipgraph -> hip -> redline)
  vulkan       6.6450 us/op correctness=true mismatches=0
  hipgraph    35.3612 us/op correctness=true mismatches=0
  hip         29.2925 us/op correctness=true mismatches=0
  redline      7.7812 us/op correctness=true mismatches=0
[75/133] independent_throughput/sampler/argmax,vocab=32768,rows=1;hip-wave=32 (64 operations; order hipgraph -> hip -> redline -> vulkan)
  hipgraph    16.8463 us/op correctness=true mismatches=0
  hip         16.6844 us/op correctness=true mismatches=0
  redline      0.3862 us/op correctness=true mismatches=0
  vulkan       1.9344 us/op correctness=true mismatches=0
[76/133] independent_throughput/sampler/argmax,vocab=32768,rows=4;hip-wave=32 (64 operations; order hip -> redline -> vulkan -> hipgraph)
  hip         16.5125 us/op correctness=true mismatches=0
  redline      0.6306 us/op correctness=true mismatches=0
  vulkan       1.9225 us/op correctness=true mismatches=0
  hipgraph    17.8931 us/op correctness=true mismatches=0
[77/133] independent_throughput/sampler/argmax,vocab=131072,rows=1;hip-wave=32 (64 operations; order redline -> vulkan -> hipgraph -> hip)
  redline      1.3831 us/op correctness=true mismatches=0
  vulkan       4.8487 us/op correctness=true mismatches=0
  hipgraph    46.6719 us/op correctness=true mismatches=0
  hip         45.3688 us/op correctness=true mismatches=0
[78/133] independent_throughput/sampler/argmax,vocab=131072,rows=4;hip-wave=32 (64 operations; order vulkan -> hipgraph -> hip -> redline)
  vulkan       4.6537 us/op correctness=true mismatches=0
  hipgraph    46.3506 us/op correctness=true mismatches=0
  hip         45.3394 us/op correctness=true mismatches=0
  redline      2.2981 us/op correctness=true mismatches=0
[79/133] independent_throughput/two-stage-reduction/k=8192,rows=4,splits=2;hip-wave=32 (64 operations; order hipgraph -> hip -> redline -> vulkan)
  hipgraph    20.4081 us/op correctness=true mismatches=0
  hip         19.9350 us/op correctness=true mismatches=0
  redline      4.2256 us/op correctness=true mismatches=0
  vulkan       6.5044 us/op correctness=true mismatches=0
[80/133] independent_throughput/two-stage-reduction/k=32768,rows=4,splits=8;hip-wave=32 (32 operations; order hip -> redline -> vulkan -> hipgraph)
  hip         23.3900 us/op correctness=true mismatches=0
  redline      5.2462 us/op correctness=true mismatches=0
  vulkan       7.3150 us/op correctness=true mismatches=0
  hipgraph    25.9213 us/op correctness=true mismatches=0
[81/133] independent_throughput/q4-selected-dual/m=512,k=768,tile=2;hip-wave=64 (32 operations; order redline -> vulkan -> hipgraph -> hip)
  redline      0.6112 us/op correctness=true mismatches=0
  vulkan       1.7100 us/op correctness=true mismatches=0
  hipgraph    19.3275 us/op correctness=true mismatches=0
  hip         16.8075 us/op correctness=true mismatches=0
[82/133] independent_throughput/q4-selected-dual/m=2048,k=2048,tile=2;hip-wave=64 (32 operations; order vulkan -> hipgraph -> hip -> redline)
  vulkan       3.8175 us/op correctness=true mismatches=0
  hipgraph    45.6113 us/op correctness=true mismatches=0
  hip         40.4525 us/op correctness=true mismatches=0
  redline      2.6600 us/op correctness=true mismatches=0
[83/133] independent_throughput/q4-selected-dual/m=4096,k=8192,tile=2;hip-wave=64 (16 operations; order hipgraph -> hip -> redline -> vulkan)
  hipgraph   203.8226 us/op correctness=true mismatches=0
  hip        197.2976 us/op correctness=true mismatches=0
  redline     20.7375 us/op correctness=true mismatches=0
  vulkan      31.4550 us/op correctness=true mismatches=0
[84/133] independent_throughput/q6-x8-selected-down/m=512,k=2048,tile=8;hip-wave=64 (32 operations; order hip -> redline -> vulkan -> hipgraph)
  hip         23.5725 us/op correctness=true mismatches=0
  redline      0.8862 us/op correctness=true mismatches=0
  vulkan       3.8025 us/op correctness=true mismatches=0
  hipgraph    25.2938 us/op correctness=true mismatches=0
[85/133] independent_throughput/q6-x8-selected-down/m=2048,k=4096,tile=8;hip-wave=64 (32 operations; order redline -> vulkan -> hipgraph -> hip)
  redline      3.5537 us/op correctness=true mismatches=0
  vulkan       6.1050 us/op correctness=true mismatches=0
  hipgraph    52.8613 us/op correctness=true mismatches=0
  hip         49.9850 us/op correctness=true mismatches=0
[86/133] independent_throughput/q6-x8-selected-down/m=4096,k=8192,tile=8;hip-wave=64 (16 operations; order vulkan -> hipgraph -> hip -> redline)
  vulkan      25.0375 us/op correctness=true mismatches=0
  hipgraph    95.5775 us/op correctness=true mismatches=0
  hip         90.8326 us/op correctness=true mismatches=0
  redline     18.1725 us/op correctness=true mismatches=0
[87/133] independent_throughput/dense-q8/m=512,k=768,tile=4;hip-wave=64 (32 operations; order hipgraph -> hip -> redline -> vulkan)
  hipgraph    25.5925 us/op correctness=true mismatches=0
  hip         23.9175 us/op correctness=true mismatches=0
  redline      0.4675 us/op correctness=true mismatches=0
  vulkan       2.1725 us/op correctness=true mismatches=0
[88/133] independent_throughput/dense-q8/m=2048,k=2048,tile=4;hip-wave=64 (32 operations; order hip -> redline -> vulkan -> hipgraph)
  hip         45.2413 us/op correctness=true mismatches=0
  redline      2.0100 us/op correctness=true mismatches=0
  vulkan       3.3000 us/op correctness=true mismatches=0
  hipgraph    46.0450 us/op correctness=true mismatches=0
[89/133] independent_throughput/dense-q8/m=2048,k=8192,tile=4;hip-wave=64 (16 operations; order redline -> vulkan -> hipgraph -> hip)
  redline      8.5300 us/op correctness=true mismatches=0
  vulkan      12.3600 us/op correctness=true mismatches=0
  hipgraph    65.7301 us/op correctness=true mismatches=0
  hip         62.3025 us/op correctness=true mismatches=0
[90/133] independent_throughput/dense-q8/m=4096,k=8192,tile=4;hip-wave=64 (16 operations; order vulkan -> hipgraph -> hip -> redline)
  vulkan      24.5700 us/op correctness=true mismatches=0
  hipgraph   112.8451 us/op correctness=true mismatches=0
  hip        108.1526 us/op correctness=true mismatches=0
  redline     18.4675 us/op correctness=true mismatches=0
[91/133] single_kernel_aggressive/dispatch-grid/count=1,grid=1;hip-wave=32 (1 operations; order hipgraph -> hip -> redline -> vulkan)
  hipgraph    13.0800 us/op correctness=true mismatches=0
  hip          7.3200 us/op correctness=true mismatches=0
  redline      2.3600 us/op correctness=true mismatches=0
  vulkan       4.2000 us/op correctness=true mismatches=0
[92/133] single_kernel_aggressive/dispatch-grid/count=50,grid=1;hip-wave=32 (1 operations; order hip -> redline -> vulkan -> hipgraph)
  hip          7.3200 us/op correctness=true mismatches=0
  redline      2.5200 us/op correctness=true mismatches=0
  vulkan       4.2400 us/op correctness=true mismatches=0
  hipgraph    12.6800 us/op correctness=true mismatches=0
[93/133] single_kernel_aggressive/dispatch-grid/count=200,grid=1;hip-wave=32 (1 operations; order redline -> vulkan -> hipgraph -> hip)
  redline      2.5200 us/op correctness=true mismatches=0
  vulkan       4.2000 us/op correctness=true mismatches=0
  hipgraph    12.6800 us/op correctness=true mismatches=0
  hip          7.2000 us/op correctness=true mismatches=0
[94/133] single_kernel_aggressive/dispatch-grid/count=941,grid=1;hip-wave=32 (1 operations; order vulkan -> hipgraph -> hip -> redline)
  vulkan       4.2400 us/op correctness=true mismatches=0
  hipgraph    18.0400 us/op correctness=true mismatches=0
  hip          7.1200 us/op correctness=true mismatches=0
  redline      2.5200 us/op correctness=true mismatches=0
[95/133] single_kernel_aggressive/dispatch-grid/count=64,grid=128;hip-wave=32 (1 operations; order hipgraph -> hip -> redline -> vulkan)
  hipgraph    13.2000 us/op correctness=true mismatches=0
  hip          7.5200 us/op correctness=true mismatches=0
  redline      3.8400 us/op correctness=true mismatches=0
  vulkan       4.3200 us/op correctness=true mismatches=0
[96/133] single_kernel_aggressive/dispatch-grid/count=64,grid=1024;hip-wave=32 (1 operations; order hip -> redline -> vulkan -> hipgraph)
  hip         11.7200 us/op correctness=true mismatches=0
  redline      3.9200 us/op correctness=true mismatches=0
  vulkan       5.0000 us/op correctness=true mismatches=0
  hipgraph    17.3600 us/op correctness=true mismatches=0
[97/133] single_kernel_aggressive/dispatch-grid/count=64,grid=8192;hip-wave=32 (1 operations; order redline -> vulkan -> hipgraph -> hip)
  redline      5.8400 us/op correctness=true mismatches=0
  vulkan       9.2000 us/op correctness=true mismatches=0
  hipgraph    51.1200 us/op correctness=true mismatches=0
  hip         45.7200 us/op correctness=true mismatches=0
[98/133] single_kernel_aggressive/geometry/k=512,rows=1,wg=256;hip-wave=32 (1 operations; order vulkan -> hipgraph -> hip -> redline)
  vulkan      11.6000 us/op correctness=true mismatches=0
  hipgraph    26.9200 us/op correctness=true mismatches=0
  hip         20.7200 us/op correctness=true mismatches=0
  redline      8.5200 us/op correctness=true mismatches=0
[99/133] single_kernel_aggressive/geometry/k=512,rows=4,wg=256;hip-wave=32 (1 operations; order hipgraph -> hip -> redline -> vulkan)
  hipgraph    18.6000 us/op correctness=true mismatches=0
  hip         13.0400 us/op correctness=true mismatches=0
  redline      8.5200 us/op correctness=true mismatches=0
  vulkan      11.5600 us/op correctness=true mismatches=0
[100/133] single_kernel_aggressive/geometry/k=2048,rows=1,wg=256;hip-wave=32 (1 operations; order hip -> redline -> vulkan -> hipgraph)
  hip         28.8000 us/op correctness=true mismatches=0
  redline     23.9600 us/op correctness=true mismatches=0
  vulkan      30.7200 us/op correctness=true mismatches=0
  hipgraph    34.1200 us/op correctness=true mismatches=0
[101/133] single_kernel_aggressive/geometry/k=2048,rows=4,wg=256;hip-wave=32 (1 operations; order redline -> vulkan -> hipgraph -> hip)
  redline     23.7600 us/op correctness=true mismatches=0
  vulkan      30.6000 us/op correctness=true mismatches=0
  hipgraph    33.7600 us/op correctness=true mismatches=0
  hip         28.2000 us/op correctness=true mismatches=0
[102/133] single_kernel_aggressive/reduction/variant=wave,k=8192,rows=1;hip-wave=32 (1 operations; order vulkan -> hipgraph -> hip -> redline)
  vulkan      78.9600 us/op correctness=true mismatches=0
  hipgraph    78.4800 us/op correctness=true mismatches=0
  hip         70.8800 us/op correctness=true mismatches=0
  redline     67.9200 us/op correctness=true mismatches=0
[103/133] single_kernel_aggressive/reduction/variant=wave,k=8192,rows=4;hip-wave=32 (1 operations; order hipgraph -> hip -> redline -> vulkan)
  hipgraph    79.1200 us/op correctness=true mismatches=0
  hip         74.0800 us/op correctness=true mismatches=0
  redline     69.0400 us/op correctness=true mismatches=0
  vulkan      80.8000 us/op correctness=true mismatches=0
[104/133] single_kernel_aggressive/reduction/variant=lds-tree,k=8192,rows=1;hip-wave=32 (1 operations; order hip -> redline -> vulkan -> hipgraph)
  hip         70.8000 us/op correctness=true mismatches=0
  redline     67.6000 us/op correctness=true mismatches=0
  vulkan      80.7600 us/op correctness=true mismatches=0
  hipgraph    76.7600 us/op correctness=true mismatches=0
[105/133] single_kernel_aggressive/reduction/variant=lds-tree,k=8192,rows=4;hip-wave=32 (1 operations; order redline -> vulkan -> hipgraph -> hip)
  redline     68.6400 us/op correctness=true mismatches=0
  vulkan      80.2000 us/op correctness=true mismatches=0
  hipgraph    79.3200 us/op correctness=true mismatches=0
  hip         72.3600 us/op correctness=true mismatches=0
[106/133] single_kernel_aggressive/memory-waitcnt/variant=coalesced4,n=4096,body=16;hip-wave=32 (1 operations; order vulkan -> hipgraph -> hip -> redline)
  vulkan       7.2400 us/op correctness=true mismatches=0
  hipgraph    15.4800 us/op correctness=true mismatches=0
  hip         10.0400 us/op correctness=true mismatches=0
  redline      6.1200 us/op correctness=true mismatches=0
[107/133] single_kernel_aggressive/memory-waitcnt/variant=coalesced4,n=32768,body=16;hip-wave=32 (1 operations; order hipgraph -> hip -> redline -> vulkan)
  hipgraph    32.1200 us/op correctness=true mismatches=0
  hip         26.4800 us/op correctness=true mismatches=0
  redline      7.6400 us/op correctness=true mismatches=0
  vulkan       8.8400 us/op correctness=true mismatches=0
[108/133] single_kernel_aggressive/memory-waitcnt/variant=gather,n=4096,body=16;hip-wave=32 (1 operations; order hip -> redline -> vulkan -> hipgraph)
  hip          9.5200 us/op correctness=true mismatches=0
  redline      4.7600 us/op correctness=true mismatches=0
  vulkan       8.8000 us/op correctness=true mismatches=0
  hipgraph    15.4800 us/op correctness=true mismatches=0
[109/133] single_kernel_aggressive/memory-waitcnt/variant=gather,n=32768,body=16;hip-wave=32 (1 operations; order redline -> vulkan -> hipgraph -> hip)
  redline     13.0800 us/op correctness=true mismatches=0
  vulkan      13.3200 us/op correctness=true mismatches=0
  hipgraph    32.5600 us/op correctness=true mismatches=0
  hip         26.8000 us/op correctness=true mismatches=0
[110/133] single_kernel_aggressive/memory-waitcnt/variant=interleave4,n=4096,body=16;hip-wave=64 (1 operations; order vulkan -> hipgraph -> hip -> redline)
  vulkan       7.4800 us/op correctness=true mismatches=0
  hipgraph    15.4800 us/op correctness=true mismatches=0
  hip          9.9200 us/op correctness=true mismatches=0
  redline      6.5200 us/op correctness=true mismatches=0
[111/133] single_kernel_aggressive/memory-waitcnt/variant=interleave4,n=32768,body=16;hip-wave=64 (1 operations; order hipgraph -> hip -> redline -> vulkan)
  hipgraph    22.2400 us/op correctness=true mismatches=0
  hip         16.7200 us/op correctness=true mismatches=0
  redline      8.8800 us/op correctness=true mismatches=0
  vulkan       8.9200 us/op correctness=true mismatches=0
[112/133] single_kernel_aggressive/packed-dot/variant=q8-signed,n=4096,body=16;hip-wave=32 (1 operations; order hip -> redline -> vulkan -> hipgraph)
  hip         10.3200 us/op correctness=true mismatches=0
  redline      6.1600 us/op correctness=true mismatches=0
  vulkan       7.9600 us/op correctness=true mismatches=0
  hipgraph    15.9200 us/op correctness=true mismatches=0
[113/133] single_kernel_aggressive/packed-dot/variant=q4-unsigned,n=4096,body=16;hip-wave=32 (1 operations; order redline -> vulkan -> hipgraph -> hip)
  redline      6.1600 us/op correctness=true mismatches=0
  vulkan       7.8800 us/op correctness=true mismatches=0
  hipgraph    16.1200 us/op correctness=true mismatches=0
  hip         10.3600 us/op correctness=true mismatches=0
[114/133] single_kernel_aggressive/packed-dot/variant=q6-zero,n=4096,body=16;hip-wave=32 (1 operations; order vulkan -> hipgraph -> hip -> redline)
  vulkan       8.1600 us/op correctness=true mismatches=0
  hipgraph    15.8000 us/op correctness=true mismatches=0
  hip         10.4400 us/op correctness=true mismatches=0
  redline      5.9600 us/op correctness=true mismatches=0
[115/133] single_kernel_aggressive/packed-dot/variant=q4-scalar,n=4096,body=16;hip-wave=32 (1 operations; order hipgraph -> hip -> redline -> vulkan)
  hipgraph    16.2000 us/op correctness=true mismatches=0
  hip         10.7600 us/op correctness=true mismatches=0
  redline      6.8000 us/op correctness=true mismatches=0
  vulkan      11.4800 us/op correctness=true mismatches=0
[116/133] single_kernel_aggressive/vopd/variant=independent-fma,n=32768,body=64;hip-wave=64 (1 operations; order hip -> redline -> vulkan -> hipgraph)
  hip         28.0400 us/op correctness=true mismatches=0
  redline      7.5600 us/op correctness=true mismatches=0
  vulkan       7.7600 us/op correctness=true mismatches=0
  hipgraph    33.8800 us/op correctness=true mismatches=0
[117/133] single_kernel_aggressive/vopd/variant=dependent-fma,n=32768,body=64;hip-wave=64 (1 operations; order redline -> vulkan -> hipgraph -> hip)
  redline      7.3200 us/op correctness=true mismatches=0
  vulkan       7.7600 us/op correctness=true mismatches=0
  hipgraph    34.4400 us/op correctness=true mismatches=0
  hip         28.4800 us/op correctness=true mismatches=0
[118/133] single_kernel_aggressive/vopd/variant=mixed-int-float,n=32768,body=64;hip-wave=64 (1 operations; order vulkan -> hipgraph -> hip -> redline)
  vulkan      11.1600 us/op correctness=true mismatches=0
  hipgraph    36.6000 us/op correctness=true mismatches=0
  hip         30.9200 us/op correctness=true mismatches=0
  redline     13.3600 us/op correctness=true mismatches=0
[119/133] single_kernel_aggressive/vopd/variant=dequant-like,n=32768,body=64;hip-wave=64 (1 operations; order hipgraph -> hip -> redline -> vulkan)
  hipgraph    35.0000 us/op correctness=true mismatches=0
  hip         29.3200 us/op correctness=true mismatches=0
  redline     12.6000 us/op correctness=true mismatches=0
  vulkan      10.4000 us/op correctness=true mismatches=0
[120/133] single_kernel_aggressive/sampler/argmax,vocab=32768,rows=1;hip-wave=32 (1 operations; order hip -> redline -> vulkan -> hipgraph)
  hip         30.7200 us/op correctness=true mismatches=0
  redline     25.0400 us/op correctness=true mismatches=0
  vulkan      27.9600 us/op correctness=true mismatches=0
  hipgraph    36.4010 us/op correctness=true mismatches=0
[121/133] single_kernel_aggressive/sampler/argmax,vocab=32768,rows=4;hip-wave=32 (1 operations; order redline -> vulkan -> hipgraph -> hip)
  redline     24.8000 us/op correctness=true mismatches=0
  vulkan      27.6800 us/op correctness=true mismatches=0
  hipgraph    35.1200 us/op correctness=true mismatches=0
  hip         29.4400 us/op correctness=true mismatches=0
[122/133] single_kernel_aggressive/sampler/argmax,vocab=131072,rows=1;hip-wave=32 (1 operations; order vulkan -> hipgraph -> hip -> redline)
  vulkan      96.4000 us/op correctness=true mismatches=0
  hipgraph   100.4000 us/op correctness=true mismatches=0
  hip         95.7600 us/op correctness=true mismatches=0
  redline     90.1600 us/op correctness=true mismatches=0
[123/133] single_kernel_aggressive/sampler/argmax,vocab=131072,rows=4;hip-wave=32 (1 operations; order hipgraph -> hip -> redline -> vulkan)
  hipgraph   100.8400 us/op correctness=true mismatches=0
  hip         93.5600 us/op correctness=true mismatches=0
  redline     90.0000 us/op correctness=true mismatches=0
  vulkan      95.2400 us/op correctness=true mismatches=0
[124/133] single_kernel_aggressive/q4-selected-dual/m=512,k=768,tile=2;hip-wave=64 (1 operations; order hip -> redline -> vulkan -> hipgraph)
  hip         15.1200 us/op correctness=true mismatches=0
  redline      5.3600 us/op correctness=true mismatches=0
  vulkan       7.3600 us/op correctness=true mismatches=0
  hipgraph    21.2400 us/op correctness=true mismatches=0
[125/133] single_kernel_aggressive/q4-selected-dual/m=2048,k=2048,tile=2;hip-wave=64 (1 operations; order redline -> vulkan -> hipgraph -> hip)
  redline      7.8800 us/op correctness=true mismatches=0
  vulkan      12.0000 us/op correctness=true mismatches=0
  hipgraph    47.0400 us/op correctness=true mismatches=0
  hip         41.3600 us/op correctness=true mismatches=0
[126/133] single_kernel_aggressive/q4-selected-dual/m=4096,k=8192,tile=2;hip-wave=64 (1 operations; order vulkan -> hipgraph -> hip -> redline)
  vulkan      43.9200 us/op correctness=true mismatches=0
  hipgraph   202.1200 us/op correctness=true mismatches=0
  hip        196.7200 us/op correctness=true mismatches=0
  redline     36.0000 us/op correctness=true mismatches=0
[127/133] single_kernel_aggressive/q6-x8-selected-down/m=512,k=2048,tile=8;hip-wave=64 (1 operations; order hipgraph -> hip -> redline -> vulkan)
  hipgraph    25.4400 us/op correctness=true mismatches=0
  hip         19.2800 us/op correctness=true mismatches=0
  redline     15.6000 us/op correctness=true mismatches=0
  vulkan      27.5200 us/op correctness=true mismatches=0
[128/133] single_kernel_aggressive/q6-x8-selected-down/m=2048,k=4096,tile=8;hip-wave=64 (1 operations; order hip -> redline -> vulkan -> hipgraph)
  hip         51.7200 us/op correctness=true mismatches=0
  redline     26.8400 us/op correctness=true mismatches=0
  vulkan      47.8000 us/op correctness=true mismatches=0
  hipgraph    57.1600 us/op correctness=true mismatches=0
[129/133] single_kernel_aggressive/q6-x8-selected-down/m=4096,k=8192,tile=8;hip-wave=64 (1 operations; order redline -> vulkan -> hipgraph -> hip)
  redline     54.0400 us/op correctness=true mismatches=0
  vulkan      97.9200 us/op correctness=true mismatches=0
  hipgraph    93.3200 us/op correctness=true mismatches=0
  hip         87.4800 us/op correctness=true mismatches=0
[130/133] single_kernel_aggressive/dense-q8/m=512,k=768,tile=4;hip-wave=64 (1 operations; order vulkan -> hipgraph -> hip -> redline)
  vulkan       8.3600 us/op correctness=true mismatches=0
  hipgraph    20.8800 us/op correctness=true mismatches=0
  hip         15.2000 us/op correctness=true mismatches=0
  redline      6.3200 us/op correctness=true mismatches=0
[131/133] single_kernel_aggressive/dense-q8/m=2048,k=2048,tile=4;hip-wave=64 (1 operations; order hipgraph -> hip -> redline -> vulkan)
  hipgraph    44.0400 us/op correctness=true mismatches=0
  hip         38.6800 us/op correctness=true mismatches=0
  redline     10.0000 us/op correctness=true mismatches=0
  vulkan      14.8800 us/op correctness=true mismatches=0
[132/133] single_kernel_aggressive/dense-q8/m=2048,k=8192,tile=4;hip-wave=64 (1 operations; order hip -> redline -> vulkan -> hipgraph)
  hip         54.1200 us/op correctness=true mismatches=0
  redline     26.2800 us/op correctness=true mismatches=0
  vulkan      48.5200 us/op correctness=true mismatches=0
  hipgraph    59.9600 us/op correctness=true mismatches=0
[133/133] single_kernel_aggressive/dense-q8/m=4096,k=8192,tile=4;hip-wave=64 (1 operations; order redline -> vulkan -> hipgraph -> hip)
  redline     32.2400 us/op correctness=true mismatches=0
  vulkan      55.4800 us/op correctness=true mismatches=0
  hipgraph   108.4400 us/op correctness=true mismatches=0
  hip        102.4800 us/op correctness=true mismatches=0
wrote results/gfx1201/2026-07-13-radiowave-all-losers/final/rep1/results.json
wrote results/gfx1201/2026-07-13-radiowave-all-losers/final/rep1/REPORT.md
Redline wins 111/133 (83.46%). Four-way placements: 1st 111, 2nd 22, 3rd 0, 4th 0.
