initializing Hipfire HIP bridge
initializing Redline retained-PM4 backend
initializing RADV Vulkan backend
[1/12] serial_latency/vopd/variant=independent-fma,n=32768,body=64;hip-wave=64 (32 operations; order redline -> vulkan -> hipgraph -> hip)
  redline     12.7137 us/op correctness=true mismatches=0
  vulkan       9.1575 us/op correctness=true mismatches=0
  hipgraph    47.6687 us/op correctness=true mismatches=0
  hip         48.2200 us/op correctness=true mismatches=0
[2/12] serial_latency/vopd/variant=dependent-fma,n=32768,body=64;hip-wave=64 (32 operations; order vulkan -> hipgraph -> hip -> redline)
  vulkan       9.3200 us/op correctness=true mismatches=0
  hipgraph    47.6637 us/op correctness=true mismatches=0
  hip         47.5938 us/op correctness=true mismatches=0
  redline     11.6525 us/op correctness=true mismatches=0
[3/12] serial_latency/vopd/variant=mixed-int-float,n=32768,body=64;hip-wave=64 (32 operations; order hipgraph -> hip -> redline -> vulkan)
  hipgraph    54.3450 us/op correctness=true mismatches=0
  hip         54.5800 us/op correctness=true mismatches=0
  redline     25.8438 us/op correctness=true mismatches=0
  vulkan      16.6700 us/op correctness=true mismatches=0
[4/12] serial_latency/vopd/variant=dequant-like,n=32768,body=64;hip-wave=64 (32 operations; order hip -> redline -> vulkan -> hipgraph)
  hip         51.9638 us/op correctness=true mismatches=0
  redline     22.3938 us/op correctness=true mismatches=0
  vulkan      15.0162 us/op correctness=true mismatches=0
  hipgraph    51.8625 us/op correctness=true mismatches=0
[5/12] independent_throughput/vopd/variant=independent-fma,n=32768,body=64;hip-wave=64 (32 operations; order redline -> vulkan -> hipgraph -> hip)
  redline      8.7250 us/op correctness=true mismatches=0
  vulkan       7.6050 us/op correctness=true mismatches=0
  hipgraph    55.2162 us/op correctness=true mismatches=0
  hip         51.8887 us/op correctness=true mismatches=0
[6/12] independent_throughput/vopd/variant=dependent-fma,n=32768,body=64;hip-wave=64 (32 operations; order vulkan -> hipgraph -> hip -> redline)
  vulkan       7.7150 us/op correctness=true mismatches=0
  hipgraph    50.1000 us/op correctness=true mismatches=0
  hip         38.4275 us/op correctness=true mismatches=0
  redline      5.1262 us/op correctness=true mismatches=0
[7/12] independent_throughput/vopd/variant=mixed-int-float,n=32768,body=64;hip-wave=64 (32 operations; order hipgraph -> hip -> redline -> vulkan)
  hipgraph    42.9100 us/op correctness=true mismatches=0
  hip         33.3500 us/op correctness=true mismatches=0
  redline     10.1700 us/op correctness=true mismatches=0
  vulkan       7.3775 us/op correctness=true mismatches=0
[8/12] independent_throughput/vopd/variant=dequant-like,n=32768,body=64;hip-wave=64 (32 operations; order hip -> redline -> vulkan -> hipgraph)
  hip         31.2187 us/op correctness=true mismatches=0
  redline      8.3012 us/op correctness=true mismatches=0
  vulkan       6.5225 us/op correctness=true mismatches=0
  hipgraph    35.9350 us/op correctness=true mismatches=0
[9/12] single_kernel_aggressive/vopd/variant=independent-fma,n=32768,body=64;hip-wave=64 (1 operations; order redline -> vulkan -> hipgraph -> hip)
  redline      8.7200 us/op correctness=true mismatches=0
  vulkan       8.2400 us/op correctness=true mismatches=0
  hipgraph    34.5200 us/op correctness=true mismatches=0
  hip         28.7600 us/op correctness=true mismatches=0
[10/12] single_kernel_aggressive/vopd/variant=dependent-fma,n=32768,body=64;hip-wave=64 (1 operations; order vulkan -> hipgraph -> hip -> redline)
  vulkan       8.2400 us/op correctness=true mismatches=0
  hipgraph    34.2000 us/op correctness=true mismatches=0
  hip         28.4000 us/op correctness=true mismatches=0
  redline      8.0400 us/op correctness=true mismatches=0
[11/12] single_kernel_aggressive/vopd/variant=mixed-int-float,n=32768,body=64;hip-wave=64 (1 operations; order hipgraph -> hip -> redline -> vulkan)
  hipgraph    37.5200 us/op correctness=true mismatches=0
  hip         31.7600 us/op correctness=true mismatches=0
  redline     15.1600 us/op correctness=true mismatches=0
  vulkan      11.6800 us/op correctness=true mismatches=0
[12/12] single_kernel_aggressive/vopd/variant=dequant-like,n=32768,body=64;hip-wave=64 (1 operations; order hip -> redline -> vulkan -> hipgraph)
  hip         30.5200 us/op correctness=true mismatches=0
  redline     13.2400 us/op correctness=true mismatches=0
  vulkan      11.0000 us/op correctness=true mismatches=0
  hipgraph    36.2400 us/op correctness=true mismatches=0
wrote results/gfx1201/2026-07-13-radiowave-all-losers/vopd-ubfe-wave64/results.json
wrote results/gfx1201/2026-07-13-radiowave-all-losers/vopd-ubfe-wave64/REPORT.md
Redline wins 2/12 (16.67%). Four-way placements: 1st 2, 2nd 10, 3rd 0, 4th 0.
