[hip] rows=1 vocab=32768 wg=64 median=57.0202 us correctness=pass
[hip] rows=4 vocab=32768 wg=64 median=56.4963 us correctness=pass
[hip] rows=8 vocab=32768 wg=64 median=56.4843 us correctness=pass
[hip] rows=1 vocab=32768 wg=256 median=28.1441 us correctness=fail
[hip] rows=4 vocab=32768 wg=256 median=28.0401 us correctness=pass
[hip] rows=8 vocab=32768 wg=256 median=25.356 us correctness=pass
[hip] rows=1 vocab=32768 wg=64 median=415.734 us correctness=pass
[hip] rows=4 vocab=32768 wg=64 median=415.101 us correctness=pass
[hip] rows=8 vocab=32768 wg=64 median=424.534 us correctness=pass
[hip] rows=1 vocab=32768 wg=256 median=119.432 us correctness=pass
[hip] rows=4 vocab=32768 wg=256 median=119.608 us correctness=pass
[hip] rows=8 vocab=32768 wg=256 median=120.196 us correctness=pass
Traceback (most recent call last):
  File "/tmp/hipEngine-f2c/benchmarks/micro/runners/sampler_argmax.py", line 1115, in <module>
    raise SystemExit(main())
                     ^^^^^^
  File "/tmp/hipEngine-f2c/benchmarks/micro/runners/sampler_argmax.py", line 1102, in main
    result = _run_hip(args, rows_list, workgroups, top_k_list)
             ^^^^^^^^^^^^^^^^^^^^^^^^^^^^^^^^^^^^^^^^^^^^^^^^^
  File "/tmp/hipEngine-f2c/benchmarks/micro/runners/sampler_argmax.py", line 641, in _run_hip
    return _normalize_result(
           ^^^^^^^^^^^^^^^^^^
  File "/tmp/hipEngine-f2c/benchmarks/micro/runners/sampler_argmax.py", line 461, in _normalize_result
    contract = timing_contract.make_timed_row_contract(
               ^^^^^^^^^^^^^^^^^^^^^^^^^^^^^^^^^^^^^^^^
  File "/tmp/hipEngine-f2c/benchmarks/micro/timing_contract.py", line 220, in make_timed_row_contract
    validate_timed_row(contract, expected_repetitions=repetitions)
  File "/tmp/hipEngine-f2c/benchmarks/micro/timing_contract.py", line 257, in validate_timed_row
    raise ValueError("timed dependency contract is not validated")
ValueError: timed dependency contract is not validated
