{
  "artifact_ref": "/home/kaden/ClaudeCode/autorocm/redline-pub/examples/hipengine-6409/results/gfx1201/2026-07-13-radiowave-redline/independent_throughput/hip-q6-x8-selected-down.json",
  "backend": "hip",
  "bench": "q6_x8_selected_down_real_slice",
  "classification": "real_slice_probe",
  "command": [
    "python3",
    "/tmp/hipEngine-f2c/benchmarks/micro/runners/q6_x8_real_slice.py",
    "--backend",
    "hip",
    "--timing-mode",
    "independent_throughput",
    "--independent-streams",
    "4",
    "--reps",
    "10",
    "--warmup",
    "3",
    "--samples",
    "5",
    "--environment-json",
    "/home/kaden/ClaudeCode/autorocm/redline-pub/examples/hipengine-6409/results/gfx1201/2026-07-13-radiowave-redline/environment.json",
    "--environment-ref",
    "/home/kaden/ClaudeCode/autorocm/redline-pub/examples/hipengine-6409/results/gfx1201/2026-07-13-radiowave-redline/environment.json",
    "--gfx-arch",
    "gfx1201",
    "--hardware-gpu",
    "AMD Radeon Graphics",
    "--build-dir",
    "/home/kaden/ClaudeCode/autorocm/redline-pub/examples/hipengine-6409/results/gfx1201/2026-07-13-radiowave-redline/build/hip/q6-x8-selected-down",
    "--rows",
    "8",
    "--experts",
    "256",
    "--in-features",
    "512",
    "--out-features",
    "2048",
    "--local-size",
    "64",
    "--out",
    "/home/kaden/ClaudeCode/autorocm/redline-pub/examples/hipengine-6409/results/gfx1201/2026-07-13-radiowave-redline/independent_throughput/hip-q6-x8-selected-down.json",
    "--pretty"
  ],
  "correctness": {
    "all_pass": true,
    "oracle": "raw Q6_K selected q8_1+dp4a BF16 output",
    "rows": 3,
    "status": "pass"
  },
  "correctness_vs_cpu": {
    "oracle": "raw Q6_K selected q8_1+dp4a GPU reference",
    "pass": true
  },
  "environment_ref": "/home/kaden/ClaudeCode/autorocm/redline-pub/examples/hipengine-6409/results/gfx1201/2026-07-13-radiowave-redline/environment.json",
  "hardware": {
    "gfx_arch": "gfx1201",
    "gpu_name": "AMD Radeon Graphics"
  },
  "kind": "hipengine_micro_result",
  "measurements": {
    "rows": [
      {
        "activation_quant": "q8_1",
        "backend": "hip",
        "blocks_per_row": 2,
        "correctness": {
          "single_dispatch": {
            "oracle": "raw Q6_K selected q8_1+dp4a BF16 logits with KL <= 0.05 and top-1 >= 90%",
            "status": "pass"
          },
          "synchronization": {
            "barrier_count": 0,
            "method": "disjoint_xq_and_output_slices",
            "status": "pass"
          },
          "timed_sequence": {
            "coverage": "all_dispatches",
            "logical_iterations": 10,
            "oracle": "raw Q6_K selected q8_1+dp4a BF16 logits with KL <= 0.05 and top-1 >= 90%",
            "status": "pass"
          }
        },
        "correctness_pass": true,
        "dependency_contract": {
          "inter_dispatch_ordering": "none",
          "output_partitioning": "disjoint",
          "validation_status": "pass",
          "work_dependency": "independent"
        },
        "experts": 256,
        "in_features": 512,
        "kv_type": "not_applicable",
        "local_size": 32,
        "median_us": 13.82800042629242,
        "model_fingerprint": "synthetic_q6_x8_selected_down_v1",
        "numeric_correctness": {
          "burst": {
            "exact_bf16_mismatches": 0,
            "expected_repetitions": [
              0,
              1,
              2,
              3,
              4,
              5,
              6,
              7,
              8,
              9
            ],
            "kl_divergence": 0.0,
            "max_abs": 0.0,
            "mean_abs": 0.0,
            "oracle": "raw Q6_K selected q8_1+dp4a BF16 logits with KL/top-1 gate",
            "outputs_checked": 10,
            "pass": true,
            "top1": 1.0
          },
          "single": {
            "exact_bf16_mismatches": 0,
            "expected_repetitions": [
              0
            ],
            "kl_divergence": 0.0,
            "max_abs": 0.0,
            "mean_abs": 0.0,
            "oracle": "raw Q6_K selected q8_1+dp4a BF16 logits with KL/top-1 gate",
            "outputs_checked": 1,
            "pass": true,
            "top1": 1.0
          }
        },
        "operation": "q8_1_quantize",
        "out_features": 2048,
        "out_packed": 256,
        "output_dtype": "bf16",
        "q8_blocks_per_row": 16,
        "quant": "q6_k",
        "row_tile": 0,
        "rows": 8,
        "selected_dtype": "int64",
        "sequence_validation": {
          "burst_expected_repetitions": [
            0,
            1,
            2,
            3,
            4,
            5,
            6,
            7,
            8,
            9
          ],
          "input_repetition_pattern": "distinct_deterministic_salt",
          "output_partitioning": "disjoint",
          "single_expected_repetitions": [
            0
          ],
          "xq_partitioning": "disjoint"
        },
        "submission": {
          "completion_in_host_wall": true,
          "queue_or_stream_count": 4,
          "recording_in_timed_region": false,
          "strategy": "multi_stream",
          "submit_in_host_wall": true
        },
        "timing": {
          "burst": {
            "dispatches_per_iteration": 1,
            "gpu_elapsed": {
              "clock": "hip_event",
              "per_iteration_us": {
                "max": 25.39210021495819,
                "median": 13.82800042629242,
                "min": 12.576000392436981,
                "n": 5,
                "p05": 12.77042031288147,
                "p95": 23.244900107383728,
                "samples": 5,
                "stdev": 4.742800514561589
              },
              "sequence_us": {
                "max": 253.9210021495819,
                "median": 138.2800042629242,
                "min": 125.76000392436981,
                "n": 5,
                "p05": 127.7042031288147,
                "p95": 232.44900107383725,
                "samples": 5,
                "stdev": 47.42800514561589
              },
              "status": "ok"
            },
            "host_wall": {
              "clock": "steady_clock",
              "per_iteration_us": {
                "max": 28.5834,
                "median": 16.7352,
                "min": 15.6802,
                "n": 5,
                "p05": 15.8566,
                "p95": 26.27436,
                "samples": 5,
                "stdev": 4.852861971908948
              },
              "sequence_us": {
                "max": 285.834,
                "median": 167.352,
                "min": 156.802,
                "n": 5,
                "p05": 158.566,
                "p95": 262.74359999999996,
                "samples": 5,
                "stdev": 48.52861971908948
              },
              "status": "ok"
            },
            "logical_iterations": 10
          },
          "single": {
            "dispatches_per_iteration": 1,
            "gpu_elapsed": {
              "clock": "hip_event",
              "per_iteration_us": {
                "max": 112.44100332260132,
                "median": 102.60000079870224,
                "min": 75.15999674797058,
                "n": 5,
                "p05": 78.75199764966965,
                "p95": 110.51300317049026,
                "samples": 5,
                "stdev": 12.611301096029026
              },
              "sequence_us": {
                "max": 112.44100332260132,
                "median": 102.60000079870224,
                "min": 75.15999674797058,
                "n": 5,
                "p05": 78.75199764966965,
                "p95": 110.51300317049026,
                "samples": 5,
                "stdev": 12.611301096029026
              },
              "status": "ok"
            },
            "host_wall": {
              "clock": "steady_clock",
              "per_iteration_us": {
                "max": 312.135,
                "median": 134.421,
                "min": 107.141,
                "n": 5,
                "p05": 112.11300000000001,
                "p95": 276.60839999999996,
                "samples": 5,
                "stdev": 74.76082042353467
              },
              "sequence_us": {
                "max": 312.135,
                "median": 134.421,
                "min": 107.141,
                "n": 5,
                "p05": 112.11300000000001,
                "p95": 276.60839999999996,
                "samples": 5,
                "stdev": 74.76082042353467
              },
              "status": "ok"
            },
            "logical_iterations": 1
          }
        },
        "timing_mode": "independent_throughput",
        "variant": "quantize",
        "weight_layout": "q6_k_x8",
        "workgroup_match": "exact"
      },
      {
        "activation_quant": "q8_1",
        "backend": "hip",
        "blocks_per_row": 2,
        "correctness": {
          "single_dispatch": {
            "oracle": "raw Q6_K selected q8_1+dp4a BF16 logits with KL <= 0.05 and top-1 >= 90%",
            "status": "pass"
          },
          "synchronization": {
            "barrier_count": 0,
            "method": "disjoint_xq_and_output_slices",
            "status": "pass"
          },
          "timed_sequence": {
            "coverage": "all_dispatches",
            "logical_iterations": 10,
            "oracle": "raw Q6_K selected q8_1+dp4a BF16 logits with KL <= 0.05 and top-1 >= 90%",
            "status": "pass"
          }
        },
        "correctness_pass": true,
        "dependency_contract": {
          "inter_dispatch_ordering": "none",
          "output_partitioning": "disjoint",
          "validation_status": "pass",
          "work_dependency": "independent"
        },
        "experts": 256,
        "in_features": 512,
        "kv_type": "not_applicable",
        "local_size": 64,
        "median_us": 19.888000190258026,
        "model_fingerprint": "synthetic_q6_x8_selected_down_v1",
        "numeric_correctness": {
          "burst": {
            "exact_bf16_mismatches": 0,
            "expected_repetitions": [
              0,
              1,
              2,
              3,
              4,
              5,
              6,
              7,
              8,
              9
            ],
            "kl_divergence": 0.0,
            "max_abs": 0.0,
            "mean_abs": 0.0,
            "oracle": "raw Q6_K selected q8_1+dp4a BF16 logits with KL/top-1 gate",
            "outputs_checked": 10,
            "pass": true,
            "top1": 1.0
          },
          "single": {
            "exact_bf16_mismatches": 0,
            "expected_repetitions": [
              0
            ],
            "kl_divergence": 0.0,
            "max_abs": 0.0,
            "mean_abs": 0.0,
            "oracle": "raw Q6_K selected q8_1+dp4a BF16 logits with KL/top-1 gate",
            "outputs_checked": 1,
            "pass": true,
            "top1": 1.0
          }
        },
        "operation": "x8_selected_dp4a_dot_prequantized",
        "out_features": 2048,
        "out_packed": 256,
        "output_dtype": "bf16",
        "q8_blocks_per_row": 16,
        "quant": "q6_k",
        "row_tile": 1,
        "rows": 8,
        "selected_dtype": "int64",
        "sequence_validation": {
          "burst_expected_repetitions": [
            0,
            1,
            2,
            3,
            4,
            5,
            6,
            7,
            8,
            9
          ],
          "input_repetition_pattern": "distinct_deterministic_salt",
          "output_partitioning": "disjoint",
          "single_expected_repetitions": [
            0
          ],
          "xq_partitioning": "disjoint"
        },
        "submission": {
          "completion_in_host_wall": true,
          "queue_or_stream_count": 4,
          "recording_in_timed_region": false,
          "strategy": "multi_stream",
          "submit_in_host_wall": true
        },
        "timing": {
          "burst": {
            "dispatches_per_iteration": 1,
            "gpu_elapsed": {
              "clock": "hip_event",
              "per_iteration_us": {
                "max": 21.01610004901886,
                "median": 19.888000190258026,
                "min": 16.85599982738495,
                "n": 5,
                "p05": 17.435199916362762,
                "p95": 20.835300087928772,
                "samples": 5,
                "stdev": 1.405341674293301
              },
              "sequence_us": {
                "max": 210.1610004901886,
                "median": 198.88000190258026,
                "min": 168.5599982738495,
                "n": 5,
                "p05": 174.35199916362762,
                "p95": 208.35300087928772,
                "samples": 5,
                "stdev": 14.05341674293301
              },
              "status": "ok"
            },
            "host_wall": {
              "clock": "steady_clock",
              "per_iteration_us": {
                "max": 24.2284,
                "median": 23.0803,
                "min": 20.0353,
                "n": 5,
                "p05": 20.61772,
                "p95": 24.03638,
                "samples": 5,
                "stdev": 1.4117166551401172
              },
              "sequence_us": {
                "max": 242.284,
                "median": 230.803,
                "min": 200.353,
                "n": 5,
                "p05": 206.17720000000003,
                "p95": 240.3638,
                "samples": 5,
                "stdev": 14.117166551401164
              },
              "status": "ok"
            },
            "logical_iterations": 10
          },
          "single": {
            "dispatches_per_iteration": 1,
            "gpu_elapsed": {
              "clock": "hip_event",
              "per_iteration_us": {
                "max": 104.0010005235672,
                "median": 101.9200012087822,
                "min": 65.8000037074089,
                "n": 5,
                "p05": 73.01600277423859,
                "p95": 103.65680009126663,
                "samples": 5,
                "stdev": 14.70864875101461
              },
              "sequence_us": {
                "max": 104.0010005235672,
                "median": 101.9200012087822,
                "min": 65.8000037074089,
                "n": 5,
                "p05": 73.01600277423859,
                "p95": 103.65680009126663,
                "samples": 5,
                "stdev": 14.70864875101461
              },
              "status": "ok"
            },
            "host_wall": {
              "clock": "steady_clock",
              "per_iteration_us": {
                "max": 262.014,
                "median": 134.252,
                "min": 133.622,
                "n": 5,
                "p05": 133.71,
                "p95": 236.83159999999998,
                "samples": 5,
                "stdev": 51.00883902070307
              },
              "sequence_us": {
                "max": 262.014,
                "median": 134.252,
                "min": 133.622,
                "n": 5,
                "p05": 133.71,
                "p95": 236.83159999999998,
                "samples": 5,
                "stdev": 51.00883902070307
              },
              "status": "ok"
            },
            "logical_iterations": 1
          }
        },
        "timing_mode": "independent_throughput",
        "variant": "q6_x8_selected_down",
        "weight_layout": "q6_k_x8",
        "workgroup_match": "exact"
      },
      {
        "activation_quant": "q8_1",
        "backend": "hip",
        "blocks_per_row": 2,
        "correctness": {
          "single_dispatch": {
            "oracle": "raw Q6_K selected q8_1+dp4a BF16 logits with KL <= 0.05 and top-1 >= 90%",
            "status": "pass"
          },
          "synchronization": {
            "barrier_count": 0,
            "method": "disjoint_xq_and_output_slices",
            "status": "pass"
          },
          "timed_sequence": {
            "coverage": "all_dispatches",
            "logical_iterations": 10,
            "oracle": "raw Q6_K selected q8_1+dp4a BF16 logits with KL <= 0.05 and top-1 >= 90%",
            "status": "pass"
          }
        },
        "correctness_pass": true,
        "dependency_contract": {
          "inter_dispatch_ordering": "none",
          "output_partitioning": "disjoint",
          "validation_status": "pass",
          "work_dependency": "independent"
        },
        "experts": 256,
        "in_features": 512,
        "kv_type": "not_applicable",
        "local_size": 64,
        "median_us": 20.307999849319458,
        "model_fingerprint": "synthetic_q6_x8_selected_down_v1",
        "numeric_correctness": {
          "burst": {
            "exact_bf16_mismatches": 0,
            "expected_repetitions": [
              0,
              1,
              2,
              3,
              4,
              5,
              6,
              7,
              8,
              9
            ],
            "kl_divergence": 0.0,
            "max_abs": 0.0,
            "mean_abs": 0.0,
            "oracle": "raw Q6_K selected q8_1+dp4a BF16 logits with KL/top-1 gate",
            "outputs_checked": 10,
            "pass": true,
            "top1": 1.0
          },
          "single": {
            "exact_bf16_mismatches": 0,
            "expected_repetitions": [
              0
            ],
            "kl_divergence": 0.0,
            "max_abs": 0.0,
            "mean_abs": 0.0,
            "oracle": "raw Q6_K selected q8_1+dp4a BF16 logits with KL/top-1 gate",
            "outputs_checked": 1,
            "pass": true,
            "top1": 1.0
          }
        },
        "operation": "x8_selected_dp4a_quantize_plus_dot",
        "out_features": 2048,
        "out_packed": 256,
        "output_dtype": "bf16",
        "q8_blocks_per_row": 16,
        "quant": "q6_k",
        "row_tile": 1,
        "rows": 8,
        "selected_dtype": "int64",
        "sequence_validation": {
          "burst_expected_repetitions": [
            0,
            1,
            2,
            3,
            4,
            5,
            6,
            7,
            8,
            9
          ],
          "input_repetition_pattern": "distinct_deterministic_salt",
          "output_partitioning": "disjoint",
          "single_expected_repetitions": [
            0
          ],
          "xq_partitioning": "disjoint"
        },
        "submission": {
          "completion_in_host_wall": true,
          "queue_or_stream_count": 4,
          "recording_in_timed_region": false,
          "strategy": "multi_stream",
          "submit_in_host_wall": true
        },
        "timing": {
          "burst": {
            "dispatches_per_iteration": 2,
            "gpu_elapsed": {
              "clock": "hip_event",
              "per_iteration_us": {
                "max": 22.916099429130554,
                "median": 20.307999849319458,
                "min": 19.544099271297455,
                "n": 5,
                "p05": 19.61769938468933,
                "p95": 22.460099458694458,
                "samples": 5,
                "stdev": 1.1848202631646452
              },
              "sequence_us": {
                "max": 229.16099429130554,
                "median": 203.07999849319458,
                "min": 195.44099271297455,
                "n": 5,
                "p05": 196.1769938468933,
                "p95": 224.60099458694458,
                "samples": 5,
                "stdev": 11.848202631646451
              },
              "status": "ok"
            },
            "host_wall": {
              "clock": "steady_clock",
              "per_iteration_us": {
                "max": 26.1373,
                "median": 23.6083,
                "min": 22.7333,
                "n": 5,
                "p05": 22.8105,
                "p95": 25.6845,
                "samples": 5,
                "stdev": 1.1884302251289298
              },
              "sequence_us": {
                "max": 261.373,
                "median": 236.083,
                "min": 227.333,
                "n": 5,
                "p05": 228.10500000000002,
                "p95": 256.84499999999997,
                "samples": 5,
                "stdev": 11.884302251289299
              },
              "status": "ok"
            },
            "logical_iterations": 10
          },
          "single": {
            "dispatches_per_iteration": 2,
            "gpu_elapsed": {
              "clock": "hip_event",
              "per_iteration_us": {
                "max": 109.00100320577621,
                "median": 107.79999941587448,
                "min": 88.27999979257584,
                "n": 5,
                "p05": 91.90419912338257,
                "p95": 108.96100252866745,
                "samples": 5,
                "stdev": 7.941873843194083
              },
              "sequence_us": {
                "max": 109.00100320577621,
                "median": 107.79999941587448,
                "min": 88.27999979257584,
                "n": 5,
                "p05": 91.90419912338257,
                "p95": 108.96100252866745,
                "samples": 5,
                "stdev": 7.941873843194083
              },
              "status": "ok"
            },
            "host_wall": {
              "clock": "steady_clock",
              "per_iteration_us": {
                "max": 140.962,
                "median": 140.002,
                "min": 120.031,
                "n": 5,
                "p05": 123.60920000000002,
                "p95": 140.942,
                "samples": 5,
                "stdev": 8.037036379163649
              },
              "sequence_us": {
                "max": 140.962,
                "median": 140.002,
                "min": 120.031,
                "n": 5,
                "p05": 123.60920000000002,
                "p95": 140.942,
                "samples": 5,
                "stdev": 8.037036379163649
              },
              "status": "ok"
            },
            "logical_iterations": 1
          }
        },
        "timing_mode": "independent_throughput",
        "variant": "q6_x8_selected_down",
        "weight_layout": "q6_k_x8",
        "workgroup_match": "exact"
      }
    ]
  },
  "notes": "Production HIP Q6_K X8 selected-down q8_1+dp4a slice under timing contract v2.",
  "parameters": {
    "activation_quant": "q8_1",
    "experts": 256,
    "in_features": 512,
    "independent_lanes": 4,
    "input_scale": 0.1,
    "kv_type": "not_applicable",
    "local_size": 64,
    "model_fingerprint": "synthetic_q6_x8_selected_down_v1",
    "out_features": 2048,
    "output_dtype": "bf16",
    "quant": "q6_k",
    "repetitions": 10,
    "row_tile": 1,
    "rows": 8,
    "samples": 5,
    "selected_dtype": "int64",
    "timing_mode": "independent_throughput",
    "warmup_iterations": 3,
    "weight_layout": "q6_k_x8"
  },
  "schema_version": 2,
  "source": {
    "branch": "",
    "commit": "f2c3ad6d74c86e3641ce09ff9fd759eaa6cd75e0",
    "dirty": false,
    "repo": "/tmp/hipEngine-f2c",
    "source_hash": "sha256:0cc1b4209d354e73e4fe33ed66ea475dee9a2e769bfda76982b2d2ad1d091900"
  },
  "timing": {
    "q8_1_quantize": {
      "max_us": 25.39210021495819,
      "median_ms": 0.01382800042629242,
      "median_us": 13.82800042629242,
      "min_us": 12.576000392436981,
      "p05_us": 12.77042031288147,
      "p95_us": 23.244900107383728
    },
    "x8_selected_dp4a_dot_prequantized": {
      "max_us": 21.01610004901886,
      "median_ms": 0.019888000190258028,
      "median_us": 19.888000190258026,
      "min_us": 16.85599982738495,
      "p05_us": 17.435199916362762,
      "p95_us": 20.835300087928772
    },
    "x8_selected_dp4a_quantize_plus_dot": {
      "max_us": 22.916099429130554,
      "median_ms": 0.02030799984931946,
      "median_us": 20.307999849319458,
      "min_us": 19.544099271297455,
      "p05_us": 19.61769938468933,
      "p95_us": 22.460099458694458
    }
  }
}

