initializing Hipfire HIP bridge
initializing Redline retained-PM4 backend
initializing RADV Vulkan backend
[1/12] serial_latency/vopd/variant=independent-fma,n=32768,body=64;hip-wave=64 (32 operations; order redline -> vulkan -> hipgraph -> hip)
  redline     12.7025 us/op correctness=true mismatches=0
  vulkan       9.1487 us/op correctness=true mismatches=0
  hipgraph    48.5600 us/op correctness=true mismatches=0
  hip         48.7575 us/op correctness=true mismatches=0
[2/12] serial_latency/vopd/variant=dependent-fma,n=32768,body=64;hip-wave=64 (32 operations; order vulkan -> hipgraph -> hip -> redline)
  vulkan       9.3150 us/op correctness=true mismatches=0
  hipgraph    47.5525 us/op correctness=true mismatches=0
  hip         47.4787 us/op correctness=true mismatches=0
  redline     11.4238 us/op correctness=true mismatches=0
[3/12] serial_latency/vopd/variant=mixed-int-float,n=32768,body=64;hip-wave=64 (32 operations; order hipgraph -> hip -> redline -> vulkan)
  hipgraph    54.4974 us/op correctness=true mismatches=0
  hip         54.5912 us/op correctness=true mismatches=0
  redline     25.8925 us/op correctness=true mismatches=0
  vulkan      16.6850 us/op correctness=true mismatches=0
[4/12] serial_latency/vopd/variant=dequant-like,n=32768,body=64;hip-wave=64 (32 operations; order hip -> redline -> vulkan -> hipgraph)
  hip         51.9500 us/op correctness=true mismatches=0
  redline     22.3550 us/op correctness=true mismatches=0
  vulkan      15.0137 us/op correctness=true mismatches=0
  hipgraph    51.8762 us/op correctness=true mismatches=0
[5/12] independent_throughput/vopd/variant=independent-fma,n=32768,body=64;hip-wave=64 (32 operations; order redline -> vulkan -> hipgraph -> hip)
  redline      8.7438 us/op correctness=true mismatches=0
  vulkan       7.6188 us/op correctness=true mismatches=0
  hipgraph    55.6399 us/op correctness=true mismatches=0
  hip         52.5549 us/op correctness=true mismatches=0
[6/12] independent_throughput/vopd/variant=dependent-fma,n=32768,body=64;hip-wave=64 (32 operations; order vulkan -> hipgraph -> hip -> redline)
  vulkan       7.0075 us/op correctness=true mismatches=0
  hipgraph    48.6300 us/op correctness=true mismatches=0
  hip         38.1250 us/op correctness=true mismatches=0
  redline      5.0388 us/op correctness=true mismatches=0
[7/12] independent_throughput/vopd/variant=mixed-int-float,n=32768,body=64;hip-wave=64 (32 operations; order hipgraph -> hip -> redline -> vulkan)
  hipgraph    41.4825 us/op correctness=true mismatches=0
  hip         32.7037 us/op correctness=true mismatches=0
  redline      9.9125 us/op correctness=true mismatches=0
  vulkan       7.3788 us/op correctness=true mismatches=0
[8/12] independent_throughput/vopd/variant=dequant-like,n=32768,body=64;hip-wave=64 (32 operations; order hip -> redline -> vulkan -> hipgraph)
  hip         31.5112 us/op correctness=true mismatches=0
  redline      8.3050 us/op correctness=true mismatches=0
  vulkan       7.0650 us/op correctness=true mismatches=0
  hipgraph    36.6962 us/op correctness=true mismatches=0
[9/12] single_kernel_aggressive/vopd/variant=independent-fma,n=32768,body=64;hip-wave=64 (1 operations; order redline -> vulkan -> hipgraph -> hip)
  redline      8.4800 us/op correctness=true mismatches=0
  vulkan       8.0800 us/op correctness=true mismatches=0
  hipgraph    34.4800 us/op correctness=true mismatches=0
  hip         28.9600 us/op correctness=true mismatches=0
[10/12] single_kernel_aggressive/vopd/variant=dependent-fma,n=32768,body=64;hip-wave=64 (1 operations; order vulkan -> hipgraph -> hip -> redline)
  vulkan       8.1200 us/op correctness=true mismatches=0
  hipgraph    34.1600 us/op correctness=true mismatches=0
  hip         28.4400 us/op correctness=true mismatches=0
  redline      8.2000 us/op correctness=true mismatches=0
[11/12] single_kernel_aggressive/vopd/variant=mixed-int-float,n=32768,body=64;hip-wave=64 (1 operations; order hipgraph -> hip -> redline -> vulkan)
  hipgraph    37.2000 us/op correctness=true mismatches=0
  hip         31.7200 us/op correctness=true mismatches=0
  redline     15.1600 us/op correctness=true mismatches=0
  vulkan      11.5600 us/op correctness=true mismatches=0
[12/12] single_kernel_aggressive/vopd/variant=dequant-like,n=32768,body=64;hip-wave=64 (1 operations; order hip -> redline -> vulkan -> hipgraph)
  hip         30.4400 us/op correctness=true mismatches=0
  redline     13.0000 us/op correctness=true mismatches=0
  vulkan      10.8000 us/op correctness=true mismatches=0
  hipgraph    36.0000 us/op correctness=true mismatches=0
wrote results/gfx1201/2026-07-13-radiowave-all-losers/vopd-recurrence-wave64/results.json
wrote results/gfx1201/2026-07-13-radiowave-all-losers/vopd-recurrence-wave64/REPORT.md
Redline wins 1/12 (8.33%). Four-way placements: 1st 1, 2nd 11, 3rd 0, 4th 0.
