initializing Hipfire HIP bridge
initializing Redline retained-PM4 backend
initializing RADV Vulkan backend
[1/12] serial_latency/vopd/variant=independent-fma,n=32768,body=64;hip-wave=64 (32 operations; order redline -> vulkan -> hipgraph -> hip)
  redline     10.8362 us/op correctness=true mismatches=0
  vulkan       8.8637 us/op correctness=true mismatches=0
  hipgraph    45.9288 us/op correctness=true mismatches=0
  hip         47.1350 us/op correctness=true mismatches=0
[2/12] serial_latency/vopd/variant=dependent-fma,n=32768,body=64;hip-wave=64 (32 operations; order vulkan -> hipgraph -> hip -> redline)
  vulkan       9.0000 us/op correctness=true mismatches=0
  hipgraph    46.9300 us/op correctness=true mismatches=0
  hip         46.9013 us/op correctness=true mismatches=0
  redline     10.7000 us/op correctness=true mismatches=0
[3/12] serial_latency/vopd/variant=mixed-int-float,n=32768,body=64;hip-wave=64 (32 operations; order hipgraph -> hip -> redline -> vulkan)
  hipgraph    54.1325 us/op correctness=true mismatches=0
  hip         54.3263 us/op correctness=true mismatches=0
  redline     23.6500 us/op correctness=true mismatches=0
  vulkan      16.1250 us/op correctness=true mismatches=0
[4/12] serial_latency/vopd/variant=dequant-like,n=32768,body=64;hip-wave=64 (32 operations; order hip -> redline -> vulkan -> hipgraph)
  hip         50.6425 us/op correctness=true mismatches=0
  redline     21.2263 us/op correctness=true mismatches=0
  vulkan      14.5337 us/op correctness=true mismatches=0
  hipgraph    50.5075 us/op correctness=true mismatches=0
[5/12] independent_throughput/vopd/variant=independent-fma,n=32768,body=64;hip-wave=64 (32 operations; order redline -> vulkan -> hipgraph -> hip)
  redline      7.4400 us/op correctness=true mismatches=0
  vulkan       7.3788 us/op correctness=true mismatches=0
  hipgraph    54.0700 us/op correctness=true mismatches=0
  hip         51.8238 us/op correctness=true mismatches=0
[6/12] independent_throughput/vopd/variant=dependent-fma,n=32768,body=64;hip-wave=64 (32 operations; order vulkan -> hipgraph -> hip -> redline)
  vulkan       6.6500 us/op correctness=true mismatches=0
  hipgraph    47.3888 us/op correctness=true mismatches=0
  hip         37.8800 us/op correctness=true mismatches=0
  redline      4.6750 us/op correctness=true mismatches=0
[7/12] independent_throughput/vopd/variant=mixed-int-float,n=32768,body=64;hip-wave=64 (32 operations; order hipgraph -> hip -> redline -> vulkan)
  hipgraph    41.4975 us/op correctness=true mismatches=0
  hip         33.9575 us/op correctness=true mismatches=0
  redline      9.4863 us/op correctness=true mismatches=0
  vulkan       7.3262 us/op correctness=true mismatches=0
[8/12] independent_throughput/vopd/variant=dequant-like,n=32768,body=64;hip-wave=64 (32 operations; order hip -> redline -> vulkan -> hipgraph)
  hip         31.8738 us/op correctness=true mismatches=0
  redline      8.1962 us/op correctness=true mismatches=0
  vulkan       6.4912 us/op correctness=true mismatches=0
  hipgraph    36.9175 us/op correctness=true mismatches=0
[9/12] single_kernel_aggressive/vopd/variant=independent-fma,n=32768,body=64;hip-wave=64 (1 operations; order redline -> vulkan -> hipgraph -> hip)
  redline      7.7600 us/op correctness=true mismatches=0
  vulkan       8.2000 us/op correctness=true mismatches=0
  hipgraph    34.6000 us/op correctness=true mismatches=0
  hip         28.7600 us/op correctness=true mismatches=0
[10/12] single_kernel_aggressive/vopd/variant=dependent-fma,n=32768,body=64;hip-wave=64 (1 operations; order vulkan -> hipgraph -> hip -> redline)
  vulkan       8.2800 us/op correctness=true mismatches=0
  hipgraph    34.4800 us/op correctness=true mismatches=0
  hip         28.7200 us/op correctness=true mismatches=0
  redline      7.5200 us/op correctness=true mismatches=0
[11/12] single_kernel_aggressive/vopd/variant=mixed-int-float,n=32768,body=64;hip-wave=64 (1 operations; order hipgraph -> hip -> redline -> vulkan)
  hipgraph    38.0000 us/op correctness=true mismatches=0
  hip         32.3200 us/op correctness=true mismatches=0
  redline     14.4400 us/op correctness=true mismatches=0
  vulkan      11.6800 us/op correctness=true mismatches=0
[12/12] single_kernel_aggressive/vopd/variant=dequant-like,n=32768,body=64;hip-wave=64 (1 operations; order hip -> redline -> vulkan -> hipgraph)
  hip         30.4000 us/op correctness=true mismatches=0
  redline     12.6800 us/op correctness=true mismatches=0
  vulkan      11.0000 us/op correctness=true mismatches=0
  hipgraph    36.1600 us/op correctness=true mismatches=0
wrote results/gfx1201/2026-07-13-radiowave-all-losers/vopd-unroll2/results.json
wrote results/gfx1201/2026-07-13-radiowave-all-losers/vopd-unroll2/REPORT.md
Redline wins 3/12 (25.00%). Four-way placements: 1st 3, 2nd 9, 3rd 0, 4th 0.
