initializing Hipfire HIP bridge
initializing Redline retained-PM4 backend
initializing RADV Vulkan backend
[1/21] serial_latency/dispatch-grid/count=1,grid=1;hip-wave=32 (1 operations; order redline -> vulkan -> hipgraph -> hip)
  redline      3.8800 us/op correctness=true mismatches=0
  vulkan       7.4400 us/op correctness=true mismatches=0
  hipgraph    17.7600 us/op correctness=true mismatches=0
  hip         10.2400 us/op correctness=true mismatches=0
[2/21] serial_latency/dispatch-grid/count=50,grid=1;hip-wave=32 (50 operations; order vulkan -> hipgraph -> hip -> redline)
  vulkan       1.2808 us/op correctness=true mismatches=0
  hipgraph     3.6296 us/op correctness=true mismatches=0
  hip          4.0432 us/op correctness=true mismatches=0
  redline      1.7240 us/op correctness=true mismatches=0
[3/21] serial_latency/dispatch-grid/count=200,grid=1;hip-wave=32 (200 operations; order hipgraph -> hip -> redline -> vulkan)
  hipgraph     3.3644 us/op correctness=true mismatches=0
  hip          3.9378 us/op correctness=true mismatches=0
  redline      1.6080 us/op correctness=true mismatches=0
  vulkan       1.0990 us/op correctness=true mismatches=0
[4/21] serial_latency/dispatch-grid/count=941,grid=1;hip-wave=32 (941 operations; order hip -> redline -> vulkan -> hipgraph)
  hip          3.8809 us/op correctness=true mismatches=0
  redline      1.5899 us/op correctness=true mismatches=0
  vulkan       1.0164 us/op correctness=true mismatches=0
  hipgraph     3.3418 us/op correctness=true mismatches=0
[5/21] serial_latency/dispatch-grid/count=64,grid=128;hip-wave=32 (64 operations; order redline -> vulkan -> hipgraph -> hip)
  redline      2.9787 us/op correctness=true mismatches=0
  vulkan       1.1781 us/op correctness=true mismatches=0
  hipgraph     4.6762 us/op correctness=true mismatches=0
  hip          4.8113 us/op correctness=true mismatches=0
[6/21] serial_latency/dispatch-grid/count=64,grid=1024;hip-wave=32 (64 operations; order vulkan -> hipgraph -> hip -> redline)
  vulkan       2.2225 us/op correctness=true mismatches=0
  hipgraph    13.7800 us/op correctness=true mismatches=0
  hip         13.9519 us/op correctness=true mismatches=0
  redline      3.0575 us/op correctness=true mismatches=0
[7/21] serial_latency/dispatch-grid/count=64,grid=8192;hip-wave=32 (64 operations; order hipgraph -> hip -> redline -> vulkan)
  hipgraph    86.6437 us/op correctness=true mismatches=0
  hip         81.9343 us/op correctness=true mismatches=0
  redline      6.8269 us/op correctness=true mismatches=0
  vulkan      11.5169 us/op correctness=true mismatches=0
[8/21] independent_throughput/dispatch-grid/count=1,grid=1;hip-wave=32 (1 operations; order hip -> redline -> vulkan -> hipgraph)
  hip         10.9200 us/op correctness=true mismatches=0
  redline      4.1200 us/op correctness=true mismatches=0
  vulkan       7.7200 us/op correctness=true mismatches=0
  hipgraph    19.3600 us/op correctness=true mismatches=0
[9/21] independent_throughput/dispatch-grid/count=50,grid=1;hip-wave=32 (50 operations; order redline -> vulkan -> hipgraph -> hip)
  redline      0.1840 us/op correctness=true mismatches=0
  vulkan       1.1560 us/op correctness=true mismatches=0
  hipgraph    13.1904 us/op correctness=true mismatches=0
  hip          8.4184 us/op correctness=true mismatches=0
[10/21] independent_throughput/dispatch-grid/count=200,grid=1;hip-wave=32 (200 operations; order vulkan -> hipgraph -> hip -> redline)
  vulkan       0.3300 us/op correctness=true mismatches=0
  hipgraph     9.5862 us/op correctness=true mismatches=0
  hip          9.4946 us/op correctness=true mismatches=0
  redline      0.1102 us/op correctness=true mismatches=0
[11/21] independent_throughput/dispatch-grid/count=941,grid=1;hip-wave=32 (941 operations; order hipgraph -> hip -> redline -> vulkan)
  hipgraph     9.0277 us/op correctness=true mismatches=0
  hip          8.5686 us/op correctness=true mismatches=0
  redline      0.0544 us/op correctness=true mismatches=0
  vulkan       0.0974 us/op correctness=true mismatches=0
[12/21] independent_throughput/dispatch-grid/count=64,grid=128;hip-wave=32 (64 operations; order hip -> redline -> vulkan -> hipgraph)
  hip          9.9950 us/op correctness=true mismatches=0
  redline      0.2288 us/op correctness=true mismatches=0
  vulkan       1.0225 us/op correctness=true mismatches=0
  hipgraph    11.1075 us/op correctness=true mismatches=0
[13/21] independent_throughput/dispatch-grid/count=64,grid=1024;hip-wave=32 (64 operations; order redline -> vulkan -> hipgraph -> hip)
  redline      0.9575 us/op correctness=true mismatches=0
  vulkan       1.4550 us/op correctness=true mismatches=0
  hipgraph    15.1650 us/op correctness=true mismatches=0
  hip         13.7344 us/op correctness=true mismatches=0
[14/21] independent_throughput/dispatch-grid/count=64,grid=8192;hip-wave=32 (64 operations; order vulkan -> hipgraph -> hip -> redline)
  vulkan       5.7256 us/op correctness=true mismatches=0
  hipgraph    50.5518 us/op correctness=true mismatches=0
  hip         47.1537 us/op correctness=true mismatches=0
  redline      3.6288 us/op correctness=true mismatches=0
[15/21] single_kernel_aggressive/dispatch-grid/count=1,grid=1;hip-wave=32 (1 operations; order hipgraph -> hip -> redline -> vulkan)
  hipgraph    13.0000 us/op correctness=true mismatches=0
  hip          7.4000 us/op correctness=true mismatches=0
  redline      2.4400 us/op correctness=true mismatches=0
  vulkan       4.3200 us/op correctness=true mismatches=0
[16/21] single_kernel_aggressive/dispatch-grid/count=50,grid=1;hip-wave=32 (1 operations; order hip -> redline -> vulkan -> hipgraph)
  hip          7.4400 us/op correctness=true mismatches=0
  redline      2.5200 us/op correctness=true mismatches=0
  vulkan       4.3600 us/op correctness=true mismatches=0
  hipgraph    13.1200 us/op correctness=true mismatches=0
[17/21] single_kernel_aggressive/dispatch-grid/count=200,grid=1;hip-wave=32 (1 operations; order redline -> vulkan -> hipgraph -> hip)
  redline      2.5200 us/op correctness=true mismatches=0
  vulkan       4.3200 us/op correctness=true mismatches=0
  hipgraph    13.1600 us/op correctness=true mismatches=0
  hip          7.4000 us/op correctness=true mismatches=0
[18/21] single_kernel_aggressive/dispatch-grid/count=941,grid=1;hip-wave=32 (1 operations; order vulkan -> hipgraph -> hip -> redline)
  vulkan       4.2800 us/op correctness=true mismatches=0
  hipgraph    12.8000 us/op correctness=true mismatches=0
  hip          7.2000 us/op correctness=true mismatches=0
  redline      2.5200 us/op correctness=true mismatches=0
[19/21] single_kernel_aggressive/dispatch-grid/count=64,grid=128;hip-wave=32 (1 operations; order hipgraph -> hip -> redline -> vulkan)
  hipgraph    13.3600 us/op correctness=true mismatches=0
  hip          7.5200 us/op correctness=true mismatches=0
  redline      3.7200 us/op correctness=true mismatches=0
  vulkan       4.3600 us/op correctness=true mismatches=0
[20/21] single_kernel_aggressive/dispatch-grid/count=64,grid=1024;hip-wave=32 (1 operations; order hip -> redline -> vulkan -> hipgraph)
  hip         11.9600 us/op correctness=true mismatches=0
  redline      3.8400 us/op correctness=true mismatches=0
  vulkan       5.0800 us/op correctness=true mismatches=0
  hipgraph    17.8000 us/op correctness=true mismatches=0
[21/21] single_kernel_aggressive/dispatch-grid/count=64,grid=8192;hip-wave=32 (1 operations; order redline -> vulkan -> hipgraph -> hip)
  redline      6.0400 us/op correctness=true mismatches=0
  vulkan       9.4800 us/op correctness=true mismatches=0
  hipgraph    52.2000 us/op correctness=true mismatches=0
  hip         46.8400 us/op correctness=true mismatches=0
wrote results/gfx1201/2026-07-13-radiowave-all-losers/dispatch-wg32/results.json
wrote results/gfx1201/2026-07-13-radiowave-all-losers/dispatch-wg32/REPORT.md
Redline wins 16/21 (76.19%). Four-way placements: 1st 16, 2nd 5, 3rd 0, 4th 0.
