initializing Hipfire HIP bridge
initializing Redline retained-PM4 backend
initializing RADV Vulkan backend
WARNING: radv is not a conformant Vulkan implementation, testing use only.
[1/133] serial_latency/dispatch-grid/count=1,grid=1;hip-wave=64 (1 operations; order redline -> vulkan -> hipgraph -> hip)
  redline      4.2400 us/op correctness=true mismatches=0
  vulkan       7.5600 us/op correctness=true mismatches=0
  hipgraph    19.4400 us/op correctness=true mismatches=0
  hip         11.0000 us/op correctness=true mismatches=0
[2/133] serial_latency/dispatch-grid/count=50,grid=1;hip-wave=64 (50 operations; order vulkan -> hipgraph -> hip -> redline)
  vulkan       1.3136 us/op correctness=true mismatches=0
  hipgraph     3.6664 us/op correctness=true mismatches=0
  hip          4.0824 us/op correctness=true mismatches=0
  redline      1.7632 us/op correctness=true mismatches=0
[3/133] serial_latency/dispatch-grid/count=200,grid=1;hip-wave=64 (200 operations; order hipgraph -> hip -> redline -> vulkan)
  hipgraph     3.4332 us/op correctness=true mismatches=0
  hip          3.9800 us/op correctness=true mismatches=0
  redline      1.6336 us/op correctness=true mismatches=0
  vulkan       1.0792 us/op correctness=true mismatches=0
[4/133] serial_latency/dispatch-grid/count=941,grid=1;hip-wave=64 (941 operations; order hip -> redline -> vulkan -> hipgraph)
  hip          3.9197 us/op correctness=true mismatches=0
  redline      1.6236 us/op correctness=true mismatches=0
  vulkan       1.0692 us/op correctness=true mismatches=0
  hipgraph     3.3912 us/op correctness=true mismatches=0
[5/133] serial_latency/dispatch-grid/count=64,grid=128;hip-wave=64 (64 operations; order redline -> vulkan -> hipgraph -> hip)
  redline      3.0019 us/op correctness=true mismatches=0
  vulkan       1.1462 us/op correctness=true mismatches=0
  hipgraph    44.2288 us/op correctness=true mismatches=0
  hip         44.6689 us/op correctness=true mismatches=0
[6/133] serial_latency/dispatch-grid/count=64,grid=1024;hip-wave=64 (64 operations; order vulkan -> hipgraph -> hip -> redline)
  vulkan       2.2575 us/op correctness=true mismatches=0
  hipgraph   331.5957 us/op correctness=true mismatches=0
  hip        332.1870 us/op correctness=true mismatches=0
  redline      3.5406 us/op correctness=true mismatches=0
[7/133] serial_latency/dispatch-grid/count=64,grid=8192;hip-wave=64 (64 operations; order hipgraph -> hip -> redline -> vulkan)
  hipgraph  1316.7000 us/op correctness=true mismatches=0
  hip       1307.9593 us/op correctness=true mismatches=0
  redline      9.7031 us/op correctness=true mismatches=0
  vulkan      11.3231 us/op correctness=true mismatches=0
[8/133] serial_latency/geometry/k=512,rows=1,wg=256;hip-wave=32 (64 operations; order hip -> redline -> vulkan -> hipgraph)
  hip         18.9988 us/op correctness=true mismatches=0
  redline     13.9006 us/op correctness=true mismatches=0
  vulkan      15.9887 us/op correctness=true mismatches=0
  hipgraph    18.5625 us/op correctness=true mismatches=0
[9/133] serial_latency/geometry/k=512,rows=4,wg=256;hip-wave=32 (64 operations; order redline -> vulkan -> hipgraph -> hip)
  redline     13.9362 us/op correctness=true mismatches=0
  vulkan      15.9169 us/op correctness=true mismatches=0
  hipgraph    15.7269 us/op correctness=true mismatches=0
  hip         16.2200 us/op correctness=true mismatches=0
[10/133] serial_latency/geometry/k=2048,rows=1,wg=256;hip-wave=32 (64 operations; order vulkan -> hipgraph -> hip -> redline)
  vulkan      55.9513 us/op correctness=true mismatches=0
  hipgraph    47.8632 us/op correctness=true mismatches=0
  hip         48.2358 us/op correctness=true mismatches=0
  redline     45.8937 us/op correctness=true mismatches=0
[11/133] serial_latency/geometry/k=2048,rows=4,wg=256;hip-wave=32 (64 operations; order hipgraph -> hip -> redline -> vulkan)
  hipgraph    47.6970 us/op correctness=true mismatches=0
  hip         48.1651 us/op correctness=true mismatches=0
  redline     45.8125 us/op correctness=true mismatches=0
  vulkan      55.7431 us/op correctness=true mismatches=0
[12/133] serial_latency/reduction/variant=wave,k=8192,rows=1;hip-wave=32 (64 operations; order hip -> redline -> vulkan -> hipgraph)
  hip        139.3810 us/op correctness=true mismatches=0
  redline    138.1369 us/op correctness=true mismatches=0
  vulkan     158.0906 us/op correctness=true mismatches=0
  hipgraph   135.2291 us/op correctness=true mismatches=0
[13/133] serial_latency/reduction/variant=wave,k=8192,rows=4;hip-wave=32 (64 operations; order redline -> vulkan -> hipgraph -> hip)
  redline    140.1631 us/op correctness=true mismatches=0
  vulkan     160.7069 us/op correctness=true mismatches=0
  hipgraph   141.0610 us/op correctness=true mismatches=0
  hip        141.0010 us/op correctness=true mismatches=0
[14/133] serial_latency/reduction/variant=lds-tree,k=8192,rows=1;hip-wave=32 (64 operations; order vulkan -> hipgraph -> hip -> redline)
  vulkan     158.4594 us/op correctness=true mismatches=0
  hipgraph   139.2297 us/op correctness=true mismatches=0
  hip        140.2553 us/op correctness=true mismatches=0
  redline    138.3450 us/op correctness=true mismatches=0
[15/133] serial_latency/reduction/variant=lds-tree,k=8192,rows=4;hip-wave=32 (64 operations; order hipgraph -> hip -> redline -> vulkan)
  hipgraph   141.6447 us/op correctness=true mismatches=0
  hip        141.3066 us/op correctness=true mismatches=0
  redline    140.5356 us/op correctness=true mismatches=0
  vulkan     160.9469 us/op correctness=true mismatches=0
[16/133] serial_latency/memory-waitcnt/variant=coalesced4,n=4096,body=16;hip-wave=64 (64 operations; order hip -> redline -> vulkan -> hipgraph)
  hip          9.4013 us/op correctness=true mismatches=0
  redline      7.7713 us/op correctness=true mismatches=0
  vulkan       6.1500 us/op correctness=true mismatches=0
  hipgraph     8.9013 us/op correctness=true mismatches=0
[17/133] serial_latency/memory-waitcnt/variant=coalesced4,n=32768,body=16;hip-wave=64 (32 operations; order redline -> vulkan -> hipgraph -> hip)
  redline      9.1137 us/op correctness=true mismatches=0
  vulkan       6.9037 us/op correctness=true mismatches=0
  hipgraph    44.9363 us/op correctness=true mismatches=0
  hip         44.9189 us/op correctness=true mismatches=0
[18/133] serial_latency/memory-waitcnt/variant=gather,n=4096,body=16;hip-wave=64 (64 operations; order vulkan -> hipgraph -> hip -> redline)
  vulkan       9.2837 us/op correctness=true mismatches=0
  hipgraph    12.1463 us/op correctness=true mismatches=0
  hip         12.6788 us/op correctness=true mismatches=0
  redline     10.7981 us/op correctness=true mismatches=0
[19/133] serial_latency/memory-waitcnt/variant=gather,n=32768,body=16;hip-wave=64 (32 operations; order hipgraph -> hip -> redline -> vulkan)
  hipgraph    45.1301 us/op correctness=true mismatches=0
  hip         44.7326 us/op correctness=true mismatches=0
  redline     23.1575 us/op correctness=true mismatches=0
  vulkan      18.8337 us/op correctness=true mismatches=0
[20/133] serial_latency/memory-waitcnt/variant=interleave4,n=4096,body=16;hip-wave=64 (64 operations; order hip -> redline -> vulkan -> hipgraph)
  hip          9.1044 us/op correctness=true mismatches=0
  redline      7.4837 us/op correctness=true mismatches=0
  vulkan       6.3487 us/op correctness=true mismatches=0
  hipgraph     8.6063 us/op correctness=true mismatches=0
[21/133] serial_latency/memory-waitcnt/variant=interleave4,n=32768,body=16;hip-wave=64 (32 operations; order redline -> vulkan -> hipgraph -> hip)
  redline     15.2750 us/op correctness=true mismatches=0
  vulkan       9.9388 us/op correctness=true mismatches=0
  hipgraph    46.2688 us/op correctness=true mismatches=0
  hip         46.5289 us/op correctness=true mismatches=0
[22/133] serial_latency/packed-dot/variant=q8-signed,n=4096,body=16;hip-wave=64 (64 operations; order vulkan -> hipgraph -> hip -> redline)
  vulkan       7.5544 us/op correctness=true mismatches=0
  hipgraph    11.3688 us/op correctness=true mismatches=0
  hip         11.8507 us/op correctness=true mismatches=0
  redline     10.1125 us/op correctness=true mismatches=0
[23/133] serial_latency/packed-dot/variant=q4-unsigned,n=4096,body=16;hip-wave=64 (64 operations; order hipgraph -> hip -> redline -> vulkan)
  hipgraph    11.3407 us/op correctness=true mismatches=0
  hip         11.8500 us/op correctness=true mismatches=0
  redline     10.0875 us/op correctness=true mismatches=0
  vulkan       7.6162 us/op correctness=true mismatches=0
[24/133] serial_latency/packed-dot/variant=q6-zero,n=4096,body=16;hip-wave=64 (64 operations; order hip -> redline -> vulkan -> hipgraph)
  hip         12.2550 us/op correctness=true mismatches=0
  redline     10.5787 us/op correctness=true mismatches=0
  vulkan       7.9737 us/op correctness=true mismatches=0
  hipgraph    11.6207 us/op correctness=true mismatches=0
[25/133] serial_latency/packed-dot/variant=q4-scalar,n=4096,body=16;hip-wave=32 (64 operations; order redline -> vulkan -> hipgraph -> hip)
  redline     10.7331 us/op correctness=true mismatches=0
  vulkan      13.9038 us/op correctness=true mismatches=0
  hipgraph    11.9488 us/op correctness=true mismatches=0
  hip         12.5132 us/op correctness=true mismatches=0
[26/133] serial_latency/vopd/variant=independent-fma,n=32768,body=64;hip-wave=64 (32 operations; order vulkan -> hipgraph -> hip -> redline)
  vulkan       8.7975 us/op correctness=true mismatches=0
  hipgraph    48.0651 us/op correctness=true mismatches=0
  hip         48.2201 us/op correctness=true mismatches=0
  redline     12.7625 us/op correctness=true mismatches=0
[27/133] serial_latency/vopd/variant=dependent-fma,n=32768,body=64;hip-wave=64 (32 operations; order hipgraph -> hip -> redline -> vulkan)
  hipgraph    47.2376 us/op correctness=true mismatches=0
  hip         47.1839 us/op correctness=true mismatches=0
  redline     11.3863 us/op correctness=true mismatches=0
  vulkan       9.1487 us/op correctness=true mismatches=0
[28/133] serial_latency/vopd/variant=mixed-int-float,n=32768,body=64;hip-wave=64 (32 operations; order hip -> redline -> vulkan -> hipgraph)
  hip         54.0689 us/op correctness=true mismatches=0
  redline     25.5675 us/op correctness=true mismatches=0
  vulkan      16.3650 us/op correctness=true mismatches=0
  hipgraph    53.9839 us/op correctness=true mismatches=0
[29/133] serial_latency/vopd/variant=dequant-like,n=32768,body=64;hip-wave=64 (32 operations; order redline -> vulkan -> hipgraph -> hip)
  redline     22.0675 us/op correctness=true mismatches=0
  vulkan      14.7775 us/op correctness=true mismatches=0
  hipgraph    51.1151 us/op correctness=true mismatches=0
  hip         51.2839 us/op correctness=true mismatches=0
[30/133] serial_latency/sampler/argmax,vocab=32768,rows=1;hip-wave=64 (64 operations; order vulkan -> hipgraph -> hip -> redline)
  vulkan      41.8781 us/op correctness=true mismatches=0
  hipgraph    45.7026 us/op correctness=true mismatches=0
  hip         47.6345 us/op correctness=true mismatches=0
  redline     44.0694 us/op correctness=true mismatches=0
[31/133] serial_latency/sampler/argmax,vocab=32768,rows=4;hip-wave=64 (64 operations; order hipgraph -> hip -> redline -> vulkan)
  hipgraph    46.4151 us/op correctness=true mismatches=0
  hip         46.8001 us/op correctness=true mismatches=0
  redline     44.4363 us/op correctness=true mismatches=0
  vulkan      42.2250 us/op correctness=true mismatches=0
[32/133] serial_latency/sampler/argmax,vocab=131072,rows=1;hip-wave=64 (64 operations; order hip -> redline -> vulkan -> hipgraph)
  hip        172.0261 us/op correctness=true mismatches=0
  redline    166.4606 us/op correctness=true mismatches=0
  vulkan     161.2031 us/op correctness=true mismatches=0
  hipgraph   165.7985 us/op correctness=true mismatches=0
[33/133] serial_latency/sampler/argmax,vocab=131072,rows=4;hip-wave=64 (64 operations; order redline -> vulkan -> hipgraph -> hip)
  redline    167.8281 us/op correctness=true mismatches=0
  vulkan     162.1556 us/op correctness=true mismatches=0
  hipgraph   170.3523 us/op correctness=true mismatches=0
  hip        170.5954 us/op correctness=true mismatches=0
[34/133] serial_latency/two-stage-reduction/k=8192,rows=4,splits=2;hip-wave=64 (64 operations; order vulkan -> hipgraph -> hip -> redline)
  vulkan      10.4512 us/op correctness=true mismatches=0
  hipgraph    13.0675 us/op correctness=true mismatches=0
  hip         14.0794 us/op correctness=true mismatches=0
  redline      9.7538 us/op correctness=true mismatches=0
[35/133] serial_latency/two-stage-reduction/k=32768,rows=4,splits=8;hip-wave=64 (32 operations; order hipgraph -> hip -> redline -> vulkan)
  hipgraph    17.9363 us/op correctness=true mismatches=0
  hip         18.5326 us/op correctness=true mismatches=0
  redline     10.7937 us/op correctness=true mismatches=0
  vulkan      10.5237 us/op correctness=true mismatches=0
[36/133] serial_latency/q4-selected-dual/m=512,k=768,tile=2;hip-wave=64 (32 operations; order hip -> redline -> vulkan -> hipgraph)
  hip         20.6676 us/op correctness=true mismatches=0
  redline      5.8613 us/op correctness=true mismatches=0
  vulkan       6.0512 us/op correctness=true mismatches=0
  hipgraph    20.8188 us/op correctness=true mismatches=0
[37/133] serial_latency/q4-selected-dual/m=2048,k=2048,tile=2;hip-wave=64 (32 operations; order redline -> vulkan -> hipgraph -> hip)
  redline     11.0087 us/op correctness=true mismatches=0
  vulkan      14.0300 us/op correctness=true mismatches=0
  hipgraph    69.3752 us/op correctness=true mismatches=0
  hip         70.1489 us/op correctness=true mismatches=0
[38/133] serial_latency/q4-selected-dual/m=4096,k=8192,tile=2;hip-wave=64 (16 operations; order vulkan -> hipgraph -> hip -> redline)
  vulkan      61.0500 us/op correctness=true mismatches=0
  hipgraph   364.0184 us/op correctness=true mismatches=0
  hip        365.8284 us/op correctness=true mismatches=0
  redline     55.3200 us/op correctness=true mismatches=0
[39/133] serial_latency/q6-x8-selected-down/m=512,k=2048,tile=8;hip-wave=64 (32 operations; order hipgraph -> hip -> redline -> vulkan)
  hipgraph    25.0001 us/op correctness=true mismatches=0
  hip         25.3751 us/op correctness=true mismatches=0
  redline     23.9175 us/op correctness=true mismatches=0
  vulkan      39.9913 us/op correctness=true mismatches=0
[40/133] serial_latency/q6-x8-selected-down/m=2048,k=4096,tile=8;hip-wave=64 (32 operations; order hip -> redline -> vulkan -> hipgraph)
  hip         79.9040 us/op correctness=true mismatches=0
  redline     44.1313 us/op correctness=true mismatches=0
  vulkan      77.1688 us/op correctness=true mismatches=0
  hipgraph    79.7002 us/op correctness=true mismatches=0
[41/133] serial_latency/q6-x8-selected-down/m=4096,k=8192,tile=8;hip-wave=64 (16 operations; order redline -> vulkan -> hipgraph -> hip)
  redline     87.6250 us/op correctness=true mismatches=0
  vulkan     155.2125 us/op correctness=true mismatches=0
  hipgraph   159.1354 us/op correctness=true mismatches=0
  hip        158.4029 us/op correctness=true mismatches=0
[42/133] serial_latency/dense-q8/m=512,k=768,tile=4;hip-wave=64 (32 operations; order vulkan -> hipgraph -> hip -> redline)
  vulkan       8.3825 us/op correctness=true mismatches=0
  hipgraph    20.2800 us/op correctness=true mismatches=0
  hip         20.6363 us/op correctness=true mismatches=0
  redline      7.4250 us/op correctness=true mismatches=0
[43/133] serial_latency/dense-q8/m=2048,k=2048,tile=4;hip-wave=64 (32 operations; order hipgraph -> hip -> redline -> vulkan)
  hipgraph    67.2377 us/op correctness=true mismatches=0
  hip         67.6064 us/op correctness=true mismatches=0
  redline     14.0437 us/op correctness=true mismatches=0
  vulkan      19.4075 us/op correctness=true mismatches=0
[44/133] serial_latency/dense-q8/m=2048,k=8192,tile=4;hip-wave=64 (16 operations; order hip -> redline -> vulkan -> hipgraph)
  hip         95.6602 us/op correctness=true mismatches=0
  redline     41.3825 us/op correctness=true mismatches=0
  vulkan      71.1075 us/op correctness=true mismatches=0
  hipgraph    95.2552 us/op correctness=true mismatches=0
[45/133] serial_latency/dense-q8/m=4096,k=8192,tile=4;hip-wave=64 (16 operations; order redline -> vulkan -> hipgraph -> hip)
  redline     47.6075 us/op correctness=true mismatches=0
  vulkan      80.3800 us/op correctness=true mismatches=0
  hipgraph   180.9105 us/op correctness=true mismatches=0
  hip        181.5205 us/op correctness=true mismatches=0
[46/133] independent_throughput/dispatch-grid/count=1,grid=1;hip-wave=64 (1 operations; order vulkan -> hipgraph -> hip -> redline)
  vulkan       7.6400 us/op correctness=true mismatches=0
  hipgraph    18.5600 us/op correctness=true mismatches=0
  hip         11.6000 us/op correctness=true mismatches=0
  redline      4.0800 us/op correctness=true mismatches=0
[47/133] independent_throughput/dispatch-grid/count=50,grid=1;hip-wave=64 (50 operations; order hipgraph -> hip -> redline -> vulkan)
  hipgraph    13.2248 us/op correctness=true mismatches=0
  hip          8.4136 us/op correctness=true mismatches=0
  redline      0.1936 us/op correctness=true mismatches=0
  vulkan       1.3096 us/op correctness=true mismatches=0
[48/133] independent_throughput/dispatch-grid/count=200,grid=1;hip-wave=64 (200 operations; order hip -> redline -> vulkan -> hipgraph)
  hip          9.4740 us/op correctness=true mismatches=0
  redline      0.1194 us/op correctness=true mismatches=0
  vulkan       0.4102 us/op correctness=true mismatches=0
  hipgraph     9.3004 us/op correctness=true mismatches=0
[49/133] independent_throughput/dispatch-grid/count=941,grid=1;hip-wave=64 (941 operations; order redline -> vulkan -> hipgraph -> hip)
  redline      0.0810 us/op correctness=true mismatches=0
  vulkan       0.1225 us/op correctness=true mismatches=0
  hipgraph     8.5473 us/op correctness=true mismatches=0
  hip          8.4118 us/op correctness=true mismatches=0
[50/133] independent_throughput/dispatch-grid/count=64,grid=128;hip-wave=64 (64 operations; order vulkan -> hipgraph -> hip -> redline)
  vulkan       1.0063 us/op correctness=true mismatches=0
  hipgraph    30.4151 us/op correctness=true mismatches=0
  hip         27.8526 us/op correctness=true mismatches=0
  redline      0.4900 us/op correctness=true mismatches=0
[51/133] independent_throughput/dispatch-grid/count=64,grid=1024;hip-wave=64 (64 operations; order hipgraph -> hip -> redline -> vulkan)
  hipgraph   172.9023 us/op correctness=true mismatches=0
  hip        168.6786 us/op correctness=true mismatches=0
  redline      2.4344 us/op correctness=true mismatches=0
  vulkan       1.4500 us/op correctness=true mismatches=0
[52/133] independent_throughput/dispatch-grid/count=64,grid=8192;hip-wave=64 (64 operations; order hip -> redline -> vulkan -> hipgraph)
  hip       1283.4659 us/op correctness=true mismatches=0
  redline      8.1225 us/op correctness=true mismatches=0
  vulkan       5.5375 us/op correctness=true mismatches=0
  hipgraph  1264.1809 us/op correctness=true mismatches=0
[53/133] independent_throughput/geometry/k=512,rows=1,wg=256;hip-wave=32 (64 operations; order redline -> vulkan -> hipgraph -> hip)
  redline      0.1806 us/op correctness=true mismatches=0
  vulkan       1.2437 us/op correctness=true mismatches=0
  hipgraph    19.4813 us/op correctness=true mismatches=0
  hip         17.1357 us/op correctness=true mismatches=0
[54/133] independent_throughput/geometry/k=512,rows=4,wg=256;hip-wave=32 (64 operations; order vulkan -> hipgraph -> hip -> redline)
  vulkan       1.2531 us/op correctness=true mismatches=0
  hipgraph    12.2763 us/op correctness=true mismatches=0
  hip         11.5269 us/op correctness=true mismatches=0
  redline      0.3269 us/op correctness=true mismatches=0
[55/133] independent_throughput/geometry/k=2048,rows=1,wg=256;hip-wave=32 (64 operations; order hipgraph -> hip -> redline -> vulkan)
  hipgraph    16.9763 us/op correctness=true mismatches=0
  hip         16.3782 us/op correctness=true mismatches=0
  redline      0.4669 us/op correctness=true mismatches=0
  vulkan       2.0994 us/op correctness=true mismatches=0
[56/133] independent_throughput/geometry/k=2048,rows=4,wg=256;hip-wave=32 (64 operations; order hip -> redline -> vulkan -> hipgraph)
  hip         16.4938 us/op correctness=true mismatches=0
  redline      1.1113 us/op correctness=true mismatches=0
  vulkan       1.9112 us/op correctness=true mismatches=0
  hipgraph    16.9363 us/op correctness=true mismatches=0
[57/133] independent_throughput/reduction/variant=wave,k=8192,rows=1;hip-wave=32 (64 operations; order redline -> vulkan -> hipgraph -> hip)
  redline      1.1344 us/op correctness=true mismatches=0
  vulkan       4.4344 us/op correctness=true mismatches=0
  hipgraph    38.2901 us/op correctness=true mismatches=0
  hip         38.4120 us/op correctness=true mismatches=0
[58/133] independent_throughput/reduction/variant=wave,k=8192,rows=4;hip-wave=32 (64 operations; order vulkan -> hipgraph -> hip -> redline)
  vulkan       4.5981 us/op correctness=true mismatches=0
  hipgraph    39.3101 us/op correctness=true mismatches=0
  hip         38.5632 us/op correctness=true mismatches=0
  redline      2.3363 us/op correctness=true mismatches=0
[59/133] independent_throughput/reduction/variant=lds-tree,k=8192,rows=1;hip-wave=32 (64 operations; order hipgraph -> hip -> redline -> vulkan)
  hipgraph    38.6032 us/op correctness=true mismatches=0
  hip         38.2920 us/op correctness=true mismatches=0
  redline      1.1400 us/op correctness=true mismatches=0
  vulkan       4.4294 us/op correctness=true mismatches=0
[60/133] independent_throughput/reduction/variant=lds-tree,k=8192,rows=4;hip-wave=32 (64 operations; order hip -> redline -> vulkan -> hipgraph)
  hip         38.5201 us/op correctness=true mismatches=0
  redline      2.3431 us/op correctness=true mismatches=0
  vulkan       4.6175 us/op correctness=true mismatches=0
  hipgraph    40.3039 us/op correctness=true mismatches=0
[61/133] independent_throughput/memory-waitcnt/variant=coalesced4,n=4096,body=16;hip-wave=64 (64 operations; order redline -> vulkan -> hipgraph -> hip)
  redline      0.2906 us/op correctness=true mismatches=0
  vulkan       1.0569 us/op correctness=true mismatches=0
  hipgraph    12.5025 us/op correctness=true mismatches=0
  hip         11.8419 us/op correctness=true mismatches=0
[62/133] independent_throughput/memory-waitcnt/variant=coalesced4,n=32768,body=16;hip-wave=64 (32 operations; order vulkan -> hipgraph -> hip -> redline)
  vulkan       2.8950 us/op correctness=true mismatches=0
  hipgraph    30.9713 us/op correctness=true mismatches=0
  hip         27.3463 us/op correctness=true mismatches=0
  redline      2.0663 us/op correctness=true mismatches=0
[63/133] independent_throughput/memory-waitcnt/variant=gather,n=4096,body=16;hip-wave=64 (64 operations; order hipgraph -> hip -> redline -> vulkan)
  hipgraph    12.4538 us/op correctness=true mismatches=0
  hip         12.2613 us/op correctness=true mismatches=0
  redline      0.9169 us/op correctness=true mismatches=0
  vulkan       1.1887 us/op correctness=true mismatches=0
[64/133] independent_throughput/memory-waitcnt/variant=gather,n=32768,body=16;hip-wave=64 (32 operations; order hip -> redline -> vulkan -> hipgraph)
  hip         28.2476 us/op correctness=true mismatches=0
  redline      9.4362 us/op correctness=true mismatches=0
  vulkan       7.7512 us/op correctness=true mismatches=0
  hipgraph    31.3576 us/op correctness=true mismatches=0
[65/133] independent_throughput/memory-waitcnt/variant=interleave4,n=4096,body=16;hip-wave=64 (64 operations; order redline -> vulkan -> hipgraph -> hip)
  redline      0.6781 us/op correctness=true mismatches=0
  vulkan       1.2275 us/op correctness=true mismatches=0
  hipgraph    12.2307 us/op correctness=true mismatches=0
  hip         11.4969 us/op correctness=true mismatches=0
[66/133] independent_throughput/memory-waitcnt/variant=interleave4,n=32768,body=16;hip-wave=64 (32 operations; order vulkan -> hipgraph -> hip -> redline)
  vulkan       4.3288 us/op correctness=true mismatches=0
  hipgraph    31.4101 us/op correctness=true mismatches=0
  hip         27.8988 us/op correctness=true mismatches=0
  redline      5.0600 us/op correctness=true mismatches=0
[67/133] independent_throughput/packed-dot/variant=q8-signed,n=4096,body=16;hip-wave=64 (64 operations; order hipgraph -> hip -> redline -> vulkan)
  hipgraph    12.8275 us/op correctness=true mismatches=0
  hip         11.7857 us/op correctness=true mismatches=0
  redline      2.3388 us/op correctness=true mismatches=0
  vulkan       1.3887 us/op correctness=true mismatches=0
[68/133] independent_throughput/packed-dot/variant=q4-unsigned,n=4096,body=16;hip-wave=64 (64 operations; order hip -> redline -> vulkan -> hipgraph)
  hip         11.7850 us/op correctness=true mismatches=0
  redline      2.3044 us/op correctness=true mismatches=0
  vulkan       1.4062 us/op correctness=true mismatches=0
  hipgraph    12.8363 us/op correctness=true mismatches=0
[69/133] independent_throughput/packed-dot/variant=q6-zero,n=4096,body=16;hip-wave=64 (64 operations; order redline -> vulkan -> hipgraph -> hip)
  redline      2.2237 us/op correctness=true mismatches=0
  vulkan       1.4256 us/op correctness=true mismatches=0
  hipgraph    12.8663 us/op correctness=true mismatches=0
  hip         11.9057 us/op correctness=true mismatches=0
[70/133] independent_throughput/packed-dot/variant=q4-scalar,n=4096,body=16;hip-wave=32 (64 operations; order vulkan -> hipgraph -> hip -> redline)
  vulkan       2.4300 us/op correctness=true mismatches=0
  hipgraph    13.3863 us/op correctness=true mismatches=0
  hip         12.0425 us/op correctness=true mismatches=0
  redline      1.5388 us/op correctness=true mismatches=0
[71/133] independent_throughput/vopd/variant=independent-fma,n=32768,body=64;hip-wave=64 (32 operations; order hipgraph -> hip -> redline -> vulkan)
  hipgraph    33.9101 us/op correctness=true mismatches=0
  hip         28.3876 us/op correctness=true mismatches=0
  redline      4.1650 us/op correctness=true mismatches=0
  vulkan       4.0637 us/op correctness=true mismatches=0
[72/133] independent_throughput/vopd/variant=dependent-fma,n=32768,body=64;hip-wave=64 (32 operations; order hip -> redline -> vulkan -> hipgraph)
  hip         29.3888 us/op correctness=true mismatches=0
  redline      3.5612 us/op correctness=true mismatches=0
  vulkan       4.0125 us/op correctness=true mismatches=0
  hipgraph    33.1626 us/op correctness=true mismatches=0
[73/133] independent_throughput/vopd/variant=mixed-int-float,n=32768,body=64;hip-wave=64 (32 operations; order redline -> vulkan -> hipgraph -> hip)
  redline      9.4563 us/op correctness=true mismatches=0
  vulkan       7.4725 us/op correctness=true mismatches=0
  hipgraph    35.6988 us/op correctness=true mismatches=0
  hip         31.3651 us/op correctness=true mismatches=0
[74/133] independent_throughput/vopd/variant=dequant-like,n=32768,body=64;hip-wave=64 (32 operations; order vulkan -> hipgraph -> hip -> redline)
  vulkan       6.6450 us/op correctness=true mismatches=0
  hipgraph    35.3413 us/op correctness=true mismatches=0
  hip         29.2326 us/op correctness=true mismatches=0
  redline      7.8863 us/op correctness=true mismatches=0
[75/133] independent_throughput/sampler/argmax,vocab=32768,rows=1;hip-wave=64 (64 operations; order hipgraph -> hip -> redline -> vulkan)
  hipgraph    18.8888 us/op correctness=true mismatches=0
  hip         17.3988 us/op correctness=true mismatches=0
  redline      0.4225 us/op correctness=true mismatches=0
  vulkan       1.9331 us/op correctness=true mismatches=0
[76/133] independent_throughput/sampler/argmax,vocab=32768,rows=4;hip-wave=64 (64 operations; order hip -> redline -> vulkan -> hipgraph)
  hip         17.3100 us/op correctness=true mismatches=0
  redline      0.4381 us/op correctness=true mismatches=0
  vulkan       1.9412 us/op correctness=true mismatches=0
  hipgraph    18.9263 us/op correctness=true mismatches=0
[77/133] independent_throughput/sampler/argmax,vocab=131072,rows=1;hip-wave=64 (64 operations; order redline -> vulkan -> hipgraph -> hip)
  redline      1.5200 us/op correctness=true mismatches=0
  vulkan       4.8937 us/op correctness=true mismatches=0
  hipgraph    50.3495 us/op correctness=true mismatches=0
  hip         48.9095 us/op correctness=true mismatches=0
[78/133] independent_throughput/sampler/argmax,vocab=131072,rows=4;hip-wave=64 (64 operations; order vulkan -> hipgraph -> hip -> redline)
  vulkan       4.8294 us/op correctness=true mismatches=0
  hipgraph    50.5520 us/op correctness=true mismatches=0
  hip         48.5420 us/op correctness=true mismatches=0
  redline      1.5706 us/op correctness=true mismatches=0
[79/133] independent_throughput/two-stage-reduction/k=8192,rows=4,splits=2;hip-wave=64 (64 operations; order hipgraph -> hip -> redline -> vulkan)
  hipgraph    20.3632 us/op correctness=true mismatches=0
  hip         19.7813 us/op correctness=true mismatches=0
  redline      4.5325 us/op correctness=true mismatches=0
  vulkan       6.5687 us/op correctness=true mismatches=0
[80/133] independent_throughput/two-stage-reduction/k=32768,rows=4,splits=8;hip-wave=64 (32 operations; order hip -> redline -> vulkan -> hipgraph)
  hip         22.8813 us/op correctness=true mismatches=0
  redline      5.5637 us/op correctness=true mismatches=0
  vulkan       7.2800 us/op correctness=true mismatches=0
  hipgraph    24.9201 us/op correctness=true mismatches=0
[81/133] independent_throughput/q4-selected-dual/m=512,k=768,tile=2;hip-wave=64 (32 operations; order redline -> vulkan -> hipgraph -> hip)
  redline      0.6075 us/op correctness=true mismatches=0
  vulkan       2.0275 us/op correctness=true mismatches=0
  hipgraph    19.2776 us/op correctness=true mismatches=0
  hip         16.7801 us/op correctness=true mismatches=0
[82/133] independent_throughput/q4-selected-dual/m=2048,k=2048,tile=2;hip-wave=64 (32 operations; order vulkan -> hipgraph -> hip -> redline)
  vulkan       3.8312 us/op correctness=true mismatches=0
  hipgraph    45.9476 us/op correctness=true mismatches=0
  hip         41.3901 us/op correctness=true mismatches=0
  redline      2.6763 us/op correctness=true mismatches=0
[83/133] independent_throughput/q4-selected-dual/m=4096,k=8192,tile=2;hip-wave=64 (16 operations; order hipgraph -> hip -> redline -> vulkan)
  hipgraph   207.2131 us/op correctness=true mismatches=0
  hip        199.7330 us/op correctness=true mismatches=0
  redline     20.7200 us/op correctness=true mismatches=0
  vulkan      31.1500 us/op correctness=true mismatches=0
[84/133] independent_throughput/q6-x8-selected-down/m=512,k=2048,tile=8;hip-wave=64 (32 operations; order hip -> redline -> vulkan -> hipgraph)
  hip         17.0601 us/op correctness=true mismatches=0
  redline      0.8612 us/op correctness=true mismatches=0
  vulkan       3.4100 us/op correctness=true mismatches=0
  hipgraph    18.5800 us/op correctness=true mismatches=0
[85/133] independent_throughput/q6-x8-selected-down/m=2048,k=4096,tile=8;hip-wave=64 (32 operations; order redline -> vulkan -> hipgraph -> hip)
  redline      3.5612 us/op correctness=true mismatches=0
  vulkan       6.0912 us/op correctness=true mismatches=0
  hipgraph    48.6139 us/op correctness=true mismatches=0
  hip         44.4001 us/op correctness=true mismatches=0
[86/133] independent_throughput/q6-x8-selected-down/m=4096,k=8192,tile=8;hip-wave=64 (16 operations; order vulkan -> hipgraph -> hip -> redline)
  vulkan      25.0950 us/op correctness=true mismatches=0
  hipgraph    92.8577 us/op correctness=true mismatches=0
  hip         83.4702 us/op correctness=true mismatches=0
  redline     18.2675 us/op correctness=true mismatches=0
[87/133] independent_throughput/dense-q8/m=512,k=768,tile=4;hip-wave=64 (32 operations; order hipgraph -> hip -> redline -> vulkan)
  hipgraph    18.6888 us/op correctness=true mismatches=0
  hip         16.1450 us/op correctness=true mismatches=0
  redline      0.4575 us/op correctness=true mismatches=0
  vulkan       2.1500 us/op correctness=true mismatches=0
[88/133] independent_throughput/dense-q8/m=2048,k=2048,tile=4;hip-wave=64 (32 operations; order hip -> redline -> vulkan -> hipgraph)
  hip         37.4551 us/op correctness=true mismatches=0
  redline      1.9812 us/op correctness=true mismatches=0
  vulkan       3.3087 us/op correctness=true mismatches=0
  hipgraph    41.6876 us/op correctness=true mismatches=0
[89/133] independent_throughput/dense-q8/m=2048,k=8192,tile=4;hip-wave=64 (16 operations; order redline -> vulkan -> hipgraph -> hip)
  redline      8.5450 us/op correctness=true mismatches=0
  vulkan      12.3650 us/op correctness=true mismatches=0
  hipgraph    60.5551 us/op correctness=true mismatches=0
  hip         53.2477 us/op correctness=true mismatches=0
[90/133] independent_throughput/dense-q8/m=4096,k=8192,tile=4;hip-wave=64 (16 operations; order vulkan -> hipgraph -> hip -> redline)
  vulkan      24.3050 us/op correctness=true mismatches=0
  hipgraph   110.2178 us/op correctness=true mismatches=0
  hip        101.1152 us/op correctness=true mismatches=0
  redline     18.4700 us/op correctness=true mismatches=0
[91/133] single_kernel_aggressive/dispatch-grid/count=1,grid=1;hip-wave=64 (1 operations; order hipgraph -> hip -> redline -> vulkan)
  hipgraph    12.6800 us/op correctness=true mismatches=0
  hip          7.1600 us/op correctness=true mismatches=0
  redline      2.4400 us/op correctness=true mismatches=0
  vulkan       4.2400 us/op correctness=true mismatches=0
[92/133] single_kernel_aggressive/dispatch-grid/count=50,grid=1;hip-wave=64 (1 operations; order hip -> redline -> vulkan -> hipgraph)
  hip          7.1200 us/op correctness=true mismatches=0
  redline      2.5200 us/op correctness=true mismatches=0
  vulkan       4.2400 us/op correctness=true mismatches=0
  hipgraph    12.7600 us/op correctness=true mismatches=0
[93/133] single_kernel_aggressive/dispatch-grid/count=200,grid=1;hip-wave=64 (1 operations; order redline -> vulkan -> hipgraph -> hip)
  redline      2.5600 us/op correctness=true mismatches=0
  vulkan       4.2400 us/op correctness=true mismatches=0
  hipgraph    12.6000 us/op correctness=true mismatches=0
  hip          7.2000 us/op correctness=true mismatches=0
[94/133] single_kernel_aggressive/dispatch-grid/count=941,grid=1;hip-wave=64 (1 operations; order vulkan -> hipgraph -> hip -> redline)
  vulkan       4.3200 us/op correctness=true mismatches=0
  hipgraph    12.7200 us/op correctness=true mismatches=0
  hip          7.2000 us/op correctness=true mismatches=0
  redline      2.4800 us/op correctness=true mismatches=0
[95/133] single_kernel_aggressive/dispatch-grid/count=64,grid=128;hip-wave=64 (1 operations; order hipgraph -> hip -> redline -> vulkan)
  hipgraph    31.6810 us/op correctness=true mismatches=0
  hip         26.0800 us/op correctness=true mismatches=0
  redline      3.8000 us/op correctness=true mismatches=0
  vulkan       4.3600 us/op correctness=true mismatches=0
[96/133] single_kernel_aggressive/dispatch-grid/count=64,grid=1024;hip-wave=64 (1 operations; order hip -> redline -> vulkan -> hipgraph)
  hip        160.8800 us/op correctness=true mismatches=0
  redline      4.2400 us/op correctness=true mismatches=0
  vulkan       5.0000 us/op correctness=true mismatches=0
  hipgraph   166.2410 us/op correctness=true mismatches=0
[97/133] single_kernel_aggressive/dispatch-grid/count=64,grid=8192;hip-wave=64 (1 operations; order redline -> vulkan -> hipgraph -> hip)
  redline     10.0800 us/op correctness=true mismatches=0
  vulkan       9.2800 us/op correctness=true mismatches=0
  hipgraph  1240.2430 us/op correctness=true mismatches=0
  hip       1235.5241 us/op correctness=true mismatches=0
[98/133] single_kernel_aggressive/geometry/k=512,rows=1,wg=256;hip-wave=32 (1 operations; order vulkan -> hipgraph -> hip -> redline)
  vulkan      11.6800 us/op correctness=true mismatches=0
  hipgraph    26.6000 us/op correctness=true mismatches=0
  hip         20.3600 us/op correctness=true mismatches=0
  redline      8.3600 us/op correctness=true mismatches=0
[99/133] single_kernel_aggressive/geometry/k=512,rows=4,wg=256;hip-wave=32 (1 operations; order hipgraph -> hip -> redline -> vulkan)
  hipgraph    18.5200 us/op correctness=true mismatches=0
  hip         13.1200 us/op correctness=true mismatches=0
  redline      8.4800 us/op correctness=true mismatches=0
  vulkan      11.6000 us/op correctness=true mismatches=0
[100/133] single_kernel_aggressive/geometry/k=2048,rows=1,wg=256;hip-wave=32 (1 operations; order hip -> redline -> vulkan -> hipgraph)
  hip         28.4800 us/op correctness=true mismatches=0
  redline     23.6800 us/op correctness=true mismatches=0
  vulkan      30.8400 us/op correctness=true mismatches=0
  hipgraph    34.1200 us/op correctness=true mismatches=0
[101/133] single_kernel_aggressive/geometry/k=2048,rows=4,wg=256;hip-wave=32 (1 operations; order redline -> vulkan -> hipgraph -> hip)
  redline     23.8000 us/op correctness=true mismatches=0
  vulkan      30.6400 us/op correctness=true mismatches=0
  hipgraph    33.8800 us/op correctness=true mismatches=0
  hip         28.2400 us/op correctness=true mismatches=0
[102/133] single_kernel_aggressive/reduction/variant=wave,k=8192,rows=1;hip-wave=32 (1 operations; order vulkan -> hipgraph -> hip -> redline)
  vulkan      78.8800 us/op correctness=true mismatches=0
  hipgraph    77.1610 us/op correctness=true mismatches=0
  hip         73.7210 us/op correctness=true mismatches=0
  redline     67.8000 us/op correctness=true mismatches=0
[103/133] single_kernel_aggressive/reduction/variant=wave,k=8192,rows=4;hip-wave=32 (1 operations; order hipgraph -> hip -> redline -> vulkan)
  hipgraph    79.1600 us/op correctness=true mismatches=0
  hip         73.9200 us/op correctness=true mismatches=0
  redline     69.4000 us/op correctness=true mismatches=0
  vulkan      80.8800 us/op correctness=true mismatches=0
[104/133] single_kernel_aggressive/reduction/variant=lds-tree,k=8192,rows=1;hip-wave=32 (1 operations; order hip -> redline -> vulkan -> hipgraph)
  hip         72.0000 us/op correctness=true mismatches=0
  redline     67.4400 us/op correctness=true mismatches=0
  vulkan      80.3600 us/op correctness=true mismatches=0
  hipgraph    79.8000 us/op correctness=true mismatches=0
[105/133] single_kernel_aggressive/reduction/variant=lds-tree,k=8192,rows=4;hip-wave=32 (1 operations; order redline -> vulkan -> hipgraph -> hip)
  redline     69.1200 us/op correctness=true mismatches=0
  vulkan      80.3600 us/op correctness=true mismatches=0
  hipgraph    79.6810 us/op correctness=true mismatches=0
  hip         72.0000 us/op correctness=true mismatches=0
[106/133] single_kernel_aggressive/memory-waitcnt/variant=coalesced4,n=4096,body=16;hip-wave=64 (1 operations; order vulkan -> hipgraph -> hip -> redline)
  vulkan       7.2000 us/op correctness=true mismatches=0
  hipgraph    15.9200 us/op correctness=true mismatches=0
  hip         10.2400 us/op correctness=true mismatches=0
  redline      6.2400 us/op correctness=true mismatches=0
[107/133] single_kernel_aggressive/memory-waitcnt/variant=coalesced4,n=32768,body=16;hip-wave=64 (1 operations; order hipgraph -> hip -> redline -> vulkan)
  hipgraph    31.9600 us/op correctness=true mismatches=0
  hip         26.2400 us/op correctness=true mismatches=0
  redline      7.7600 us/op correctness=true mismatches=0
  vulkan       8.8800 us/op correctness=true mismatches=0
[108/133] single_kernel_aggressive/memory-waitcnt/variant=gather,n=4096,body=16;hip-wave=64 (1 operations; order hip -> redline -> vulkan -> hipgraph)
  hip         11.8800 us/op correctness=true mismatches=0
  redline      7.6400 us/op correctness=true mismatches=0
  vulkan       8.7600 us/op correctness=true mismatches=0
  hipgraph    17.7200 us/op correctness=true mismatches=0
[109/133] single_kernel_aggressive/memory-waitcnt/variant=gather,n=32768,body=16;hip-wave=64 (1 operations; order redline -> vulkan -> hipgraph -> hip)
  redline     13.4000 us/op correctness=true mismatches=0
  vulkan      13.2800 us/op correctness=true mismatches=0
  hipgraph    32.5200 us/op correctness=true mismatches=0
  hip         26.6400 us/op correctness=true mismatches=0
[110/133] single_kernel_aggressive/memory-waitcnt/variant=interleave4,n=4096,body=16;hip-wave=64 (1 operations; order vulkan -> hipgraph -> hip -> redline)
  vulkan       7.4800 us/op correctness=true mismatches=0
  hipgraph    15.9600 us/op correctness=true mismatches=0
  hip         10.1600 us/op correctness=true mismatches=0
  redline      6.1600 us/op correctness=true mismatches=0
[111/133] single_kernel_aggressive/memory-waitcnt/variant=interleave4,n=32768,body=16;hip-wave=64 (1 operations; order hipgraph -> hip -> redline -> vulkan)
  hipgraph    31.9200 us/op correctness=true mismatches=0
  hip         26.4400 us/op correctness=true mismatches=0
  redline      9.6400 us/op correctness=true mismatches=0
  vulkan       9.0000 us/op correctness=true mismatches=0
[112/133] single_kernel_aggressive/packed-dot/variant=q8-signed,n=4096,body=16;hip-wave=64 (1 operations; order hip -> redline -> vulkan -> hipgraph)
  hip         11.3600 us/op correctness=true mismatches=0
  redline      7.0800 us/op correctness=true mismatches=0
  vulkan       7.9200 us/op correctness=true mismatches=0
  hipgraph    17.1200 us/op correctness=true mismatches=0
[113/133] single_kernel_aggressive/packed-dot/variant=q4-unsigned,n=4096,body=16;hip-wave=64 (1 operations; order redline -> vulkan -> hipgraph -> hip)
  redline      7.1200 us/op correctness=true mismatches=0
  vulkan       7.8800 us/op correctness=true mismatches=0
  hipgraph    17.0400 us/op correctness=true mismatches=0
  hip         11.3200 us/op correctness=true mismatches=0
[114/133] single_kernel_aggressive/packed-dot/variant=q6-zero,n=4096,body=16;hip-wave=64 (1 operations; order vulkan -> hipgraph -> hip -> redline)
  vulkan       8.2000 us/op correctness=true mismatches=0
  hipgraph    16.8000 us/op correctness=true mismatches=0
  hip         11.2800 us/op correctness=true mismatches=0
  redline      7.2800 us/op correctness=true mismatches=0
[115/133] single_kernel_aggressive/packed-dot/variant=q4-scalar,n=4096,body=16;hip-wave=32 (1 operations; order hipgraph -> hip -> redline -> vulkan)
  hipgraph    16.8400 us/op correctness=true mismatches=0
  hip         11.4400 us/op correctness=true mismatches=0
  redline      7.4400 us/op correctness=true mismatches=0
  vulkan      11.4800 us/op correctness=true mismatches=0
[116/133] single_kernel_aggressive/vopd/variant=independent-fma,n=32768,body=64;hip-wave=64 (1 operations; order hip -> redline -> vulkan -> hipgraph)
  hip         28.0000 us/op correctness=true mismatches=0
  redline      8.3600 us/op correctness=true mismatches=0
  vulkan       7.7600 us/op correctness=true mismatches=0
  hipgraph    34.1200 us/op correctness=true mismatches=0
[117/133] single_kernel_aggressive/vopd/variant=dependent-fma,n=32768,body=64;hip-wave=64 (1 operations; order redline -> vulkan -> hipgraph -> hip)
  redline      7.3600 us/op correctness=true mismatches=0
  vulkan       7.8400 us/op correctness=true mismatches=0
  hipgraph    34.0000 us/op correctness=true mismatches=0
  hip         28.3200 us/op correctness=true mismatches=0
[118/133] single_kernel_aggressive/vopd/variant=mixed-int-float,n=32768,body=64;hip-wave=64 (1 operations; order vulkan -> hipgraph -> hip -> redline)
  vulkan      11.1600 us/op correctness=true mismatches=0
  hipgraph    35.9600 us/op correctness=true mismatches=0
  hip         30.5200 us/op correctness=true mismatches=0
  redline     14.1200 us/op correctness=true mismatches=0
[119/133] single_kernel_aggressive/vopd/variant=dequant-like,n=32768,body=64;hip-wave=64 (1 operations; order hipgraph -> hip -> redline -> vulkan)
  hipgraph    34.9610 us/op correctness=true mismatches=0
  hip         29.3200 us/op correctness=true mismatches=0
  redline     12.4800 us/op correctness=true mismatches=0
  vulkan      10.4400 us/op correctness=true mismatches=0
[120/133] single_kernel_aggressive/sampler/argmax,vocab=32768,rows=1;hip-wave=64 (1 operations; order hip -> redline -> vulkan -> hipgraph)
  hip         31.4800 us/op correctness=true mismatches=0
  redline     26.7600 us/op correctness=true mismatches=0
  vulkan      27.8800 us/op correctness=true mismatches=0
  hipgraph    37.2800 us/op correctness=true mismatches=0
[121/133] single_kernel_aggressive/sampler/argmax,vocab=32768,rows=4;hip-wave=64 (1 operations; order redline -> vulkan -> hipgraph -> hip)
  redline     26.4000 us/op correctness=true mismatches=0
  vulkan      27.6400 us/op correctness=true mismatches=0
  hipgraph    37.1200 us/op correctness=true mismatches=0
  hip         31.2800 us/op correctness=true mismatches=0
[122/133] single_kernel_aggressive/sampler/argmax,vocab=131072,rows=1;hip-wave=64 (1 operations; order vulkan -> hipgraph -> hip -> redline)
  vulkan      96.4800 us/op correctness=true mismatches=0
  hipgraph   106.2010 us/op correctness=true mismatches=0
  hip        103.2000 us/op correctness=true mismatches=0
  redline     96.0800 us/op correctness=true mismatches=0
[123/133] single_kernel_aggressive/sampler/argmax,vocab=131072,rows=4;hip-wave=64 (1 operations; order hipgraph -> hip -> redline -> vulkan)
  hipgraph   106.8000 us/op correctness=true mismatches=0
  hip        101.0010 us/op correctness=true mismatches=0
  redline     95.9600 us/op correctness=true mismatches=0
  vulkan      95.5200 us/op correctness=true mismatches=0
[124/133] single_kernel_aggressive/q4-selected-dual/m=512,k=768,tile=2;hip-wave=64 (1 operations; order hip -> redline -> vulkan -> hipgraph)
  hip         15.1600 us/op correctness=true mismatches=0
  redline      5.2800 us/op correctness=true mismatches=0
  vulkan       7.4000 us/op correctness=true mismatches=0
  hipgraph    20.5600 us/op correctness=true mismatches=0
[125/133] single_kernel_aggressive/q4-selected-dual/m=2048,k=2048,tile=2;hip-wave=64 (1 operations; order redline -> vulkan -> hipgraph -> hip)
  redline      7.9600 us/op correctness=true mismatches=0
  vulkan      12.0400 us/op correctness=true mismatches=0
  hipgraph    46.6400 us/op correctness=true mismatches=0
  hip         41.1610 us/op correctness=true mismatches=0
[126/133] single_kernel_aggressive/q4-selected-dual/m=4096,k=8192,tile=2;hip-wave=64 (1 operations; order vulkan -> hipgraph -> hip -> redline)
  vulkan      43.7200 us/op correctness=true mismatches=0
  hipgraph   202.7600 us/op correctness=true mismatches=0
  hip        197.1610 us/op correctness=true mismatches=0
  redline     36.0400 us/op correctness=true mismatches=0
[127/133] single_kernel_aggressive/q6-x8-selected-down/m=512,k=2048,tile=8;hip-wave=64 (1 operations; order hipgraph -> hip -> redline -> vulkan)
  hipgraph    25.2000 us/op correctness=true mismatches=0
  hip         19.3200 us/op correctness=true mismatches=0
  redline     15.5200 us/op correctness=true mismatches=0
  vulkan      27.4800 us/op correctness=true mismatches=0
[128/133] single_kernel_aggressive/q6-x8-selected-down/m=2048,k=4096,tile=8;hip-wave=64 (1 operations; order hip -> redline -> vulkan -> hipgraph)
  hip         51.5200 us/op correctness=true mismatches=0
  redline     27.0800 us/op correctness=true mismatches=0
  vulkan      47.9200 us/op correctness=true mismatches=0
  hipgraph    57.2000 us/op correctness=true mismatches=0
[129/133] single_kernel_aggressive/q6-x8-selected-down/m=4096,k=8192,tile=8;hip-wave=64 (1 operations; order redline -> vulkan -> hipgraph -> hip)
  redline     53.4000 us/op correctness=true mismatches=0
  vulkan      98.0800 us/op correctness=true mismatches=0
  hipgraph    93.3200 us/op correctness=true mismatches=0
  hip         87.7600 us/op correctness=true mismatches=0
[130/133] single_kernel_aggressive/dense-q8/m=512,k=768,tile=4;hip-wave=64 (1 operations; order vulkan -> hipgraph -> hip -> redline)
  vulkan       8.4000 us/op correctness=true mismatches=0
  hipgraph    20.8000 us/op correctness=true mismatches=0
  hip         15.0800 us/op correctness=true mismatches=0
  redline      6.2800 us/op correctness=true mismatches=0
[131/133] single_kernel_aggressive/dense-q8/m=2048,k=2048,tile=4;hip-wave=64 (1 operations; order hipgraph -> hip -> redline -> vulkan)
  hipgraph    43.9600 us/op correctness=true mismatches=0
  hip         38.5600 us/op correctness=true mismatches=0
  redline     10.0800 us/op correctness=true mismatches=0
  vulkan      14.8400 us/op correctness=true mismatches=0
[132/133] single_kernel_aggressive/dense-q8/m=2048,k=8192,tile=4;hip-wave=64 (1 operations; order hip -> redline -> vulkan -> hipgraph)
  hip         53.8000 us/op correctness=true mismatches=0
  redline     26.5600 us/op correctness=true mismatches=0
  vulkan      48.6000 us/op correctness=true mismatches=0
  hipgraph    60.2000 us/op correctness=true mismatches=0
[133/133] single_kernel_aggressive/dense-q8/m=4096,k=8192,tile=4;hip-wave=64 (1 operations; order redline -> vulkan -> hipgraph -> hip)
  redline     32.1600 us/op correctness=true mismatches=0
  vulkan      55.7600 us/op correctness=true mismatches=0
  hipgraph   108.4000 us/op correctness=true mismatches=0
  hip        103.0000 us/op correctness=true mismatches=0
wrote results/gfx1201/2026-07-12-wave-policy-comparison/rep1-blanket64/results.json
wrote results/gfx1201/2026-07-12-wave-policy-comparison/rep1-blanket64/REPORT.md
Redline wins 92/133 (69.17%). Four-way placements: 1st 92, 2nd 40, 3rd 1, 4th 0.
