initializing Hipfire HIP bridge
initializing Redline retained-PM4 backend
initializing RADV Vulkan backend
[1/12] serial_latency/vopd/variant=independent-fma,n=32768,body=64;hip-wave=32 (32 operations; order redline -> vulkan -> hipgraph -> hip)
  redline     13.5875 us/op correctness=true mismatches=0
  vulkan       9.1550 us/op correctness=true mismatches=0
  hipgraph    50.3625 us/op correctness=true mismatches=0
  hip         50.8587 us/op correctness=true mismatches=0
[2/12] serial_latency/vopd/variant=dependent-fma,n=32768,body=64;hip-wave=64 (32 operations; order vulkan -> hipgraph -> hip -> redline)
  vulkan       9.3112 us/op correctness=true mismatches=0
  hipgraph    47.8712 us/op correctness=true mismatches=0
  hip         47.7112 us/op correctness=true mismatches=0
  redline     11.4750 us/op correctness=true mismatches=0
[3/12] serial_latency/vopd/variant=mixed-int-float,n=32768,body=64;hip-wave=32 (32 operations; order hipgraph -> hip -> redline -> vulkan)
  hipgraph    56.2962 us/op correctness=true mismatches=0
  hip         56.6749 us/op correctness=true mismatches=0
  redline     28.3438 us/op correctness=true mismatches=0
  vulkan      16.6575 us/op correctness=true mismatches=0
[4/12] serial_latency/vopd/variant=dequant-like,n=32768,body=64;hip-wave=32 (32 operations; order hip -> redline -> vulkan -> hipgraph)
  hip         53.9737 us/op correctness=true mismatches=0
  redline     24.3625 us/op correctness=true mismatches=0
  vulkan      15.0388 us/op correctness=true mismatches=0
  hipgraph    53.7349 us/op correctness=true mismatches=0
[5/12] independent_throughput/vopd/variant=independent-fma,n=32768,body=64;hip-wave=32 (32 operations; order redline -> vulkan -> hipgraph -> hip)
  redline      9.5512 us/op correctness=true mismatches=0
  vulkan       7.6075 us/op correctness=true mismatches=0
  hipgraph    55.7774 us/op correctness=true mismatches=0
  hip         53.5724 us/op correctness=true mismatches=0
[6/12] independent_throughput/vopd/variant=dependent-fma,n=32768,body=64;hip-wave=64 (32 operations; order vulkan -> hipgraph -> hip -> redline)
  vulkan       7.5287 us/op correctness=true mismatches=0
  hipgraph    50.6924 us/op correctness=true mismatches=0
  hip         39.1824 us/op correctness=true mismatches=0
  redline      5.1700 us/op correctness=true mismatches=0
[7/12] independent_throughput/vopd/variant=mixed-int-float,n=32768,body=64;hip-wave=32 (32 operations; order hipgraph -> hip -> redline -> vulkan)
  hipgraph    44.5312 us/op correctness=true mismatches=0
  hip         34.9312 us/op correctness=true mismatches=0
  redline     10.8338 us/op correctness=true mismatches=0
  vulkan       7.5088 us/op correctness=true mismatches=0
[8/12] independent_throughput/vopd/variant=dequant-like,n=32768,body=64;hip-wave=32 (32 operations; order hip -> redline -> vulkan -> hipgraph)
  hip         31.5974 us/op correctness=true mismatches=0
  redline      8.5125 us/op correctness=true mismatches=0
  vulkan       6.5187 us/op correctness=true mismatches=0
  hipgraph    37.6437 us/op correctness=true mismatches=0
[9/12] single_kernel_aggressive/vopd/variant=independent-fma,n=32768,body=64;hip-wave=32 (1 operations; order redline -> vulkan -> hipgraph -> hip)
  redline      8.7200 us/op correctness=true mismatches=0
  vulkan       8.2400 us/op correctness=true mismatches=0
  hipgraph    35.7200 us/op correctness=true mismatches=0
  hip         29.9600 us/op correctness=true mismatches=0
[10/12] single_kernel_aggressive/vopd/variant=dependent-fma,n=32768,body=64;hip-wave=64 (1 operations; order vulkan -> hipgraph -> hip -> redline)
  vulkan       8.2400 us/op correctness=true mismatches=0
  hipgraph    34.2800 us/op correctness=true mismatches=0
  hip         28.3200 us/op correctness=true mismatches=0
  redline      8.0800 us/op correctness=true mismatches=0
[11/12] single_kernel_aggressive/vopd/variant=mixed-int-float,n=32768,body=64;hip-wave=32 (1 operations; order hipgraph -> hip -> redline -> vulkan)
  hipgraph    38.4800 us/op correctness=true mismatches=0
  hip         32.7200 us/op correctness=true mismatches=0
  redline     16.1200 us/op correctness=true mismatches=0
  vulkan      11.7200 us/op correctness=true mismatches=0
[12/12] single_kernel_aggressive/vopd/variant=dequant-like,n=32768,body=64;hip-wave=32 (1 operations; order hip -> redline -> vulkan -> hipgraph)
  hip         31.4400 us/op correctness=true mismatches=0
  redline     14.4400 us/op correctness=true mismatches=0
  vulkan      10.9600 us/op correctness=true mismatches=0
  hipgraph    36.8800 us/op correctness=true mismatches=0
wrote results/gfx1201/2026-07-13-radiowave-all-losers/vopd-default/results.json
wrote results/gfx1201/2026-07-13-radiowave-all-losers/vopd-default/REPORT.md
Redline wins 2/12 (16.67%). Four-way placements: 1st 2, 2nd 10, 3rd 0, 4th 0.
