initializing Hipfire HIP bridge
initializing Redline retained-PM4 backend
initializing RADV Vulkan backend
[1/6] serial_latency/memory-waitcnt/variant=coalesced4,n=4096,body=16;hip-wave=32 (64 operations; order redline -> vulkan -> hipgraph -> hip)
  redline      6.7244 us/op correctness=true mismatches=0
  vulkan       6.0438 us/op correctness=true mismatches=0
  hipgraph     8.6106 us/op correctness=true mismatches=0
  hip          9.0494 us/op correctness=true mismatches=0
[2/6] serial_latency/memory-waitcnt/variant=coalesced4,n=32768,body=16;hip-wave=32 (32 operations; order vulkan -> hipgraph -> hip -> redline)
  vulkan       6.7862 us/op correctness=true mismatches=0
  hipgraph    45.6575 us/op correctness=true mismatches=0
  hip         45.6450 us/op correctness=true mismatches=0
  redline      7.6712 us/op correctness=true mismatches=0
[3/6] independent_throughput/memory-waitcnt/variant=coalesced4,n=4096,body=16;hip-wave=32 (64 operations; order hipgraph -> hip -> redline -> vulkan)
  hipgraph    16.0875 us/op correctness=true mismatches=0
  hip         14.9487 us/op correctness=true mismatches=0
  redline      0.5156 us/op correctness=true mismatches=0
  vulkan       1.1562 us/op correctness=true mismatches=0
[4/6] independent_throughput/memory-waitcnt/variant=coalesced4,n=32768,body=16;hip-wave=32 (32 operations; order hip -> redline -> vulkan -> hipgraph)
  hip         60.0750 us/op correctness=true mismatches=0
  redline      3.3375 us/op correctness=true mismatches=0
  vulkan       3.2188 us/op correctness=true mismatches=0
  hipgraph    47.2275 us/op correctness=true mismatches=0
[5/6] single_kernel_aggressive/memory-waitcnt/variant=coalesced4,n=4096,body=16;hip-wave=32 (1 operations; order redline -> vulkan -> hipgraph -> hip)
  redline      7.0400 us/op correctness=true mismatches=0
  vulkan      10.1200 us/op correctness=true mismatches=0
  hipgraph    18.1600 us/op correctness=true mismatches=0
  hip         11.6000 us/op correctness=true mismatches=0
[6/6] single_kernel_aggressive/memory-waitcnt/variant=coalesced4,n=32768,body=16;hip-wave=32 (1 operations; order vulkan -> hipgraph -> hip -> redline)
  vulkan      10.3200 us/op correctness=true mismatches=0
  hipgraph    40.3200 us/op correctness=true mismatches=0
  hip         32.6800 us/op correctness=true mismatches=0
  redline      7.8000 us/op correctness=true mismatches=0
wrote results/gfx1201/2026-07-13-radiowave-all-losers/coalesced-b128/results.json
wrote results/gfx1201/2026-07-13-radiowave-all-losers/coalesced-b128/REPORT.md
Redline wins 3/6 (50.00%). Four-way placements: 1st 3, 2nd 3, 3rd 0, 4th 0.
