initializing Hipfire HIP bridge
initializing Redline retained-PM4 backend
initializing RADV Vulkan backend
WARNING: radv is not a conformant Vulkan implementation, testing use only.
[1/133] serial_latency/dispatch-grid/count=1,grid=1;hip-wave=32 (1 operations; order redline -> vulkan -> hipgraph -> hip)
  redline      4.1600 us/op correctness=true mismatches=0
  vulkan       7.5200 us/op correctness=true mismatches=0
  hipgraph    34.3210 us/op correctness=true mismatches=0
  hip         25.9200 us/op correctness=true mismatches=0
[2/133] serial_latency/dispatch-grid/count=50,grid=1;hip-wave=32 (50 operations; order vulkan -> hipgraph -> hip -> redline)
  vulkan       1.2968 us/op correctness=true mismatches=0
  hipgraph    18.5449 us/op correctness=true mismatches=0
  hip         19.0089 us/op correctness=true mismatches=0
  redline      1.7448 us/op correctness=true mismatches=0
[3/133] serial_latency/dispatch-grid/count=200,grid=1;hip-wave=32 (200 operations; order hipgraph -> hip -> redline -> vulkan)
  hipgraph    18.5291 us/op correctness=true mismatches=0
  hip         18.9555 us/op correctness=true mismatches=0
  redline      1.6250 us/op correctness=true mismatches=0
  vulkan       1.0898 us/op correctness=true mismatches=0
[4/133] serial_latency/dispatch-grid/count=941,grid=1;hip-wave=32 (941 operations; order hip -> redline -> vulkan -> hipgraph)
  hip         18.9940 us/op correctness=true mismatches=0
  redline      1.6117 us/op correctness=true mismatches=0
  vulkan       1.0518 us/op correctness=true mismatches=0
  hipgraph    18.4479 us/op correctness=true mismatches=0
[5/133] serial_latency/dispatch-grid/count=64,grid=128;hip-wave=32 (64 operations; order redline -> vulkan -> hipgraph -> hip)
  redline      2.9731 us/op correctness=true mismatches=0
  vulkan       1.1775 us/op correctness=true mismatches=0
  hipgraph    44.1733 us/op correctness=true mismatches=0
  hip         44.8458 us/op correctness=true mismatches=0
[6/133] serial_latency/dispatch-grid/count=64,grid=1024;hip-wave=32 (64 operations; order vulkan -> hipgraph -> hip -> redline)
  vulkan       2.2462 us/op correctness=true mismatches=0
  hipgraph   329.3778 us/op correctness=true mismatches=0
  hip        329.9271 us/op correctness=true mismatches=0
  redline      3.8069 us/op correctness=true mismatches=0
[7/133] serial_latency/dispatch-grid/count=64,grid=8192;hip-wave=32 (64 operations; order hipgraph -> hip -> redline -> vulkan)
  hipgraph  1319.1574 us/op correctness=true mismatches=0
  hip       1310.4880 us/op correctness=true mismatches=0
  redline     10.1981 us/op correctness=true mismatches=0
  vulkan      11.2606 us/op correctness=true mismatches=0
[8/133] serial_latency/geometry/k=512,rows=1,wg=256;hip-wave=32 (64 operations; order hip -> redline -> vulkan -> hipgraph)
  hip         18.9863 us/op correctness=true mismatches=0
  redline     13.8519 us/op correctness=true mismatches=0
  vulkan      15.9038 us/op correctness=true mismatches=0
  hipgraph    18.2001 us/op correctness=true mismatches=0
[9/133] serial_latency/geometry/k=512,rows=4,wg=256;hip-wave=32 (64 operations; order redline -> vulkan -> hipgraph -> hip)
  redline     13.8688 us/op correctness=true mismatches=0
  vulkan      15.8238 us/op correctness=true mismatches=0
  hipgraph    15.6401 us/op correctness=true mismatches=0
  hip         16.1338 us/op correctness=true mismatches=0
[10/133] serial_latency/geometry/k=2048,rows=1,wg=256;hip-wave=32 (64 operations; order vulkan -> hipgraph -> hip -> redline)
  vulkan      55.6956 us/op correctness=true mismatches=0
  hipgraph    47.3371 us/op correctness=true mismatches=0
  hip         47.8440 us/op correctness=true mismatches=0
  redline     45.6056 us/op correctness=true mismatches=0
[11/133] serial_latency/geometry/k=2048,rows=4,wg=256;hip-wave=32 (64 operations; order hipgraph -> hip -> redline -> vulkan)
  hipgraph    47.4483 us/op correctness=true mismatches=0
  hip         47.9271 us/op correctness=true mismatches=0
  redline     45.5950 us/op correctness=true mismatches=0
  vulkan      55.4738 us/op correctness=true mismatches=0
[12/133] serial_latency/reduction/variant=wave,k=8192,rows=1;hip-wave=32 (64 operations; order hip -> redline -> vulkan -> hipgraph)
  hip        138.7100 us/op correctness=true mismatches=0
  redline    137.4150 us/op correctness=true mismatches=0
  vulkan     157.2719 us/op correctness=true mismatches=0
  hipgraph   134.5087 us/op correctness=true mismatches=0
[13/133] serial_latency/reduction/variant=wave,k=8192,rows=4;hip-wave=32 (64 operations; order redline -> vulkan -> hipgraph -> hip)
  redline    139.2363 us/op correctness=true mismatches=0
  vulkan     159.5650 us/op correctness=true mismatches=0
  hipgraph   140.1650 us/op correctness=true mismatches=0
  hip        140.5232 us/op correctness=true mismatches=0
[14/133] serial_latency/reduction/variant=lds-tree,k=8192,rows=1;hip-wave=32 (64 operations; order vulkan -> hipgraph -> hip -> redline)
  vulkan     157.7125 us/op correctness=true mismatches=0
  hipgraph   138.4231 us/op correctness=true mismatches=0
  hip        139.4669 us/op correctness=true mismatches=0
  redline    137.6156 us/op correctness=true mismatches=0
[15/133] serial_latency/reduction/variant=lds-tree,k=8192,rows=4;hip-wave=32 (64 operations; order hipgraph -> hip -> redline -> vulkan)
  hipgraph   140.7063 us/op correctness=true mismatches=0
  hip        140.3031 us/op correctness=true mismatches=0
  redline    139.9119 us/op correctness=true mismatches=0
  vulkan     160.5556 us/op correctness=true mismatches=0
[16/133] serial_latency/memory-waitcnt/variant=coalesced4,n=4096,body=16;hip-wave=32 (64 operations; order hip -> redline -> vulkan -> hipgraph)
  hip          9.0825 us/op correctness=true mismatches=0
  redline      7.3381 us/op correctness=true mismatches=0
  vulkan       6.1131 us/op correctness=true mismatches=0
  hipgraph     8.5900 us/op correctness=true mismatches=0
[17/133] serial_latency/memory-waitcnt/variant=coalesced4,n=32768,body=16;hip-wave=32 (32 operations; order redline -> vulkan -> hipgraph -> hip)
  redline      8.8287 us/op correctness=true mismatches=0
  vulkan       6.8075 us/op correctness=true mismatches=0
  hipgraph    44.3377 us/op correctness=true mismatches=0
  hip         45.3827 us/op correctness=true mismatches=0
[18/133] serial_latency/memory-waitcnt/variant=gather,n=4096,body=16;hip-wave=32 (64 operations; order vulkan -> hipgraph -> hip -> redline)
  vulkan       9.3106 us/op correctness=true mismatches=0
  hipgraph    11.7169 us/op correctness=true mismatches=0
  hip         12.1682 us/op correctness=true mismatches=0
  redline     10.3619 us/op correctness=true mismatches=0
[19/133] serial_latency/memory-waitcnt/variant=gather,n=32768,body=16;hip-wave=32 (32 operations; order hipgraph -> hip -> redline -> vulkan)
  hipgraph    45.2765 us/op correctness=true mismatches=0
  hip         45.6777 us/op correctness=true mismatches=0
  redline     23.1500 us/op correctness=true mismatches=0
  vulkan      18.7475 us/op correctness=true mismatches=0
[20/133] serial_latency/memory-waitcnt/variant=interleave4,n=4096,body=16;hip-wave=32 (64 operations; order hip -> redline -> vulkan -> hipgraph)
  hip          9.1432 us/op correctness=true mismatches=0
  redline      7.5488 us/op correctness=true mismatches=0
  vulkan       6.3194 us/op correctness=true mismatches=0
  hipgraph     8.6625 us/op correctness=true mismatches=0
[21/133] serial_latency/memory-waitcnt/variant=interleave4,n=32768,body=16;hip-wave=32 (32 operations; order redline -> vulkan -> hipgraph -> hip)
  redline     16.0637 us/op correctness=true mismatches=0
  vulkan       9.8825 us/op correctness=true mismatches=0
  hipgraph    49.7928 us/op correctness=true mismatches=0
  hip         49.3565 us/op correctness=true mismatches=0
[22/133] serial_latency/packed-dot/variant=q8-signed,n=4096,body=16;hip-wave=32 (64 operations; order vulkan -> hipgraph -> hip -> redline)
  vulkan       7.4656 us/op correctness=true mismatches=0
  hipgraph    10.6263 us/op correctness=true mismatches=0
  hip         11.1857 us/op correctness=true mismatches=0
  redline      9.5081 us/op correctness=true mismatches=0
[23/133] serial_latency/packed-dot/variant=q4-unsigned,n=4096,body=16;hip-wave=32 (64 operations; order hipgraph -> hip -> redline -> vulkan)
  hipgraph    10.8307 us/op correctness=true mismatches=0
  hip         11.3163 us/op correctness=true mismatches=0
  redline      9.6869 us/op correctness=true mismatches=0
  vulkan       7.5781 us/op correctness=true mismatches=0
[24/133] serial_latency/packed-dot/variant=q6-zero,n=4096,body=16;hip-wave=32 (64 operations; order hip -> redline -> vulkan -> hipgraph)
  hip         11.4563 us/op correctness=true mismatches=0
  redline      9.8287 us/op correctness=true mismatches=0
  vulkan       7.9594 us/op correctness=true mismatches=0
  hipgraph    10.9600 us/op correctness=true mismatches=0
[25/133] serial_latency/packed-dot/variant=q4-scalar,n=4096,body=16;hip-wave=32 (64 operations; order redline -> vulkan -> hipgraph -> hip)
  redline     10.9675 us/op correctness=true mismatches=0
  vulkan      14.0556 us/op correctness=true mismatches=0
  hipgraph    12.1238 us/op correctness=true mismatches=0
  hip         12.6088 us/op correctness=true mismatches=0
[26/133] serial_latency/vopd/variant=independent-fma,n=32768,body=64;hip-wave=32 (32 operations; order vulkan -> hipgraph -> hip -> redline)
  vulkan       9.0013 us/op correctness=true mismatches=0
  hipgraph    49.4940 us/op correctness=true mismatches=0
  hip         49.8427 us/op correctness=true mismatches=0
  redline     13.3187 us/op correctness=true mismatches=0
[27/133] serial_latency/vopd/variant=dependent-fma,n=32768,body=64;hip-wave=64 (32 operations; order hipgraph -> hip -> redline -> vulkan)
  hipgraph    47.0302 us/op correctness=true mismatches=0
  hip         46.9290 us/op correctness=true mismatches=0
  redline     11.3250 us/op correctness=true mismatches=0
  vulkan       9.1250 us/op correctness=true mismatches=0
[28/133] serial_latency/vopd/variant=mixed-int-float,n=32768,body=64;hip-wave=32 (32 operations; order hip -> redline -> vulkan -> hipgraph)
  hip         57.6753 us/op correctness=true mismatches=0
  redline     28.4000 us/op correctness=true mismatches=0
  vulkan      15.7487 us/op correctness=true mismatches=0
  hipgraph    57.2590 us/op correctness=true mismatches=0
[29/133] serial_latency/vopd/variant=dequant-like,n=32768,body=64;hip-wave=32 (32 operations; order redline -> vulkan -> hipgraph -> hip)
  redline     23.8788 us/op correctness=true mismatches=0
  vulkan      14.6825 us/op correctness=true mismatches=0
  hipgraph    52.5815 us/op correctness=true mismatches=0
  hip         52.9615 us/op correctness=true mismatches=0
[30/133] serial_latency/sampler/argmax,vocab=32768,rows=1;hip-wave=32 (64 operations; order vulkan -> hipgraph -> hip -> redline)
  vulkan      41.6775 us/op correctness=true mismatches=0
  hipgraph    45.3933 us/op correctness=true mismatches=0
  hip         44.6377 us/op correctness=true mismatches=0
  redline     43.5213 us/op correctness=true mismatches=0
[31/133] serial_latency/sampler/argmax,vocab=32768,rows=4;hip-wave=32 (64 operations; order hipgraph -> hip -> redline -> vulkan)
  hipgraph    45.4358 us/op correctness=true mismatches=0
  hip         45.5533 us/op correctness=true mismatches=0
  redline     43.9688 us/op correctness=true mismatches=0
  vulkan      41.9331 us/op correctness=true mismatches=0
[32/133] serial_latency/sampler/argmax,vocab=131072,rows=1;hip-wave=32 (64 operations; order hip -> redline -> vulkan -> hipgraph)
  hip        166.2483 us/op correctness=true mismatches=0
  redline    165.1656 us/op correctness=true mismatches=0
  vulkan     160.5238 us/op correctness=true mismatches=0
  hipgraph   161.8914 us/op correctness=true mismatches=0
[33/133] serial_latency/sampler/argmax,vocab=131072,rows=4;hip-wave=32 (64 operations; order redline -> vulkan -> hipgraph -> hip)
  redline    167.1056 us/op correctness=true mismatches=0
  vulkan     161.6419 us/op correctness=true mismatches=0
  hipgraph   168.0852 us/op correctness=true mismatches=0
  hip        167.2327 us/op correctness=true mismatches=0
[34/133] serial_latency/two-stage-reduction/k=8192,rows=4,splits=2;hip-wave=32 (64 operations; order vulkan -> hipgraph -> hip -> redline)
  vulkan      10.4012 us/op correctness=true mismatches=0
  hipgraph    13.0007 us/op correctness=true mismatches=0
  hip         14.0713 us/op correctness=true mismatches=0
  redline      9.4275 us/op correctness=true mismatches=0
[35/133] serial_latency/two-stage-reduction/k=32768,rows=4,splits=8;hip-wave=32 (32 operations; order hipgraph -> hip -> redline -> vulkan)
  hipgraph    18.4413 us/op correctness=true mismatches=0
  hip         19.5226 us/op correctness=true mismatches=0
  redline     10.4187 us/op correctness=true mismatches=0
  vulkan      10.4688 us/op correctness=true mismatches=0
[36/133] serial_latency/q4-selected-dual/m=512,k=768,tile=2;hip-wave=64 (32 operations; order hip -> redline -> vulkan -> hipgraph)
  hip         21.0363 us/op correctness=true mismatches=0
  redline      5.8312 us/op correctness=true mismatches=0
  vulkan       6.0875 us/op correctness=true mismatches=0
  hipgraph    20.7213 us/op correctness=true mismatches=0
[37/133] serial_latency/q4-selected-dual/m=2048,k=2048,tile=2;hip-wave=64 (32 operations; order redline -> vulkan -> hipgraph -> hip)
  redline     10.9500 us/op correctness=true mismatches=0
  vulkan      13.8613 us/op correctness=true mismatches=0
  hipgraph    69.3466 us/op correctness=true mismatches=0
  hip         69.2453 us/op correctness=true mismatches=0
[38/133] serial_latency/q4-selected-dual/m=4096,k=8192,tile=2;hip-wave=64 (16 operations; order vulkan -> hipgraph -> hip -> redline)
  vulkan      60.8300 us/op correctness=true mismatches=0
  hipgraph   359.8442 us/op correctness=true mismatches=0
  hip        357.7317 us/op correctness=true mismatches=0
  redline     54.8225 us/op correctness=true mismatches=0
[39/133] serial_latency/q6-x8-selected-down/m=512,k=2048,tile=8;hip-wave=64 (32 operations; order hipgraph -> hip -> redline -> vulkan)
  hipgraph    24.9251 us/op correctness=true mismatches=0
  hip         25.2726 us/op correctness=true mismatches=0
  redline     23.7850 us/op correctness=true mismatches=0
  vulkan      39.6575 us/op correctness=true mismatches=0
[40/133] serial_latency/q6-x8-selected-down/m=2048,k=4096,tile=8;hip-wave=64 (32 operations; order hip -> redline -> vulkan -> hipgraph)
  hip         80.0891 us/op correctness=true mismatches=0
  redline     44.0400 us/op correctness=true mismatches=0
  vulkan      76.7712 us/op correctness=true mismatches=0
  hipgraph    79.6566 us/op correctness=true mismatches=0
[41/133] serial_latency/q6-x8-selected-down/m=4096,k=8192,tile=8;hip-wave=64 (16 operations; order redline -> vulkan -> hipgraph -> hip)
  redline     87.1950 us/op correctness=true mismatches=0
  vulkan     154.3500 us/op correctness=true mismatches=0
  hipgraph   157.6832 us/op correctness=true mismatches=0
  hip        157.8283 us/op correctness=true mismatches=0
[42/133] serial_latency/dense-q8/m=512,k=768,tile=4;hip-wave=64 (32 operations; order vulkan -> hipgraph -> hip -> redline)
  vulkan       8.3763 us/op correctness=true mismatches=0
  hipgraph    19.5538 us/op correctness=true mismatches=0
  hip         20.5501 us/op correctness=true mismatches=0
  redline      7.3925 us/op correctness=true mismatches=0
[43/133] serial_latency/dense-q8/m=2048,k=2048,tile=4;hip-wave=64 (32 operations; order hipgraph -> hip -> redline -> vulkan)
  hipgraph    67.1991 us/op correctness=true mismatches=0
  hip         66.8503 us/op correctness=true mismatches=0
  redline     13.9938 us/op correctness=true mismatches=0
  vulkan      19.2862 us/op correctness=true mismatches=0
[44/133] serial_latency/dense-q8/m=2048,k=8192,tile=4;hip-wave=64 (16 operations; order hip -> redline -> vulkan -> hipgraph)
  hip         92.4179 us/op correctness=true mismatches=0
  redline     41.1925 us/op correctness=true mismatches=0
  vulkan      70.6625 us/op correctness=true mismatches=0
  hipgraph    99.0529 us/op correctness=true mismatches=0
[45/133] serial_latency/dense-q8/m=4096,k=8192,tile=4;hip-wave=64 (16 operations; order redline -> vulkan -> hipgraph -> hip)
  redline     47.2125 us/op correctness=true mismatches=0
  vulkan      80.6350 us/op correctness=true mismatches=0
  hipgraph   180.3459 us/op correctness=true mismatches=0
  hip        181.2183 us/op correctness=true mismatches=0
[46/133] independent_throughput/dispatch-grid/count=1,grid=1;hip-wave=32 (1 operations; order vulkan -> hipgraph -> hip -> redline)
  vulkan       7.6000 us/op correctness=true mismatches=0
  hipgraph    35.0800 us/op correctness=true mismatches=0
  hip         27.8000 us/op correctness=true mismatches=0
  redline      4.0400 us/op correctness=true mismatches=0
[47/133] independent_throughput/dispatch-grid/count=50,grid=1;hip-wave=32 (50 operations; order hipgraph -> hip -> redline -> vulkan)
  hipgraph    21.9817 us/op correctness=true mismatches=0
  hip         21.3833 us/op correctness=true mismatches=0
  redline      0.1928 us/op correctness=true mismatches=0
  vulkan       1.1512 us/op correctness=true mismatches=0
[48/133] independent_throughput/dispatch-grid/count=200,grid=1;hip-wave=32 (200 operations; order hip -> redline -> vulkan -> hipgraph)
  hip         21.0443 us/op correctness=true mismatches=0
  redline      0.1180 us/op correctness=true mismatches=0
  vulkan       0.4096 us/op correctness=true mismatches=0
  hipgraph    20.3437 us/op correctness=true mismatches=0
[49/133] independent_throughput/dispatch-grid/count=941,grid=1;hip-wave=32 (941 operations; order redline -> vulkan -> hipgraph -> hip)
  redline      0.0752 us/op correctness=true mismatches=0
  vulkan       0.1020 us/op correctness=true mismatches=0
  hipgraph    18.4270 us/op correctness=true mismatches=0
  hip         18.1552 us/op correctness=true mismatches=0
[50/133] independent_throughput/dispatch-grid/count=64,grid=128;hip-wave=32 (64 operations; order vulkan -> hipgraph -> hip -> redline)
  vulkan       1.0075 us/op correctness=true mismatches=0
  hipgraph    30.6095 us/op correctness=true mismatches=0
  hip         27.0414 us/op correctness=true mismatches=0
  redline      0.9056 us/op correctness=true mismatches=0
[51/133] independent_throughput/dispatch-grid/count=64,grid=1024;hip-wave=32 (64 operations; order hipgraph -> hip -> redline -> vulkan)
  hipgraph   172.1908 us/op correctness=true mismatches=0
  hip        166.8377 us/op correctness=true mismatches=0
  redline      2.2912 us/op correctness=true mismatches=0
  vulkan       1.4062 us/op correctness=true mismatches=0
[52/133] independent_throughput/dispatch-grid/count=64,grid=8192;hip-wave=32 (64 operations; order hip -> redline -> vulkan -> hipgraph)
  hip       1274.2360 us/op correctness=true mismatches=0
  redline      8.3219 us/op correctness=true mismatches=0
  vulkan       5.4981 us/op correctness=true mismatches=0
  hipgraph  1264.9860 us/op correctness=true mismatches=0
[53/133] independent_throughput/geometry/k=512,rows=1,wg=256;hip-wave=32 (64 operations; order redline -> vulkan -> hipgraph -> hip)
  redline      0.1800 us/op correctness=true mismatches=0
  vulkan       1.2275 us/op correctness=true mismatches=0
  hipgraph    19.4545 us/op correctness=true mismatches=0
  hip         17.0563 us/op correctness=true mismatches=0
[54/133] independent_throughput/geometry/k=512,rows=4,wg=256;hip-wave=32 (64 operations; order vulkan -> hipgraph -> hip -> redline)
  vulkan       1.2150 us/op correctness=true mismatches=0
  hipgraph    12.3319 us/op correctness=true mismatches=0
  hip         11.4932 us/op correctness=true mismatches=0
  redline      0.3275 us/op correctness=true mismatches=0
[55/133] independent_throughput/geometry/k=2048,rows=1,wg=256;hip-wave=32 (64 operations; order hipgraph -> hip -> redline -> vulkan)
  hipgraph    16.9920 us/op correctness=true mismatches=0
  hip         16.3513 us/op correctness=true mismatches=0
  redline      0.4675 us/op correctness=true mismatches=0
  vulkan       2.0737 us/op correctness=true mismatches=0
[56/133] independent_throughput/geometry/k=2048,rows=4,wg=256;hip-wave=32 (64 operations; order hip -> redline -> vulkan -> hipgraph)
  hip         16.4932 us/op correctness=true mismatches=0
  redline      1.1175 us/op correctness=true mismatches=0
  vulkan       2.1531 us/op correctness=true mismatches=0
  hipgraph    16.8851 us/op correctness=true mismatches=0
[57/133] independent_throughput/reduction/variant=wave,k=8192,rows=1;hip-wave=32 (64 operations; order redline -> vulkan -> hipgraph -> hip)
  redline      1.1387 us/op correctness=true mismatches=0
  vulkan       4.4494 us/op correctness=true mismatches=0
  hipgraph    38.6714 us/op correctness=true mismatches=0
  hip         38.4271 us/op correctness=true mismatches=0
[58/133] independent_throughput/reduction/variant=wave,k=8192,rows=4;hip-wave=32 (64 operations; order vulkan -> hipgraph -> hip -> redline)
  vulkan       4.5788 us/op correctness=true mismatches=0
  hipgraph    40.3939 us/op correctness=true mismatches=0
  hip         38.6133 us/op correctness=true mismatches=0
  redline      2.3375 us/op correctness=true mismatches=0
[59/133] independent_throughput/reduction/variant=lds-tree,k=8192,rows=1;hip-wave=32 (64 operations; order hipgraph -> hip -> redline -> vulkan)
  hipgraph    38.6302 us/op correctness=true mismatches=0
  hip         38.1708 us/op correctness=true mismatches=0
  redline      1.1413 us/op correctness=true mismatches=0
  vulkan       4.4869 us/op correctness=true mismatches=0
[60/133] independent_throughput/reduction/variant=lds-tree,k=8192,rows=4;hip-wave=32 (64 operations; order hip -> redline -> vulkan -> hipgraph)
  hip         38.7064 us/op correctness=true mismatches=0
  redline      2.3594 us/op correctness=true mismatches=0
  vulkan       4.6531 us/op correctness=true mismatches=0
  hipgraph    40.3902 us/op correctness=true mismatches=0
[61/133] independent_throughput/memory-waitcnt/variant=coalesced4,n=4096,body=16;hip-wave=32 (64 operations; order redline -> vulkan -> hipgraph -> hip)
  redline      0.3506 us/op correctness=true mismatches=0
  vulkan       1.1306 us/op correctness=true mismatches=0
  hipgraph    12.5251 us/op correctness=true mismatches=0
  hip         11.5826 us/op correctness=true mismatches=0
[62/133] independent_throughput/memory-waitcnt/variant=coalesced4,n=32768,body=16;hip-wave=32 (32 operations; order vulkan -> hipgraph -> hip -> redline)
  vulkan       2.8087 us/op correctness=true mismatches=0
  hipgraph    32.3902 us/op correctness=true mismatches=0
  hip         26.9951 us/op correctness=true mismatches=0
  redline      2.4250 us/op correctness=true mismatches=0
[63/133] independent_throughput/memory-waitcnt/variant=gather,n=4096,body=16;hip-wave=32 (64 operations; order hipgraph -> hip -> redline -> vulkan)
  hipgraph    12.8776 us/op correctness=true mismatches=0
  hip         12.0538 us/op correctness=true mismatches=0
  redline      1.0431 us/op correctness=true mismatches=0
  vulkan       1.1181 us/op correctness=true mismatches=0
[64/133] independent_throughput/memory-waitcnt/variant=gather,n=32768,body=16;hip-wave=32 (32 operations; order hip -> redline -> vulkan -> hipgraph)
  hip         35.6827 us/op correctness=true mismatches=0
  redline      9.5038 us/op correctness=true mismatches=0
  vulkan       7.7562 us/op correctness=true mismatches=0
  hipgraph    37.8977 us/op correctness=true mismatches=0
[65/133] independent_throughput/memory-waitcnt/variant=interleave4,n=4096,body=16;hip-wave=32 (64 operations; order redline -> vulkan -> hipgraph -> hip)
  redline      0.6994 us/op correctness=true mismatches=0
  vulkan       1.2281 us/op correctness=true mismatches=0
  hipgraph    16.3626 us/op correctness=true mismatches=0
  hip         15.7920 us/op correctness=true mismatches=0
[66/133] independent_throughput/memory-waitcnt/variant=interleave4,n=32768,body=16;hip-wave=32 (32 operations; order vulkan -> hipgraph -> hip -> redline)
  vulkan       4.1312 us/op correctness=true mismatches=0
  hipgraph    39.6502 us/op correctness=true mismatches=0
  hip         37.7252 us/op correctness=true mismatches=0
  redline      5.1775 us/op correctness=true mismatches=0
[67/133] independent_throughput/packed-dot/variant=q8-signed,n=4096,body=16;hip-wave=32 (64 operations; order hipgraph -> hip -> redline -> vulkan)
  hipgraph    16.9138 us/op correctness=true mismatches=0
  hip         16.7526 us/op correctness=true mismatches=0
  redline      1.4238 us/op correctness=true mismatches=0
  vulkan       1.3762 us/op correctness=true mismatches=0
[68/133] independent_throughput/packed-dot/variant=q4-unsigned,n=4096,body=16;hip-wave=32 (64 operations; order hip -> redline -> vulkan -> hipgraph)
  hip         15.9338 us/op correctness=true mismatches=0
  redline      1.4669 us/op correctness=true mismatches=0
  vulkan       1.3919 us/op correctness=true mismatches=0
  hipgraph    16.4826 us/op correctness=true mismatches=0
[69/133] independent_throughput/packed-dot/variant=q6-zero,n=4096,body=16;hip-wave=32 (64 operations; order redline -> vulkan -> hipgraph -> hip)
  redline      1.3487 us/op correctness=true mismatches=0
  vulkan       1.3938 us/op correctness=true mismatches=0
  hipgraph    16.8407 us/op correctness=true mismatches=0
  hip         16.8432 us/op correctness=true mismatches=0
[70/133] independent_throughput/packed-dot/variant=q4-scalar,n=4096,body=16;hip-wave=32 (64 operations; order vulkan -> hipgraph -> hip -> redline)
  vulkan       2.4300 us/op correctness=true mismatches=0
  hipgraph    17.4082 us/op correctness=true mismatches=0
  hip         19.1176 us/op correctness=true mismatches=0
  redline      1.5356 us/op correctness=true mismatches=0
[71/133] independent_throughput/vopd/variant=independent-fma,n=32768,body=64;hip-wave=32 (32 operations; order hipgraph -> hip -> redline -> vulkan)
  hipgraph    38.2477 us/op correctness=true mismatches=0
  hip         37.2502 us/op correctness=true mismatches=0
  redline      4.4200 us/op correctness=true mismatches=0
  vulkan       4.0500 us/op correctness=true mismatches=0
[72/133] independent_throughput/vopd/variant=dependent-fma,n=32768,body=64;hip-wave=64 (32 operations; order hip -> redline -> vulkan -> hipgraph)
  hip         36.9114 us/op correctness=true mismatches=0
  redline      3.5787 us/op correctness=true mismatches=0
  vulkan       4.0163 us/op correctness=true mismatches=0
  hipgraph    38.3952 us/op correctness=true mismatches=0
[73/133] independent_throughput/vopd/variant=mixed-int-float,n=32768,body=64;hip-wave=32 (32 operations; order redline -> vulkan -> hipgraph -> hip)
  redline     10.5288 us/op correctness=true mismatches=0
  vulkan       7.4425 us/op correctness=true mismatches=0
  hipgraph    41.6439 us/op correctness=true mismatches=0
  hip         39.8352 us/op correctness=true mismatches=0
[74/133] independent_throughput/vopd/variant=dequant-like,n=32768,body=64;hip-wave=32 (32 operations; order vulkan -> hipgraph -> hip -> redline)
  vulkan       6.6575 us/op correctness=true mismatches=0
  hipgraph    39.5677 us/op correctness=true mismatches=0
  hip         37.9952 us/op correctness=true mismatches=0
  redline      8.0825 us/op correctness=true mismatches=0
[75/133] independent_throughput/sampler/argmax,vocab=32768,rows=1;hip-wave=32 (64 operations; order hipgraph -> hip -> redline -> vulkan)
  hipgraph    22.4464 us/op correctness=true mismatches=0
  hip         22.2326 us/op correctness=true mismatches=0
  redline      0.4106 us/op correctness=true mismatches=0
  vulkan       1.8787 us/op correctness=true mismatches=0
[76/133] independent_throughput/sampler/argmax,vocab=32768,rows=4;hip-wave=32 (64 operations; order hip -> redline -> vulkan -> hipgraph)
  hip         21.7451 us/op correctness=true mismatches=0
  redline      0.6769 us/op correctness=true mismatches=0
  vulkan       1.9363 us/op correctness=true mismatches=0
  hipgraph    22.3282 us/op correctness=true mismatches=0
[77/133] independent_throughput/sampler/argmax,vocab=131072,rows=1;hip-wave=32 (64 operations; order redline -> vulkan -> hipgraph -> hip)
  redline      1.4812 us/op correctness=true mismatches=0
  vulkan       4.8700 us/op correctness=true mismatches=0
  hipgraph    51.8884 us/op correctness=true mismatches=0
  hip         52.9090 us/op correctness=true mismatches=0
[78/133] independent_throughput/sampler/argmax,vocab=131072,rows=4;hip-wave=32 (64 operations; order vulkan -> hipgraph -> hip -> redline)
  vulkan       4.8406 us/op correctness=true mismatches=0
  hipgraph    50.3902 us/op correctness=true mismatches=0
  hip         52.6015 us/op correctness=true mismatches=0
  redline      2.4844 us/op correctness=true mismatches=0
[79/133] independent_throughput/two-stage-reduction/k=8192,rows=4,splits=2;hip-wave=32 (64 operations; order hipgraph -> hip -> redline -> vulkan)
  hipgraph    27.9664 us/op correctness=true mismatches=0
  hip         27.9170 us/op correctness=true mismatches=0
  redline      4.3731 us/op correctness=true mismatches=0
  vulkan       6.5594 us/op correctness=true mismatches=0
[80/133] independent_throughput/two-stage-reduction/k=32768,rows=4,splits=8;hip-wave=32 (32 operations; order hip -> redline -> vulkan -> hipgraph)
  hip         32.1551 us/op correctness=true mismatches=0
  redline      5.4813 us/op correctness=true mismatches=0
  vulkan       6.7400 us/op correctness=true mismatches=0
  hipgraph    33.9239 us/op correctness=true mismatches=0
[81/133] independent_throughput/q4-selected-dual/m=512,k=768,tile=2;hip-wave=64 (32 operations; order redline -> vulkan -> hipgraph -> hip)
  redline      0.6112 us/op correctness=true mismatches=0
  vulkan       2.0112 us/op correctness=true mismatches=0
  hipgraph    26.4438 us/op correctness=true mismatches=0
  hip         24.8776 us/op correctness=true mismatches=0
[82/133] independent_throughput/q4-selected-dual/m=2048,k=2048,tile=2;hip-wave=64 (32 operations; order vulkan -> hipgraph -> hip -> redline)
  vulkan       3.8363 us/op correctness=true mismatches=0
  hipgraph    49.2927 us/op correctness=true mismatches=0
  hip         48.7828 us/op correctness=true mismatches=0
  redline      2.6700 us/op correctness=true mismatches=0
[83/133] independent_throughput/q4-selected-dual/m=4096,k=8192,tile=2;hip-wave=64 (16 operations; order hipgraph -> hip -> redline -> vulkan)
  hipgraph   207.1535 us/op correctness=true mismatches=0
  hip        206.3884 us/op correctness=true mismatches=0
  redline     20.8375 us/op correctness=true mismatches=0
  vulkan      31.2100 us/op correctness=true mismatches=0
[84/133] independent_throughput/q6-x8-selected-down/m=512,k=2048,tile=8;hip-wave=64 (32 operations; order hip -> redline -> vulkan -> hipgraph)
  hip         23.6301 us/op correctness=true mismatches=0
  redline      0.8562 us/op correctness=true mismatches=0
  vulkan       3.7275 us/op correctness=true mismatches=0
  hipgraph    25.2651 us/op correctness=true mismatches=0
[85/133] independent_throughput/q6-x8-selected-down/m=2048,k=4096,tile=8;hip-wave=64 (32 operations; order redline -> vulkan -> hipgraph -> hip)
  redline      3.5513 us/op correctness=true mismatches=0
  vulkan       6.0875 us/op correctness=true mismatches=0
  hipgraph    48.8265 us/op correctness=true mismatches=0
  hip         45.3190 us/op correctness=true mismatches=0
[86/133] independent_throughput/q6-x8-selected-down/m=4096,k=8192,tile=8;hip-wave=64 (16 operations; order vulkan -> hipgraph -> hip -> redline)
  vulkan      25.0450 us/op correctness=true mismatches=0
  hipgraph    93.0554 us/op correctness=true mismatches=0
  hip         84.2479 us/op correctness=true mismatches=0
  redline     18.2725 us/op correctness=true mismatches=0
[87/133] independent_throughput/dense-q8/m=512,k=768,tile=4;hip-wave=64 (32 operations; order hipgraph -> hip -> redline -> vulkan)
  hipgraph    19.4313 us/op correctness=true mismatches=0
  hip         16.1538 us/op correctness=true mismatches=0
  redline      0.4800 us/op correctness=true mismatches=0
  vulkan       2.2088 us/op correctness=true mismatches=0
[88/133] independent_throughput/dense-q8/m=2048,k=2048,tile=4;hip-wave=64 (32 operations; order hip -> redline -> vulkan -> hipgraph)
  hip         37.5539 us/op correctness=true mismatches=0
  redline      2.0088 us/op correctness=true mismatches=0
  vulkan       3.3112 us/op correctness=true mismatches=0
  hipgraph    41.7127 us/op correctness=true mismatches=0
[89/133] independent_throughput/dense-q8/m=2048,k=8192,tile=4;hip-wave=64 (16 operations; order redline -> vulkan -> hipgraph -> hip)
  redline      8.5875 us/op correctness=true mismatches=0
  vulkan      12.4575 us/op correctness=true mismatches=0
  hipgraph    61.9128 us/op correctness=true mismatches=0
  hip         54.6627 us/op correctness=true mismatches=0
[90/133] independent_throughput/dense-q8/m=4096,k=8192,tile=4;hip-wave=64 (16 operations; order vulkan -> hipgraph -> hip -> redline)
  vulkan      24.6050 us/op correctness=true mismatches=0
  hipgraph   110.2756 us/op correctness=true mismatches=0
  hip        101.3405 us/op correctness=true mismatches=0
  redline     18.5350 us/op correctness=true mismatches=0
[91/133] single_kernel_aggressive/dispatch-grid/count=1,grid=1;hip-wave=32 (1 operations; order hipgraph -> hip -> redline -> vulkan)
  hipgraph    26.9600 us/op correctness=true mismatches=0
  hip         20.5610 us/op correctness=true mismatches=0
  redline      2.5200 us/op correctness=true mismatches=0
  vulkan       4.2400 us/op correctness=true mismatches=0
[92/133] single_kernel_aggressive/dispatch-grid/count=50,grid=1;hip-wave=32 (1 operations; order hip -> redline -> vulkan -> hipgraph)
  hip         20.5600 us/op correctness=true mismatches=0
  redline      2.8800 us/op correctness=true mismatches=0
  vulkan       4.2400 us/op correctness=true mismatches=0
  hipgraph    26.5200 us/op correctness=true mismatches=0
[93/133] single_kernel_aggressive/dispatch-grid/count=200,grid=1;hip-wave=32 (1 operations; order redline -> vulkan -> hipgraph -> hip)
  redline      2.4000 us/op correctness=true mismatches=0
  vulkan       4.2400 us/op correctness=true mismatches=0
  hipgraph    26.8000 us/op correctness=true mismatches=0
  hip         20.7200 us/op correctness=true mismatches=0
[94/133] single_kernel_aggressive/dispatch-grid/count=941,grid=1;hip-wave=32 (1 operations; order vulkan -> hipgraph -> hip -> redline)
  vulkan       4.2400 us/op correctness=true mismatches=0
  hipgraph    29.2000 us/op correctness=true mismatches=0
  hip         20.6800 us/op correctness=true mismatches=0
  redline      2.6000 us/op correctness=true mismatches=0
[95/133] single_kernel_aggressive/dispatch-grid/count=64,grid=128;hip-wave=32 (1 operations; order hipgraph -> hip -> redline -> vulkan)
  hipgraph    31.9600 us/op correctness=true mismatches=0
  hip         26.4000 us/op correctness=true mismatches=0
  redline      3.8400 us/op correctness=true mismatches=0
  vulkan       4.3600 us/op correctness=true mismatches=0
[96/133] single_kernel_aggressive/dispatch-grid/count=64,grid=1024;hip-wave=32 (1 operations; order hip -> redline -> vulkan -> hipgraph)
  hip        161.4010 us/op correctness=true mismatches=0
  redline      4.8400 us/op correctness=true mismatches=0
  vulkan       5.0400 us/op correctness=true mismatches=0
  hipgraph   167.7210 us/op correctness=true mismatches=0
[97/133] single_kernel_aggressive/dispatch-grid/count=64,grid=8192;hip-wave=32 (1 operations; order redline -> vulkan -> hipgraph -> hip)
  redline     10.8800 us/op correctness=true mismatches=0
  vulkan       9.2400 us/op correctness=true mismatches=0
  hipgraph  1244.0060 us/op correctness=true mismatches=0
  hip       1236.7660 us/op correctness=true mismatches=0
[98/133] single_kernel_aggressive/geometry/k=512,rows=1,wg=256;hip-wave=32 (1 operations; order vulkan -> hipgraph -> hip -> redline)
  vulkan      11.6400 us/op correctness=true mismatches=0
  hipgraph    26.6000 us/op correctness=true mismatches=0
  hip         20.6400 us/op correctness=true mismatches=0
  redline      8.4800 us/op correctness=true mismatches=0
[99/133] single_kernel_aggressive/geometry/k=512,rows=4,wg=256;hip-wave=32 (1 operations; order hipgraph -> hip -> redline -> vulkan)
  hipgraph    18.6800 us/op correctness=true mismatches=0
  hip         13.0400 us/op correctness=true mismatches=0
  redline      8.5200 us/op correctness=true mismatches=0
  vulkan      11.6000 us/op correctness=true mismatches=0
[100/133] single_kernel_aggressive/geometry/k=2048,rows=1,wg=256;hip-wave=32 (1 operations; order hip -> redline -> vulkan -> hipgraph)
  hip         28.5600 us/op correctness=true mismatches=0
  redline     23.8800 us/op correctness=true mismatches=0
  vulkan      30.7600 us/op correctness=true mismatches=0
  hipgraph    34.1600 us/op correctness=true mismatches=0
[101/133] single_kernel_aggressive/geometry/k=2048,rows=4,wg=256;hip-wave=32 (1 operations; order redline -> vulkan -> hipgraph -> hip)
  redline     23.6800 us/op correctness=true mismatches=0
  vulkan      30.5600 us/op correctness=true mismatches=0
  hipgraph    34.0010 us/op correctness=true mismatches=0
  hip         28.2800 us/op correctness=true mismatches=0
[102/133] single_kernel_aggressive/reduction/variant=wave,k=8192,rows=1;hip-wave=32 (1 operations; order vulkan -> hipgraph -> hip -> redline)
  vulkan      79.8800 us/op correctness=true mismatches=0
  hipgraph    77.8800 us/op correctness=true mismatches=0
  hip         74.3600 us/op correctness=true mismatches=0
  redline     68.1200 us/op correctness=true mismatches=0
[103/133] single_kernel_aggressive/reduction/variant=wave,k=8192,rows=4;hip-wave=32 (1 operations; order hipgraph -> hip -> redline -> vulkan)
  hipgraph    77.8000 us/op correctness=true mismatches=0
  hip         71.9210 us/op correctness=true mismatches=0
  redline     69.4400 us/op correctness=true mismatches=0
  vulkan      80.8800 us/op correctness=true mismatches=0
[104/133] single_kernel_aggressive/reduction/variant=lds-tree,k=8192,rows=1;hip-wave=32 (1 operations; order hip -> redline -> vulkan -> hipgraph)
  hip         71.2800 us/op correctness=true mismatches=0
  redline     68.3200 us/op correctness=true mismatches=0
  vulkan      79.5600 us/op correctness=true mismatches=0
  hipgraph    78.1200 us/op correctness=true mismatches=0
[105/133] single_kernel_aggressive/reduction/variant=lds-tree,k=8192,rows=4;hip-wave=32 (1 operations; order redline -> vulkan -> hipgraph -> hip)
  redline     69.4400 us/op correctness=true mismatches=0
  vulkan      81.0800 us/op correctness=true mismatches=0
  hipgraph    78.7600 us/op correctness=true mismatches=0
  hip         72.8000 us/op correctness=true mismatches=0
[106/133] single_kernel_aggressive/memory-waitcnt/variant=coalesced4,n=4096,body=16;hip-wave=32 (1 operations; order vulkan -> hipgraph -> hip -> redline)
  vulkan       7.2000 us/op correctness=true mismatches=0
  hipgraph    15.5600 us/op correctness=true mismatches=0
  hip         11.2400 us/op correctness=true mismatches=0
  redline      6.0800 us/op correctness=true mismatches=0
[107/133] single_kernel_aggressive/memory-waitcnt/variant=coalesced4,n=32768,body=16;hip-wave=32 (1 operations; order hipgraph -> hip -> redline -> vulkan)
  hipgraph    32.2800 us/op correctness=true mismatches=0
  hip         26.6400 us/op correctness=true mismatches=0
  redline      7.6800 us/op correctness=true mismatches=0
  vulkan       8.9600 us/op correctness=true mismatches=0
[108/133] single_kernel_aggressive/memory-waitcnt/variant=gather,n=4096,body=16;hip-wave=32 (1 operations; order hip -> redline -> vulkan -> hipgraph)
  hip         11.7200 us/op correctness=true mismatches=0
  redline      7.4800 us/op correctness=true mismatches=0
  vulkan       8.8400 us/op correctness=true mismatches=0
  hipgraph    17.5600 us/op correctness=true mismatches=0
[109/133] single_kernel_aggressive/memory-waitcnt/variant=gather,n=32768,body=16;hip-wave=32 (1 operations; order redline -> vulkan -> hipgraph -> hip)
  redline     13.7200 us/op correctness=true mismatches=0
  vulkan      13.3200 us/op correctness=true mismatches=0
  hipgraph    32.6810 us/op correctness=true mismatches=0
  hip         26.8000 us/op correctness=true mismatches=0
[110/133] single_kernel_aggressive/memory-waitcnt/variant=interleave4,n=4096,body=16;hip-wave=32 (1 operations; order vulkan -> hipgraph -> hip -> redline)
  vulkan       7.4000 us/op correctness=true mismatches=0
  hipgraph    15.7600 us/op correctness=true mismatches=0
  hip         10.0800 us/op correctness=true mismatches=0
  redline      6.2400 us/op correctness=true mismatches=0
[111/133] single_kernel_aggressive/memory-waitcnt/variant=interleave4,n=32768,body=16;hip-wave=32 (1 operations; order hipgraph -> hip -> redline -> vulkan)
  hipgraph    35.2410 us/op correctness=true mismatches=0
  hip         29.8000 us/op correctness=true mismatches=0
  redline     10.0400 us/op correctness=true mismatches=0
  vulkan       8.9200 us/op correctness=true mismatches=0
[112/133] single_kernel_aggressive/packed-dot/variant=q8-signed,n=4096,body=16;hip-wave=32 (1 operations; order hip -> redline -> vulkan -> hipgraph)
  hip         10.8400 us/op correctness=true mismatches=0
  redline      6.7200 us/op correctness=true mismatches=0
  vulkan       7.9200 us/op correctness=true mismatches=0
  hipgraph    16.5610 us/op correctness=true mismatches=0
[113/133] single_kernel_aggressive/packed-dot/variant=q4-unsigned,n=4096,body=16;hip-wave=32 (1 operations; order redline -> vulkan -> hipgraph -> hip)
  redline      6.7200 us/op correctness=true mismatches=0
  vulkan       8.0400 us/op correctness=true mismatches=0
  hipgraph    16.7600 us/op correctness=true mismatches=0
  hip         10.8000 us/op correctness=true mismatches=0
[114/133] single_kernel_aggressive/packed-dot/variant=q6-zero,n=4096,body=16;hip-wave=32 (1 operations; order vulkan -> hipgraph -> hip -> redline)
  vulkan       8.1200 us/op correctness=true mismatches=0
  hipgraph    16.3200 us/op correctness=true mismatches=0
  hip         10.9200 us/op correctness=true mismatches=0
  redline      6.8400 us/op correctness=true mismatches=0
[115/133] single_kernel_aggressive/packed-dot/variant=q4-scalar,n=4096,body=16;hip-wave=32 (1 operations; order hipgraph -> hip -> redline -> vulkan)
  hipgraph    16.9610 us/op correctness=true mismatches=0
  hip         11.3600 us/op correctness=true mismatches=0
  redline      7.4400 us/op correctness=true mismatches=0
  vulkan      11.4800 us/op correctness=true mismatches=0
[116/133] single_kernel_aggressive/vopd/variant=independent-fma,n=32768,body=64;hip-wave=32 (1 operations; order hip -> redline -> vulkan -> hipgraph)
  hip         28.9200 us/op correctness=true mismatches=0
  redline      8.8400 us/op correctness=true mismatches=0
  vulkan       7.7600 us/op correctness=true mismatches=0
  hipgraph    35.1200 us/op correctness=true mismatches=0
[117/133] single_kernel_aggressive/vopd/variant=dependent-fma,n=32768,body=64;hip-wave=64 (1 operations; order redline -> vulkan -> hipgraph -> hip)
  redline      7.6800 us/op correctness=true mismatches=0
  vulkan       7.7600 us/op correctness=true mismatches=0
  hipgraph    34.1600 us/op correctness=true mismatches=0
  hip         28.3600 us/op correctness=true mismatches=0
[118/133] single_kernel_aggressive/vopd/variant=mixed-int-float,n=32768,body=64;hip-wave=32 (1 operations; order vulkan -> hipgraph -> hip -> redline)
  vulkan      11.2000 us/op correctness=true mismatches=0
  hipgraph    38.2400 us/op correctness=true mismatches=0
  hip         32.4010 us/op correctness=true mismatches=0
  redline     15.5600 us/op correctness=true mismatches=0
[119/133] single_kernel_aggressive/vopd/variant=dequant-like,n=32768,body=64;hip-wave=32 (1 operations; order hipgraph -> hip -> redline -> vulkan)
  hipgraph    35.8010 us/op correctness=true mismatches=0
  hip         30.2800 us/op correctness=true mismatches=0
  redline     13.7200 us/op correctness=true mismatches=0
  vulkan      10.4000 us/op correctness=true mismatches=0
[120/133] single_kernel_aggressive/sampler/argmax,vocab=32768,rows=1;hip-wave=32 (1 operations; order hip -> redline -> vulkan -> hipgraph)
  hip         31.0810 us/op correctness=true mismatches=0
  redline     26.8400 us/op correctness=true mismatches=0
  vulkan      28.2000 us/op correctness=true mismatches=0
  hipgraph    37.2000 us/op correctness=true mismatches=0
[121/133] single_kernel_aggressive/sampler/argmax,vocab=32768,rows=4;hip-wave=32 (1 operations; order redline -> vulkan -> hipgraph -> hip)
  redline     26.3200 us/op correctness=true mismatches=0
  vulkan      27.8400 us/op correctness=true mismatches=0
  hipgraph    36.5600 us/op correctness=true mismatches=0
  hip         30.7200 us/op correctness=true mismatches=0
[122/133] single_kernel_aggressive/sampler/argmax,vocab=131072,rows=1;hip-wave=32 (1 operations; order vulkan -> hipgraph -> hip -> redline)
  vulkan      96.4800 us/op correctness=true mismatches=0
  hipgraph   105.3600 us/op correctness=true mismatches=0
  hip        100.4800 us/op correctness=true mismatches=0
  redline     96.1600 us/op correctness=true mismatches=0
[123/133] single_kernel_aggressive/sampler/argmax,vocab=131072,rows=4;hip-wave=32 (1 operations; order hipgraph -> hip -> redline -> vulkan)
  hipgraph   104.7610 us/op correctness=true mismatches=0
  hip         99.2810 us/op correctness=true mismatches=0
  redline     95.8000 us/op correctness=true mismatches=0
  vulkan      95.4800 us/op correctness=true mismatches=0
[124/133] single_kernel_aggressive/q4-selected-dual/m=512,k=768,tile=2;hip-wave=64 (1 operations; order hip -> redline -> vulkan -> hipgraph)
  hip         15.3200 us/op correctness=true mismatches=0
  redline      5.2800 us/op correctness=true mismatches=0
  vulkan       7.4400 us/op correctness=true mismatches=0
  hipgraph    21.0800 us/op correctness=true mismatches=0
[125/133] single_kernel_aggressive/q4-selected-dual/m=2048,k=2048,tile=2;hip-wave=64 (1 operations; order redline -> vulkan -> hipgraph -> hip)
  redline      8.0000 us/op correctness=true mismatches=0
  vulkan      12.0800 us/op correctness=true mismatches=0
  hipgraph    46.9600 us/op correctness=true mismatches=0
  hip         41.4800 us/op correctness=true mismatches=0
[126/133] single_kernel_aggressive/q4-selected-dual/m=4096,k=8192,tile=2;hip-wave=64 (1 operations; order vulkan -> hipgraph -> hip -> redline)
  vulkan      43.8000 us/op correctness=true mismatches=0
  hipgraph   202.8800 us/op correctness=true mismatches=0
  hip        196.9610 us/op correctness=true mismatches=0
  redline     35.8800 us/op correctness=true mismatches=0
[127/133] single_kernel_aggressive/q6-x8-selected-down/m=512,k=2048,tile=8;hip-wave=64 (1 operations; order hipgraph -> hip -> redline -> vulkan)
  hipgraph    25.1200 us/op correctness=true mismatches=0
  hip         19.2400 us/op correctness=true mismatches=0
  redline     15.5600 us/op correctness=true mismatches=0
  vulkan      27.4800 us/op correctness=true mismatches=0
[128/133] single_kernel_aggressive/q6-x8-selected-down/m=2048,k=4096,tile=8;hip-wave=64 (1 operations; order hip -> redline -> vulkan -> hipgraph)
  hip         52.0010 us/op correctness=true mismatches=0
  redline     27.0000 us/op correctness=true mismatches=0
  vulkan      47.9200 us/op correctness=true mismatches=0
  hipgraph    56.9600 us/op correctness=true mismatches=0
[129/133] single_kernel_aggressive/q6-x8-selected-down/m=4096,k=8192,tile=8;hip-wave=64 (1 operations; order redline -> vulkan -> hipgraph -> hip)
  redline     53.8400 us/op correctness=true mismatches=0
  vulkan      98.2000 us/op correctness=true mismatches=0
  hipgraph    93.6400 us/op correctness=true mismatches=0
  hip         87.8400 us/op correctness=true mismatches=0
[130/133] single_kernel_aggressive/dense-q8/m=512,k=768,tile=4;hip-wave=64 (1 operations; order vulkan -> hipgraph -> hip -> redline)
  vulkan       8.3600 us/op correctness=true mismatches=0
  hipgraph    20.9200 us/op correctness=true mismatches=0
  hip         15.0800 us/op correctness=true mismatches=0
  redline      6.2800 us/op correctness=true mismatches=0
[131/133] single_kernel_aggressive/dense-q8/m=2048,k=2048,tile=4;hip-wave=64 (1 operations; order hipgraph -> hip -> redline -> vulkan)
  hipgraph    44.0400 us/op correctness=true mismatches=0
  hip         38.4400 us/op correctness=true mismatches=0
  redline     10.1200 us/op correctness=true mismatches=0
  vulkan      14.8800 us/op correctness=true mismatches=0
[132/133] single_kernel_aggressive/dense-q8/m=2048,k=8192,tile=4;hip-wave=64 (1 operations; order hip -> redline -> vulkan -> hipgraph)
  hip         54.2410 us/op correctness=true mismatches=0
  redline     26.6000 us/op correctness=true mismatches=0
  vulkan      48.6400 us/op correctness=true mismatches=0
  hipgraph    60.0010 us/op correctness=true mismatches=0
[133/133] single_kernel_aggressive/dense-q8/m=4096,k=8192,tile=4;hip-wave=64 (1 operations; order redline -> vulkan -> hipgraph -> hip)
  redline     32.1200 us/op correctness=true mismatches=0
  vulkan      55.6000 us/op correctness=true mismatches=0
  hipgraph   108.9610 us/op correctness=true mismatches=0
  hip        102.7600 us/op correctness=true mismatches=0
wrote results/gfx1201/2026-07-12-wave-policy-comparison/rep2-targeted64/results.json
wrote results/gfx1201/2026-07-12-wave-policy-comparison/rep2-targeted64/REPORT.md
Redline wins 94/133 (70.68%). Four-way placements: 1st 94, 2nd 38, 3rd 1, 4th 0.
