initializing Hipfire HIP bridge
initializing Redline retained-PM4 backend
initializing RADV Vulkan backend
[1/12] serial_latency/vopd/variant=independent-fma,n=32768,body=64;hip-wave=64 (32 operations; order redline -> vulkan -> hipgraph -> hip)
  redline     11.0388 us/op correctness=true mismatches=0
  vulkan       9.0213 us/op correctness=true mismatches=0
  hipgraph    47.4663 us/op correctness=true mismatches=0
  hip         48.3912 us/op correctness=true mismatches=0
[2/12] serial_latency/vopd/variant=dependent-fma,n=32768,body=64;hip-wave=64 (32 operations; order vulkan -> hipgraph -> hip -> redline)
  vulkan       9.1275 us/op correctness=true mismatches=0
  hipgraph    47.5338 us/op correctness=true mismatches=0
  hip         47.5437 us/op correctness=true mismatches=0
  redline     10.8900 us/op correctness=true mismatches=0
[3/12] serial_latency/vopd/variant=mixed-int-float,n=32768,body=64;hip-wave=64 (32 operations; order hipgraph -> hip -> redline -> vulkan)
  hipgraph    54.5425 us/op correctness=true mismatches=0
  hip         54.7500 us/op correctness=true mismatches=0
  redline     23.7288 us/op correctness=true mismatches=0
  vulkan      15.7200 us/op correctness=true mismatches=0
[4/12] serial_latency/vopd/variant=dequant-like,n=32768,body=64;hip-wave=64 (32 operations; order hip -> redline -> vulkan -> hipgraph)
  hip         51.3625 us/op correctness=true mismatches=0
  redline     21.5237 us/op correctness=true mismatches=0
  vulkan      14.7762 us/op correctness=true mismatches=0
  hipgraph    51.2338 us/op correctness=true mismatches=0
[5/12] independent_throughput/vopd/variant=independent-fma,n=32768,body=64;hip-wave=64 (32 operations; order redline -> vulkan -> hipgraph -> hip)
  redline      7.7725 us/op correctness=true mismatches=0
  vulkan       7.5012 us/op correctness=true mismatches=0
  hipgraph    55.0113 us/op correctness=true mismatches=0
  hip         48.2338 us/op correctness=true mismatches=0
[6/12] independent_throughput/vopd/variant=dependent-fma,n=32768,body=64;hip-wave=64 (32 operations; order vulkan -> hipgraph -> hip -> redline)
  vulkan       6.1550 us/op correctness=true mismatches=0
  hipgraph    44.6700 us/op correctness=true mismatches=0
  hip         34.9813 us/op correctness=true mismatches=0
  redline      4.4488 us/op correctness=true mismatches=0
[7/12] independent_throughput/vopd/variant=mixed-int-float,n=32768,body=64;hip-wave=64 (32 operations; order hipgraph -> hip -> redline -> vulkan)
  hipgraph    38.8875 us/op correctness=true mismatches=0
  hip         32.3813 us/op correctness=true mismatches=0
  redline      9.4075 us/op correctness=true mismatches=0
  vulkan       7.3675 us/op correctness=true mismatches=0
[8/12] independent_throughput/vopd/variant=dequant-like,n=32768,body=64;hip-wave=64 (32 operations; order hip -> redline -> vulkan -> hipgraph)
  hip         30.5138 us/op correctness=true mismatches=0
  redline      8.2100 us/op correctness=true mismatches=0
  vulkan       6.5050 us/op correctness=true mismatches=0
  hipgraph    36.6375 us/op correctness=true mismatches=0
[9/12] single_kernel_aggressive/vopd/variant=independent-fma,n=32768,body=64;hip-wave=64 (1 operations; order redline -> vulkan -> hipgraph -> hip)
  redline      7.5200 us/op correctness=true mismatches=0
  vulkan       8.2000 us/op correctness=true mismatches=0
  hipgraph    34.7600 us/op correctness=true mismatches=0
  hip         29.1200 us/op correctness=true mismatches=0
[10/12] single_kernel_aggressive/vopd/variant=dependent-fma,n=32768,body=64;hip-wave=64 (1 operations; order vulkan -> hipgraph -> hip -> redline)
  vulkan       8.2400 us/op correctness=true mismatches=0
  hipgraph    34.4800 us/op correctness=true mismatches=0
  hip         28.7600 us/op correctness=true mismatches=0
  redline      7.5600 us/op correctness=true mismatches=0
[11/12] single_kernel_aggressive/vopd/variant=mixed-int-float,n=32768,body=64;hip-wave=64 (1 operations; order hipgraph -> hip -> redline -> vulkan)
  hipgraph    39.0000 us/op correctness=true mismatches=0
  hip         32.2000 us/op correctness=true mismatches=0
  redline     14.1200 us/op correctness=true mismatches=0
  vulkan      11.7600 us/op correctness=true mismatches=0
[12/12] single_kernel_aggressive/vopd/variant=dequant-like,n=32768,body=64;hip-wave=64 (1 operations; order hip -> redline -> vulkan -> hipgraph)
  hip         30.4400 us/op correctness=true mismatches=0
  redline     12.6400 us/op correctness=true mismatches=0
  vulkan      10.9200 us/op correctness=true mismatches=0
  hipgraph    36.1200 us/op correctness=true mismatches=0
wrote results/gfx1201/2026-07-13-radiowave-all-losers/vopd-selective-unroll/results.json
wrote results/gfx1201/2026-07-13-radiowave-all-losers/vopd-selective-unroll/REPORT.md
Redline wins 3/12 (25.00%). Four-way placements: 1st 3, 2nd 9, 3rd 0, 4th 0.
