initializing Hipfire HIP bridge
initializing Redline retained-PM4 backend
initializing RADV Vulkan backend
[1/133] serial_latency/dispatch-grid/count=1,grid=1;hip-wave=32 (1 operations; order redline -> vulkan -> hipgraph -> hip)
  redline      4.0800 us/op correctness=true mismatches=0
  vulkan       7.4800 us/op correctness=true mismatches=0
  hipgraph    18.6800 us/op correctness=true mismatches=0
  hip         10.6000 us/op correctness=true mismatches=0
[2/133] serial_latency/dispatch-grid/count=50,grid=1;hip-wave=32 (50 operations; order vulkan -> hipgraph -> hip -> redline)
  vulkan       1.2696 us/op correctness=true mismatches=0
  hipgraph     3.6208 us/op correctness=true mismatches=0
  hip          4.0632 us/op correctness=true mismatches=0
  redline      1.7368 us/op correctness=true mismatches=0
[3/133] serial_latency/dispatch-grid/count=200,grid=1;hip-wave=32 (200 operations; order hipgraph -> hip -> redline -> vulkan)
  hipgraph     3.3950 us/op correctness=true mismatches=0
  hip          3.9784 us/op correctness=true mismatches=0
  redline      1.6178 us/op correctness=true mismatches=0
  vulkan       1.0864 us/op correctness=true mismatches=0
[4/133] serial_latency/dispatch-grid/count=941,grid=1;hip-wave=32 (941 operations; order hip -> redline -> vulkan -> hipgraph)
  hip          3.9785 us/op correctness=true mismatches=0
  redline      1.5994 us/op correctness=true mismatches=0
  vulkan       1.0357 us/op correctness=true mismatches=0
  hipgraph     3.3523 us/op correctness=true mismatches=0
[5/133] serial_latency/dispatch-grid/count=64,grid=128;hip-wave=32 (64 operations; order redline -> vulkan -> hipgraph -> hip)
  redline      2.9706 us/op correctness=true mismatches=0
  vulkan       1.1712 us/op correctness=true mismatches=0
  hipgraph     4.6300 us/op correctness=true mismatches=0
  hip          4.8162 us/op correctness=true mismatches=0
[6/133] serial_latency/dispatch-grid/count=64,grid=1024;hip-wave=32 (64 operations; order vulkan -> hipgraph -> hip -> redline)
  vulkan       2.2300 us/op correctness=true mismatches=0
  hipgraph    13.5432 us/op correctness=true mismatches=0
  hip         13.7775 us/op correctness=true mismatches=0
  redline      3.0537 us/op correctness=true mismatches=0
[7/133] serial_latency/dispatch-grid/count=64,grid=8192;hip-wave=32 (64 operations; order hipgraph -> hip -> redline -> vulkan)
  hipgraph    84.7702 us/op correctness=true mismatches=0
  hip         85.2621 us/op correctness=true mismatches=0
  redline      6.7506 us/op correctness=true mismatches=0
  vulkan      11.3125 us/op correctness=true mismatches=0
[8/133] serial_latency/geometry/k=512,rows=1,wg=256;hip-wave=32 (64 operations; order hip -> redline -> vulkan -> hipgraph)
  hip         18.9744 us/op correctness=true mismatches=0
  redline     13.8550 us/op correctness=true mismatches=0
  vulkan      15.9356 us/op correctness=true mismatches=0
  hipgraph    18.1776 us/op correctness=true mismatches=0
[9/133] serial_latency/geometry/k=512,rows=4,wg=256;hip-wave=32 (64 operations; order redline -> vulkan -> hipgraph -> hip)
  redline     13.8963 us/op correctness=true mismatches=0
  vulkan      15.8675 us/op correctness=true mismatches=0
  hipgraph    15.6775 us/op correctness=true mismatches=0
  hip         16.1413 us/op correctness=true mismatches=0
[10/133] serial_latency/geometry/k=2048,rows=1,wg=256;hip-wave=32 (64 operations; order vulkan -> hipgraph -> hip -> redline)
  vulkan      55.7844 us/op correctness=true mismatches=0
  hipgraph    47.5101 us/op correctness=true mismatches=0
  hip         47.9695 us/op correctness=true mismatches=0
  redline     45.7219 us/op correctness=true mismatches=0
[11/133] serial_latency/geometry/k=2048,rows=4,wg=256;hip-wave=32 (64 operations; order hipgraph -> hip -> redline -> vulkan)
  hipgraph    47.5207 us/op correctness=true mismatches=0
  hip         48.0145 us/op correctness=true mismatches=0
  redline     45.6506 us/op correctness=true mismatches=0
  vulkan      55.6337 us/op correctness=true mismatches=0
[12/133] serial_latency/reduction/variant=wave,k=8192,rows=1;hip-wave=32 (64 operations; order hip -> redline -> vulkan -> hipgraph)
  hip        138.9422 us/op correctness=true mismatches=0
  redline    137.7475 us/op correctness=true mismatches=0
  vulkan     157.5225 us/op correctness=true mismatches=0
  hipgraph   134.7341 us/op correctness=true mismatches=0
[13/133] serial_latency/reduction/variant=wave,k=8192,rows=4;hip-wave=32 (64 operations; order redline -> vulkan -> hipgraph -> hip)
  redline    139.7750 us/op correctness=true mismatches=0
  vulkan     160.2844 us/op correctness=true mismatches=0
  hipgraph   140.3266 us/op correctness=true mismatches=0
  hip        140.5660 us/op correctness=true mismatches=0
[14/133] serial_latency/reduction/variant=lds-tree,k=8192,rows=1;hip-wave=32 (64 operations; order vulkan -> hipgraph -> hip -> redline)
  vulkan     157.9300 us/op correctness=true mismatches=0
  hipgraph   139.3179 us/op correctness=true mismatches=0
  hip        135.4547 us/op correctness=true mismatches=0
  redline    137.9288 us/op correctness=true mismatches=0
[15/133] serial_latency/reduction/variant=lds-tree,k=8192,rows=4;hip-wave=32 (64 operations; order hipgraph -> hip -> redline -> vulkan)
  hipgraph   140.7560 us/op correctness=true mismatches=0
  hip        140.8035 us/op correctness=true mismatches=0
  redline    139.8700 us/op correctness=true mismatches=0
  vulkan     160.8525 us/op correctness=true mismatches=0
[16/133] serial_latency/memory-waitcnt/variant=coalesced4,n=4096,body=16;hip-wave=32 (64 operations; order hip -> redline -> vulkan -> hipgraph)
  hip          9.0775 us/op correctness=true mismatches=0
  redline      7.4381 us/op correctness=true mismatches=0
  vulkan       6.1181 us/op correctness=true mismatches=0
  hipgraph     8.5907 us/op correctness=true mismatches=0
[17/133] serial_latency/memory-waitcnt/variant=coalesced4,n=32768,body=16;hip-wave=32 (32 operations; order redline -> vulkan -> hipgraph -> hip)
  redline      8.8663 us/op correctness=true mismatches=0
  vulkan       6.8613 us/op correctness=true mismatches=0
  hipgraph    45.1376 us/op correctness=true mismatches=0
  hip         45.4426 us/op correctness=true mismatches=0
[18/133] serial_latency/memory-waitcnt/variant=gather,n=4096,body=16;hip-wave=32 (64 operations; order vulkan -> hipgraph -> hip -> redline)
  vulkan       9.1719 us/op correctness=true mismatches=0
  hipgraph     8.5913 us/op correctness=true mismatches=0
  hip          9.1000 us/op correctness=true mismatches=0
  redline      5.8356 us/op correctness=true mismatches=0
[19/133] serial_latency/memory-waitcnt/variant=gather,n=32768,body=16;hip-wave=32 (32 operations; order hipgraph -> hip -> redline -> vulkan)
  hipgraph    45.2363 us/op correctness=true mismatches=0
  hip         45.5914 us/op correctness=true mismatches=0
  redline     23.3125 us/op correctness=true mismatches=0
  vulkan      19.3163 us/op correctness=true mismatches=0
[20/133] serial_latency/memory-waitcnt/variant=interleave4,n=4096,body=16;hip-wave=64 (64 operations; order hip -> redline -> vulkan -> hipgraph)
  hip          8.6800 us/op correctness=true mismatches=0
  redline      7.0756 us/op correctness=true mismatches=0
  vulkan       6.3231 us/op correctness=true mismatches=0
  hipgraph     8.3650 us/op correctness=true mismatches=0
[21/133] serial_latency/memory-waitcnt/variant=interleave4,n=32768,body=16;hip-wave=64 (32 operations; order redline -> vulkan -> hipgraph -> hip)
  redline     12.5913 us/op correctness=true mismatches=0
  vulkan      10.0862 us/op correctness=true mismatches=0
  hipgraph    47.7901 us/op correctness=true mismatches=0
  hip         47.8551 us/op correctness=true mismatches=0
[22/133] serial_latency/packed-dot/variant=q8-signed,n=4096,body=16;hip-wave=32 (64 operations; order vulkan -> hipgraph -> hip -> redline)
  vulkan       7.6175 us/op correctness=true mismatches=0
  hipgraph     8.7156 us/op correctness=true mismatches=0
  hip          9.2038 us/op correctness=true mismatches=0
  redline      7.4269 us/op correctness=true mismatches=0
[23/133] serial_latency/packed-dot/variant=q4-unsigned,n=4096,body=16;hip-wave=32 (64 operations; order hipgraph -> hip -> redline -> vulkan)
  hipgraph     8.7100 us/op correctness=true mismatches=0
  hip          9.1819 us/op correctness=true mismatches=0
  redline      7.3887 us/op correctness=true mismatches=0
  vulkan       7.6125 us/op correctness=true mismatches=0
[24/133] serial_latency/packed-dot/variant=q6-zero,n=4096,body=16;hip-wave=32 (64 operations; order hip -> redline -> vulkan -> hipgraph)
  hip          9.2163 us/op correctness=true mismatches=0
  redline      7.4512 us/op correctness=true mismatches=0
  vulkan       7.9212 us/op correctness=true mismatches=0
  hipgraph     8.7313 us/op correctness=true mismatches=0
[25/133] serial_latency/packed-dot/variant=q4-scalar,n=4096,body=16;hip-wave=32 (64 operations; order redline -> vulkan -> hipgraph -> hip)
  redline      8.6263 us/op correctness=true mismatches=0
  vulkan      14.1100 us/op correctness=true mismatches=0
  hipgraph     9.8275 us/op correctness=true mismatches=0
  hip         10.3269 us/op correctness=true mismatches=0
[26/133] serial_latency/vopd/variant=independent-fma,n=32768,body=64;hip-wave=64 (32 operations; order vulkan -> hipgraph -> hip -> redline)
  vulkan       9.0275 us/op correctness=true mismatches=0
  hipgraph    48.2614 us/op correctness=true mismatches=0
  hip         48.4164 us/op correctness=true mismatches=0
  redline     11.0288 us/op correctness=true mismatches=0
[27/133] serial_latency/vopd/variant=dependent-fma,n=32768,body=64;hip-wave=64 (32 operations; order hipgraph -> hip -> redline -> vulkan)
  hipgraph    47.5476 us/op correctness=true mismatches=0
  hip         47.5076 us/op correctness=true mismatches=0
  redline     10.8788 us/op correctness=true mismatches=0
  vulkan       9.1375 us/op correctness=true mismatches=0
[28/133] serial_latency/vopd/variant=mixed-int-float,n=32768,body=64;hip-wave=64 (32 operations; order hip -> redline -> vulkan -> hipgraph)
  hip         54.7889 us/op correctness=true mismatches=0
  redline     23.6300 us/op correctness=true mismatches=0
  vulkan      15.9075 us/op correctness=true mismatches=0
  hipgraph    53.5189 us/op correctness=true mismatches=0
[29/133] serial_latency/vopd/variant=dequant-like,n=32768,body=64;hip-wave=64 (32 operations; order redline -> vulkan -> hipgraph -> hip)
  redline     20.9950 us/op correctness=true mismatches=0
  vulkan      14.2575 us/op correctness=true mismatches=0
  hipgraph    50.4726 us/op correctness=true mismatches=0
  hip         50.6939 us/op correctness=true mismatches=0
[30/133] serial_latency/sampler/argmax,vocab=32768,rows=1;hip-wave=32 (64 operations; order vulkan -> hipgraph -> hip -> redline)
  vulkan      41.7413 us/op correctness=true mismatches=0
  hipgraph    42.1039 us/op correctness=true mismatches=0
  hip         42.9164 us/op correctness=true mismatches=0
  redline     41.0037 us/op correctness=true mismatches=0
[31/133] serial_latency/sampler/argmax,vocab=32768,rows=4;hip-wave=32 (64 operations; order hipgraph -> hip -> redline -> vulkan)
  hipgraph    42.8414 us/op correctness=true mismatches=0
  hip         42.8114 us/op correctness=true mismatches=0
  redline     41.0750 us/op correctness=true mismatches=0
  vulkan      41.9231 us/op correctness=true mismatches=0
[32/133] serial_latency/sampler/argmax,vocab=131072,rows=1;hip-wave=32 (64 operations; order hip -> redline -> vulkan -> hipgraph)
  hip        159.0523 us/op correctness=true mismatches=0
  redline    154.8881 us/op correctness=true mismatches=0
  vulkan     160.7900 us/op correctness=true mismatches=0
  hipgraph   154.8517 us/op correctness=true mismatches=0
[33/133] serial_latency/sampler/argmax,vocab=131072,rows=4;hip-wave=32 (64 operations; order redline -> vulkan -> hipgraph -> hip)
  redline    156.9375 us/op correctness=true mismatches=0
  vulkan     161.5144 us/op correctness=true mismatches=0
  hipgraph   157.3479 us/op correctness=true mismatches=0
  hip        156.0410 us/op correctness=true mismatches=0
[34/133] serial_latency/two-stage-reduction/k=8192,rows=4,splits=2;hip-wave=32 (64 operations; order vulkan -> hipgraph -> hip -> redline)
  vulkan      10.4012 us/op correctness=true mismatches=0
  hipgraph    12.6207 us/op correctness=true mismatches=0
  hip         13.6900 us/op correctness=true mismatches=0
  redline      9.0950 us/op correctness=true mismatches=0
[35/133] serial_latency/two-stage-reduction/k=32768,rows=4,splits=8;hip-wave=32 (32 operations; order hipgraph -> hip -> redline -> vulkan)
  hipgraph    18.4538 us/op correctness=true mismatches=0
  hip         19.3738 us/op correctness=true mismatches=0
  redline     10.1237 us/op correctness=true mismatches=0
  vulkan      10.4688 us/op correctness=true mismatches=0
[36/133] serial_latency/q4-selected-dual/m=512,k=768,tile=2;hip-wave=64 (32 operations; order hip -> redline -> vulkan -> hipgraph)
  hip         21.1601 us/op correctness=true mismatches=0
  redline      5.8450 us/op correctness=true mismatches=0
  vulkan       6.0800 us/op correctness=true mismatches=0
  hipgraph    20.7850 us/op correctness=true mismatches=0
[37/133] serial_latency/q4-selected-dual/m=2048,k=2048,tile=2;hip-wave=64 (32 operations; order redline -> vulkan -> hipgraph -> hip)
  redline     10.8387 us/op correctness=true mismatches=0
  vulkan      13.7975 us/op correctness=true mismatches=0
  hipgraph    68.9602 us/op correctness=true mismatches=0
  hip         69.5589 us/op correctness=true mismatches=0
[38/133] serial_latency/q4-selected-dual/m=4096,k=8192,tile=2;hip-wave=64 (16 operations; order vulkan -> hipgraph -> hip -> redline)
  vulkan      60.9575 us/op correctness=true mismatches=0
  hipgraph   362.9035 us/op correctness=true mismatches=0
  hip        363.3334 us/op correctness=true mismatches=0
  redline     54.9725 us/op correctness=true mismatches=0
[39/133] serial_latency/q6-x8-selected-down/m=512,k=2048,tile=8;hip-wave=64 (32 operations; order hipgraph -> hip -> redline -> vulkan)
  hipgraph    25.0188 us/op correctness=true mismatches=0
  hip         25.3751 us/op correctness=true mismatches=0
  redline     23.8837 us/op correctness=true mismatches=0
  vulkan      39.8687 us/op correctness=true mismatches=0
[40/133] serial_latency/q6-x8-selected-down/m=2048,k=4096,tile=8;hip-wave=64 (32 operations; order hip -> redline -> vulkan -> hipgraph)
  hip         80.1902 us/op correctness=true mismatches=0
  redline     43.6775 us/op correctness=true mismatches=0
  vulkan      76.9625 us/op correctness=true mismatches=0
  hipgraph    79.8115 us/op correctness=true mismatches=0
[41/133] serial_latency/q6-x8-selected-down/m=4096,k=8192,tile=8;hip-wave=64 (16 operations; order redline -> vulkan -> hipgraph -> hip)
  redline     87.3600 us/op correctness=true mismatches=0
  vulkan     154.3900 us/op correctness=true mismatches=0
  hipgraph   158.0004 us/op correctness=true mismatches=0
  hip        158.7379 us/op correctness=true mismatches=0
[42/133] serial_latency/dense-q8/m=512,k=768,tile=4;hip-wave=64 (32 operations; order vulkan -> hipgraph -> hip -> redline)
  vulkan       8.3613 us/op correctness=true mismatches=0
  hipgraph    20.2751 us/op correctness=true mismatches=0
  hip         20.6551 us/op correctness=true mismatches=0
  redline      7.4200 us/op correctness=true mismatches=0
[43/133] serial_latency/dense-q8/m=2048,k=2048,tile=4;hip-wave=64 (32 operations; order hipgraph -> hip -> redline -> vulkan)
  hipgraph    66.8102 us/op correctness=true mismatches=0
  hip         67.2627 us/op correctness=true mismatches=0
  redline     13.9863 us/op correctness=true mismatches=0
  vulkan      19.3700 us/op correctness=true mismatches=0
[44/133] serial_latency/dense-q8/m=2048,k=8192,tile=4;hip-wave=64 (16 operations; order hip -> redline -> vulkan -> hipgraph)
  hip         92.4677 us/op correctness=true mismatches=0
  redline     41.1350 us/op correctness=true mismatches=0
  vulkan      70.9600 us/op correctness=true mismatches=0
  hipgraph    92.9328 us/op correctness=true mismatches=0
[45/133] serial_latency/dense-q8/m=4096,k=8192,tile=4;hip-wave=64 (16 operations; order redline -> vulkan -> hipgraph -> hip)
  redline     47.1900 us/op correctness=true mismatches=0
  vulkan      80.4325 us/op correctness=true mismatches=0
  hipgraph   181.7455 us/op correctness=true mismatches=0
  hip        181.5030 us/op correctness=true mismatches=0
[46/133] independent_throughput/dispatch-grid/count=1,grid=1;hip-wave=32 (1 operations; order vulkan -> hipgraph -> hip -> redline)
  vulkan       7.6400 us/op correctness=true mismatches=0
  hipgraph    18.3600 us/op correctness=true mismatches=0
  hip         10.7600 us/op correctness=true mismatches=0
  redline      4.0800 us/op correctness=true mismatches=0
[47/133] independent_throughput/dispatch-grid/count=50,grid=1;hip-wave=32 (50 operations; order hipgraph -> hip -> redline -> vulkan)
  hipgraph    13.1224 us/op correctness=true mismatches=0
  hip          8.3408 us/op correctness=true mismatches=0
  redline      0.1920 us/op correctness=true mismatches=0
  vulkan       1.1760 us/op correctness=true mismatches=0
[48/133] independent_throughput/dispatch-grid/count=200,grid=1;hip-wave=32 (200 operations; order hip -> redline -> vulkan -> hipgraph)
  hip          9.4172 us/op correctness=true mismatches=0
  redline      0.1188 us/op correctness=true mismatches=0
  vulkan       0.4186 us/op correctness=true mismatches=0
  hipgraph     9.2176 us/op correctness=true mismatches=0
[49/133] independent_throughput/dispatch-grid/count=941,grid=1;hip-wave=32 (941 operations; order redline -> vulkan -> hipgraph -> hip)
  redline      0.0802 us/op correctness=true mismatches=0
  vulkan       0.0807 us/op correctness=true mismatches=0
  hipgraph     8.5192 us/op correctness=true mismatches=0
  hip          8.3439 us/op correctness=true mismatches=0
[50/133] independent_throughput/dispatch-grid/count=64,grid=128;hip-wave=32 (64 operations; order vulkan -> hipgraph -> hip -> redline)
  vulkan       0.8931 us/op correctness=true mismatches=0
  hipgraph    10.9394 us/op correctness=true mismatches=0
  hip         10.0263 us/op correctness=true mismatches=0
  redline      0.2406 us/op correctness=true mismatches=0
[51/133] independent_throughput/dispatch-grid/count=64,grid=1024;hip-wave=32 (64 operations; order hipgraph -> hip -> redline -> vulkan)
  hipgraph    15.1763 us/op correctness=true mismatches=0
  hip         13.6338 us/op correctness=true mismatches=0
  redline      0.9463 us/op correctness=true mismatches=0
  vulkan       1.2656 us/op correctness=true mismatches=0
[52/133] independent_throughput/dispatch-grid/count=64,grid=8192;hip-wave=32 (64 operations; order hip -> redline -> vulkan -> hipgraph)
  hip         47.1395 us/op correctness=true mismatches=0
  redline      3.6356 us/op correctness=true mismatches=0
  vulkan       5.6744 us/op correctness=true mismatches=0
  hipgraph    50.4870 us/op correctness=true mismatches=0
[53/133] independent_throughput/geometry/k=512,rows=1,wg=256;hip-wave=32 (64 operations; order redline -> vulkan -> hipgraph -> hip)
  redline      0.1862 us/op correctness=true mismatches=0
  vulkan       1.3069 us/op correctness=true mismatches=0
  hipgraph    19.5932 us/op correctness=true mismatches=0
  hip         17.2438 us/op correctness=true mismatches=0
[54/133] independent_throughput/geometry/k=512,rows=4,wg=256;hip-wave=32 (64 operations; order vulkan -> hipgraph -> hip -> redline)
  vulkan       1.2894 us/op correctness=true mismatches=0
  hipgraph    12.1650 us/op correctness=true mismatches=0
  hip         11.6157 us/op correctness=true mismatches=0
  redline      0.3344 us/op correctness=true mismatches=0
[55/133] independent_throughput/geometry/k=2048,rows=1,wg=256;hip-wave=32 (64 operations; order hipgraph -> hip -> redline -> vulkan)
  hipgraph    17.4357 us/op correctness=true mismatches=0
  hip         17.0350 us/op correctness=true mismatches=0
  redline      0.4775 us/op correctness=true mismatches=0
  vulkan       2.1263 us/op correctness=true mismatches=0
[56/133] independent_throughput/geometry/k=2048,rows=4,wg=256;hip-wave=32 (64 operations; order hip -> redline -> vulkan -> hipgraph)
  hip         16.6613 us/op correctness=true mismatches=0
  redline      1.1387 us/op correctness=true mismatches=0
  vulkan       2.1750 us/op correctness=true mismatches=0
  hipgraph    17.1557 us/op correctness=true mismatches=0
[57/133] independent_throughput/reduction/variant=wave,k=8192,rows=1;hip-wave=32 (64 operations; order redline -> vulkan -> hipgraph -> hip)
  redline      1.1606 us/op correctness=true mismatches=0
  vulkan       4.5150 us/op correctness=true mismatches=0
  hipgraph    38.9076 us/op correctness=true mismatches=0
  hip         38.8539 us/op correctness=true mismatches=0
[58/133] independent_throughput/reduction/variant=wave,k=8192,rows=4;hip-wave=32 (64 operations; order vulkan -> hipgraph -> hip -> redline)
  vulkan       4.6537 us/op correctness=true mismatches=0
  hipgraph    40.3814 us/op correctness=true mismatches=0
  hip         38.7588 us/op correctness=true mismatches=0
  redline      2.4331 us/op correctness=true mismatches=0
[59/133] independent_throughput/reduction/variant=lds-tree,k=8192,rows=1;hip-wave=32 (64 operations; order hipgraph -> hip -> redline -> vulkan)
  hipgraph    38.7639 us/op correctness=true mismatches=0
  hip         38.5107 us/op correctness=true mismatches=0
  redline      1.1344 us/op correctness=true mismatches=0
  vulkan       4.4313 us/op correctness=true mismatches=0
[60/133] independent_throughput/reduction/variant=lds-tree,k=8192,rows=4;hip-wave=32 (64 operations; order hip -> redline -> vulkan -> hipgraph)
  hip         38.6545 us/op correctness=true mismatches=0
  redline      2.3325 us/op correctness=true mismatches=0
  vulkan       4.6031 us/op correctness=true mismatches=0
  hipgraph    40.2170 us/op correctness=true mismatches=0
[61/133] independent_throughput/memory-waitcnt/variant=coalesced4,n=4096,body=16;hip-wave=32 (64 operations; order redline -> vulkan -> hipgraph -> hip)
  redline      0.3488 us/op correctness=true mismatches=0
  vulkan       1.0662 us/op correctness=true mismatches=0
  hipgraph    12.8432 us/op correctness=true mismatches=0
  hip         11.5682 us/op correctness=true mismatches=0
[62/133] independent_throughput/memory-waitcnt/variant=coalesced4,n=32768,body=16;hip-wave=32 (32 operations; order vulkan -> hipgraph -> hip -> redline)
  vulkan       2.8725 us/op correctness=true mismatches=0
  hipgraph    32.3126 us/op correctness=true mismatches=0
  hip         26.9451 us/op correctness=true mismatches=0
  redline      2.4225 us/op correctness=true mismatches=0
[63/133] independent_throughput/memory-waitcnt/variant=gather,n=4096,body=16;hip-wave=32 (64 operations; order hipgraph -> hip -> redline -> vulkan)
  hipgraph    12.8500 us/op correctness=true mismatches=0
  hip         11.4288 us/op correctness=true mismatches=0
  redline      1.0419 us/op correctness=true mismatches=0
  vulkan       1.1238 us/op correctness=true mismatches=0
[64/133] independent_throughput/memory-waitcnt/variant=gather,n=32768,body=16;hip-wave=32 (32 operations; order hip -> redline -> vulkan -> hipgraph)
  hip         27.1976 us/op correctness=true mismatches=0
  redline      9.4062 us/op correctness=true mismatches=0
  vulkan       7.7800 us/op correctness=true mismatches=0
  hipgraph    35.3476 us/op correctness=true mismatches=0
[65/133] independent_throughput/memory-waitcnt/variant=interleave4,n=4096,body=16;hip-wave=64 (64 operations; order redline -> vulkan -> hipgraph -> hip)
  redline      0.5269 us/op correctness=true mismatches=0
  vulkan       1.2469 us/op correctness=true mismatches=0
  hipgraph    12.2050 us/op correctness=true mismatches=0
  hip         11.4350 us/op correctness=true mismatches=0
[66/133] independent_throughput/memory-waitcnt/variant=interleave4,n=32768,body=16;hip-wave=64 (32 operations; order vulkan -> hipgraph -> hip -> redline)
  vulkan       4.2500 us/op correctness=true mismatches=0
  hipgraph    31.0713 us/op correctness=true mismatches=0
  hip         27.5788 us/op correctness=true mismatches=0
  redline      3.8675 us/op correctness=true mismatches=0
[67/133] independent_throughput/packed-dot/variant=q8-signed,n=4096,body=16;hip-wave=32 (64 operations; order hipgraph -> hip -> redline -> vulkan)
  hipgraph    12.5732 us/op correctness=true mismatches=0
  hip         11.6325 us/op correctness=true mismatches=0
  redline      0.5675 us/op correctness=true mismatches=0
  vulkan       1.3581 us/op correctness=true mismatches=0
[68/133] independent_throughput/packed-dot/variant=q4-unsigned,n=4096,body=16;hip-wave=32 (64 operations; order hip -> redline -> vulkan -> hipgraph)
  hip         12.0113 us/op correctness=true mismatches=0
  redline      0.5581 us/op correctness=true mismatches=0
  vulkan       1.3625 us/op correctness=true mismatches=0
  hipgraph    12.5832 us/op correctness=true mismatches=0
[69/133] independent_throughput/packed-dot/variant=q6-zero,n=4096,body=16;hip-wave=32 (64 operations; order redline -> vulkan -> hipgraph -> hip)
  redline      0.5825 us/op correctness=true mismatches=0
  vulkan       1.4087 us/op correctness=true mismatches=0
  hipgraph    12.5338 us/op correctness=true mismatches=0
  hip         11.6425 us/op correctness=true mismatches=0
[70/133] independent_throughput/packed-dot/variant=q4-scalar,n=4096,body=16;hip-wave=32 (64 operations; order vulkan -> hipgraph -> hip -> redline)
  vulkan       2.4306 us/op correctness=true mismatches=0
  hipgraph    12.6950 us/op correctness=true mismatches=0
  hip         11.7813 us/op correctness=true mismatches=0
  redline      1.0706 us/op correctness=true mismatches=0
[71/133] independent_throughput/vopd/variant=independent-fma,n=32768,body=64;hip-wave=64 (32 operations; order hipgraph -> hip -> redline -> vulkan)
  hipgraph    33.0713 us/op correctness=true mismatches=0
  hip         28.6938 us/op correctness=true mismatches=0
  redline      3.6500 us/op correctness=true mismatches=0
  vulkan       4.0625 us/op correctness=true mismatches=0
[72/133] independent_throughput/vopd/variant=dependent-fma,n=32768,body=64;hip-wave=64 (32 operations; order hip -> redline -> vulkan -> hipgraph)
  hip         29.3388 us/op correctness=true mismatches=0
  redline      3.5050 us/op correctness=true mismatches=0
  vulkan       4.0075 us/op correctness=true mismatches=0
  hipgraph    33.4838 us/op correctness=true mismatches=0
[73/133] independent_throughput/vopd/variant=mixed-int-float,n=32768,body=64;hip-wave=64 (32 operations; order redline -> vulkan -> hipgraph -> hip)
  redline      8.9388 us/op correctness=true mismatches=0
  vulkan       7.4837 us/op correctness=true mismatches=0
  hipgraph    36.5526 us/op correctness=true mismatches=0
  hip         31.3563 us/op correctness=true mismatches=0
[74/133] independent_throughput/vopd/variant=dequant-like,n=32768,body=64;hip-wave=64 (32 operations; order vulkan -> hipgraph -> hip -> redline)
  vulkan       6.3950 us/op correctness=true mismatches=0
  hipgraph    35.4688 us/op correctness=true mismatches=0
  hip         29.3826 us/op correctness=true mismatches=0
  redline      7.8037 us/op correctness=true mismatches=0
[75/133] independent_throughput/sampler/argmax,vocab=32768,rows=1;hip-wave=32 (64 operations; order hipgraph -> hip -> redline -> vulkan)
  hipgraph    17.0550 us/op correctness=true mismatches=0
  hip         16.5969 us/op correctness=true mismatches=0
  redline      0.3862 us/op correctness=true mismatches=0
  vulkan       1.8987 us/op correctness=true mismatches=0
[76/133] independent_throughput/sampler/argmax,vocab=32768,rows=4;hip-wave=32 (64 operations; order hip -> redline -> vulkan -> hipgraph)
  hip         16.5032 us/op correctness=true mismatches=0
  redline      0.6275 us/op correctness=true mismatches=0
  vulkan       1.9356 us/op correctness=true mismatches=0
  hipgraph    17.4613 us/op correctness=true mismatches=0
[77/133] independent_throughput/sampler/argmax,vocab=131072,rows=1;hip-wave=32 (64 operations; order redline -> vulkan -> hipgraph -> hip)
  redline      1.3831 us/op correctness=true mismatches=0
  vulkan       4.8844 us/op correctness=true mismatches=0
  hipgraph    47.1589 us/op correctness=true mismatches=0
  hip         45.7914 us/op correctness=true mismatches=0
[78/133] independent_throughput/sampler/argmax,vocab=131072,rows=4;hip-wave=32 (64 operations; order vulkan -> hipgraph -> hip -> redline)
  vulkan       4.8381 us/op correctness=true mismatches=0
  hipgraph    46.5032 us/op correctness=true mismatches=0
  hip         45.7951 us/op correctness=true mismatches=0
  redline      2.2975 us/op correctness=true mismatches=0
[79/133] independent_throughput/two-stage-reduction/k=8192,rows=4,splits=2;hip-wave=32 (64 operations; order hipgraph -> hip -> redline -> vulkan)
  hipgraph    20.1857 us/op correctness=true mismatches=0
  hip         19.9132 us/op correctness=true mismatches=0
  redline      4.2550 us/op correctness=true mismatches=0
  vulkan       6.5506 us/op correctness=true mismatches=0
[80/133] independent_throughput/two-stage-reduction/k=32768,rows=4,splits=8;hip-wave=32 (32 operations; order hip -> redline -> vulkan -> hipgraph)
  hip         23.4101 us/op correctness=true mismatches=0
  redline      5.2713 us/op correctness=true mismatches=0
  vulkan       7.3137 us/op correctness=true mismatches=0
  hipgraph    25.9326 us/op correctness=true mismatches=0
[81/133] independent_throughput/q4-selected-dual/m=512,k=768,tile=2;hip-wave=64 (32 operations; order redline -> vulkan -> hipgraph -> hip)
  redline      0.6162 us/op correctness=true mismatches=0
  vulkan       2.1225 us/op correctness=true mismatches=0
  hipgraph    20.0926 us/op correctness=true mismatches=0
  hip         16.8125 us/op correctness=true mismatches=0
[82/133] independent_throughput/q4-selected-dual/m=2048,k=2048,tile=2;hip-wave=64 (32 operations; order vulkan -> hipgraph -> hip -> redline)
  vulkan       3.8087 us/op correctness=true mismatches=0
  hipgraph    45.2364 us/op correctness=true mismatches=0
  hip         40.7251 us/op correctness=true mismatches=0
  redline      2.6450 us/op correctness=true mismatches=0
[83/133] independent_throughput/q4-selected-dual/m=4096,k=8192,tile=2;hip-wave=64 (16 operations; order hipgraph -> hip -> redline -> vulkan)
  hipgraph   205.2981 us/op correctness=true mismatches=0
  hip        199.8206 us/op correctness=true mismatches=0
  redline     20.8075 us/op correctness=true mismatches=0
  vulkan      31.1350 us/op correctness=true mismatches=0
[84/133] independent_throughput/q6-x8-selected-down/m=512,k=2048,tile=8;hip-wave=64 (32 operations; order hip -> redline -> vulkan -> hipgraph)
  hip         17.0713 us/op correctness=true mismatches=0
  redline      0.8838 us/op correctness=true mismatches=0
  vulkan       3.7625 us/op correctness=true mismatches=0
  hipgraph    18.5063 us/op correctness=true mismatches=0
[85/133] independent_throughput/q6-x8-selected-down/m=2048,k=4096,tile=8;hip-wave=64 (32 operations; order redline -> vulkan -> hipgraph -> hip)
  redline      3.5463 us/op correctness=true mismatches=0
  vulkan       6.0762 us/op correctness=true mismatches=0
  hipgraph    48.7739 us/op correctness=true mismatches=0
  hip         44.8814 us/op correctness=true mismatches=0
[86/133] independent_throughput/q6-x8-selected-down/m=4096,k=8192,tile=8;hip-wave=64 (16 operations; order vulkan -> hipgraph -> hip -> redline)
  vulkan      25.1250 us/op correctness=true mismatches=0
  hipgraph    92.0227 us/op correctness=true mismatches=0
  hip         83.9453 us/op correctness=true mismatches=0
  redline     18.2625 us/op correctness=true mismatches=0
[87/133] independent_throughput/dense-q8/m=512,k=768,tile=4;hip-wave=64 (32 operations; order hipgraph -> hip -> redline -> vulkan)
  hipgraph    19.4788 us/op correctness=true mismatches=0
  hip         16.7950 us/op correctness=true mismatches=0
  redline      0.4863 us/op correctness=true mismatches=0
  vulkan       2.2212 us/op correctness=true mismatches=0
[88/133] independent_throughput/dense-q8/m=2048,k=2048,tile=4;hip-wave=64 (32 operations; order hip -> redline -> vulkan -> hipgraph)
  hip         37.6826 us/op correctness=true mismatches=0
  redline      2.0038 us/op correctness=true mismatches=0
  vulkan       3.2750 us/op correctness=true mismatches=0
  hipgraph    42.6389 us/op correctness=true mismatches=0
[89/133] independent_throughput/dense-q8/m=2048,k=8192,tile=4;hip-wave=64 (16 operations; order redline -> vulkan -> hipgraph -> hip)
  redline      8.5450 us/op correctness=true mismatches=0
  vulkan      12.3725 us/op correctness=true mismatches=0
  hipgraph    62.0627 us/op correctness=true mismatches=0
  hip         53.6777 us/op correctness=true mismatches=0
[90/133] independent_throughput/dense-q8/m=4096,k=8192,tile=4;hip-wave=64 (16 operations; order vulkan -> hipgraph -> hip -> redline)
  vulkan      24.5575 us/op correctness=true mismatches=0
  hipgraph   110.9003 us/op correctness=true mismatches=0
  hip        101.7503 us/op correctness=true mismatches=0
  redline     18.5000 us/op correctness=true mismatches=0
[91/133] single_kernel_aggressive/dispatch-grid/count=1,grid=1;hip-wave=32 (1 operations; order hipgraph -> hip -> redline -> vulkan)
  hipgraph    12.5600 us/op correctness=true mismatches=0
  hip          7.1200 us/op correctness=true mismatches=0
  redline      2.3600 us/op correctness=true mismatches=0
  vulkan       4.2000 us/op correctness=true mismatches=0
[92/133] single_kernel_aggressive/dispatch-grid/count=50,grid=1;hip-wave=32 (1 operations; order hip -> redline -> vulkan -> hipgraph)
  hip          7.2000 us/op correctness=true mismatches=0
  redline      2.7600 us/op correctness=true mismatches=0
  vulkan       4.2400 us/op correctness=true mismatches=0
  hipgraph    12.6400 us/op correctness=true mismatches=0
[93/133] single_kernel_aggressive/dispatch-grid/count=200,grid=1;hip-wave=32 (1 operations; order redline -> vulkan -> hipgraph -> hip)
  redline      2.4400 us/op correctness=true mismatches=0
  vulkan       4.2000 us/op correctness=true mismatches=0
  hipgraph    12.5600 us/op correctness=true mismatches=0
  hip          7.1200 us/op correctness=true mismatches=0
[94/133] single_kernel_aggressive/dispatch-grid/count=941,grid=1;hip-wave=32 (1 operations; order vulkan -> hipgraph -> hip -> redline)
  vulkan       4.2000 us/op correctness=true mismatches=0
  hipgraph    12.6800 us/op correctness=true mismatches=0
  hip          9.5600 us/op correctness=true mismatches=0
  redline      2.4800 us/op correctness=true mismatches=0
[95/133] single_kernel_aggressive/dispatch-grid/count=64,grid=128;hip-wave=32 (1 operations; order hipgraph -> hip -> redline -> vulkan)
  hipgraph    13.0800 us/op correctness=true mismatches=0
  hip          7.4800 us/op correctness=true mismatches=0
  redline      3.8000 us/op correctness=true mismatches=0
  vulkan       4.3200 us/op correctness=true mismatches=0
[96/133] single_kernel_aggressive/dispatch-grid/count=64,grid=1024;hip-wave=32 (1 operations; order hip -> redline -> vulkan -> hipgraph)
  hip         11.8000 us/op correctness=true mismatches=0
  redline      3.6800 us/op correctness=true mismatches=0
  vulkan       5.0000 us/op correctness=true mismatches=0
  hipgraph    17.4000 us/op correctness=true mismatches=0
[97/133] single_kernel_aggressive/dispatch-grid/count=64,grid=8192;hip-wave=32 (1 operations; order redline -> vulkan -> hipgraph -> hip)
  redline      5.6800 us/op correctness=true mismatches=0
  vulkan       9.2400 us/op correctness=true mismatches=0
  hipgraph    51.1600 us/op correctness=true mismatches=0
  hip         45.5200 us/op correctness=true mismatches=0
[98/133] single_kernel_aggressive/geometry/k=512,rows=1,wg=256;hip-wave=32 (1 operations; order vulkan -> hipgraph -> hip -> redline)
  vulkan      11.6400 us/op correctness=true mismatches=0
  hipgraph    26.8400 us/op correctness=true mismatches=0
  hip         20.6000 us/op correctness=true mismatches=0
  redline      8.2800 us/op correctness=true mismatches=0
[99/133] single_kernel_aggressive/geometry/k=512,rows=4,wg=256;hip-wave=32 (1 operations; order hipgraph -> hip -> redline -> vulkan)
  hipgraph    18.5200 us/op correctness=true mismatches=0
  hip         13.0400 us/op correctness=true mismatches=0
  redline      8.5600 us/op correctness=true mismatches=0
  vulkan      11.5600 us/op correctness=true mismatches=0
[100/133] single_kernel_aggressive/geometry/k=2048,rows=1,wg=256;hip-wave=32 (1 operations; order hip -> redline -> vulkan -> hipgraph)
  hip         28.3600 us/op correctness=true mismatches=0
  redline     23.6400 us/op correctness=true mismatches=0
  vulkan      30.6800 us/op correctness=true mismatches=0
  hipgraph    34.0000 us/op correctness=true mismatches=0
[101/133] single_kernel_aggressive/geometry/k=2048,rows=4,wg=256;hip-wave=32 (1 operations; order redline -> vulkan -> hipgraph -> hip)
  redline     23.6400 us/op correctness=true mismatches=0
  vulkan      30.3600 us/op correctness=true mismatches=0
  hipgraph    33.8800 us/op correctness=true mismatches=0
  hip         28.2400 us/op correctness=true mismatches=0
[102/133] single_kernel_aggressive/reduction/variant=wave,k=8192,rows=1;hip-wave=32 (1 operations; order vulkan -> hipgraph -> hip -> redline)
  vulkan      80.6000 us/op correctness=true mismatches=0
  hipgraph    79.1610 us/op correctness=true mismatches=0
  hip         73.5200 us/op correctness=true mismatches=0
  redline     68.0000 us/op correctness=true mismatches=0
[103/133] single_kernel_aggressive/reduction/variant=wave,k=8192,rows=4;hip-wave=32 (1 operations; order hipgraph -> hip -> redline -> vulkan)
  hipgraph    79.1210 us/op correctness=true mismatches=0
  hip         72.2000 us/op correctness=true mismatches=0
  redline     69.0000 us/op correctness=true mismatches=0
  vulkan      80.7200 us/op correctness=true mismatches=0
[104/133] single_kernel_aggressive/reduction/variant=lds-tree,k=8192,rows=1;hip-wave=32 (1 operations; order hip -> redline -> vulkan -> hipgraph)
  hip         71.8000 us/op correctness=true mismatches=0
  redline     66.8800 us/op correctness=true mismatches=0
  vulkan      79.6400 us/op correctness=true mismatches=0
  hipgraph    76.1610 us/op correctness=true mismatches=0
[105/133] single_kernel_aggressive/reduction/variant=lds-tree,k=8192,rows=4;hip-wave=32 (1 operations; order redline -> vulkan -> hipgraph -> hip)
  redline     68.9600 us/op correctness=true mismatches=0
  vulkan      80.8400 us/op correctness=true mismatches=0
  hipgraph    78.9200 us/op correctness=true mismatches=0
  hip         72.3600 us/op correctness=true mismatches=0
[106/133] single_kernel_aggressive/memory-waitcnt/variant=coalesced4,n=4096,body=16;hip-wave=32 (1 operations; order vulkan -> hipgraph -> hip -> redline)
  vulkan       7.2000 us/op correctness=true mismatches=0
  hipgraph    15.7600 us/op correctness=true mismatches=0
  hip         10.0000 us/op correctness=true mismatches=0
  redline      6.2400 us/op correctness=true mismatches=0
[107/133] single_kernel_aggressive/memory-waitcnt/variant=coalesced4,n=32768,body=16;hip-wave=32 (1 operations; order hipgraph -> hip -> redline -> vulkan)
  hipgraph    32.2000 us/op correctness=true mismatches=0
  hip         26.6000 us/op correctness=true mismatches=0
  redline      7.6400 us/op correctness=true mismatches=0
  vulkan       8.8400 us/op correctness=true mismatches=0
[108/133] single_kernel_aggressive/memory-waitcnt/variant=gather,n=4096,body=16;hip-wave=32 (1 operations; order hip -> redline -> vulkan -> hipgraph)
  hip          9.6800 us/op correctness=true mismatches=0
  redline      4.9200 us/op correctness=true mismatches=0
  vulkan       8.8000 us/op correctness=true mismatches=0
  hipgraph    15.3600 us/op correctness=true mismatches=0
[109/133] single_kernel_aggressive/memory-waitcnt/variant=gather,n=32768,body=16;hip-wave=32 (1 operations; order redline -> vulkan -> hipgraph -> hip)
  redline     13.0400 us/op correctness=true mismatches=0
  vulkan      13.4000 us/op correctness=true mismatches=0
  hipgraph    32.5600 us/op correctness=true mismatches=0
  hip         27.0000 us/op correctness=true mismatches=0
[110/133] single_kernel_aggressive/memory-waitcnt/variant=interleave4,n=4096,body=16;hip-wave=64 (1 operations; order vulkan -> hipgraph -> hip -> redline)
  vulkan       7.4800 us/op correctness=true mismatches=0
  hipgraph    15.4800 us/op correctness=true mismatches=0
  hip          9.9200 us/op correctness=true mismatches=0
  redline      6.5600 us/op correctness=true mismatches=0
[111/133] single_kernel_aggressive/memory-waitcnt/variant=interleave4,n=32768,body=16;hip-wave=64 (1 operations; order hipgraph -> hip -> redline -> vulkan)
  hipgraph    17.4400 us/op correctness=true mismatches=0
  hip         12.0800 us/op correctness=true mismatches=0
  redline      8.6800 us/op correctness=true mismatches=0
  vulkan       8.9200 us/op correctness=true mismatches=0
[112/133] single_kernel_aggressive/packed-dot/variant=q8-signed,n=4096,body=16;hip-wave=32 (1 operations; order hip -> redline -> vulkan -> hipgraph)
  hip         10.3600 us/op correctness=true mismatches=0
  redline      6.0800 us/op correctness=true mismatches=0
  vulkan       8.0000 us/op correctness=true mismatches=0
  hipgraph    15.9200 us/op correctness=true mismatches=0
[113/133] single_kernel_aggressive/packed-dot/variant=q4-unsigned,n=4096,body=16;hip-wave=32 (1 operations; order redline -> vulkan -> hipgraph -> hip)
  redline      6.0400 us/op correctness=true mismatches=0
  vulkan       7.9200 us/op correctness=true mismatches=0
  hipgraph    16.2000 us/op correctness=true mismatches=0
  hip         10.2800 us/op correctness=true mismatches=0
[114/133] single_kernel_aggressive/packed-dot/variant=q6-zero,n=4096,body=16;hip-wave=32 (1 operations; order vulkan -> hipgraph -> hip -> redline)
  vulkan       8.1200 us/op correctness=true mismatches=0
  hipgraph    15.8400 us/op correctness=true mismatches=0
  hip         10.2800 us/op correctness=true mismatches=0
  redline      6.1200 us/op correctness=true mismatches=0
[115/133] single_kernel_aggressive/packed-dot/variant=q4-scalar,n=4096,body=16;hip-wave=32 (1 operations; order hipgraph -> hip -> redline -> vulkan)
  hipgraph    16.2400 us/op correctness=true mismatches=0
  hip         10.7600 us/op correctness=true mismatches=0
  redline      6.8400 us/op correctness=true mismatches=0
  vulkan      11.4400 us/op correctness=true mismatches=0
[116/133] single_kernel_aggressive/vopd/variant=independent-fma,n=32768,body=64;hip-wave=64 (1 operations; order hip -> redline -> vulkan -> hipgraph)
  hip         28.0400 us/op correctness=true mismatches=0
  redline      7.8000 us/op correctness=true mismatches=0
  vulkan       7.7600 us/op correctness=true mismatches=0
  hipgraph    33.8000 us/op correctness=true mismatches=0
[117/133] single_kernel_aggressive/vopd/variant=dependent-fma,n=32768,body=64;hip-wave=64 (1 operations; order redline -> vulkan -> hipgraph -> hip)
  redline      7.1600 us/op correctness=true mismatches=0
  vulkan       7.7600 us/op correctness=true mismatches=0
  hipgraph    34.3200 us/op correctness=true mismatches=0
  hip         28.6000 us/op correctness=true mismatches=0
[118/133] single_kernel_aggressive/vopd/variant=mixed-int-float,n=32768,body=64;hip-wave=64 (1 operations; order vulkan -> hipgraph -> hip -> redline)
  vulkan      11.1200 us/op correctness=true mismatches=0
  hipgraph    36.4000 us/op correctness=true mismatches=0
  hip         30.8410 us/op correctness=true mismatches=0
  redline     13.3200 us/op correctness=true mismatches=0
[119/133] single_kernel_aggressive/vopd/variant=dequant-like,n=32768,body=64;hip-wave=64 (1 operations; order hipgraph -> hip -> redline -> vulkan)
  hipgraph    35.0000 us/op correctness=true mismatches=0
  hip         29.3200 us/op correctness=true mismatches=0
  redline     12.3600 us/op correctness=true mismatches=0
  vulkan      10.4400 us/op correctness=true mismatches=0
[120/133] single_kernel_aggressive/sampler/argmax,vocab=32768,rows=1;hip-wave=32 (1 operations; order hip -> redline -> vulkan -> hipgraph)
  hip         30.4800 us/op correctness=true mismatches=0
  redline     25.2800 us/op correctness=true mismatches=0
  vulkan      27.8000 us/op correctness=true mismatches=0
  hipgraph    35.5600 us/op correctness=true mismatches=0
[121/133] single_kernel_aggressive/sampler/argmax,vocab=32768,rows=4;hip-wave=32 (1 operations; order redline -> vulkan -> hipgraph -> hip)
  redline     24.8000 us/op correctness=true mismatches=0
  vulkan      27.5600 us/op correctness=true mismatches=0
  hipgraph    35.3600 us/op correctness=true mismatches=0
  hip         29.5600 us/op correctness=true mismatches=0
[122/133] single_kernel_aggressive/sampler/argmax,vocab=131072,rows=1;hip-wave=32 (1 operations; order vulkan -> hipgraph -> hip -> redline)
  vulkan      95.3600 us/op correctness=true mismatches=0
  hipgraph   102.5200 us/op correctness=true mismatches=0
  hip         93.0000 us/op correctness=true mismatches=0
  redline     90.8000 us/op correctness=true mismatches=0
[123/133] single_kernel_aggressive/sampler/argmax,vocab=131072,rows=4;hip-wave=32 (1 operations; order hipgraph -> hip -> redline -> vulkan)
  hipgraph    98.9210 us/op correctness=true mismatches=0
  hip         93.4400 us/op correctness=true mismatches=0
  redline     90.1200 us/op correctness=true mismatches=0
  vulkan      95.0800 us/op correctness=true mismatches=0
[124/133] single_kernel_aggressive/q4-selected-dual/m=512,k=768,tile=2;hip-wave=64 (1 operations; order hip -> redline -> vulkan -> hipgraph)
  hip         15.2400 us/op correctness=true mismatches=0
  redline      5.4000 us/op correctness=true mismatches=0
  vulkan       7.4000 us/op correctness=true mismatches=0
  hipgraph    21.0800 us/op correctness=true mismatches=0
[125/133] single_kernel_aggressive/q4-selected-dual/m=2048,k=2048,tile=2;hip-wave=64 (1 operations; order redline -> vulkan -> hipgraph -> hip)
  redline      8.2000 us/op correctness=true mismatches=0
  vulkan      12.0400 us/op correctness=true mismatches=0
  hipgraph    47.2000 us/op correctness=true mismatches=0
  hip         41.2410 us/op correctness=true mismatches=0
[126/133] single_kernel_aggressive/q4-selected-dual/m=4096,k=8192,tile=2;hip-wave=64 (1 operations; order vulkan -> hipgraph -> hip -> redline)
  vulkan      43.8000 us/op correctness=true mismatches=0
  hipgraph   203.1210 us/op correctness=true mismatches=0
  hip        197.1600 us/op correctness=true mismatches=0
  redline     35.9200 us/op correctness=true mismatches=0
[127/133] single_kernel_aggressive/q6-x8-selected-down/m=512,k=2048,tile=8;hip-wave=64 (1 operations; order hipgraph -> hip -> redline -> vulkan)
  hipgraph    24.9600 us/op correctness=true mismatches=0
  hip         19.2400 us/op correctness=true mismatches=0
  redline     15.6400 us/op correctness=true mismatches=0
  vulkan      27.4800 us/op correctness=true mismatches=0
[128/133] single_kernel_aggressive/q6-x8-selected-down/m=2048,k=4096,tile=8;hip-wave=64 (1 operations; order hip -> redline -> vulkan -> hipgraph)
  hip         51.6010 us/op correctness=true mismatches=0
  redline     26.8400 us/op correctness=true mismatches=0
  vulkan      47.7600 us/op correctness=true mismatches=0
  hipgraph    57.1600 us/op correctness=true mismatches=0
[129/133] single_kernel_aggressive/q6-x8-selected-down/m=4096,k=8192,tile=8;hip-wave=64 (1 operations; order redline -> vulkan -> hipgraph -> hip)
  redline     53.2400 us/op correctness=true mismatches=0
  vulkan      98.0800 us/op correctness=true mismatches=0
  hipgraph    93.5210 us/op correctness=true mismatches=0
  hip         87.6400 us/op correctness=true mismatches=0
[130/133] single_kernel_aggressive/dense-q8/m=512,k=768,tile=4;hip-wave=64 (1 operations; order vulkan -> hipgraph -> hip -> redline)
  vulkan       8.4000 us/op correctness=true mismatches=0
  hipgraph    20.6800 us/op correctness=true mismatches=0
  hip         15.0800 us/op correctness=true mismatches=0
  redline      6.2800 us/op correctness=true mismatches=0
[131/133] single_kernel_aggressive/dense-q8/m=2048,k=2048,tile=4;hip-wave=64 (1 operations; order hipgraph -> hip -> redline -> vulkan)
  hipgraph    44.0000 us/op correctness=true mismatches=0
  hip         38.4800 us/op correctness=true mismatches=0
  redline     10.0800 us/op correctness=true mismatches=0
  vulkan      14.8800 us/op correctness=true mismatches=0
[132/133] single_kernel_aggressive/dense-q8/m=2048,k=8192,tile=4;hip-wave=64 (1 operations; order hip -> redline -> vulkan -> hipgraph)
  hip         54.0800 us/op correctness=true mismatches=0
  redline     26.3200 us/op correctness=true mismatches=0
  vulkan      48.5600 us/op correctness=true mismatches=0
  hipgraph    60.4400 us/op correctness=true mismatches=0
[133/133] single_kernel_aggressive/dense-q8/m=4096,k=8192,tile=4;hip-wave=64 (1 operations; order redline -> vulkan -> hipgraph -> hip)
  redline     32.6800 us/op correctness=true mismatches=0
  vulkan      55.5200 us/op correctness=true mismatches=0
  hipgraph   108.7200 us/op correctness=true mismatches=0
  hip        102.6400 us/op correctness=true mismatches=0
wrote results/gfx1201/2026-07-13-radiowave-all-losers/final-block64/rep2/results.json
wrote results/gfx1201/2026-07-13-radiowave-all-losers/final-block64/rep2/REPORT.md
Redline wins 109/133 (81.95%). Four-way placements: 1st 109, 2nd 24, 3rd 0, 4th 0.
