initializing Hipfire HIP bridge
initializing Redline retained-PM4 backend
initializing RADV Vulkan backend
WARNING: radv is not a conformant Vulkan implementation, testing use only.
[1/90] serial_latency/dispatch-grid/count=1,grid=1 (1 operations; order redline -> vulkan -> hipgraph -> hip)
  redline      4.4000 us/op correctness=true mismatches=0
  vulkan       7.4800 us/op correctness=true mismatches=0
  hipgraph    33.3600 us/op correctness=true mismatches=0
  hip         25.4400 us/op correctness=true mismatches=0
[2/90] serial_latency/dispatch-grid/count=50,grid=1 (50 operations; order vulkan -> hipgraph -> hip -> redline)
  vulkan       1.2568 us/op correctness=true mismatches=0
  hipgraph    18.1576 us/op correctness=true mismatches=0
  hip         18.6056 us/op correctness=true mismatches=0
  redline      1.7032 us/op correctness=true mismatches=0
[3/90] serial_latency/dispatch-grid/count=200,grid=1 (200 operations; order hipgraph -> hip -> redline -> vulkan)
  hipgraph    18.1174 us/op correctness=true mismatches=0
  hip         18.5296 us/op correctness=true mismatches=0
  redline      1.5896 us/op correctness=true mismatches=0
  vulkan       1.0704 us/op correctness=true mismatches=0
[4/90] serial_latency/dispatch-grid/count=941,grid=1 (941 operations; order hip -> redline -> vulkan -> hipgraph)
  hip         18.5134 us/op correctness=true mismatches=0
  redline      1.5705 us/op correctness=true mismatches=0
  vulkan       1.0072 us/op correctness=true mismatches=0
  hipgraph    18.0345 us/op correctness=true mismatches=0
[5/90] serial_latency/dispatch-grid/count=64,grid=128 (64 operations; order redline -> vulkan -> hipgraph -> hip)
  redline      2.9987 us/op correctness=true mismatches=0
  vulkan       1.1763 us/op correctness=true mismatches=0
  hipgraph    43.5488 us/op correctness=true mismatches=0
  hip         44.9400 us/op correctness=true mismatches=0
[6/90] serial_latency/dispatch-grid/count=64,grid=1024 (64 operations; order vulkan -> hipgraph -> hip -> redline)
  vulkan       2.2169 us/op correctness=true mismatches=0
  hipgraph   330.8420 us/op correctness=true mismatches=0
  hip        331.2721 us/op correctness=true mismatches=0
  redline      3.8287 us/op correctness=true mismatches=0
[7/90] serial_latency/dispatch-grid/count=64,grid=8192 (64 operations; order hipgraph -> hip -> redline -> vulkan)
  hipgraph  1313.2931 us/op correctness=true mismatches=0
  hip       1305.3987 us/op correctness=true mismatches=0
  redline     10.1837 us/op correctness=true mismatches=0
  vulkan      11.2169 us/op correctness=true mismatches=0
[8/90] serial_latency/geometry/k=512,rows=1,wg=256 (64 operations; order hip -> redline -> vulkan -> hipgraph)
  hip         18.9350 us/op correctness=true mismatches=0
  redline     13.7794 us/op correctness=true mismatches=0
  vulkan      15.8362 us/op correctness=true mismatches=0
  hipgraph    17.8975 us/op correctness=true mismatches=0
[9/90] serial_latency/geometry/k=512,rows=4,wg=256 (64 operations; order redline -> vulkan -> hipgraph -> hip)
  redline     13.8100 us/op correctness=true mismatches=0
  vulkan      15.7456 us/op correctness=true mismatches=0
  hipgraph    15.5731 us/op correctness=true mismatches=0
  hip         16.0556 us/op correctness=true mismatches=0
[10/90] serial_latency/geometry/k=2048,rows=1,wg=256 (64 operations; order vulkan -> hipgraph -> hip -> redline)
  vulkan      55.3975 us/op correctness=true mismatches=0
  hipgraph    47.2381 us/op correctness=true mismatches=0
  hip         47.8256 us/op correctness=true mismatches=0
  redline     45.4375 us/op correctness=true mismatches=0
[11/90] serial_latency/geometry/k=2048,rows=4,wg=256 (64 operations; order hipgraph -> hip -> redline -> vulkan)
  hipgraph    47.1894 us/op correctness=true mismatches=0
  hip         47.6975 us/op correctness=true mismatches=0
  redline     45.3569 us/op correctness=true mismatches=0
  vulkan      55.2594 us/op correctness=true mismatches=0
[12/90] serial_latency/reduction/variant=wave,k=8192,rows=1 (64 operations; order hip -> redline -> vulkan -> hipgraph)
  hip        138.0894 us/op correctness=true mismatches=0
  redline    136.7469 us/op correctness=true mismatches=0
  vulkan     156.5050 us/op correctness=true mismatches=0
  hipgraph   133.9682 us/op correctness=true mismatches=0
[13/90] serial_latency/reduction/variant=wave,k=8192,rows=4 (64 operations; order redline -> vulkan -> hipgraph -> hip)
  redline    139.1081 us/op correctness=true mismatches=0
  vulkan     158.9194 us/op correctness=true mismatches=0
  hipgraph   139.6794 us/op correctness=true mismatches=0
  hip        139.9013 us/op correctness=true mismatches=0
[14/90] serial_latency/reduction/variant=lds-tree,k=8192,rows=1 (64 operations; order vulkan -> hipgraph -> hip -> redline)
  vulkan     156.8713 us/op correctness=true mismatches=0
  hipgraph   140.3345 us/op correctness=true mismatches=0
  hip        136.3363 us/op correctness=true mismatches=0
  redline    136.9737 us/op correctness=true mismatches=0
[15/90] serial_latency/reduction/variant=lds-tree,k=8192,rows=4 (64 operations; order hipgraph -> hip -> redline -> vulkan)
  hipgraph   140.1488 us/op correctness=true mismatches=0
  hip        140.1307 us/op correctness=true mismatches=0
  redline    139.4969 us/op correctness=true mismatches=0
  vulkan     160.0100 us/op correctness=true mismatches=0
[16/90] serial_latency/memory-waitcnt/variant=coalesced4,n=4096,body=16 (64 operations; order hip -> redline -> vulkan -> hipgraph)
  hip          9.0438 us/op correctness=true mismatches=0
  redline      7.4294 us/op correctness=true mismatches=0
  vulkan       6.1113 us/op correctness=true mismatches=0
  hipgraph     8.5631 us/op correctness=true mismatches=0
[17/90] serial_latency/memory-waitcnt/variant=coalesced4,n=32768,body=16 (32 operations; order redline -> vulkan -> hipgraph -> hip)
  redline      8.7562 us/op correctness=true mismatches=0
  vulkan       6.8250 us/op correctness=true mismatches=0
  hipgraph    44.3075 us/op correctness=true mismatches=0
  hip         44.8250 us/op correctness=true mismatches=0
[18/90] serial_latency/memory-waitcnt/variant=gather,n=4096,body=16 (64 operations; order vulkan -> hipgraph -> hip -> redline)
  vulkan       9.2019 us/op correctness=true mismatches=0
  hipgraph    11.6562 us/op correctness=true mismatches=0
  hip         12.1306 us/op correctness=true mismatches=0
  redline     10.4031 us/op correctness=true mismatches=0
[19/90] serial_latency/memory-waitcnt/variant=gather,n=32768,body=16 (32 operations; order hipgraph -> hip -> redline -> vulkan)
  hipgraph    44.7400 us/op correctness=true mismatches=0
  hip         44.9938 us/op correctness=true mismatches=0
  redline     22.8500 us/op correctness=true mismatches=0
  vulkan      18.6438 us/op correctness=true mismatches=0
[20/90] serial_latency/memory-waitcnt/variant=interleave4,n=4096,body=16 (64 operations; order hip -> redline -> vulkan -> hipgraph)
  hip          9.1519 us/op correctness=true mismatches=0
  redline      7.5631 us/op correctness=true mismatches=0
  vulkan       6.2819 us/op correctness=true mismatches=0
  hipgraph     8.7381 us/op correctness=true mismatches=0
[21/90] serial_latency/memory-waitcnt/variant=interleave4,n=32768,body=16 (32 operations; order redline -> vulkan -> hipgraph -> hip)
  redline     16.3575 us/op correctness=true mismatches=0
  vulkan      10.0363 us/op correctness=true mismatches=0
  hipgraph    49.5875 us/op correctness=true mismatches=0
  hip         49.8763 us/op correctness=true mismatches=0
[22/90] serial_latency/packed-dot/variant=q8-signed,n=4096,body=16 (64 operations; order vulkan -> hipgraph -> hip -> redline)
  vulkan       7.5788 us/op correctness=true mismatches=0
  hipgraph    10.7912 us/op correctness=true mismatches=0
  hip         11.2631 us/op correctness=true mismatches=0
  redline      9.6438 us/op correctness=true mismatches=0
[23/90] serial_latency/packed-dot/variant=q4-unsigned,n=4096,body=16 (64 operations; order hipgraph -> hip -> redline -> vulkan)
  hipgraph    10.7819 us/op correctness=true mismatches=0
  hip         11.2456 us/op correctness=true mismatches=0
  redline      9.6406 us/op correctness=true mismatches=0
  vulkan       7.5950 us/op correctness=true mismatches=0
[24/90] serial_latency/packed-dot/variant=q6-zero,n=4096,body=16 (64 operations; order hip -> redline -> vulkan -> hipgraph)
  hip         11.4156 us/op correctness=true mismatches=0
  redline      9.7919 us/op correctness=true mismatches=0
  vulkan       7.9144 us/op correctness=true mismatches=0
  hipgraph    10.9219 us/op correctness=true mismatches=0
[25/90] serial_latency/packed-dot/variant=q4-scalar,n=4096,body=16 (64 operations; order redline -> vulkan -> hipgraph -> hip)
  redline     10.9219 us/op correctness=true mismatches=0
  vulkan      14.0669 us/op correctness=true mismatches=0
  hipgraph    12.0450 us/op correctness=true mismatches=0
  hip         12.5544 us/op correctness=true mismatches=0
[26/90] serial_latency/vopd/variant=independent-fma,n=32768,body=64 (32 operations; order vulkan -> hipgraph -> hip -> redline)
  vulkan       8.9512 us/op correctness=true mismatches=0
  hipgraph    49.2138 us/op correctness=true mismatches=0
  hip         49.5663 us/op correctness=true mismatches=0
  redline     13.2875 us/op correctness=true mismatches=0
[27/90] serial_latency/vopd/variant=dependent-fma,n=32768,body=64 (32 operations; order hipgraph -> hip -> redline -> vulkan)
  hipgraph    48.9425 us/op correctness=true mismatches=0
  hip         49.2075 us/op correctness=true mismatches=0
  redline     13.2700 us/op correctness=true mismatches=0
  vulkan       9.0800 us/op correctness=true mismatches=0
[28/90] serial_latency/vopd/variant=mixed-int-float,n=32768,body=64 (32 operations; order hip -> redline -> vulkan -> hipgraph)
  hip         57.3651 us/op correctness=true mismatches=0
  redline     28.2300 us/op correctness=true mismatches=0
  vulkan      16.2237 us/op correctness=true mismatches=0
  hipgraph    56.9913 us/op correctness=true mismatches=0
[29/90] serial_latency/vopd/variant=dequant-like,n=32768,body=64 (32 operations; order redline -> vulkan -> hipgraph -> hip)
  redline     23.6900 us/op correctness=true mismatches=0
  vulkan      14.6288 us/op correctness=true mismatches=0
  hipgraph    52.4038 us/op correctness=true mismatches=0
  hip         52.6800 us/op correctness=true mismatches=0
[30/90] serial_latency/sampler/argmax,vocab=32768,rows=1 (64 operations; order vulkan -> hipgraph -> hip -> redline)
  vulkan      41.5369 us/op correctness=true mismatches=0
  hipgraph    44.4638 us/op correctness=true mismatches=0
  hip         45.2563 us/op correctness=true mismatches=0
  redline     43.4062 us/op correctness=true mismatches=0
[31/90] serial_latency/sampler/argmax,vocab=32768,rows=4 (64 operations; order hipgraph -> hip -> redline -> vulkan)
  hipgraph    45.2325 us/op correctness=true mismatches=0
  hip         45.4325 us/op correctness=true mismatches=0
  redline     43.7713 us/op correctness=true mismatches=0
  vulkan      41.8381 us/op correctness=true mismatches=0
[32/90] serial_latency/sampler/argmax,vocab=131072,rows=1 (64 operations; order hip -> redline -> vulkan -> hipgraph)
  hip        168.3382 us/op correctness=true mismatches=0
  redline    164.4831 us/op correctness=true mismatches=0
  vulkan     159.9437 us/op correctness=true mismatches=0
  hipgraph   165.9614 us/op correctness=true mismatches=0
[33/90] serial_latency/sampler/argmax,vocab=131072,rows=4 (64 operations; order redline -> vulkan -> hipgraph -> hip)
  redline    166.5012 us/op correctness=true mismatches=0
  vulkan     161.8300 us/op correctness=true mismatches=0
  hipgraph   167.4251 us/op correctness=true mismatches=0
  hip        166.6026 us/op correctness=true mismatches=0
[34/90] serial_latency/two-stage-reduction/k=8192,rows=4,splits=2 (64 operations; order vulkan -> hipgraph -> hip -> redline)
  vulkan      10.3788 us/op correctness=true mismatches=0
  hipgraph    12.9538 us/op correctness=true mismatches=0
  hip         14.0306 us/op correctness=true mismatches=0
  redline      9.4012 us/op correctness=true mismatches=0
[35/90] serial_latency/two-stage-reduction/k=32768,rows=4,splits=8 (32 operations; order hipgraph -> hip -> redline -> vulkan)
  hipgraph    18.2513 us/op correctness=true mismatches=0
  hip         19.2150 us/op correctness=true mismatches=0
  redline     10.4850 us/op correctness=true mismatches=0
  vulkan      10.4087 us/op correctness=true mismatches=0
[36/90] serial_latency/q4-selected-dual/m=512,k=768,tile=2 (32 operations; order hip -> redline -> vulkan -> hipgraph)
  hip         10.0637 us/op correctness=true mismatches=0
  redline      7.3750 us/op correctness=true mismatches=0
  vulkan       6.0187 us/op correctness=true mismatches=0
  hipgraph     9.7100 us/op correctness=true mismatches=0
[37/90] serial_latency/q4-selected-dual/m=2048,k=2048,tile=2 (32 operations; order redline -> vulkan -> hipgraph -> hip)
  redline     14.3387 us/op correctness=true mismatches=0
  vulkan      13.7737 us/op correctness=true mismatches=0
  hipgraph    44.6113 us/op correctness=true mismatches=0
  hip         47.6713 us/op correctness=true mismatches=0
[38/90] serial_latency/q4-selected-dual/m=4096,k=8192,tile=2 (16 operations; order vulkan -> hipgraph -> hip -> redline)
  vulkan      59.7200 us/op correctness=true mismatches=0
  hipgraph   287.5577 us/op correctness=true mismatches=0
  hip        288.7227 us/op correctness=true mismatches=0
  redline     88.3600 us/op correctness=true mismatches=0
[39/90] serial_latency/q6-x8-selected-down/m=512,k=2048,tile=8 (32 operations; order hipgraph -> hip -> redline -> vulkan)
  hipgraph    36.7988 us/op correctness=true mismatches=0
  hip         37.1513 us/op correctness=true mismatches=0
  redline     37.1213 us/op correctness=true mismatches=0
  vulkan      39.4513 us/op correctness=true mismatches=0
[40/90] serial_latency/q6-x8-selected-down/m=2048,k=4096,tile=8 (32 operations; order hip -> redline -> vulkan -> hipgraph)
  hip         71.2763 us/op correctness=true mismatches=0
  redline     70.5325 us/op correctness=true mismatches=0
  vulkan      76.6587 us/op correctness=true mismatches=0
  hipgraph    70.9476 us/op correctness=true mismatches=0
[41/90] serial_latency/q6-x8-selected-down/m=4096,k=8192,tile=8 (16 operations; order redline -> vulkan -> hipgraph -> hip)
  redline    140.5900 us/op correctness=true mismatches=0
  vulkan     153.5175 us/op correctness=true mismatches=0
  hipgraph   165.1976 us/op correctness=true mismatches=0
  hip        161.6376 us/op correctness=true mismatches=0
[42/90] serial_latency/dense-q8/m=512,k=768,tile=4 (32 operations; order vulkan -> hipgraph -> hip -> redline)
  vulkan       8.3575 us/op correctness=true mismatches=0
  hipgraph    10.5775 us/op correctness=true mismatches=0
  hip         10.9350 us/op correctness=true mismatches=0
  redline      9.5162 us/op correctness=true mismatches=0
[43/90] serial_latency/dense-q8/m=2048,k=2048,tile=4 (32 operations; order hipgraph -> hip -> redline -> vulkan)
  hipgraph    24.7100 us/op correctness=true mismatches=0
  hip         23.9037 us/op correctness=true mismatches=0
  redline     19.3575 us/op correctness=true mismatches=0
  vulkan      19.3500 us/op correctness=true mismatches=0
[44/90] serial_latency/dense-q8/m=2048,k=8192,tile=4 (16 operations; order hip -> redline -> vulkan -> hipgraph)
  hip         85.5801 us/op correctness=true mismatches=0
  redline     64.7725 us/op correctness=true mismatches=0
  vulkan      71.3800 us/op correctness=true mismatches=0
  hipgraph    85.2576 us/op correctness=true mismatches=0
[45/90] serial_latency/dense-q8/m=4096,k=8192,tile=4 (16 operations; order redline -> vulkan -> hipgraph -> hip)
  redline     72.1550 us/op correctness=true mismatches=0
  vulkan      80.8525 us/op correctness=true mismatches=0
  hipgraph   139.4576 us/op correctness=true mismatches=0
  hip        139.7101 us/op correctness=true mismatches=0
[46/90] independent_throughput/dispatch-grid/count=1,grid=1 (1 operations; order vulkan -> hipgraph -> hip -> redline)
  vulkan       7.6000 us/op correctness=true mismatches=0
  hipgraph    37.0000 us/op correctness=true mismatches=0
  hip         25.6400 us/op correctness=true mismatches=0
  redline      4.9200 us/op correctness=true mismatches=0
[47/90] independent_throughput/dispatch-grid/count=50,grid=1 (50 operations; order hipgraph -> hip -> redline -> vulkan)
  hipgraph    23.5784 us/op correctness=true mismatches=0
  hip         21.3192 us/op correctness=true mismatches=0
  redline      0.2000 us/op correctness=true mismatches=0
  vulkan       1.1520 us/op correctness=true mismatches=0
[48/90] independent_throughput/dispatch-grid/count=200,grid=1 (200 operations; order hip -> redline -> vulkan -> hipgraph)
  hip         21.0284 us/op correctness=true mismatches=0
  redline      0.1230 us/op correctness=true mismatches=0
  vulkan       0.4192 us/op correctness=true mismatches=0
  hipgraph    20.4468 us/op correctness=true mismatches=0
[49/90] independent_throughput/dispatch-grid/count=941,grid=1 (941 operations; order redline -> vulkan -> hipgraph -> hip)
  redline      0.0797 us/op correctness=true mismatches=0
  vulkan       0.1188 us/op correctness=true mismatches=0
  hipgraph    18.4744 us/op correctness=true mismatches=0
  hip         18.1476 us/op correctness=true mismatches=0
[50/90] independent_throughput/dispatch-grid/count=64,grid=128 (64 operations; order vulkan -> hipgraph -> hip -> redline)
  vulkan       1.0156 us/op correctness=true mismatches=0
  hipgraph    30.9225 us/op correctness=true mismatches=0
  hip         27.0044 us/op correctness=true mismatches=0
  redline      0.9031 us/op correctness=true mismatches=0
[51/90] independent_throughput/dispatch-grid/count=64,grid=1024 (64 operations; order hipgraph -> hip -> redline -> vulkan)
  hipgraph   171.8814 us/op correctness=true mismatches=0
  hip        166.6595 us/op correctness=true mismatches=0
  redline      2.2506 us/op correctness=true mismatches=0
  vulkan       1.4550 us/op correctness=true mismatches=0
[52/90] independent_throughput/dispatch-grid/count=64,grid=8192 (64 operations; order hip -> redline -> vulkan -> hipgraph)
  hip       1273.4821 us/op correctness=true mismatches=0
  redline      8.2719 us/op correctness=true mismatches=0
  vulkan       5.5200 us/op correctness=true mismatches=0
  hipgraph  1258.2846 us/op correctness=true mismatches=0
[53/90] independent_throughput/geometry/k=512,rows=1,wg=256 (64 operations; order redline -> vulkan -> hipgraph -> hip)
  redline      0.1794 us/op correctness=true mismatches=0
  vulkan       1.2556 us/op correctness=true mismatches=0
  hipgraph    19.5063 us/op correctness=true mismatches=0
  hip         16.8338 us/op correctness=true mismatches=0
[54/90] independent_throughput/geometry/k=512,rows=4,wg=256 (64 operations; order vulkan -> hipgraph -> hip -> redline)
  vulkan       1.2381 us/op correctness=true mismatches=0
  hipgraph    12.3375 us/op correctness=true mismatches=0
  hip         11.5050 us/op correctness=true mismatches=0
  redline      0.3350 us/op correctness=true mismatches=0
[55/90] independent_throughput/geometry/k=2048,rows=1,wg=256 (64 operations; order hipgraph -> hip -> redline -> vulkan)
  hipgraph    16.8756 us/op correctness=true mismatches=0
  hip         16.3138 us/op correctness=true mismatches=0
  redline      0.4656 us/op correctness=true mismatches=0
  vulkan       2.0800 us/op correctness=true mismatches=0
[56/90] independent_throughput/geometry/k=2048,rows=4,wg=256 (64 operations; order hip -> redline -> vulkan -> hipgraph)
  hip         16.4006 us/op correctness=true mismatches=0
  redline      1.1106 us/op correctness=true mismatches=0
  vulkan       1.9138 us/op correctness=true mismatches=0
  hipgraph    16.8588 us/op correctness=true mismatches=0
[57/90] independent_throughput/reduction/variant=wave,k=8192,rows=1 (64 operations; order redline -> vulkan -> hipgraph -> hip)
  redline      1.1350 us/op correctness=true mismatches=0
  vulkan       4.4606 us/op correctness=true mismatches=0
  hipgraph    38.5563 us/op correctness=true mismatches=0
  hip         38.3550 us/op correctness=true mismatches=0
[58/90] independent_throughput/reduction/variant=wave,k=8192,rows=4 (64 operations; order vulkan -> hipgraph -> hip -> redline)
  vulkan       4.5938 us/op correctness=true mismatches=0
  hipgraph    39.9882 us/op correctness=true mismatches=0
  hip         38.4963 us/op correctness=true mismatches=0
  redline      2.3456 us/op correctness=true mismatches=0
[59/90] independent_throughput/reduction/variant=lds-tree,k=8192,rows=1 (64 operations; order hipgraph -> hip -> redline -> vulkan)
  hipgraph    38.4375 us/op correctness=true mismatches=0
  hip         38.0900 us/op correctness=true mismatches=0
  redline      1.1381 us/op correctness=true mismatches=0
  vulkan       4.4313 us/op correctness=true mismatches=0
[60/90] independent_throughput/reduction/variant=lds-tree,k=8192,rows=4 (64 operations; order hip -> redline -> vulkan -> hipgraph)
  hip         38.5494 us/op correctness=true mismatches=0
  redline      2.3306 us/op correctness=true mismatches=0
  vulkan       4.5881 us/op correctness=true mismatches=0
  hipgraph    40.2306 us/op correctness=true mismatches=0
[61/90] independent_throughput/memory-waitcnt/variant=coalesced4,n=4096,body=16 (64 operations; order redline -> vulkan -> hipgraph -> hip)
  redline      0.3525 us/op correctness=true mismatches=0
  vulkan       1.0781 us/op correctness=true mismatches=0
  hipgraph    12.8781 us/op correctness=true mismatches=0
  hip         11.5444 us/op correctness=true mismatches=0
[62/90] independent_throughput/memory-waitcnt/variant=coalesced4,n=32768,body=16 (32 operations; order vulkan -> hipgraph -> hip -> redline)
  vulkan       2.8638 us/op correctness=true mismatches=0
  hipgraph    32.2338 us/op correctness=true mismatches=0
  hip         26.8900 us/op correctness=true mismatches=0
  redline      2.4350 us/op correctness=true mismatches=0
[63/90] independent_throughput/memory-waitcnt/variant=gather,n=4096,body=16 (64 operations; order hipgraph -> hip -> redline -> vulkan)
  hipgraph    12.8763 us/op correctness=true mismatches=0
  hip         12.0294 us/op correctness=true mismatches=0
  redline      1.0506 us/op correctness=true mismatches=0
  vulkan       1.1513 us/op correctness=true mismatches=0
[64/90] independent_throughput/memory-waitcnt/variant=gather,n=32768,body=16 (32 operations; order hip -> redline -> vulkan -> hipgraph)
  hip         27.1350 us/op correctness=true mismatches=0
  redline      9.4887 us/op correctness=true mismatches=0
  vulkan       7.6775 us/op correctness=true mismatches=0
  hipgraph    36.0825 us/op correctness=true mismatches=0
[65/90] independent_throughput/memory-waitcnt/variant=interleave4,n=4096,body=16 (64 operations; order redline -> vulkan -> hipgraph -> hip)
  redline      0.6975 us/op correctness=true mismatches=0
  vulkan       1.2463 us/op correctness=true mismatches=0
  hipgraph    12.5450 us/op correctness=true mismatches=0
  hip         11.6031 us/op correctness=true mismatches=0
[66/90] independent_throughput/memory-waitcnt/variant=interleave4,n=32768,body=16 (32 operations; order vulkan -> hipgraph -> hip -> redline)
  vulkan       4.2500 us/op correctness=true mismatches=0
  hipgraph    34.4688 us/op correctness=true mismatches=0
  hip         29.3325 us/op correctness=true mismatches=0
  redline      5.1562 us/op correctness=true mismatches=0
[67/90] independent_throughput/packed-dot/variant=q8-signed,n=4096,body=16 (64 operations; order hipgraph -> hip -> redline -> vulkan)
  hipgraph    12.6313 us/op correctness=true mismatches=0
  hip         11.7944 us/op correctness=true mismatches=0
  redline      1.4606 us/op correctness=true mismatches=0
  vulkan       1.3750 us/op correctness=true mismatches=0
[68/90] independent_throughput/packed-dot/variant=q4-unsigned,n=4096,body=16 (64 operations; order hip -> redline -> vulkan -> hipgraph)
  hip         11.7900 us/op correctness=true mismatches=0
  redline      1.4169 us/op correctness=true mismatches=0
  vulkan       1.3956 us/op correctness=true mismatches=0
  hipgraph    12.6044 us/op correctness=true mismatches=0
[69/90] independent_throughput/packed-dot/variant=q6-zero,n=4096,body=16 (64 operations; order redline -> vulkan -> hipgraph -> hip)
  redline      1.3587 us/op correctness=true mismatches=0
  vulkan       1.3713 us/op correctness=true mismatches=0
  hipgraph    12.6375 us/op correctness=true mismatches=0
  hip         11.7819 us/op correctness=true mismatches=0
[70/90] independent_throughput/packed-dot/variant=q4-scalar,n=4096,body=16 (64 operations; order vulkan -> hipgraph -> hip -> redline)
  vulkan       2.4200 us/op correctness=true mismatches=0
  hipgraph    12.9581 us/op correctness=true mismatches=0
  hip         12.0144 us/op correctness=true mismatches=0
  redline      1.5306 us/op correctness=true mismatches=0
[71/90] independent_throughput/vopd/variant=independent-fma,n=32768,body=64 (32 operations; order hipgraph -> hip -> redline -> vulkan)
  hipgraph    33.9463 us/op correctness=true mismatches=0
  hip         28.8363 us/op correctness=true mismatches=0
  redline      4.4013 us/op correctness=true mismatches=0
  vulkan       4.0525 us/op correctness=true mismatches=0
[72/90] independent_throughput/vopd/variant=dependent-fma,n=32768,body=64 (32 operations; order hip -> redline -> vulkan -> hipgraph)
  hip         28.6050 us/op correctness=true mismatches=0
  redline      4.3262 us/op correctness=true mismatches=0
  vulkan       4.0012 us/op correctness=true mismatches=0
  hipgraph    34.2300 us/op correctness=true mismatches=0
[73/90] independent_throughput/vopd/variant=mixed-int-float,n=32768,body=64 (32 operations; order redline -> vulkan -> hipgraph -> hip)
  redline     10.4863 us/op correctness=true mismatches=0
  vulkan       7.4375 us/op correctness=true mismatches=0
  hipgraph    38.1275 us/op correctness=true mismatches=0
  hip         32.2838 us/op correctness=true mismatches=0
[74/90] independent_throughput/vopd/variant=dequant-like,n=32768,body=64 (32 operations; order vulkan -> hipgraph -> hip -> redline)
  vulkan       6.6375 us/op correctness=true mismatches=0
  hipgraph    36.1288 us/op correctness=true mismatches=0
  hip         30.1750 us/op correctness=true mismatches=0
  redline      8.0425 us/op correctness=true mismatches=0
[75/90] independent_throughput/sampler/argmax,vocab=32768,rows=1 (64 operations; order hipgraph -> hip -> redline -> vulkan)
  hipgraph    17.2719 us/op correctness=true mismatches=0
  hip         17.0750 us/op correctness=true mismatches=0
  redline      0.4125 us/op correctness=true mismatches=0
  vulkan       1.7988 us/op correctness=true mismatches=0
[76/90] independent_throughput/sampler/argmax,vocab=32768,rows=4 (64 operations; order hip -> redline -> vulkan -> hipgraph)
  hip         17.1175 us/op correctness=true mismatches=0
  redline      0.6800 us/op correctness=true mismatches=0
  vulkan       1.9200 us/op correctness=true mismatches=0
  hipgraph    17.1769 us/op correctness=true mismatches=0
[77/90] independent_throughput/sampler/argmax,vocab=131072,rows=1 (64 operations; order redline -> vulkan -> hipgraph -> hip)
  redline      1.4775 us/op correctness=true mismatches=0
  vulkan       4.8706 us/op correctness=true mismatches=0
  hipgraph    49.9319 us/op correctness=true mismatches=0
  hip         48.2619 us/op correctness=true mismatches=0
[78/90] independent_throughput/sampler/argmax,vocab=131072,rows=4 (64 operations; order vulkan -> hipgraph -> hip -> redline)
  vulkan       4.8281 us/op correctness=true mismatches=0
  hipgraph    49.1675 us/op correctness=true mismatches=0
  hip         47.9607 us/op correctness=true mismatches=0
  redline      2.4769 us/op correctness=true mismatches=0
[79/90] independent_throughput/two-stage-reduction/k=8192,rows=4,splits=2 (64 operations; order hipgraph -> hip -> redline -> vulkan)
  hipgraph    20.5425 us/op correctness=true mismatches=0
  hip         19.9875 us/op correctness=true mismatches=0
  redline      4.4100 us/op correctness=true mismatches=0
  vulkan       6.4819 us/op correctness=true mismatches=0
[80/90] independent_throughput/two-stage-reduction/k=32768,rows=4,splits=8 (32 operations; order hip -> redline -> vulkan -> hipgraph)
  hip         23.4275 us/op correctness=true mismatches=0
  redline      5.4250 us/op correctness=true mismatches=0
  vulkan       7.2900 us/op correctness=true mismatches=0
  hipgraph    25.9375 us/op correctness=true mismatches=0
[81/90] independent_throughput/q4-selected-dual/m=512,k=768,tile=2 (32 operations; order redline -> vulkan -> hipgraph -> hip)
  redline      0.6587 us/op correctness=true mismatches=0
  vulkan       2.0375 us/op correctness=true mismatches=0
  hipgraph    14.6150 us/op correctness=true mismatches=0
  hip         12.7625 us/op correctness=true mismatches=0
[82/90] independent_throughput/q4-selected-dual/m=2048,k=2048,tile=2 (32 operations; order vulkan -> hipgraph -> hip -> redline)
  vulkan       3.8150 us/op correctness=true mismatches=0
  hipgraph    32.1600 us/op correctness=true mismatches=0
  hip         28.5113 us/op correctness=true mismatches=0
  redline      3.9100 us/op correctness=true mismatches=0
[83/90] independent_throughput/q4-selected-dual/m=4096,k=8192,tile=2 (16 operations; order hipgraph -> hip -> redline -> vulkan)
  hipgraph   160.2726 us/op correctness=true mismatches=0
  hip        150.8976 us/op correctness=true mismatches=0
  redline     31.4175 us/op correctness=true mismatches=0
  vulkan      31.6150 us/op correctness=true mismatches=0
[84/90] independent_throughput/q6-x8-selected-down/m=512,k=2048,tile=8 (32 operations; order hip -> redline -> vulkan -> hipgraph)
  hip         16.4762 us/op correctness=true mismatches=0
  redline      1.1912 us/op correctness=true mismatches=0
  vulkan       3.7763 us/op correctness=true mismatches=0
  hipgraph    18.3663 us/op correctness=true mismatches=0
[85/90] independent_throughput/q6-x8-selected-down/m=2048,k=4096,tile=8 (32 operations; order redline -> vulkan -> hipgraph -> hip)
  redline      5.7387 us/op correctness=true mismatches=0
  vulkan       5.9363 us/op correctness=true mismatches=0
  hipgraph    26.2350 us/op correctness=true mismatches=0
  hip         28.7350 us/op correctness=true mismatches=0
[86/90] independent_throughput/q6-x8-selected-down/m=4096,k=8192,tile=8 (16 operations; order vulkan -> hipgraph -> hip -> redline)
  vulkan      24.9425 us/op correctness=true mismatches=0
  hipgraph    87.2451 us/op correctness=true mismatches=0
  hip         81.8376 us/op correctness=true mismatches=0
  redline     28.6550 us/op correctness=true mismatches=0
[87/90] independent_throughput/dense-q8/m=512,k=768,tile=4 (32 operations; order hipgraph -> hip -> redline -> vulkan)
  hipgraph    14.0100 us/op correctness=true mismatches=0
  hip         12.3675 us/op correctness=true mismatches=0
  redline      0.5275 us/op correctness=true mismatches=0
  vulkan       2.1812 us/op correctness=true mismatches=0
[88/90] independent_throughput/dense-q8/m=2048,k=2048,tile=4 (32 operations; order hip -> redline -> vulkan -> hipgraph)
  hip         18.6625 us/op correctness=true mismatches=0
  redline      2.8512 us/op correctness=true mismatches=0
  vulkan       3.3163 us/op correctness=true mismatches=0
  hipgraph    22.4063 us/op correctness=true mismatches=0
[89/90] independent_throughput/dense-q8/m=2048,k=8192,tile=4 (16 operations; order redline -> vulkan -> hipgraph -> hip)
  redline     12.7050 us/op correctness=true mismatches=0
  vulkan      12.5050 us/op correctness=true mismatches=0
  hipgraph    53.1575 us/op correctness=true mismatches=0
  hip         45.4676 us/op correctness=true mismatches=0
[90/90] independent_throughput/dense-q8/m=4096,k=8192,tile=4 (16 operations; order vulkan -> hipgraph -> hip -> redline)
  vulkan      24.4750 us/op correctness=true mismatches=0
  hipgraph    85.8151 us/op correctness=true mismatches=0
  hip         79.9976 us/op correctness=true mismatches=0
  redline     24.4350 us/op correctness=true mismatches=0
wrote results/gfx1201/2026-07-12/results.json
wrote results/gfx1201/2026-07-12/REPORT.md
Redline wins 46/90 (51.11%). Four-way placements: 1st 46, 2nd 44, 3rd 0, 4th 0.
