initializing Hipfire HIP bridge
initializing Redline retained-PM4 backend
initializing RADV Vulkan backend
[1/3] serial_latency/vopd/variant=mixed-int-float,n=32768,body=64;hip-wave=64 (32 operations; order redline -> vulkan -> hipgraph -> hip)
  redline     24.0625 us/op correctness=true mismatches=0
  vulkan      16.6675 us/op correctness=true mismatches=0
  hipgraph    55.4513 us/op correctness=true mismatches=0
  hip         55.7750 us/op correctness=true mismatches=0
[2/3] independent_throughput/vopd/variant=mixed-int-float,n=32768,body=64;hip-wave=64 (32 operations; order vulkan -> hipgraph -> hip -> redline)
  vulkan      15.1037 us/op correctness=true mismatches=0
  hipgraph    63.0625 us/op correctness=true mismatches=0
  hip         59.5125 us/op correctness=true mismatches=0
  redline     19.3912 us/op correctness=true mismatches=0
[3/3] single_kernel_aggressive/vopd/variant=mixed-int-float,n=32768,body=64;hip-wave=64 (1 operations; order hipgraph -> hip -> redline -> vulkan)
  hipgraph    69.1600 us/op correctness=true mismatches=0
  hip         61.0400 us/op correctness=true mismatches=0
  redline     25.4800 us/op correctness=true mismatches=0
  vulkan      21.5600 us/op correctness=true mismatches=0
wrote results/gfx1201/2026-07-13-radiowave-all-losers/vopd-mixed-unroll16/results.json
wrote results/gfx1201/2026-07-13-radiowave-all-losers/vopd-mixed-unroll16/REPORT.md
Redline wins 0/3 (0.00%). Four-way placements: 1st 0, 2nd 3, 3rd 0, 4th 0.
