initializing Hipfire HIP bridge
initializing Redline retained-PM4 backend
initializing RADV Vulkan backend
[1/133] serial_latency/dispatch-grid/count=1,grid=1;hip-wave=32 (1 operations; order redline -> vulkan -> hipgraph -> hip)
  redline      4.0800 us/op correctness=true mismatches=0
  vulkan       7.4400 us/op correctness=true mismatches=0
  hipgraph    18.5200 us/op correctness=true mismatches=0
  hip         10.6400 us/op correctness=true mismatches=0
[2/133] serial_latency/dispatch-grid/count=50,grid=1;hip-wave=32 (50 operations; order vulkan -> hipgraph -> hip -> redline)
  vulkan       1.2936 us/op correctness=true mismatches=0
  hipgraph     3.5928 us/op correctness=true mismatches=0
  hip          4.0632 us/op correctness=true mismatches=0
  redline      1.7360 us/op correctness=true mismatches=0
[3/133] serial_latency/dispatch-grid/count=200,grid=1;hip-wave=32 (200 operations; order hipgraph -> hip -> redline -> vulkan)
  hipgraph     3.3942 us/op correctness=true mismatches=0
  hip          3.9906 us/op correctness=true mismatches=0
  redline      1.6094 us/op correctness=true mismatches=0
  vulkan       1.0938 us/op correctness=true mismatches=0
[4/133] serial_latency/dispatch-grid/count=941,grid=1;hip-wave=32 (941 operations; order hip -> redline -> vulkan -> hipgraph)
  hip          3.8798 us/op correctness=true mismatches=0
  redline      1.5944 us/op correctness=true mismatches=0
  vulkan       1.0546 us/op correctness=true mismatches=0
  hipgraph     3.3137 us/op correctness=true mismatches=0
[5/133] serial_latency/dispatch-grid/count=64,grid=128;hip-wave=32 (64 operations; order redline -> vulkan -> hipgraph -> hip)
  redline      2.9588 us/op correctness=true mismatches=0
  vulkan       1.1887 us/op correctness=true mismatches=0
  hipgraph     4.6175 us/op correctness=true mismatches=0
  hip          4.8388 us/op correctness=true mismatches=0
[6/133] serial_latency/dispatch-grid/count=64,grid=1024;hip-wave=32 (64 operations; order vulkan -> hipgraph -> hip -> redline)
  vulkan       2.2513 us/op correctness=true mismatches=0
  hipgraph    13.5019 us/op correctness=true mismatches=0
  hip         13.6806 us/op correctness=true mismatches=0
  redline      3.0369 us/op correctness=true mismatches=0
[7/133] serial_latency/dispatch-grid/count=64,grid=8192;hip-wave=32 (64 operations; order hipgraph -> hip -> redline -> vulkan)
  hipgraph    84.1601 us/op correctness=true mismatches=0
  hip         84.7282 us/op correctness=true mismatches=0
  redline      6.7075 us/op correctness=true mismatches=0
  vulkan      11.2294 us/op correctness=true mismatches=0
[8/133] serial_latency/geometry/k=512,rows=1,wg=256;hip-wave=32 (64 operations; order hip -> redline -> vulkan -> hipgraph)
  hip         18.9875 us/op correctness=true mismatches=0
  redline     13.7669 us/op correctness=true mismatches=0
  vulkan      15.8294 us/op correctness=true mismatches=0
  hipgraph    18.1319 us/op correctness=true mismatches=0
[9/133] serial_latency/geometry/k=512,rows=4,wg=256;hip-wave=32 (64 operations; order redline -> vulkan -> hipgraph -> hip)
  redline     13.7856 us/op correctness=true mismatches=0
  vulkan      15.7494 us/op correctness=true mismatches=0
  hipgraph    15.5706 us/op correctness=true mismatches=0
  hip         16.0556 us/op correctness=true mismatches=0
[10/133] serial_latency/geometry/k=2048,rows=1,wg=256;hip-wave=32 (64 operations; order vulkan -> hipgraph -> hip -> redline)
  vulkan      55.3350 us/op correctness=true mismatches=0
  hipgraph    47.1594 us/op correctness=true mismatches=0
  hip         47.6007 us/op correctness=true mismatches=0
  redline     45.3912 us/op correctness=true mismatches=0
[11/133] serial_latency/geometry/k=2048,rows=4,wg=256;hip-wave=32 (64 operations; order hipgraph -> hip -> redline -> vulkan)
  hipgraph    47.1988 us/op correctness=true mismatches=0
  hip         47.6607 us/op correctness=true mismatches=0
  redline     45.3269 us/op correctness=true mismatches=0
  vulkan      55.1763 us/op correctness=true mismatches=0
[12/133] serial_latency/reduction/variant=wave,k=8192,rows=1;hip-wave=32 (64 operations; order hip -> redline -> vulkan -> hipgraph)
  hip        135.8376 us/op correctness=true mismatches=0
  redline    136.5781 us/op correctness=true mismatches=0
  vulkan     156.3762 us/op correctness=true mismatches=0
  hipgraph   142.1639 us/op correctness=true mismatches=0
[13/133] serial_latency/reduction/variant=wave,k=8192,rows=4;hip-wave=32 (64 operations; order redline -> vulkan -> hipgraph -> hip)
  redline    139.0362 us/op correctness=true mismatches=0
  vulkan     159.1381 us/op correctness=true mismatches=0
  hipgraph   139.2089 us/op correctness=true mismatches=0
  hip        139.7508 us/op correctness=true mismatches=0
[14/133] serial_latency/reduction/variant=lds-tree,k=8192,rows=1;hip-wave=32 (64 operations; order vulkan -> hipgraph -> hip -> redline)
  vulkan     156.9350 us/op correctness=true mismatches=0
  hipgraph   137.7327 us/op correctness=true mismatches=0
  hip        138.7520 us/op correctness=true mismatches=0
  redline    136.8956 us/op correctness=true mismatches=0
[15/133] serial_latency/reduction/variant=lds-tree,k=8192,rows=4;hip-wave=32 (64 operations; order hipgraph -> hip -> redline -> vulkan)
  hipgraph   139.9751 us/op correctness=true mismatches=0
  hip        139.5545 us/op correctness=true mismatches=0
  redline    138.6106 us/op correctness=true mismatches=0
  vulkan     158.9437 us/op correctness=true mismatches=0
[16/133] serial_latency/memory-waitcnt/variant=coalesced4,n=4096,body=16;hip-wave=32 (64 operations; order hip -> redline -> vulkan -> hipgraph)
  hip          9.0725 us/op correctness=true mismatches=0
  redline      7.4337 us/op correctness=true mismatches=0
  vulkan       6.0981 us/op correctness=true mismatches=0
  hipgraph     8.5869 us/op correctness=true mismatches=0
[17/133] serial_latency/memory-waitcnt/variant=coalesced4,n=32768,body=16;hip-wave=32 (32 operations; order redline -> vulkan -> hipgraph -> hip)
  redline      8.7662 us/op correctness=true mismatches=0
  vulkan       6.8587 us/op correctness=true mismatches=0
  hipgraph    44.7838 us/op correctness=true mismatches=0
  hip         45.2350 us/op correctness=true mismatches=0
[18/133] serial_latency/memory-waitcnt/variant=gather,n=4096,body=16;hip-wave=32 (64 operations; order vulkan -> hipgraph -> hip -> redline)
  vulkan       9.2081 us/op correctness=true mismatches=0
  hipgraph     8.5288 us/op correctness=true mismatches=0
  hip          9.0550 us/op correctness=true mismatches=0
  redline      5.7287 us/op correctness=true mismatches=0
[19/133] serial_latency/memory-waitcnt/variant=gather,n=32768,body=16;hip-wave=32 (32 operations; order hipgraph -> hip -> redline -> vulkan)
  hipgraph    45.0050 us/op correctness=true mismatches=0
  hip         45.3226 us/op correctness=true mismatches=0
  redline     23.2950 us/op correctness=true mismatches=0
  vulkan      19.1950 us/op correctness=true mismatches=0
[20/133] serial_latency/memory-waitcnt/variant=interleave4,n=4096,body=16;hip-wave=64 (64 operations; order hip -> redline -> vulkan -> hipgraph)
  hip          8.6763 us/op correctness=true mismatches=0
  redline      7.0150 us/op correctness=true mismatches=0
  vulkan       6.2831 us/op correctness=true mismatches=0
  hipgraph     8.3587 us/op correctness=true mismatches=0
[21/133] serial_latency/memory-waitcnt/variant=interleave4,n=32768,body=16;hip-wave=64 (32 operations; order redline -> vulkan -> hipgraph -> hip)
  redline     12.4413 us/op correctness=true mismatches=0
  vulkan      10.0150 us/op correctness=true mismatches=0
  hipgraph    47.4826 us/op correctness=true mismatches=0
  hip         47.5650 us/op correctness=true mismatches=0
[22/133] serial_latency/packed-dot/variant=q8-signed,n=4096,body=16;hip-wave=32 (64 operations; order vulkan -> hipgraph -> hip -> redline)
  vulkan       7.5587 us/op correctness=true mismatches=0
  hipgraph     8.6713 us/op correctness=true mismatches=0
  hip          9.1488 us/op correctness=true mismatches=0
  redline      7.3788 us/op correctness=true mismatches=0
[23/133] serial_latency/packed-dot/variant=q4-unsigned,n=4096,body=16;hip-wave=32 (64 operations; order hipgraph -> hip -> redline -> vulkan)
  hipgraph     8.6669 us/op correctness=true mismatches=0
  hip          9.1363 us/op correctness=true mismatches=0
  redline      7.3338 us/op correctness=true mismatches=0
  vulkan       7.5700 us/op correctness=true mismatches=0
[24/133] serial_latency/packed-dot/variant=q6-zero,n=4096,body=16;hip-wave=32 (64 operations; order hip -> redline -> vulkan -> hipgraph)
  hip          9.1694 us/op correctness=true mismatches=0
  redline      7.4037 us/op correctness=true mismatches=0
  vulkan       7.9200 us/op correctness=true mismatches=0
  hipgraph     8.6819 us/op correctness=true mismatches=0
[25/133] serial_latency/packed-dot/variant=q4-scalar,n=4096,body=16;hip-wave=32 (64 operations; order redline -> vulkan -> hipgraph -> hip)
  redline      8.5581 us/op correctness=true mismatches=0
  vulkan      14.0019 us/op correctness=true mismatches=0
  hipgraph     9.7831 us/op correctness=true mismatches=0
  hip         10.2906 us/op correctness=true mismatches=0
[26/133] serial_latency/vopd/variant=independent-fma,n=32768,body=64;hip-wave=64 (32 operations; order vulkan -> hipgraph -> hip -> redline)
  vulkan       8.9612 us/op correctness=true mismatches=0
  hipgraph    47.9388 us/op correctness=true mismatches=0
  hip         48.1650 us/op correctness=true mismatches=0
  redline     10.9250 us/op correctness=true mismatches=0
[27/133] serial_latency/vopd/variant=dependent-fma,n=32768,body=64;hip-wave=64 (32 operations; order hipgraph -> hip -> redline -> vulkan)
  hipgraph    47.3326 us/op correctness=true mismatches=0
  hip         47.2138 us/op correctness=true mismatches=0
  redline     10.8825 us/op correctness=true mismatches=0
  vulkan       9.0825 us/op correctness=true mismatches=0
[28/133] serial_latency/vopd/variant=mixed-int-float,n=32768,body=64;hip-wave=64 (32 operations; order hip -> redline -> vulkan -> hipgraph)
  hip         54.4013 us/op correctness=true mismatches=0
  redline     22.8412 us/op correctness=true mismatches=0
  vulkan      15.6387 us/op correctness=true mismatches=0
  hipgraph    54.0676 us/op correctness=true mismatches=0
[29/133] serial_latency/vopd/variant=dequant-like,n=32768,body=64;hip-wave=64 (32 operations; order redline -> vulkan -> hipgraph -> hip)
  redline     21.3775 us/op correctness=true mismatches=0
  vulkan      14.1200 us/op correctness=true mismatches=0
  hipgraph    50.9688 us/op correctness=true mismatches=0
  hip         51.0651 us/op correctness=true mismatches=0
[30/133] serial_latency/sampler/argmax,vocab=32768,rows=1;hip-wave=32 (64 operations; order vulkan -> hipgraph -> hip -> redline)
  vulkan      41.5094 us/op correctness=true mismatches=0
  hipgraph    42.3150 us/op correctness=true mismatches=0
  hip         42.9413 us/op correctness=true mismatches=0
  redline     40.7413 us/op correctness=true mismatches=0
[31/133] serial_latency/sampler/argmax,vocab=32768,rows=4;hip-wave=32 (64 operations; order hipgraph -> hip -> redline -> vulkan)
  hipgraph    42.6325 us/op correctness=true mismatches=0
  hip         42.6257 us/op correctness=true mismatches=0
  redline     40.7900 us/op correctness=true mismatches=0
  vulkan      41.4825 us/op correctness=true mismatches=0
[32/133] serial_latency/sampler/argmax,vocab=131072,rows=1;hip-wave=32 (64 operations; order hip -> redline -> vulkan -> hipgraph)
  hip        158.0970 us/op correctness=true mismatches=0
  redline    153.9137 us/op correctness=true mismatches=0
  vulkan     159.8800 us/op correctness=true mismatches=0
  hipgraph   153.9433 us/op correctness=true mismatches=0
[33/133] serial_latency/sampler/argmax,vocab=131072,rows=4;hip-wave=32 (64 operations; order redline -> vulkan -> hipgraph -> hip)
  redline    155.9094 us/op correctness=true mismatches=0
  vulkan     161.4525 us/op correctness=true mismatches=0
  hipgraph   156.7852 us/op correctness=true mismatches=0
  hip        155.0233 us/op correctness=true mismatches=0
[34/133] serial_latency/two-stage-reduction/k=8192,rows=4,splits=2;hip-wave=32 (64 operations; order vulkan -> hipgraph -> hip -> redline)
  vulkan      10.3825 us/op correctness=true mismatches=0
  hipgraph    12.4900 us/op correctness=true mismatches=0
  hip         13.5531 us/op correctness=true mismatches=0
  redline      8.9819 us/op correctness=true mismatches=0
[35/133] serial_latency/two-stage-reduction/k=32768,rows=4,splits=8;hip-wave=32 (32 operations; order hipgraph -> hip -> redline -> vulkan)
  hipgraph    18.2850 us/op correctness=true mismatches=0
  hip         19.2025 us/op correctness=true mismatches=0
  redline     10.0388 us/op correctness=true mismatches=0
  vulkan      10.4113 us/op correctness=true mismatches=0
[36/133] serial_latency/q4-selected-dual/m=512,k=768,tile=2;hip-wave=64 (32 operations; order hip -> redline -> vulkan -> hipgraph)
  hip         20.4600 us/op correctness=true mismatches=0
  redline      5.8300 us/op correctness=true mismatches=0
  vulkan       6.0425 us/op correctness=true mismatches=0
  hipgraph    20.7013 us/op correctness=true mismatches=0
[37/133] serial_latency/q4-selected-dual/m=2048,k=2048,tile=2;hip-wave=64 (32 operations; order redline -> vulkan -> hipgraph -> hip)
  redline     10.8112 us/op correctness=true mismatches=0
  vulkan      13.7338 us/op correctness=true mismatches=0
  hipgraph    68.5376 us/op correctness=true mismatches=0
  hip         69.4863 us/op correctness=true mismatches=0
[38/133] serial_latency/q4-selected-dual/m=4096,k=8192,tile=2;hip-wave=64 (16 operations; order vulkan -> hipgraph -> hip -> redline)
  vulkan      60.7450 us/op correctness=true mismatches=0
  hipgraph   356.5604 us/op correctness=true mismatches=0
  hip        357.9080 us/op correctness=true mismatches=0
  redline     54.9225 us/op correctness=true mismatches=0
[39/133] serial_latency/q6-x8-selected-down/m=512,k=2048,tile=8;hip-wave=64 (32 operations; order hipgraph -> hip -> redline -> vulkan)
  hipgraph    24.8613 us/op correctness=true mismatches=0
  hip         25.2400 us/op correctness=true mismatches=0
  redline     23.7362 us/op correctness=true mismatches=0
  vulkan      39.6163 us/op correctness=true mismatches=0
[40/133] serial_latency/q6-x8-selected-down/m=2048,k=4096,tile=8;hip-wave=64 (32 operations; order hip -> redline -> vulkan -> hipgraph)
  hip         79.4388 us/op correctness=true mismatches=0
  redline     43.7750 us/op correctness=true mismatches=0
  vulkan      76.5288 us/op correctness=true mismatches=0
  hipgraph    79.0276 us/op correctness=true mismatches=0
[41/133] serial_latency/q6-x8-selected-down/m=4096,k=8192,tile=8;hip-wave=64 (16 operations; order redline -> vulkan -> hipgraph -> hip)
  redline     86.8675 us/op correctness=true mismatches=0
  vulkan     153.6400 us/op correctness=true mismatches=0
  hipgraph   157.3377 us/op correctness=true mismatches=0
  hip        157.9651 us/op correctness=true mismatches=0
[42/133] serial_latency/dense-q8/m=512,k=768,tile=4;hip-wave=64 (32 operations; order vulkan -> hipgraph -> hip -> redline)
  vulkan       8.2713 us/op correctness=true mismatches=0
  hipgraph    20.1938 us/op correctness=true mismatches=0
  hip         20.5713 us/op correctness=true mismatches=0
  redline      7.4112 us/op correctness=true mismatches=0
[43/133] serial_latency/dense-q8/m=2048,k=2048,tile=4;hip-wave=64 (32 operations; order hipgraph -> hip -> redline -> vulkan)
  hipgraph    66.7851 us/op correctness=true mismatches=0
  hip         66.7963 us/op correctness=true mismatches=0
  redline     13.9950 us/op correctness=true mismatches=0
  vulkan      19.2288 us/op correctness=true mismatches=0
[44/133] serial_latency/dense-q8/m=2048,k=8192,tile=4;hip-wave=64 (16 operations; order hip -> redline -> vulkan -> hipgraph)
  hip         94.8226 us/op correctness=true mismatches=0
  redline     40.8600 us/op correctness=true mismatches=0
  vulkan      70.4000 us/op correctness=true mismatches=0
  hipgraph    94.1201 us/op correctness=true mismatches=0
[45/133] serial_latency/dense-q8/m=4096,k=8192,tile=4;hip-wave=64 (16 operations; order redline -> vulkan -> hipgraph -> hip)
  redline     48.3625 us/op correctness=true mismatches=0
  vulkan      80.9325 us/op correctness=true mismatches=0
  hipgraph   180.9253 us/op correctness=true mismatches=0
  hip        181.3927 us/op correctness=true mismatches=0
[46/133] independent_throughput/dispatch-grid/count=1,grid=1;hip-wave=32 (1 operations; order vulkan -> hipgraph -> hip -> redline)
  vulkan       7.6000 us/op correctness=true mismatches=0
  hipgraph    18.9600 us/op correctness=true mismatches=0
  hip         10.9200 us/op correctness=true mismatches=0
  redline      4.0000 us/op correctness=true mismatches=0
[47/133] independent_throughput/dispatch-grid/count=50,grid=1;hip-wave=32 (50 operations; order hipgraph -> hip -> redline -> vulkan)
  hipgraph    13.0744 us/op correctness=true mismatches=0
  hip          8.3336 us/op correctness=true mismatches=0
  redline      0.1920 us/op correctness=true mismatches=0
  vulkan       1.1816 us/op correctness=true mismatches=0
[48/133] independent_throughput/dispatch-grid/count=200,grid=1;hip-wave=32 (200 operations; order hip -> redline -> vulkan -> hipgraph)
  hip          9.4330 us/op correctness=true mismatches=0
  redline      0.1180 us/op correctness=true mismatches=0
  vulkan       0.4050 us/op correctness=true mismatches=0
  hipgraph     9.2028 us/op correctness=true mismatches=0
[49/133] independent_throughput/dispatch-grid/count=941,grid=1;hip-wave=32 (941 operations; order redline -> vulkan -> hipgraph -> hip)
  redline      0.0809 us/op correctness=true mismatches=0
  vulkan       0.1163 us/op correctness=true mismatches=0
  hipgraph     8.5369 us/op correctness=true mismatches=0
  hip          8.3756 us/op correctness=true mismatches=0
[50/133] independent_throughput/dispatch-grid/count=64,grid=128;hip-wave=32 (64 operations; order vulkan -> hipgraph -> hip -> redline)
  vulkan       1.0037 us/op correctness=true mismatches=0
  hipgraph    11.1400 us/op correctness=true mismatches=0
  hip         10.0406 us/op correctness=true mismatches=0
  redline      0.2456 us/op correctness=true mismatches=0
[51/133] independent_throughput/dispatch-grid/count=64,grid=1024;hip-wave=32 (64 operations; order hipgraph -> hip -> redline -> vulkan)
  hipgraph    14.8269 us/op correctness=true mismatches=0
  hip         13.6456 us/op correctness=true mismatches=0
  redline      0.9550 us/op correctness=true mismatches=0
  vulkan       1.4094 us/op correctness=true mismatches=0
[52/133] independent_throughput/dispatch-grid/count=64,grid=8192;hip-wave=32 (64 operations; order hip -> redline -> vulkan -> hipgraph)
  hip         47.3188 us/op correctness=true mismatches=0
  redline      3.6300 us/op correctness=true mismatches=0
  vulkan       5.5375 us/op correctness=true mismatches=0
  hipgraph    50.5013 us/op correctness=true mismatches=0
[53/133] independent_throughput/geometry/k=512,rows=1,wg=256;hip-wave=32 (64 operations; order redline -> vulkan -> hipgraph -> hip)
  redline      0.1862 us/op correctness=true mismatches=0
  vulkan       1.2888 us/op correctness=true mismatches=0
  hipgraph    19.5969 us/op correctness=true mismatches=0
  hip         17.2994 us/op correctness=true mismatches=0
[54/133] independent_throughput/geometry/k=512,rows=4,wg=256;hip-wave=32 (64 operations; order vulkan -> hipgraph -> hip -> redline)
  vulkan       1.3031 us/op correctness=true mismatches=0
  hipgraph    12.4519 us/op correctness=true mismatches=0
  hip         11.6406 us/op correctness=true mismatches=0
  redline      0.3375 us/op correctness=true mismatches=0
[55/133] independent_throughput/geometry/k=2048,rows=1,wg=256;hip-wave=32 (64 operations; order hipgraph -> hip -> redline -> vulkan)
  hipgraph    17.2456 us/op correctness=true mismatches=0
  hip         16.6369 us/op correctness=true mismatches=0
  redline      0.4769 us/op correctness=true mismatches=0
  vulkan       2.1412 us/op correctness=true mismatches=0
[56/133] independent_throughput/geometry/k=2048,rows=4,wg=256;hip-wave=32 (64 operations; order hip -> redline -> vulkan -> hipgraph)
  hip         16.7519 us/op correctness=true mismatches=0
  redline      1.1406 us/op correctness=true mismatches=0
  vulkan       2.2131 us/op correctness=true mismatches=0
  hipgraph    17.6682 us/op correctness=true mismatches=0
[57/133] independent_throughput/reduction/variant=wave,k=8192,rows=1;hip-wave=32 (64 operations; order redline -> vulkan -> hipgraph -> hip)
  redline      1.1538 us/op correctness=true mismatches=0
  vulkan       4.5012 us/op correctness=true mismatches=0
  hipgraph    39.0950 us/op correctness=true mismatches=0
  hip         39.2675 us/op correctness=true mismatches=0
[58/133] independent_throughput/reduction/variant=wave,k=8192,rows=4;hip-wave=32 (64 operations; order vulkan -> hipgraph -> hip -> redline)
  vulkan       4.6238 us/op correctness=true mismatches=0
  hipgraph    40.5544 us/op correctness=true mismatches=0
  hip         38.9432 us/op correctness=true mismatches=0
  redline      2.3388 us/op correctness=true mismatches=0
[59/133] independent_throughput/reduction/variant=lds-tree,k=8192,rows=1;hip-wave=32 (64 operations; order hipgraph -> hip -> redline -> vulkan)
  hipgraph    38.6994 us/op correctness=true mismatches=0
  hip         38.1050 us/op correctness=true mismatches=0
  redline      1.1394 us/op correctness=true mismatches=0
  vulkan       4.2112 us/op correctness=true mismatches=0
[60/133] independent_throughput/reduction/variant=lds-tree,k=8192,rows=4;hip-wave=32 (64 operations; order hip -> redline -> vulkan -> hipgraph)
  hip         38.5657 us/op correctness=true mismatches=0
  redline      2.3300 us/op correctness=true mismatches=0
  vulkan       4.6131 us/op correctness=true mismatches=0
  hipgraph    40.1919 us/op correctness=true mismatches=0
[61/133] independent_throughput/memory-waitcnt/variant=coalesced4,n=4096,body=16;hip-wave=32 (64 operations; order redline -> vulkan -> hipgraph -> hip)
  redline      0.3481 us/op correctness=true mismatches=0
  vulkan       1.0750 us/op correctness=true mismatches=0
  hipgraph    12.8350 us/op correctness=true mismatches=0
  hip         11.5475 us/op correctness=true mismatches=0
[62/133] independent_throughput/memory-waitcnt/variant=coalesced4,n=32768,body=16;hip-wave=32 (32 operations; order vulkan -> hipgraph -> hip -> redline)
  vulkan       2.8188 us/op correctness=true mismatches=0
  hipgraph    33.0413 us/op correctness=true mismatches=0
  hip         26.9350 us/op correctness=true mismatches=0
  redline      2.4450 us/op correctness=true mismatches=0
[63/133] independent_throughput/memory-waitcnt/variant=gather,n=4096,body=16;hip-wave=32 (64 operations; order hipgraph -> hip -> redline -> vulkan)
  hipgraph    12.8938 us/op correctness=true mismatches=0
  hip         11.4037 us/op correctness=true mismatches=0
  redline      1.0381 us/op correctness=true mismatches=0
  vulkan       1.1494 us/op correctness=true mismatches=0
[64/133] independent_throughput/memory-waitcnt/variant=gather,n=32768,body=16;hip-wave=32 (32 operations; order hip -> redline -> vulkan -> hipgraph)
  hip         27.1125 us/op correctness=true mismatches=0
  redline      9.4012 us/op correctness=true mismatches=0
  vulkan       7.7088 us/op correctness=true mismatches=0
  hipgraph    36.0950 us/op correctness=true mismatches=0
[65/133] independent_throughput/memory-waitcnt/variant=interleave4,n=4096,body=16;hip-wave=64 (64 operations; order redline -> vulkan -> hipgraph -> hip)
  redline      0.5275 us/op correctness=true mismatches=0
  vulkan       1.2244 us/op correctness=true mismatches=0
  hipgraph    12.2381 us/op correctness=true mismatches=0
  hip         11.3819 us/op correctness=true mismatches=0
[66/133] independent_throughput/memory-waitcnt/variant=interleave4,n=32768,body=16;hip-wave=64 (32 operations; order vulkan -> hipgraph -> hip -> redline)
  vulkan       4.2825 us/op correctness=true mismatches=0
  hipgraph    31.7450 us/op correctness=true mismatches=0
  hip         27.4988 us/op correctness=true mismatches=0
  redline      3.8825 us/op correctness=true mismatches=0
[67/133] independent_throughput/packed-dot/variant=q8-signed,n=4096,body=16;hip-wave=32 (64 operations; order hipgraph -> hip -> redline -> vulkan)
  hipgraph    12.8912 us/op correctness=true mismatches=0
  hip         11.6069 us/op correctness=true mismatches=0
  redline      0.5494 us/op correctness=true mismatches=0
  vulkan       1.3787 us/op correctness=true mismatches=0
[68/133] independent_throughput/packed-dot/variant=q4-unsigned,n=4096,body=16;hip-wave=32 (64 operations; order hip -> redline -> vulkan -> hipgraph)
  hip         11.5969 us/op correctness=true mismatches=0
  redline      0.5569 us/op correctness=true mismatches=0
  vulkan       1.3875 us/op correctness=true mismatches=0
  hipgraph    12.5725 us/op correctness=true mismatches=0
[69/133] independent_throughput/packed-dot/variant=q6-zero,n=4096,body=16;hip-wave=32 (64 operations; order redline -> vulkan -> hipgraph -> hip)
  redline      0.5719 us/op correctness=true mismatches=0
  vulkan       1.3075 us/op correctness=true mismatches=0
  hipgraph    12.5519 us/op correctness=true mismatches=0
  hip         11.6463 us/op correctness=true mismatches=0
[70/133] independent_throughput/packed-dot/variant=q4-scalar,n=4096,body=16;hip-wave=32 (64 operations; order vulkan -> hipgraph -> hip -> redline)
  vulkan       2.4219 us/op correctness=true mismatches=0
  hipgraph    13.0294 us/op correctness=true mismatches=0
  hip         11.7925 us/op correctness=true mismatches=0
  redline      1.0713 us/op correctness=true mismatches=0
[71/133] independent_throughput/vopd/variant=independent-fma,n=32768,body=64;hip-wave=64 (32 operations; order hipgraph -> hip -> redline -> vulkan)
  hipgraph    33.1150 us/op correctness=true mismatches=0
  hip         28.5788 us/op correctness=true mismatches=0
  redline      3.6375 us/op correctness=true mismatches=0
  vulkan       4.0637 us/op correctness=true mismatches=0
[72/133] independent_throughput/vopd/variant=dependent-fma,n=32768,body=64;hip-wave=64 (32 operations; order hip -> redline -> vulkan -> hipgraph)
  hip         28.3875 us/op correctness=true mismatches=0
  redline      3.5088 us/op correctness=true mismatches=0
  vulkan       3.9950 us/op correctness=true mismatches=0
  hipgraph    33.3925 us/op correctness=true mismatches=0
[73/133] independent_throughput/vopd/variant=mixed-int-float,n=32768,body=64;hip-wave=64 (32 operations; order redline -> vulkan -> hipgraph -> hip)
  redline      8.9125 us/op correctness=true mismatches=0
  vulkan       7.4375 us/op correctness=true mismatches=0
  hipgraph    36.5376 us/op correctness=true mismatches=0
  hip         31.2750 us/op correctness=true mismatches=0
[74/133] independent_throughput/vopd/variant=dequant-like,n=32768,body=64;hip-wave=64 (32 operations; order vulkan -> hipgraph -> hip -> redline)
  vulkan       6.6312 us/op correctness=true mismatches=0
  hipgraph    35.4738 us/op correctness=true mismatches=0
  hip         29.4126 us/op correctness=true mismatches=0
  redline      7.7888 us/op correctness=true mismatches=0
[75/133] independent_throughput/sampler/argmax,vocab=32768,rows=1;hip-wave=32 (64 operations; order hipgraph -> hip -> redline -> vulkan)
  hipgraph    17.3813 us/op correctness=true mismatches=0
  hip         16.6350 us/op correctness=true mismatches=0
  redline      0.3862 us/op correctness=true mismatches=0
  vulkan       1.8981 us/op correctness=true mismatches=0
[76/133] independent_throughput/sampler/argmax,vocab=32768,rows=4;hip-wave=32 (64 operations; order hip -> redline -> vulkan -> hipgraph)
  hip         16.5050 us/op correctness=true mismatches=0
  redline      0.6300 us/op correctness=true mismatches=0
  vulkan       1.9244 us/op correctness=true mismatches=0
  hipgraph    16.5200 us/op correctness=true mismatches=0
[77/133] independent_throughput/sampler/argmax,vocab=131072,rows=1;hip-wave=32 (64 operations; order redline -> vulkan -> hipgraph -> hip)
  redline      1.3862 us/op correctness=true mismatches=0
  vulkan       4.8762 us/op correctness=true mismatches=0
  hipgraph    47.2619 us/op correctness=true mismatches=0
  hip         45.8557 us/op correctness=true mismatches=0
[78/133] independent_throughput/sampler/argmax,vocab=131072,rows=4;hip-wave=32 (64 operations; order vulkan -> hipgraph -> hip -> redline)
  vulkan       4.8356 us/op correctness=true mismatches=0
  hipgraph    46.5413 us/op correctness=true mismatches=0
  hip         45.6144 us/op correctness=true mismatches=0
  redline      2.3013 us/op correctness=true mismatches=0
[79/133] independent_throughput/two-stage-reduction/k=8192,rows=4,splits=2;hip-wave=32 (64 operations; order hipgraph -> hip -> redline -> vulkan)
  hipgraph    20.0894 us/op correctness=true mismatches=0
  hip         19.9525 us/op correctness=true mismatches=0
  redline      4.2281 us/op correctness=true mismatches=0
  vulkan       6.5469 us/op correctness=true mismatches=0
[80/133] independent_throughput/two-stage-reduction/k=32768,rows=4,splits=8;hip-wave=32 (32 operations; order hip -> redline -> vulkan -> hipgraph)
  hip         23.3838 us/op correctness=true mismatches=0
  redline      5.2562 us/op correctness=true mismatches=0
  vulkan       7.3463 us/op correctness=true mismatches=0
  hipgraph    26.0050 us/op correctness=true mismatches=0
[81/133] independent_throughput/q4-selected-dual/m=512,k=768,tile=2;hip-wave=64 (32 operations; order redline -> vulkan -> hipgraph -> hip)
  redline      0.5700 us/op correctness=true mismatches=0
  vulkan       2.0025 us/op correctness=true mismatches=0
  hipgraph    19.9875 us/op correctness=true mismatches=0
  hip         16.7063 us/op correctness=true mismatches=0
[82/133] independent_throughput/q4-selected-dual/m=2048,k=2048,tile=2;hip-wave=64 (32 operations; order vulkan -> hipgraph -> hip -> redline)
  vulkan       3.8213 us/op correctness=true mismatches=0
  hipgraph    45.8238 us/op correctness=true mismatches=0
  hip         40.5951 us/op correctness=true mismatches=0
  redline      2.6400 us/op correctness=true mismatches=0
[83/133] independent_throughput/q4-selected-dual/m=4096,k=8192,tile=2;hip-wave=64 (16 operations; order hipgraph -> hip -> redline -> vulkan)
  hipgraph   205.5977 us/op correctness=true mismatches=0
  hip        197.7627 us/op correctness=true mismatches=0
  redline     20.7975 us/op correctness=true mismatches=0
  vulkan      31.6025 us/op correctness=true mismatches=0
[84/133] independent_throughput/q6-x8-selected-down/m=512,k=2048,tile=8;hip-wave=64 (32 operations; order hip -> redline -> vulkan -> hipgraph)
  hip         17.1038 us/op correctness=true mismatches=0
  redline      0.8575 us/op correctness=true mismatches=0
  vulkan       3.5225 us/op correctness=true mismatches=0
  hipgraph    18.5638 us/op correctness=true mismatches=0
[85/133] independent_throughput/q6-x8-selected-down/m=2048,k=4096,tile=8;hip-wave=64 (32 operations; order redline -> vulkan -> hipgraph -> hip)
  redline      3.5275 us/op correctness=true mismatches=0
  vulkan       6.0650 us/op correctness=true mismatches=0
  hipgraph    48.5951 us/op correctness=true mismatches=0
  hip         44.0101 us/op correctness=true mismatches=0
[86/133] independent_throughput/q6-x8-selected-down/m=4096,k=8192,tile=8;hip-wave=64 (16 operations; order vulkan -> hipgraph -> hip -> redline)
  vulkan      24.9600 us/op correctness=true mismatches=0
  hipgraph    92.6901 us/op correctness=true mismatches=0
  hip         83.3726 us/op correctness=true mismatches=0
  redline     18.1975 us/op correctness=true mismatches=0
[87/133] independent_throughput/dense-q8/m=512,k=768,tile=4;hip-wave=64 (32 operations; order hipgraph -> hip -> redline -> vulkan)
  hipgraph    19.4450 us/op correctness=true mismatches=0
  hip         16.1763 us/op correctness=true mismatches=0
  redline      0.4525 us/op correctness=true mismatches=0
  vulkan       2.1763 us/op correctness=true mismatches=0
[88/133] independent_throughput/dense-q8/m=2048,k=2048,tile=4;hip-wave=64 (32 operations; order hip -> redline -> vulkan -> hipgraph)
  hip         37.4788 us/op correctness=true mismatches=0
  redline      1.9725 us/op correctness=true mismatches=0
  vulkan       3.3375 us/op correctness=true mismatches=0
  hipgraph    41.7000 us/op correctness=true mismatches=0
[89/133] independent_throughput/dense-q8/m=2048,k=8192,tile=4;hip-wave=64 (16 operations; order redline -> vulkan -> hipgraph -> hip)
  redline      8.5600 us/op correctness=true mismatches=0
  vulkan      12.3725 us/op correctness=true mismatches=0
  hipgraph    60.2951 us/op correctness=true mismatches=0
  hip         54.6201 us/op correctness=true mismatches=0
[90/133] independent_throughput/dense-q8/m=4096,k=8192,tile=4;hip-wave=64 (16 operations; order vulkan -> hipgraph -> hip -> redline)
  vulkan      24.4500 us/op correctness=true mismatches=0
  hipgraph   109.9252 us/op correctness=true mismatches=0
  hip        100.8826 us/op correctness=true mismatches=0
  redline     18.4850 us/op correctness=true mismatches=0
[91/133] single_kernel_aggressive/dispatch-grid/count=1,grid=1;hip-wave=32 (1 operations; order hipgraph -> hip -> redline -> vulkan)
  hipgraph    12.6800 us/op correctness=true mismatches=0
  hip          7.2000 us/op correctness=true mismatches=0
  redline      2.3600 us/op correctness=true mismatches=0
  vulkan       4.2000 us/op correctness=true mismatches=0
[92/133] single_kernel_aggressive/dispatch-grid/count=50,grid=1;hip-wave=32 (1 operations; order hip -> redline -> vulkan -> hipgraph)
  hip          7.2400 us/op correctness=true mismatches=0
  redline      2.4400 us/op correctness=true mismatches=0
  vulkan       4.2400 us/op correctness=true mismatches=0
  hipgraph    12.6800 us/op correctness=true mismatches=0
[93/133] single_kernel_aggressive/dispatch-grid/count=200,grid=1;hip-wave=32 (1 operations; order redline -> vulkan -> hipgraph -> hip)
  redline      2.4000 us/op correctness=true mismatches=0
  vulkan       4.2000 us/op correctness=true mismatches=0
  hipgraph    12.6800 us/op correctness=true mismatches=0
  hip          7.2400 us/op correctness=true mismatches=0
[94/133] single_kernel_aggressive/dispatch-grid/count=941,grid=1;hip-wave=32 (1 operations; order vulkan -> hipgraph -> hip -> redline)
  vulkan       4.2800 us/op correctness=true mismatches=0
  hipgraph    12.6800 us/op correctness=true mismatches=0
  hip          7.2000 us/op correctness=true mismatches=0
  redline      2.4800 us/op correctness=true mismatches=0
[95/133] single_kernel_aggressive/dispatch-grid/count=64,grid=128;hip-wave=32 (1 operations; order hipgraph -> hip -> redline -> vulkan)
  hipgraph    15.1200 us/op correctness=true mismatches=0
  hip          7.5600 us/op correctness=true mismatches=0
  redline      3.6400 us/op correctness=true mismatches=0
  vulkan       4.3200 us/op correctness=true mismatches=0
[96/133] single_kernel_aggressive/dispatch-grid/count=64,grid=1024;hip-wave=32 (1 operations; order hip -> redline -> vulkan -> hipgraph)
  hip         11.8400 us/op correctness=true mismatches=0
  redline      3.7200 us/op correctness=true mismatches=0
  vulkan       5.0000 us/op correctness=true mismatches=0
  hipgraph    17.6000 us/op correctness=true mismatches=0
[97/133] single_kernel_aggressive/dispatch-grid/count=64,grid=8192;hip-wave=32 (1 operations; order redline -> vulkan -> hipgraph -> hip)
  redline      5.0400 us/op correctness=true mismatches=0
  vulkan       9.3200 us/op correctness=true mismatches=0
  hipgraph    51.2800 us/op correctness=true mismatches=0
  hip         45.6810 us/op correctness=true mismatches=0
[98/133] single_kernel_aggressive/geometry/k=512,rows=1,wg=256;hip-wave=32 (1 operations; order vulkan -> hipgraph -> hip -> redline)
  vulkan      11.7200 us/op correctness=true mismatches=0
  hipgraph    26.8000 us/op correctness=true mismatches=0
  hip         20.4800 us/op correctness=true mismatches=0
  redline      8.2800 us/op correctness=true mismatches=0
[99/133] single_kernel_aggressive/geometry/k=512,rows=4,wg=256;hip-wave=32 (1 operations; order hipgraph -> hip -> redline -> vulkan)
  hipgraph    18.6400 us/op correctness=true mismatches=0
  hip         13.1200 us/op correctness=true mismatches=0
  redline      8.2800 us/op correctness=true mismatches=0
  vulkan      11.6000 us/op correctness=true mismatches=0
[100/133] single_kernel_aggressive/geometry/k=2048,rows=1,wg=256;hip-wave=32 (1 operations; order hip -> redline -> vulkan -> hipgraph)
  hip         28.4400 us/op correctness=true mismatches=0
  redline     23.6400 us/op correctness=true mismatches=0
  vulkan      30.7200 us/op correctness=true mismatches=0
  hipgraph    33.9200 us/op correctness=true mismatches=0
[101/133] single_kernel_aggressive/geometry/k=2048,rows=4,wg=256;hip-wave=32 (1 operations; order redline -> vulkan -> hipgraph -> hip)
  redline     23.5600 us/op correctness=true mismatches=0
  vulkan      30.6000 us/op correctness=true mismatches=0
  hipgraph    33.8800 us/op correctness=true mismatches=0
  hip         28.3200 us/op correctness=true mismatches=0
[102/133] single_kernel_aggressive/reduction/variant=wave,k=8192,rows=1;hip-wave=32 (1 operations; order vulkan -> hipgraph -> hip -> redline)
  vulkan      79.5200 us/op correctness=true mismatches=0
  hipgraph    77.7200 us/op correctness=true mismatches=0
  hip         74.4000 us/op correctness=true mismatches=0
  redline     66.7200 us/op correctness=true mismatches=0
[103/133] single_kernel_aggressive/reduction/variant=wave,k=8192,rows=4;hip-wave=32 (1 operations; order hipgraph -> hip -> redline -> vulkan)
  hipgraph    79.5200 us/op correctness=true mismatches=0
  hip         72.4810 us/op correctness=true mismatches=0
  redline     68.9600 us/op correctness=true mismatches=0
  vulkan      79.7200 us/op correctness=true mismatches=0
[104/133] single_kernel_aggressive/reduction/variant=lds-tree,k=8192,rows=1;hip-wave=32 (1 operations; order hip -> redline -> vulkan -> hipgraph)
  hip         71.0000 us/op correctness=true mismatches=0
  redline     67.1200 us/op correctness=true mismatches=0
  vulkan      79.9200 us/op correctness=true mismatches=0
  hipgraph    76.6800 us/op correctness=true mismatches=0
[105/133] single_kernel_aggressive/reduction/variant=lds-tree,k=8192,rows=4;hip-wave=32 (1 operations; order redline -> vulkan -> hipgraph -> hip)
  redline     69.0000 us/op correctness=true mismatches=0
  vulkan      80.5600 us/op correctness=true mismatches=0
  hipgraph    79.1600 us/op correctness=true mismatches=0
  hip         73.0800 us/op correctness=true mismatches=0
[106/133] single_kernel_aggressive/memory-waitcnt/variant=coalesced4,n=4096,body=16;hip-wave=32 (1 operations; order vulkan -> hipgraph -> hip -> redline)
  vulkan       7.2000 us/op correctness=true mismatches=0
  hipgraph    15.6800 us/op correctness=true mismatches=0
  hip          9.9200 us/op correctness=true mismatches=0
  redline      6.1600 us/op correctness=true mismatches=0
[107/133] single_kernel_aggressive/memory-waitcnt/variant=coalesced4,n=32768,body=16;hip-wave=32 (1 operations; order hipgraph -> hip -> redline -> vulkan)
  hipgraph    32.1200 us/op correctness=true mismatches=0
  hip         26.5600 us/op correctness=true mismatches=0
  redline      7.7600 us/op correctness=true mismatches=0
  vulkan       8.8400 us/op correctness=true mismatches=0
[108/133] single_kernel_aggressive/memory-waitcnt/variant=gather,n=4096,body=16;hip-wave=32 (1 operations; order hip -> redline -> vulkan -> hipgraph)
  hip          9.6400 us/op correctness=true mismatches=0
  redline      4.8800 us/op correctness=true mismatches=0
  vulkan       8.7600 us/op correctness=true mismatches=0
  hipgraph    15.4000 us/op correctness=true mismatches=0
[109/133] single_kernel_aggressive/memory-waitcnt/variant=gather,n=32768,body=16;hip-wave=32 (1 operations; order redline -> vulkan -> hipgraph -> hip)
  redline     13.1200 us/op correctness=true mismatches=0
  vulkan      13.2800 us/op correctness=true mismatches=0
  hipgraph    32.5600 us/op correctness=true mismatches=0
  hip         26.8000 us/op correctness=true mismatches=0
[110/133] single_kernel_aggressive/memory-waitcnt/variant=interleave4,n=4096,body=16;hip-wave=64 (1 operations; order vulkan -> hipgraph -> hip -> redline)
  vulkan       7.4400 us/op correctness=true mismatches=0
  hipgraph    15.4000 us/op correctness=true mismatches=0
  hip          9.9200 us/op correctness=true mismatches=0
  redline      6.4400 us/op correctness=true mismatches=0
[111/133] single_kernel_aggressive/memory-waitcnt/variant=interleave4,n=32768,body=16;hip-wave=64 (1 operations; order hipgraph -> hip -> redline -> vulkan)
  hipgraph    22.3200 us/op correctness=true mismatches=0
  hip         16.7600 us/op correctness=true mismatches=0
  redline      9.0000 us/op correctness=true mismatches=0
  vulkan       8.8800 us/op correctness=true mismatches=0
[112/133] single_kernel_aggressive/packed-dot/variant=q8-signed,n=4096,body=16;hip-wave=32 (1 operations; order hip -> redline -> vulkan -> hipgraph)
  hip         10.3200 us/op correctness=true mismatches=0
  redline      6.0400 us/op correctness=true mismatches=0
  vulkan       7.9200 us/op correctness=true mismatches=0
  hipgraph    16.2000 us/op correctness=true mismatches=0
[113/133] single_kernel_aggressive/packed-dot/variant=q4-unsigned,n=4096,body=16;hip-wave=32 (1 operations; order redline -> vulkan -> hipgraph -> hip)
  redline      6.1600 us/op correctness=true mismatches=0
  vulkan       7.9600 us/op correctness=true mismatches=0
  hipgraph    16.0800 us/op correctness=true mismatches=0
  hip         10.3600 us/op correctness=true mismatches=0
[114/133] single_kernel_aggressive/packed-dot/variant=q6-zero,n=4096,body=16;hip-wave=32 (1 operations; order vulkan -> hipgraph -> hip -> redline)
  vulkan       8.1200 us/op correctness=true mismatches=0
  hipgraph    15.9200 us/op correctness=true mismatches=0
  hip         10.1600 us/op correctness=true mismatches=0
  redline      6.1600 us/op correctness=true mismatches=0
[115/133] single_kernel_aggressive/packed-dot/variant=q4-scalar,n=4096,body=16;hip-wave=32 (1 operations; order hipgraph -> hip -> redline -> vulkan)
  hipgraph    16.3600 us/op correctness=true mismatches=0
  hip         10.9200 us/op correctness=true mismatches=0
  redline      6.8400 us/op correctness=true mismatches=0
  vulkan      11.4800 us/op correctness=true mismatches=0
[116/133] single_kernel_aggressive/vopd/variant=independent-fma,n=32768,body=64;hip-wave=64 (1 operations; order hip -> redline -> vulkan -> hipgraph)
  hip         28.1600 us/op correctness=true mismatches=0
  redline      7.3600 us/op correctness=true mismatches=0
  vulkan       7.7600 us/op correctness=true mismatches=0
  hipgraph    33.7200 us/op correctness=true mismatches=0
[117/133] single_kernel_aggressive/vopd/variant=dependent-fma,n=32768,body=64;hip-wave=64 (1 operations; order redline -> vulkan -> hipgraph -> hip)
  redline      7.2800 us/op correctness=true mismatches=0
  vulkan       7.7200 us/op correctness=true mismatches=0
  hipgraph    34.5200 us/op correctness=true mismatches=0
  hip         27.6400 us/op correctness=true mismatches=0
[118/133] single_kernel_aggressive/vopd/variant=mixed-int-float,n=32768,body=64;hip-wave=64 (1 operations; order vulkan -> hipgraph -> hip -> redline)
  vulkan      11.2000 us/op correctness=true mismatches=0
  hipgraph    36.4400 us/op correctness=true mismatches=0
  hip         30.9600 us/op correctness=true mismatches=0
  redline     13.3200 us/op correctness=true mismatches=0
[119/133] single_kernel_aggressive/vopd/variant=dequant-like,n=32768,body=64;hip-wave=64 (1 operations; order hipgraph -> hip -> redline -> vulkan)
  hipgraph    35.0400 us/op correctness=true mismatches=0
  hip         29.4400 us/op correctness=true mismatches=0
  redline     12.5600 us/op correctness=true mismatches=0
  vulkan      10.4400 us/op correctness=true mismatches=0
[120/133] single_kernel_aggressive/sampler/argmax,vocab=32768,rows=1;hip-wave=32 (1 operations; order hip -> redline -> vulkan -> hipgraph)
  hip         30.0800 us/op correctness=true mismatches=0
  redline     25.1200 us/op correctness=true mismatches=0
  vulkan      27.6400 us/op correctness=true mismatches=0
  hipgraph    35.4000 us/op correctness=true mismatches=0
[121/133] single_kernel_aggressive/sampler/argmax,vocab=32768,rows=4;hip-wave=32 (1 operations; order redline -> vulkan -> hipgraph -> hip)
  redline     24.6000 us/op correctness=true mismatches=0
  vulkan      27.7200 us/op correctness=true mismatches=0
  hipgraph    35.0400 us/op correctness=true mismatches=0
  hip         29.4400 us/op correctness=true mismatches=0
[122/133] single_kernel_aggressive/sampler/argmax,vocab=131072,rows=1;hip-wave=32 (1 operations; order vulkan -> hipgraph -> hip -> redline)
  vulkan      95.8000 us/op correctness=true mismatches=0
  hipgraph   100.2400 us/op correctness=true mismatches=0
  hip         93.3200 us/op correctness=true mismatches=0
  redline     90.5200 us/op correctness=true mismatches=0
[123/133] single_kernel_aggressive/sampler/argmax,vocab=131072,rows=4;hip-wave=32 (1 operations; order hipgraph -> hip -> redline -> vulkan)
  hipgraph    98.8400 us/op correctness=true mismatches=0
  hip         93.8800 us/op correctness=true mismatches=0
  redline     90.0000 us/op correctness=true mismatches=0
  vulkan      95.3600 us/op correctness=true mismatches=0
[124/133] single_kernel_aggressive/q4-selected-dual/m=512,k=768,tile=2;hip-wave=64 (1 operations; order hip -> redline -> vulkan -> hipgraph)
  hip         15.1600 us/op correctness=true mismatches=0
  redline      5.1600 us/op correctness=true mismatches=0
  vulkan       7.4400 us/op correctness=true mismatches=0
  hipgraph    20.8400 us/op correctness=true mismatches=0
[125/133] single_kernel_aggressive/q4-selected-dual/m=2048,k=2048,tile=2;hip-wave=64 (1 operations; order redline -> vulkan -> hipgraph -> hip)
  redline      7.8800 us/op correctness=true mismatches=0
  vulkan      12.1600 us/op correctness=true mismatches=0
  hipgraph    47.1600 us/op correctness=true mismatches=0
  hip         41.3200 us/op correctness=true mismatches=0
[126/133] single_kernel_aggressive/q4-selected-dual/m=4096,k=8192,tile=2;hip-wave=64 (1 operations; order vulkan -> hipgraph -> hip -> redline)
  vulkan      43.8000 us/op correctness=true mismatches=0
  hipgraph   202.9600 us/op correctness=true mismatches=0
  hip        195.8000 us/op correctness=true mismatches=0
  redline     35.6000 us/op correctness=true mismatches=0
[127/133] single_kernel_aggressive/q6-x8-selected-down/m=512,k=2048,tile=8;hip-wave=64 (1 operations; order hipgraph -> hip -> redline -> vulkan)
  hipgraph    24.9200 us/op correctness=true mismatches=0
  hip         19.3200 us/op correctness=true mismatches=0
  redline     15.5200 us/op correctness=true mismatches=0
  vulkan      27.4800 us/op correctness=true mismatches=0
[128/133] single_kernel_aggressive/q6-x8-selected-down/m=2048,k=4096,tile=8;hip-wave=64 (1 operations; order hip -> redline -> vulkan -> hipgraph)
  hip         51.5200 us/op correctness=true mismatches=0
  redline     26.8800 us/op correctness=true mismatches=0
  vulkan      48.1200 us/op correctness=true mismatches=0
  hipgraph    57.1200 us/op correctness=true mismatches=0
[129/133] single_kernel_aggressive/q6-x8-selected-down/m=4096,k=8192,tile=8;hip-wave=64 (1 operations; order redline -> vulkan -> hipgraph -> hip)
  redline     53.4400 us/op correctness=true mismatches=0
  vulkan      98.4400 us/op correctness=true mismatches=0
  hipgraph    93.4000 us/op correctness=true mismatches=0
  hip         87.4800 us/op correctness=true mismatches=0
[130/133] single_kernel_aggressive/dense-q8/m=512,k=768,tile=4;hip-wave=64 (1 operations; order vulkan -> hipgraph -> hip -> redline)
  vulkan       8.3200 us/op correctness=true mismatches=0
  hipgraph    20.7600 us/op correctness=true mismatches=0
  hip         15.1600 us/op correctness=true mismatches=0
  redline      6.2800 us/op correctness=true mismatches=0
[131/133] single_kernel_aggressive/dense-q8/m=2048,k=2048,tile=4;hip-wave=64 (1 operations; order hipgraph -> hip -> redline -> vulkan)
  hipgraph    44.0400 us/op correctness=true mismatches=0
  hip         38.6400 us/op correctness=true mismatches=0
  redline      9.8800 us/op correctness=true mismatches=0
  vulkan      15.0400 us/op correctness=true mismatches=0
[132/133] single_kernel_aggressive/dense-q8/m=2048,k=8192,tile=4;hip-wave=64 (1 operations; order hip -> redline -> vulkan -> hipgraph)
  hip         54.1600 us/op correctness=true mismatches=0
  redline     26.4800 us/op correctness=true mismatches=0
  vulkan      48.4400 us/op correctness=true mismatches=0
  hipgraph    60.0400 us/op correctness=true mismatches=0
[133/133] single_kernel_aggressive/dense-q8/m=4096,k=8192,tile=4;hip-wave=64 (1 operations; order redline -> vulkan -> hipgraph -> hip)
  redline     32.5600 us/op correctness=true mismatches=0
  vulkan      55.5200 us/op correctness=true mismatches=0
  hipgraph   107.8010 us/op correctness=true mismatches=0
  hip        102.8800 us/op correctness=true mismatches=0
wrote results/gfx1201/2026-07-13-radiowave-all-losers/final/rep2/results.json
wrote results/gfx1201/2026-07-13-radiowave-all-losers/final/rep2/REPORT.md
Redline wins 111/133 (83.46%). Four-way placements: 1st 111, 2nd 22, 3rd 0, 4th 0.
