{
  "artifact_ref": "/home/kaden/ClaudeCode/autorocm/redline-pub/examples/hipengine-6409/results/gfx1201/2026-07-13-hipengine-production-preheated/serial_latency/redline-q6-x8-selected-down.raw.json",
  "backend": "hip",
  "bench": "q6_x8_selected_down_real_slice",
  "classification": "real_slice_probe",
  "command": [
    "python3",
    "/tmp/hipEngine-f2c/benchmarks/micro/runners/q6_x8_real_slice.py",
    "--backend",
    "hip",
    "--timing-mode",
    "serial_latency",
    "--independent-streams",
    "4",
    "--reps",
    "10",
    "--warmup",
    "3",
    "--samples",
    "21",
    "--environment-json",
    "/home/kaden/ClaudeCode/autorocm/redline-pub/examples/hipengine-6409/results/gfx1201/2026-07-13-hipengine-production-preheated/environment.json",
    "--environment-ref",
    "/home/kaden/ClaudeCode/autorocm/redline-pub/examples/hipengine-6409/results/gfx1201/2026-07-13-hipengine-production-preheated/environment.json",
    "--gfx-arch",
    "gfx1201",
    "--hardware-gpu",
    "AMD Radeon Graphics",
    "--build-dir",
    "/home/kaden/ClaudeCode/autorocm/redline-pub/examples/hipengine-6409/results/gfx1201/2026-07-13-hipengine-production-preheated/build/redline/q6-x8-selected-down",
    "--rows",
    "8",
    "--experts",
    "256",
    "--in-features",
    "512",
    "--out-features",
    "2048",
    "--local-size",
    "64",
    "--out",
    "/home/kaden/ClaudeCode/autorocm/redline-pub/examples/hipengine-6409/results/gfx1201/2026-07-13-hipengine-production-preheated/serial_latency/redline-q6-x8-selected-down.raw.json",
    "--pretty"
  ],
  "correctness": {
    "all_pass": true,
    "oracle": "raw Q6_K selected q8_1+dp4a BF16 output",
    "rows": 3,
    "status": "pass"
  },
  "correctness_vs_cpu": {
    "oracle": "raw Q6_K selected q8_1+dp4a GPU reference",
    "pass": true
  },
  "environment_ref": "/home/kaden/ClaudeCode/autorocm/redline-pub/examples/hipengine-6409/results/gfx1201/2026-07-13-hipengine-production-preheated/environment.json",
  "hardware": {
    "gfx_arch": "gfx1201",
    "gpu_name": "AMD Radeon Graphics"
  },
  "kind": "hipengine_micro_result",
  "measurements": {
    "rows": [
      {
        "activation_quant": "q8_1",
        "backend": "hip",
        "blocks_per_row": 2,
        "correctness": {
          "single_dispatch": {
            "oracle": "raw Q6_K selected q8_1+dp4a BF16 logits with KL <= 0.05 and top-1 >= 90%",
            "status": "pass"
          },
          "synchronization": {
            "barrier_count": 0,
            "method": "hip_stream_order",
            "status": "pass"
          },
          "timed_sequence": {
            "coverage": "chained_final_state",
            "logical_iterations": 10,
            "oracle": "raw Q6_K selected q8_1+dp4a BF16 logits with KL <= 0.05 and top-1 >= 90%",
            "status": "pass"
          }
        },
        "correctness_pass": true,
        "dependency_contract": {
          "inter_dispatch_ordering": "hip_stream_order",
          "output_partitioning": "chained_shared",
          "validation_status": "pass",
          "work_dependency": "chained"
        },
        "experts": 256,
        "in_features": 512,
        "kv_type": "not_applicable",
        "local_size": 32,
        "median_us": 0.8400000000000001,
        "model_fingerprint": "synthetic_q6_x8_selected_down_v1",
        "numeric_correctness": {
          "burst": {
            "exact_bf16_mismatches": 0,
            "expected_repetitions": [
              9
            ],
            "kl_divergence": 0.0,
            "max_abs": 0.0,
            "mean_abs": 0.0,
            "oracle": "raw Q6_K selected q8_1+dp4a BF16 logits with KL/top-1 gate",
            "outputs_checked": 1,
            "pass": true,
            "top1": 1.0
          },
          "single": {
            "exact_bf16_mismatches": 0,
            "expected_repetitions": [
              0
            ],
            "kl_divergence": 0.0,
            "max_abs": 0.0,
            "mean_abs": 0.0,
            "oracle": "raw Q6_K selected q8_1+dp4a BF16 logits with KL/top-1 gate",
            "outputs_checked": 1,
            "pass": true,
            "top1": 1.0
          }
        },
        "operation": "q8_1_quantize",
        "out_features": 2048,
        "out_packed": 256,
        "output_dtype": "bf16",
        "q8_blocks_per_row": 16,
        "quant": "q6_k",
        "row_tile": 0,
        "rows": 8,
        "selected_dtype": "int64",
        "sequence_validation": {
          "burst_expected_repetitions": [
            9
          ],
          "input_repetition_pattern": "distinct_deterministic_salt",
          "output_partitioning": "shared",
          "single_expected_repetitions": [
            0
          ],
          "xq_partitioning": "shared"
        },
        "submission": {
          "completion_in_host_wall": true,
          "queue_or_stream_count": 1,
          "recording_in_timed_region": false,
          "strategy": "direct",
          "submit_in_host_wall": true
        },
        "timing": {
          "burst": {
            "dispatches_per_iteration": 1,
            "gpu_elapsed": {
              "clock": "hip_event",
              "per_iteration_us": {
                "max": 0.844,
                "median": 0.8400000000000001,
                "min": 0.836,
                "n": 21,
                "p05": 0.836,
                "p95": 0.844,
                "samples": 21,
                "stdev": 0.0028380313191907233
              },
              "sequence_us": {
                "max": 8.44,
                "median": 8.4,
                "min": 8.36,
                "n": 21,
                "p05": 8.36,
                "p95": 8.44,
                "samples": 21,
                "stdev": 0.028380313191907255
              },
              "status": "ok"
            },
            "host_wall": {
              "clock": "steady_clock",
              "per_iteration_us": {
                "max": 2.7399999999999998,
                "median": 2.698,
                "min": 2.6341,
                "n": 21,
                "p05": 2.652,
                "p95": 2.7311,
                "samples": 21,
                "stdev": 0.021702883388902226
              },
              "sequence_us": {
                "max": 27.4,
                "median": 26.98,
                "min": 26.341,
                "n": 21,
                "p05": 26.52,
                "p95": 27.311,
                "samples": 21,
                "stdev": 0.21702883388902244
              },
              "status": "ok"
            },
            "logical_iterations": 10
          },
          "single": {
            "dispatches_per_iteration": 1,
            "gpu_elapsed": {
              "clock": "hip_event",
              "per_iteration_us": {
                "max": 2.36,
                "median": 2.32,
                "min": 2.24,
                "n": 21,
                "p05": 2.28,
                "p95": 2.36,
                "samples": 21,
                "stdev": 0.03375246694603684
              },
              "sequence_us": {
                "max": 2.36,
                "median": 2.32,
                "min": 2.24,
                "n": 21,
                "p05": 2.28,
                "p95": 2.36,
                "samples": 21,
                "stdev": 0.03375246694603684
              },
              "status": "ok"
            },
            "host_wall": {
              "clock": "steady_clock",
              "per_iteration_us": {
                "max": 24.221,
                "median": 20.97,
                "min": 20.51,
                "n": 21,
                "p05": 20.531,
                "p95": 22.55,
                "samples": 21,
                "stdev": 0.817733771799814
              },
              "sequence_us": {
                "max": 24.221,
                "median": 20.97,
                "min": 20.51,
                "n": 21,
                "p05": 20.531,
                "p95": 22.55,
                "samples": 21,
                "stdev": 0.817733771799814
              },
              "status": "ok"
            },
            "logical_iterations": 1
          }
        },
        "timing_mode": "serial_latency",
        "variant": "quantize",
        "weight_layout": "q6_k_x8",
        "workgroup_match": "exact"
      },
      {
        "activation_quant": "q8_1",
        "backend": "hip",
        "blocks_per_row": 2,
        "correctness": {
          "single_dispatch": {
            "oracle": "raw Q6_K selected q8_1+dp4a BF16 logits with KL <= 0.05 and top-1 >= 90%",
            "status": "pass"
          },
          "synchronization": {
            "barrier_count": 0,
            "method": "hip_stream_order",
            "status": "pass"
          },
          "timed_sequence": {
            "coverage": "chained_final_state",
            "logical_iterations": 10,
            "oracle": "raw Q6_K selected q8_1+dp4a BF16 logits with KL <= 0.05 and top-1 >= 90%",
            "status": "pass"
          }
        },
        "correctness_pass": true,
        "dependency_contract": {
          "inter_dispatch_ordering": "hip_stream_order",
          "output_partitioning": "chained_shared",
          "validation_status": "pass",
          "work_dependency": "chained"
        },
        "experts": 256,
        "in_features": 512,
        "kv_type": "not_applicable",
        "local_size": 64,
        "median_us": 10.052,
        "model_fingerprint": "synthetic_q6_x8_selected_down_v1",
        "numeric_correctness": {
          "burst": {
            "exact_bf16_mismatches": 0,
            "expected_repetitions": [
              9
            ],
            "kl_divergence": 0.0,
            "max_abs": 0.0,
            "mean_abs": 0.0,
            "oracle": "raw Q6_K selected q8_1+dp4a BF16 logits with KL/top-1 gate",
            "outputs_checked": 1,
            "pass": true,
            "top1": 1.0
          },
          "single": {
            "exact_bf16_mismatches": 0,
            "expected_repetitions": [
              0
            ],
            "kl_divergence": 0.0,
            "max_abs": 0.0,
            "mean_abs": 0.0,
            "oracle": "raw Q6_K selected q8_1+dp4a BF16 logits with KL/top-1 gate",
            "outputs_checked": 1,
            "pass": true,
            "top1": 1.0
          }
        },
        "operation": "x8_selected_dp4a_dot_prequantized",
        "out_features": 2048,
        "out_packed": 256,
        "output_dtype": "bf16",
        "q8_blocks_per_row": 16,
        "quant": "q6_k",
        "row_tile": 1,
        "rows": 8,
        "selected_dtype": "int64",
        "sequence_validation": {
          "burst_expected_repetitions": [
            9
          ],
          "input_repetition_pattern": "distinct_deterministic_salt",
          "output_partitioning": "shared",
          "single_expected_repetitions": [
            0
          ],
          "xq_partitioning": "shared"
        },
        "submission": {
          "completion_in_host_wall": true,
          "queue_or_stream_count": 1,
          "recording_in_timed_region": false,
          "strategy": "direct",
          "submit_in_host_wall": true
        },
        "timing": {
          "burst": {
            "dispatches_per_iteration": 1,
            "gpu_elapsed": {
              "clock": "hip_event",
              "per_iteration_us": {
                "max": 10.096,
                "median": 10.052,
                "min": 10.004000000000001,
                "n": 21,
                "p05": 10.016,
                "p95": 10.092,
                "samples": 21,
                "stdev": 0.0244374345751916
              },
              "sequence_us": {
                "max": 100.96,
                "median": 100.52,
                "min": 100.04,
                "n": 21,
                "p05": 100.16,
                "p95": 100.92,
                "samples": 21,
                "stdev": 0.2443743457519178
              },
              "status": "ok"
            },
            "host_wall": {
              "clock": "steady_clock",
              "per_iteration_us": {
                "max": 11.9742,
                "median": 11.870099999999999,
                "min": 11.8142,
                "n": 21,
                "p05": 11.822199999999999,
                "p95": 11.9292,
                "samples": 21,
                "stdev": 0.03789840219440529
              },
              "sequence_us": {
                "max": 119.742,
                "median": 118.701,
                "min": 118.142,
                "n": 21,
                "p05": 118.222,
                "p95": 119.292,
                "samples": 21,
                "stdev": 0.37898402194405284
              },
              "status": "ok"
            },
            "logical_iterations": 10
          },
          "single": {
            "dispatches_per_iteration": 1,
            "gpu_elapsed": {
              "clock": "hip_event",
              "per_iteration_us": {
                "max": 8.84,
                "median": 8.8,
                "min": 8.68,
                "n": 21,
                "p05": 8.72,
                "p95": 8.84,
                "samples": 21,
                "stdev": 0.049888765156985794
              },
              "sequence_us": {
                "max": 8.84,
                "median": 8.8,
                "min": 8.68,
                "n": 21,
                "p05": 8.72,
                "p95": 8.84,
                "samples": 21,
                "stdev": 0.049888765156985794
              },
              "status": "ok"
            },
            "host_wall": {
              "clock": "steady_clock",
              "per_iteration_us": {
                "max": 27.121,
                "median": 26.961,
                "min": 26.91,
                "n": 21,
                "p05": 26.94,
                "p95": 27.091,
                "samples": 21,
                "stdev": 0.05031168160698284
              },
              "sequence_us": {
                "max": 27.121,
                "median": 26.961,
                "min": 26.91,
                "n": 21,
                "p05": 26.94,
                "p95": 27.091,
                "samples": 21,
                "stdev": 0.05031168160698284
              },
              "status": "ok"
            },
            "logical_iterations": 1
          }
        },
        "timing_mode": "serial_latency",
        "variant": "q6_x8_selected_down",
        "weight_layout": "q6_k_x8",
        "workgroup_match": "exact"
      },
      {
        "activation_quant": "q8_1",
        "backend": "hip",
        "blocks_per_row": 2,
        "correctness": {
          "single_dispatch": {
            "oracle": "raw Q6_K selected q8_1+dp4a BF16 logits with KL <= 0.05 and top-1 >= 90%",
            "status": "pass"
          },
          "synchronization": {
            "barrier_count": 0,
            "method": "hip_stream_order",
            "status": "pass"
          },
          "timed_sequence": {
            "coverage": "chained_final_state",
            "logical_iterations": 10,
            "oracle": "raw Q6_K selected q8_1+dp4a BF16 logits with KL <= 0.05 and top-1 >= 90%",
            "status": "pass"
          }
        },
        "correctness_pass": true,
        "dependency_contract": {
          "inter_dispatch_ordering": "hip_stream_order",
          "output_partitioning": "chained_shared",
          "validation_status": "pass",
          "work_dependency": "chained"
        },
        "experts": 256,
        "in_features": 512,
        "kv_type": "not_applicable",
        "local_size": 64,
        "median_us": 12.616,
        "model_fingerprint": "synthetic_q6_x8_selected_down_v1",
        "numeric_correctness": {
          "burst": {
            "exact_bf16_mismatches": 0,
            "expected_repetitions": [
              9
            ],
            "kl_divergence": 0.0,
            "max_abs": 0.0,
            "mean_abs": 0.0,
            "oracle": "raw Q6_K selected q8_1+dp4a BF16 logits with KL/top-1 gate",
            "outputs_checked": 1,
            "pass": true,
            "top1": 1.0
          },
          "single": {
            "exact_bf16_mismatches": 0,
            "expected_repetitions": [
              0
            ],
            "kl_divergence": 0.0,
            "max_abs": 0.0,
            "mean_abs": 0.0,
            "oracle": "raw Q6_K selected q8_1+dp4a BF16 logits with KL/top-1 gate",
            "outputs_checked": 1,
            "pass": true,
            "top1": 1.0
          }
        },
        "operation": "x8_selected_dp4a_quantize_plus_dot",
        "out_features": 2048,
        "out_packed": 256,
        "output_dtype": "bf16",
        "q8_blocks_per_row": 16,
        "quant": "q6_k",
        "row_tile": 1,
        "rows": 8,
        "selected_dtype": "int64",
        "sequence_validation": {
          "burst_expected_repetitions": [
            9
          ],
          "input_repetition_pattern": "distinct_deterministic_salt",
          "output_partitioning": "shared",
          "single_expected_repetitions": [
            0
          ],
          "xq_partitioning": "shared"
        },
        "submission": {
          "completion_in_host_wall": true,
          "queue_or_stream_count": 1,
          "recording_in_timed_region": false,
          "strategy": "direct",
          "submit_in_host_wall": true
        },
        "timing": {
          "burst": {
            "dispatches_per_iteration": 2,
            "gpu_elapsed": {
              "clock": "hip_event",
              "per_iteration_us": {
                "max": 13.1,
                "median": 12.616,
                "min": 12.564,
                "n": 21,
                "p05": 12.568000000000001,
                "p95": 12.836000000000002,
                "samples": 21,
                "stdev": 0.11622856518549723
              },
              "sequence_us": {
                "max": 131.0,
                "median": 126.16,
                "min": 125.64,
                "n": 21,
                "p05": 125.68,
                "p95": 128.36,
                "samples": 21,
                "stdev": 1.1622856518549722
              },
              "status": "ok"
            },
            "host_wall": {
              "clock": "steady_clock",
              "per_iteration_us": {
                "max": 15.481200000000001,
                "median": 14.4532,
                "min": 14.3863,
                "n": 21,
                "p05": 14.387200000000002,
                "p95": 14.9572,
                "samples": 21,
                "stdev": 0.2506672324136041
              },
              "sequence_us": {
                "max": 154.812,
                "median": 144.532,
                "min": 143.863,
                "n": 21,
                "p05": 143.872,
                "p95": 149.572,
                "samples": 21,
                "stdev": 2.5066723241360416
              },
              "status": "ok"
            },
            "logical_iterations": 10
          },
          "single": {
            "dispatches_per_iteration": 2,
            "gpu_elapsed": {
              "clock": "hip_event",
              "per_iteration_us": {
                "max": 13.92,
                "median": 13.6,
                "min": 13.4,
                "n": 21,
                "p05": 13.48,
                "p95": 13.8,
                "samples": 21,
                "stdev": 0.12504874333081795
              },
              "sequence_us": {
                "max": 13.92,
                "median": 13.6,
                "min": 13.4,
                "n": 21,
                "p05": 13.48,
                "p95": 13.8,
                "samples": 21,
                "stdev": 0.12504874333081795
              },
              "status": "ok"
            },
            "host_wall": {
              "clock": "steady_clock",
              "per_iteration_us": {
                "max": 32.26,
                "median": 31.83,
                "min": 31.311,
                "n": 21,
                "p05": 31.47,
                "p95": 32.21,
                "samples": 21,
                "stdev": 0.2747909120612868
              },
              "sequence_us": {
                "max": 32.26,
                "median": 31.83,
                "min": 31.311,
                "n": 21,
                "p05": 31.47,
                "p95": 32.21,
                "samples": 21,
                "stdev": 0.2747909120612868
              },
              "status": "ok"
            },
            "logical_iterations": 1
          }
        },
        "timing_mode": "serial_latency",
        "variant": "q6_x8_selected_down",
        "weight_layout": "q6_k_x8",
        "workgroup_match": "exact"
      }
    ]
  },
  "notes": "Production HIP Q6_K X8 selected-down q8_1+dp4a slice under timing contract v2.",
  "parameters": {
    "activation_quant": "q8_1",
    "experts": 256,
    "in_features": 512,
    "independent_lanes": 1,
    "input_scale": 0.1,
    "kv_type": "not_applicable",
    "local_size": 64,
    "model_fingerprint": "synthetic_q6_x8_selected_down_v1",
    "out_features": 2048,
    "output_dtype": "bf16",
    "quant": "q6_k",
    "repetitions": 10,
    "row_tile": 1,
    "rows": 8,
    "samples": 21,
    "selected_dtype": "int64",
    "timing_mode": "serial_latency",
    "warmup_iterations": 3,
    "weight_layout": "q6_k_x8"
  },
  "schema_version": 2,
  "source": {
    "branch": "",
    "commit": "f2c3ad6d74c86e3641ce09ff9fd759eaa6cd75e0",
    "dirty": false,
    "repo": "/tmp/hipEngine-f2c",
    "source_hash": "sha256:0cc1b4209d354e73e4fe33ed66ea475dee9a2e769bfda76982b2d2ad1d091900"
  },
  "timing": {
    "q8_1_quantize": {
      "max_us": 0.844,
      "median_ms": 0.00084,
      "median_us": 0.8400000000000001,
      "min_us": 0.836,
      "p05_us": 0.836,
      "p95_us": 0.844
    },
    "x8_selected_dp4a_dot_prequantized": {
      "max_us": 10.096,
      "median_ms": 0.010052,
      "median_us": 10.052,
      "min_us": 10.004000000000001,
      "p05_us": 10.016,
      "p95_us": 10.092
    },
    "x8_selected_dp4a_quantize_plus_dot": {
      "max_us": 13.1,
      "median_ms": 0.012616,
      "median_us": 12.616,
      "min_us": 12.564,
      "p05_us": 12.568000000000001,
      "p95_us": 12.836000000000002
    }
  }
}

