{
  "artifact_ref": "/home/kaden/ClaudeCode/autorocm/redline-pub/examples/hipengine-6409/results/gfx1201/2026-07-12/serial_latency/hip-q4-selected-dual.json",
  "backend": "hip",
  "bench": "q4_selected_dual_real_slice",
  "classification": "real_slice_probe",
  "command": [
    "python3",
    "/tmp/hipEngine-f2c/benchmarks/micro/runners/q4_selected_dual_real_slice.py",
    "--backend",
    "hip",
    "--timing-mode",
    "serial_latency",
    "--independent-streams",
    "4",
    "--reps",
    "10",
    "--warmup",
    "3",
    "--samples",
    "5",
    "--environment-json",
    "/home/kaden/ClaudeCode/autorocm/redline-pub/examples/hipengine-6409/results/gfx1201/2026-07-12/environment.json",
    "--environment-ref",
    "/home/kaden/ClaudeCode/autorocm/redline-pub/examples/hipengine-6409/results/gfx1201/2026-07-12/environment.json",
    "--gfx-arch",
    "gfx1201",
    "--hardware-gpu",
    "AMD Radeon Graphics",
    "--build-dir",
    "/home/kaden/ClaudeCode/autorocm/redline-pub/examples/hipengine-6409/results/gfx1201/2026-07-12/build/hip/q4-selected-dual",
    "--x-rows",
    "4",
    "--rows",
    "32",
    "--experts",
    "256",
    "--in-features",
    "2048",
    "--out-features",
    "512",
    "--workgroups",
    "64,128",
    "--out",
    "/home/kaden/ClaudeCode/autorocm/redline-pub/examples/hipengine-6409/results/gfx1201/2026-07-12/serial_latency/hip-q4-selected-dual.json",
    "--pretty"
  ],
  "correctness": {
    "quality_vs_raw": [
      {
        "exact_bf16_mismatches": 22320,
        "kl_divergence": 0.012451213693840456,
        "local_size": 64,
        "max_abs": 2.0,
        "mean_abs": 0.23107129335403442,
        "outputs_checked": 1,
        "pass": true,
        "top1": 1.0
      },
      {
        "exact_bf16_mismatches": 22320,
        "kl_divergence": 0.012451213693840456,
        "local_size": 128,
        "max_abs": 2.0,
        "mean_abs": 0.23107124865055084,
        "outputs_checked": 1,
        "pass": true,
        "top1": 1.0
      }
    ],
    "quality_vs_raw_pass": true,
    "status": "pass",
    "timed_sequence_pass": true
  },
  "environment_ref": "/home/kaden/ClaudeCode/autorocm/redline-pub/examples/hipengine-6409/results/gfx1201/2026-07-12/environment.json",
  "environment_source": {
    "branch": "",
    "commit": "f2c3ad6d74c86e3641ce09ff9fd759eaa6cd75e0",
    "commit_short": "f2c3ad6",
    "dirty": false,
    "root": "/tmp/hipEngine-f2c",
    "status_short": []
  },
  "hardware": {
    "gfx_arch": "gfx1201",
    "gpu_name": "AMD Radeon Graphics"
  },
  "kind": "hipengine_micro_result",
  "measurements": {
    "rows": [
      {
        "backend": "hip",
        "buffer_abi": "hip_raw_device_pointer_q8_1_q4_k",
        "correctness": {
          "single_dispatch": {
            "oracle": "downstream Q4_K selected-dual BF16 equivalence after q8_1 quantize",
            "status": "pass"
          },
          "synchronization": {
            "barrier_count": 0,
            "method": "hip_stream_order",
            "status": "pass"
          },
          "timed_sequence": {
            "coverage": "chained_final_state",
            "logical_iterations": 10,
            "oracle": "downstream Q4_K selected-dual BF16 equivalence after q8_1 quantize",
            "status": "pass"
          }
        },
        "correctness_pass": true,
        "dependency_contract": {
          "inter_dispatch_ordering": "hip_stream_order",
          "output_partitioning": "chained_shared",
          "validation_status": "pass",
          "work_dependency": "chained"
        },
        "experts": 256,
        "in_features": 2048,
        "input_scale": 0.1,
        "local_size": 32,
        "median_us": 4.0320999920368195,
        "numeric_correctness": {
          "burst": {
            "exact_bf16_mismatches": 0,
            "kl_divergence": 0.0,
            "max_abs": 0.0,
            "mean_abs": 0.0,
            "outputs_checked": 1,
            "pass": true,
            "top1": 1.0
          },
          "single": {
            "exact_bf16_mismatches": 0,
            "kl_divergence": 0.0,
            "max_abs": 0.0,
            "mean_abs": 0.0,
            "outputs_checked": 1,
            "pass": true,
            "top1": 1.0
          }
        },
        "operation": "q8_1_quantize",
        "out_features": 512,
        "quant": "q4_k",
        "rows": 32,
        "sequence_validation": {
          "input_repetition_pattern": "distinct_deterministic_salt",
          "output_partitioning": "shared_dual",
          "xq_partitioning": "shared"
        },
        "submission": {
          "completion_in_host_wall": true,
          "queue_or_stream_count": 1,
          "recording_in_timed_region": false,
          "strategy": "direct",
          "submit_in_host_wall": true
        },
        "timing": {
          "burst": {
            "dispatches_per_iteration": 1,
            "gpu_elapsed": {
              "clock": "hip_event",
              "per_iteration_us": {
                "max": 4.06000018119812,
                "median": 4.0320999920368195,
                "min": 4.024000093340874,
                "n": 5,
                "p05": 4.024800062179565,
                "p95": 4.059220179915428,
                "samples": 5,
                "stdev": 0.014977472976526782
              },
              "sequence_us": {
                "max": 40.6000018119812,
                "median": 40.320999920368195,
                "min": 40.24000093340874,
                "n": 5,
                "p05": 40.248000621795654,
                "p95": 40.59220179915428,
                "samples": 5,
                "stdev": 0.14977472976526782
              },
              "status": "ok"
            },
            "host_wall": {
              "clock": "steady_clock",
              "per_iteration_us": {
                "max": 6.4121,
                "median": 6.3281,
                "min": 6.2771,
                "n": 5,
                "p05": 6.2829,
                "p95": 6.402699999999999,
                "samples": 5,
                "stdev": 0.04700893532085145
              },
              "sequence_us": {
                "max": 64.121,
                "median": 63.281,
                "min": 62.771,
                "n": 5,
                "p05": 62.82900000000001,
                "p95": 64.027,
                "samples": 5,
                "stdev": 0.47008935320851375
              },
              "status": "ok"
            },
            "logical_iterations": 10
          },
          "single": {
            "dispatches_per_iteration": 1,
            "gpu_elapsed": {
              "clock": "hip_event",
              "per_iteration_us": {
                "max": 9.239999577403069,
                "median": 9.080000221729279,
                "min": 8.63999966531992,
                "n": 5,
                "p05": 8.695999719202518,
                "p95": 9.22399964183569,
                "samples": 5,
                "stdev": 0.21226401632116487
              },
              "sequence_us": {
                "max": 9.239999577403069,
                "median": 9.080000221729279,
                "min": 8.63999966531992,
                "n": 5,
                "p05": 8.695999719202518,
                "p95": 9.22399964183569,
                "samples": 5,
                "stdev": 0.21226401632116487
              },
              "status": "ok"
            },
            "host_wall": {
              "clock": "steady_clock",
              "per_iteration_us": {
                "max": 36.601,
                "median": 32.9,
                "min": 31.801,
                "n": 5,
                "p05": 31.977,
                "p95": 35.937,
                "samples": 5,
                "stdev": 1.6474455863548274
              },
              "sequence_us": {
                "max": 36.601,
                "median": 32.9,
                "min": 31.801,
                "n": 5,
                "p05": 31.977,
                "p95": 35.937,
                "samples": 5,
                "stdev": 1.6474455863548274
              },
              "status": "ok"
            },
            "logical_iterations": 1
          }
        },
        "timing_mode": "serial_latency",
        "workgroup_match": "exact",
        "x_rows": 4
      },
      {
        "backend": "hip",
        "buffer_abi": "hip_raw_device_pointer_q8_1_q4_k",
        "correctness": {
          "single_dispatch": {
            "oracle": "exact BF16 output versus isolated HIP q8_1+Q4_K dp4a launches",
            "status": "pass"
          },
          "synchronization": {
            "barrier_count": 0,
            "method": "hip_stream_order",
            "status": "pass"
          },
          "timed_sequence": {
            "coverage": "chained_final_state",
            "logical_iterations": 10,
            "oracle": "exact BF16 output versus isolated HIP q8_1+Q4_K dp4a launches",
            "status": "pass"
          }
        },
        "correctness_pass": true,
        "dependency_contract": {
          "inter_dispatch_ordering": "hip_stream_order",
          "output_partitioning": "chained_shared",
          "validation_status": "pass",
          "work_dependency": "chained"
        },
        "experts": 256,
        "in_features": 2048,
        "input_scale": 0.1,
        "local_size": 64,
        "median_us": 96.18470072746277,
        "numeric_correctness": {
          "burst": {
            "exact_bf16_mismatches": 0,
            "kl_divergence": 0.0,
            "max_abs": 0.0,
            "mean_abs": 0.0,
            "outputs_checked": 1,
            "pass": true,
            "top1": 1.0
          },
          "single": {
            "exact_bf16_mismatches": 0,
            "kl_divergence": 0.0,
            "max_abs": 0.0,
            "mean_abs": 0.0,
            "outputs_checked": 1,
            "pass": true,
            "top1": 1.0
          }
        },
        "operation": "selected_dual_dp4a_dot_prequantized",
        "out_features": 512,
        "quant": "q4_k",
        "rows": 32,
        "sequence_validation": {
          "input_repetition_pattern": "distinct_deterministic_salt",
          "output_partitioning": "shared_dual",
          "xq_partitioning": "shared"
        },
        "submission": {
          "completion_in_host_wall": true,
          "queue_or_stream_count": 1,
          "recording_in_timed_region": false,
          "strategy": "direct",
          "submit_in_host_wall": true
        },
        "timing": {
          "burst": {
            "dispatches_per_iteration": 1,
            "gpu_elapsed": {
              "clock": "hip_event",
              "per_iteration_us": {
                "max": 96.97669744491577,
                "median": 96.18470072746277,
                "min": 94.7966992855072,
                "n": 5,
                "p05": 94.93669986724854,
                "p95": 96.94869756698608,
                "samples": 5,
                "stdev": 0.8212628082954186
              },
              "sequence_us": {
                "max": 969.7669744491577,
                "median": 961.8470072746277,
                "min": 947.966992855072,
                "n": 5,
                "p05": 949.3669986724854,
                "p95": 969.4869756698608,
                "samples": 5,
                "stdev": 8.212628082954186
              },
              "status": "ok"
            },
            "host_wall": {
              "clock": "steady_clock",
              "per_iteration_us": {
                "max": 99.3355,
                "median": 98.4245,
                "min": 97.1655,
                "n": 5,
                "p05": 97.3017,
                "p95": 99.28891999999999,
                "samples": 5,
                "stdev": 0.7995767290260507
              },
              "sequence_us": {
                "max": 993.355,
                "median": 984.245,
                "min": 971.655,
                "n": 5,
                "p05": 973.017,
                "p95": 992.8892000000001,
                "samples": 5,
                "stdev": 7.995767290260517
              },
              "status": "ok"
            },
            "logical_iterations": 10
          },
          "single": {
            "dispatches_per_iteration": 1,
            "gpu_elapsed": {
              "clock": "hip_event",
              "per_iteration_us": {
                "max": 102.00099647045135,
                "median": 101.6009971499443,
                "min": 101.43999755382538,
                "n": 5,
                "p05": 101.4641985297203,
                "p95": 101.96079760789871,
                "samples": 5,
                "stdev": 0.19770710778191086
              },
              "sequence_us": {
                "max": 102.00099647045135,
                "median": 101.6009971499443,
                "min": 101.43999755382538,
                "n": 5,
                "p05": 101.4641985297203,
                "p95": 101.96079760789871,
                "samples": 5,
                "stdev": 0.19770710778191086
              },
              "status": "ok"
            },
            "host_wall": {
              "clock": "steady_clock",
              "per_iteration_us": {
                "max": 126.402,
                "median": 125.122,
                "min": 124.822,
                "n": 5,
                "p05": 124.852,
                "p95": 126.17999999999999,
                "samples": 5,
                "stdev": 0.5621031933728902
              },
              "sequence_us": {
                "max": 126.402,
                "median": 125.122,
                "min": 124.822,
                "n": 5,
                "p05": 124.852,
                "p95": 126.17999999999999,
                "samples": 5,
                "stdev": 0.5621031933728902
              },
              "status": "ok"
            },
            "logical_iterations": 1
          }
        },
        "timing_mode": "serial_latency",
        "workgroup_match": "exact",
        "x_rows": 4
      },
      {
        "backend": "hip",
        "buffer_abi": "hip_raw_device_pointer_q8_1_q4_k",
        "correctness": {
          "single_dispatch": {
            "oracle": "exact BF16 output versus isolated HIP q8_1+Q4_K dp4a launches",
            "status": "pass"
          },
          "synchronization": {
            "barrier_count": 0,
            "method": "hip_stream_order",
            "status": "pass"
          },
          "timed_sequence": {
            "coverage": "chained_final_state",
            "logical_iterations": 10,
            "oracle": "exact BF16 output versus isolated HIP q8_1+Q4_K dp4a launches",
            "status": "pass"
          }
        },
        "correctness_pass": true,
        "dependency_contract": {
          "inter_dispatch_ordering": "hip_stream_order",
          "output_partitioning": "chained_shared",
          "validation_status": "pass",
          "work_dependency": "chained"
        },
        "experts": 256,
        "in_features": 2048,
        "input_scale": 0.1,
        "local_size": 64,
        "median_us": 96.93670272827148,
        "numeric_correctness": {
          "burst": {
            "exact_bf16_mismatches": 0,
            "kl_divergence": 0.0,
            "max_abs": 0.0,
            "mean_abs": 0.0,
            "outputs_checked": 1,
            "pass": true,
            "top1": 1.0
          },
          "single": {
            "exact_bf16_mismatches": 0,
            "kl_divergence": 0.0,
            "max_abs": 0.0,
            "mean_abs": 0.0,
            "outputs_checked": 1,
            "pass": true,
            "top1": 1.0
          }
        },
        "operation": "selected_dual_dp4a_quantize_plus_dot",
        "out_features": 512,
        "quant": "q4_k",
        "rows": 32,
        "sequence_validation": {
          "input_repetition_pattern": "distinct_deterministic_salt",
          "output_partitioning": "shared_dual",
          "xq_partitioning": "shared"
        },
        "submission": {
          "completion_in_host_wall": true,
          "queue_or_stream_count": 1,
          "recording_in_timed_region": false,
          "strategy": "direct",
          "submit_in_host_wall": true
        },
        "timing": {
          "burst": {
            "dispatches_per_iteration": 2,
            "gpu_elapsed": {
              "clock": "hip_event",
              "per_iteration_us": {
                "max": 98.39670062065125,
                "median": 96.93670272827148,
                "min": 95.70059776306152,
                "n": 5,
                "p05": 95.81421852111816,
                "p95": 98.28630089759827,
                "samples": 5,
                "stdev": 0.988655512328836
              },
              "sequence_us": {
                "max": 983.9670062065125,
                "median": 969.3670272827148,
                "min": 957.0059776306152,
                "n": 5,
                "p05": 958.1421852111816,
                "p95": 982.8630089759827,
                "samples": 5,
                "stdev": 9.88655512328836
              },
              "status": "ok"
            },
            "host_wall": {
              "clock": "steady_clock",
              "per_iteration_us": {
                "max": 100.6935,
                "median": 99.2646,
                "min": 97.98049999999999,
                "n": 5,
                "p05": 98.0913,
                "p95": 100.59072,
                "samples": 5,
                "stdev": 1.0039122085122805
              },
              "sequence_us": {
                "max": 1006.935,
                "median": 992.646,
                "min": 979.805,
                "n": 5,
                "p05": 980.913,
                "p95": 1005.9072,
                "samples": 5,
                "stdev": 10.039122085122786
              },
              "status": "ok"
            },
            "logical_iterations": 10
          },
          "single": {
            "dispatches_per_iteration": 2,
            "gpu_elapsed": {
              "clock": "hip_event",
              "per_iteration_us": {
                "max": 103.76100242137909,
                "median": 103.32100093364716,
                "min": 103.04100066423416,
                "n": 5,
                "p05": 103.0809998512268,
                "p95": 103.70500236749649,
                "samples": 5,
                "stdev": 0.24186059028340298
              },
              "sequence_us": {
                "max": 103.76100242137909,
                "median": 103.32100093364716,
                "min": 103.04100066423416,
                "n": 5,
                "p05": 103.0809998512268,
                "p95": 103.70500236749649,
                "samples": 5,
                "stdev": 0.24186059028340298
              },
              "status": "ok"
            },
            "host_wall": {
              "clock": "steady_clock",
              "per_iteration_us": {
                "max": 128.002,
                "median": 126.722,
                "min": 125.981,
                "n": 5,
                "p05": 126.08720000000001,
                "p95": 127.76400000000001,
                "samples": 5,
                "stdev": 0.6640133733593071
              },
              "sequence_us": {
                "max": 128.002,
                "median": 126.722,
                "min": 125.981,
                "n": 5,
                "p05": 126.08720000000001,
                "p95": 127.76400000000001,
                "samples": 5,
                "stdev": 0.6640133733593071
              },
              "status": "ok"
            },
            "logical_iterations": 1
          }
        },
        "timing_mode": "serial_latency",
        "workgroup_match": "exact",
        "x_rows": 4
      },
      {
        "backend": "hip",
        "buffer_abi": "hip_raw_device_pointer_q8_1_q4_k",
        "correctness": {
          "single_dispatch": {
            "oracle": "exact BF16 output versus isolated HIP q8_1+Q4_K dp4a launches",
            "status": "pass"
          },
          "synchronization": {
            "barrier_count": 0,
            "method": "hip_stream_order",
            "status": "pass"
          },
          "timed_sequence": {
            "coverage": "chained_final_state",
            "logical_iterations": 10,
            "oracle": "exact BF16 output versus isolated HIP q8_1+Q4_K dp4a launches",
            "status": "pass"
          }
        },
        "correctness_pass": true,
        "dependency_contract": {
          "inter_dispatch_ordering": "hip_stream_order",
          "output_partitioning": "chained_shared",
          "validation_status": "pass",
          "work_dependency": "chained"
        },
        "experts": 256,
        "in_features": 2048,
        "input_scale": 0.1,
        "local_size": 128,
        "median_us": 110.4166030883789,
        "numeric_correctness": {
          "burst": {
            "exact_bf16_mismatches": 0,
            "kl_divergence": 0.0,
            "max_abs": 0.0,
            "mean_abs": 0.0,
            "outputs_checked": 1,
            "pass": true,
            "top1": 1.0
          },
          "single": {
            "exact_bf16_mismatches": 0,
            "kl_divergence": 0.0,
            "max_abs": 0.0,
            "mean_abs": 0.0,
            "outputs_checked": 1,
            "pass": true,
            "top1": 1.0
          }
        },
        "operation": "selected_dual_dp4a_dot_prequantized",
        "out_features": 512,
        "quant": "q4_k",
        "rows": 32,
        "sequence_validation": {
          "input_repetition_pattern": "distinct_deterministic_salt",
          "output_partitioning": "shared_dual",
          "xq_partitioning": "shared"
        },
        "submission": {
          "completion_in_host_wall": true,
          "queue_or_stream_count": 1,
          "recording_in_timed_region": false,
          "strategy": "direct",
          "submit_in_host_wall": true
        },
        "timing": {
          "burst": {
            "dispatches_per_iteration": 1,
            "gpu_elapsed": {
              "clock": "hip_event",
              "per_iteration_us": {
                "max": 111.13660335540771,
                "median": 110.4166030883789,
                "min": 108.41660499572754,
                "n": 5,
                "p05": 108.61342430114746,
                "p95": 111.12780332565308,
                "samples": 5,
                "stdev": 1.0471494807354176
              },
              "sequence_us": {
                "max": 1111.3660335540771,
                "median": 1104.166030883789,
                "min": 1084.1660499572754,
                "n": 5,
                "p05": 1086.1342430114746,
                "p95": 1111.2780332565308,
                "samples": 5,
                "stdev": 10.471494807354176
              },
              "status": "ok"
            },
            "host_wall": {
              "clock": "steady_clock",
              "per_iteration_us": {
                "max": 113.6978,
                "median": 113.28479999999999,
                "min": 111.1077,
                "n": 5,
                "p05": 111.2591,
                "p95": 113.6352,
                "samples": 5,
                "stdev": 1.0034499979570488
              },
              "sequence_us": {
                "max": 1136.978,
                "median": 1132.848,
                "min": 1111.077,
                "n": 5,
                "p05": 1112.5910000000001,
                "p95": 1136.352,
                "samples": 5,
                "stdev": 10.034499979570494
              },
              "status": "ok"
            },
            "logical_iterations": 10
          },
          "single": {
            "dispatches_per_iteration": 1,
            "gpu_elapsed": {
              "clock": "hip_event",
              "per_iteration_us": {
                "max": 115.75999855995178,
                "median": 115.52000045776367,
                "min": 115.28100073337555,
                "n": 5,
                "p05": 115.31300097703934,
                "p95": 115.72819948196411,
                "samples": 5,
                "stdev": 0.1596999421179361
              },
              "sequence_us": {
                "max": 115.75999855995178,
                "median": 115.52000045776367,
                "min": 115.28100073337555,
                "n": 5,
                "p05": 115.31300097703934,
                "p95": 115.72819948196411,
                "samples": 5,
                "stdev": 0.1596999421179361
              },
              "status": "ok"
            },
            "host_wall": {
              "clock": "steady_clock",
              "per_iteration_us": {
                "max": 140.872,
                "median": 138.612,
                "min": 138.332,
                "n": 5,
                "p05": 138.34199999999998,
                "p95": 140.50400000000002,
                "samples": 5,
                "stdev": 0.9458879426232325
              },
              "sequence_us": {
                "max": 140.872,
                "median": 138.612,
                "min": 138.332,
                "n": 5,
                "p05": 138.34199999999998,
                "p95": 140.50400000000002,
                "samples": 5,
                "stdev": 0.9458879426232325
              },
              "status": "ok"
            },
            "logical_iterations": 1
          }
        },
        "timing_mode": "serial_latency",
        "workgroup_match": "exact",
        "x_rows": 4
      },
      {
        "backend": "hip",
        "buffer_abi": "hip_raw_device_pointer_q8_1_q4_k",
        "correctness": {
          "single_dispatch": {
            "oracle": "exact BF16 output versus isolated HIP q8_1+Q4_K dp4a launches",
            "status": "pass"
          },
          "synchronization": {
            "barrier_count": 0,
            "method": "hip_stream_order",
            "status": "pass"
          },
          "timed_sequence": {
            "coverage": "chained_final_state",
            "logical_iterations": 10,
            "oracle": "exact BF16 output versus isolated HIP q8_1+Q4_K dp4a launches",
            "status": "pass"
          }
        },
        "correctness_pass": true,
        "dependency_contract": {
          "inter_dispatch_ordering": "hip_stream_order",
          "output_partitioning": "chained_shared",
          "validation_status": "pass",
          "work_dependency": "chained"
        },
        "experts": 256,
        "in_features": 2048,
        "input_scale": 0.1,
        "local_size": 128,
        "median_us": 109.18459892272949,
        "numeric_correctness": {
          "burst": {
            "exact_bf16_mismatches": 0,
            "kl_divergence": 0.0,
            "max_abs": 0.0,
            "mean_abs": 0.0,
            "outputs_checked": 1,
            "pass": true,
            "top1": 1.0
          },
          "single": {
            "exact_bf16_mismatches": 0,
            "kl_divergence": 0.0,
            "max_abs": 0.0,
            "mean_abs": 0.0,
            "outputs_checked": 1,
            "pass": true,
            "top1": 1.0
          }
        },
        "operation": "selected_dual_dp4a_quantize_plus_dot",
        "out_features": 512,
        "quant": "q4_k",
        "rows": 32,
        "sequence_validation": {
          "input_repetition_pattern": "distinct_deterministic_salt",
          "output_partitioning": "shared_dual",
          "xq_partitioning": "shared"
        },
        "submission": {
          "completion_in_host_wall": true,
          "queue_or_stream_count": 1,
          "recording_in_timed_region": false,
          "strategy": "direct",
          "submit_in_host_wall": true
        },
        "timing": {
          "burst": {
            "dispatches_per_iteration": 2,
            "gpu_elapsed": {
              "clock": "hip_event",
              "per_iteration_us": {
                "max": 110.24060249328613,
                "median": 109.18459892272949,
                "min": 107.90070295333862,
                "n": 5,
                "p05": 108.03988218307495,
                "p95": 110.17820119857788,
                "samples": 5,
                "stdev": 0.8557773178858186
              },
              "sequence_us": {
                "max": 1102.4060249328613,
                "median": 1091.845989227295,
                "min": 1079.0070295333862,
                "n": 5,
                "p05": 1080.3988218307495,
                "p95": 1101.7820119857788,
                "samples": 5,
                "stdev": 8.557773178858186
              },
              "status": "ok"
            },
            "host_wall": {
              "clock": "steady_clock",
              "per_iteration_us": {
                "max": 112.51469999999999,
                "median": 111.57770000000001,
                "min": 110.5087,
                "n": 5,
                "p05": 110.61130000000001,
                "p95": 112.49989999999998,
                "samples": 5,
                "stdev": 0.7833913453695985
              },
              "sequence_us": {
                "max": 1125.147,
                "median": 1115.777,
                "min": 1105.087,
                "n": 5,
                "p05": 1106.113,
                "p95": 1124.9989999999998,
                "samples": 5,
                "stdev": 7.833913453696009
              },
              "status": "ok"
            },
            "logical_iterations": 10
          },
          "single": {
            "dispatches_per_iteration": 2,
            "gpu_elapsed": {
              "clock": "hip_event",
              "per_iteration_us": {
                "max": 115.1610016822815,
                "median": 114.6010011434555,
                "min": 114.35999721288681,
                "n": 5,
                "p05": 114.37599807977676,
                "p95": 115.06500095129013,
                "samples": 5,
                "stdev": 0.2802411998642684
              },
              "sequence_us": {
                "max": 115.1610016822815,
                "median": 114.6010011434555,
                "min": 114.35999721288681,
                "n": 5,
                "p05": 114.37599807977676,
                "p95": 115.06500095129013,
                "samples": 5,
                "stdev": 0.2802411998642684
              },
              "status": "ok"
            },
            "host_wall": {
              "clock": "steady_clock",
              "per_iteration_us": {
                "max": 138.272,
                "median": 137.942,
                "min": 137.292,
                "n": 5,
                "p05": 137.346,
                "p95": 138.224,
                "samples": 5,
                "stdev": 0.34913607662342505
              },
              "sequence_us": {
                "max": 138.272,
                "median": 137.942,
                "min": 137.292,
                "n": 5,
                "p05": 137.346,
                "p95": 138.224,
                "samples": 5,
                "stdev": 0.34913607662342505
              },
              "status": "ok"
            },
            "logical_iterations": 1
          }
        },
        "timing_mode": "serial_latency",
        "workgroup_match": "exact",
        "x_rows": 4
      }
    ]
  },
  "parameters": {
    "actual_independent_lanes": 1,
    "buffer_abi": "hip_raw_device_pointer_q8_1_q4_k",
    "experts": 256,
    "in_features": 2048,
    "input_scale": 0.1,
    "out_features": 512,
    "repetitions": 10,
    "requested_independent_lanes": 4,
    "rows": 32,
    "samples": 5,
    "timing_mode": "serial_latency",
    "warmup_logical_iterations": 3,
    "work_slices": 10,
    "workgroups": [
      64,
      128
    ],
    "x_rows": 4
  },
  "schema_version": 2,
  "source": {
    "branch": "",
    "commit": "f2c3ad6d74c86e3641ce09ff9fd759eaa6cd75e0",
    "dirty": false,
    "repo": "/tmp/hipEngine-f2c",
    "source_hash": "b041ccddb1ce9df62daea8110ed35633d1cb29de32ffdd1833db19278f63c739"
  }
}

