WARNING: radv is not a conformant Vulkan implementation, testing use only.
WARNING: radv is not a conformant Vulkan implementation, testing use only.
[vulkan-q4-selected-dual] mode=serial_latency quantize=0.002144 ms dot=0.206468 ms combined=0.228552 ms correctness=pass
[vulkan-q4-selected-dual] mode=serial_latency quantize=0.00204 ms dot=0.211604 ms combined=0.233148 ms correctness=pass
{
  "artifact_ref": "/home/kaden/ClaudeCode/autorocm/redline-pub/examples/hipengine-6409/results/gfx1201/2026-07-12/serial_latency/vulkan-q4-selected-dual.json",
  "backend": "vulkan",
  "bench": "q4_selected_dual_real_slice",
  "classification": "real_slice_probe",
  "command": [
    "python3",
    "/tmp/hipEngine-f2c/benchmarks/micro/runners/q4_selected_dual_real_slice.py",
    "--backend",
    "vulkan",
    "--timing-mode",
    "serial_latency",
    "--independent-streams",
    "4",
    "--reps",
    "10",
    "--warmup",
    "3",
    "--samples",
    "5",
    "--environment-json",
    "/home/kaden/ClaudeCode/autorocm/redline-pub/examples/hipengine-6409/results/gfx1201/2026-07-12/environment.json",
    "--environment-ref",
    "/home/kaden/ClaudeCode/autorocm/redline-pub/examples/hipengine-6409/results/gfx1201/2026-07-12/environment.json",
    "--gfx-arch",
    "gfx1201",
    "--hardware-gpu",
    "AMD Radeon Graphics",
    "--build-dir",
    "/home/kaden/ClaudeCode/autorocm/redline-pub/examples/hipengine-6409/results/gfx1201/2026-07-12/build/vulkan/q4-selected-dual",
    "--x-rows",
    "4",
    "--rows",
    "32",
    "--experts",
    "256",
    "--in-features",
    "2048",
    "--out-features",
    "512",
    "--workgroups",
    "64,128",
    "--out",
    "/home/kaden/ClaudeCode/autorocm/redline-pub/examples/hipengine-6409/results/gfx1201/2026-07-12/serial_latency/vulkan-q4-selected-dual.json",
    "--pretty"
  ],
  "correctness": {
    "oracle": "operation-specific downstream Q4_K selected-dual BF16 equivalence",
    "rows": 5,
    "status": "pass"
  },
  "environment_ref": "/home/kaden/ClaudeCode/autorocm/redline-pub/examples/hipengine-6409/results/gfx1201/2026-07-12/environment.json",
  "environment_source": {
    "branch": "",
    "commit": "f2c3ad6d74c86e3641ce09ff9fd759eaa6cd75e0",
    "commit_short": "f2c3ad6",
    "dirty": false,
    "root": "/tmp/hipEngine-f2c",
    "status_short": []
  },
  "hardware": {
    "device": {
      "api_version": "1.4.318",
      "device_id": 30032,
      "device_name": "AMD Radeon Graphics (RADV GFX1201)",
      "device_type": 2,
      "driver_version_raw": 104865800,
      "queue_family": 1,
      "queue_family_flags": 14,
      "queue_family_usable_count": 1,
      "shader_integer_dot_product": true,
      "storage_buffer_16bit": true,
      "timestamp_valid_bits": 64,
      "vendor_id": 4098
    },
    "gfx_arch": "gfx1201",
    "gpu_name": "AMD Radeon Graphics"
  },
  "kind": "hipengine_micro_result",
  "measurements": {
    "rows": [
      {
        "backend": "vulkan",
        "buffer_abi": "vulkan_storage_buffer_q8_1_q4_k",
        "correctness": {
          "single_dispatch": {
            "oracle": "downstream Q4_K selected-dual BF16 equivalence after q8_1 quantize",
            "status": "pass"
          },
          "synchronization": {
            "barrier_count": 9,
            "method": "vulkan_compute_barriers",
            "status": "pass"
          },
          "timed_sequence": {
            "coverage": "chained_final_state",
            "logical_iterations": 10,
            "oracle": "downstream Q4_K selected-dual BF16 equivalence after q8_1 quantize",
            "status": "pass"
          }
        },
        "correctness_pass": true,
        "dependency_contract": {
          "inter_dispatch_ordering": "vulkan_compute_barrier",
          "output_partitioning": "chained_shared",
          "validation_status": "pass",
          "work_dependency": "chained"
        },
        "experts": 256,
        "hardware": {
          "api_version": "1.4.318",
          "device_id": 30032,
          "device_name": "AMD Radeon Graphics (RADV GFX1201)",
          "device_type": 2,
          "driver_version_raw": 104865800,
          "queue_family": 1,
          "queue_family_flags": 14,
          "queue_family_usable_count": 1,
          "shader_integer_dot_product": true,
          "storage_buffer_16bit": true,
          "timestamp_valid_bits": 64,
          "vendor_id": 4098
        },
        "in_features": 2048,
        "input_scale": 0.1,
        "local_size": 32,
        "median_us": 2.144,
        "numeric_correctness": {
          "burst": {
            "exact_bf16_mismatches": 7760,
            "kl_divergence": 0.0002227838496,
            "max_abs": 2,
            "mean_abs": 0.04229861498,
            "outputs_checked": 1,
            "pass": true,
            "top1": 1
          },
          "single": {
            "exact_bf16_mismatches": 7968,
            "kl_divergence": 3.833526714e-09,
            "max_abs": 1,
            "mean_abs": 0.03408358991,
            "outputs_checked": 1,
            "pass": true,
            "top1": 1
          }
        },
        "operation": "q8_1_quantize",
        "out_features": 512,
        "quant": "q4_k",
        "rows": 32,
        "sequence_validation": {
          "input_repetition_pattern": "distinct_deterministic_salt",
          "output_partitioning": "shared_dual",
          "xq_partitioning": "shared"
        },
        "submission": {
          "completion_in_host_wall": true,
          "queue_or_stream_count": 1,
          "recording_in_timed_region": false,
          "strategy": "vulkan_command_buffer",
          "submit_in_host_wall": true
        },
        "timing": {
          "burst": {
            "dispatches_per_iteration": 1,
            "gpu_elapsed": {
              "clock": "vulkan_timestamp",
              "per_iteration_us": {
                "max": 2.164,
                "median": 2.144,
                "min": 2.1,
                "n": 5,
                "p05": 2.1056000000000004,
                "p95": 2.1608,
                "samples": 5,
                "stdev": 0.021673947494630526
              },
              "sequence_us": {
                "max": 21.64,
                "median": 21.44,
                "min": 21.0,
                "n": 5,
                "p05": 21.056,
                "p95": 21.608,
                "samples": 5,
                "stdev": 0.21673947494630524
              },
              "status": "ok"
            },
            "host_wall": {
              "clock": "steady_clock",
              "per_iteration_us": {
                "max": 12.4202,
                "median": 7.6122,
                "min": 7.4961,
                "n": 5,
                "p05": 7.509100000000001,
                "p95": 11.462579999999999,
                "samples": 5,
                "stdev": 1.9385007367550828
              },
              "sequence_us": {
                "max": 124.202,
                "median": 76.122,
                "min": 74.961,
                "n": 5,
                "p05": 75.09100000000001,
                "p95": 114.6258,
                "samples": 5,
                "stdev": 19.38500736755083
              },
              "status": "ok"
            },
            "logical_iterations": 10
          },
          "single": {
            "dispatches_per_iteration": 1,
            "gpu_elapsed": {
              "clock": "vulkan_timestamp",
              "per_iteration_us": {
                "max": 8.32,
                "median": 7.76,
                "min": 7.6,
                "n": 5,
                "p05": 7.6240000000000006,
                "p95": 8.288,
                "samples": 5,
                "stdev": 0.2775896251663598
              },
              "sequence_us": {
                "max": 8.32,
                "median": 7.76,
                "min": 7.6,
                "n": 5,
                "p05": 7.6240000000000006,
                "p95": 8.288,
                "samples": 5,
                "stdev": 0.2775896251663598
              },
              "status": "ok"
            },
            "host_wall": {
              "clock": "steady_clock",
              "per_iteration_us": {
                "max": 65.031,
                "median": 62.201,
                "min": 62.021,
                "n": 5,
                "p05": 62.045,
                "p95": 64.873,
                "samples": 5,
                "stdev": 1.258500695271959
              },
              "sequence_us": {
                "max": 65.031,
                "median": 62.201,
                "min": 62.021,
                "n": 5,
                "p05": 62.045,
                "p95": 64.873,
                "samples": 5,
                "stdev": 1.258500695271959
              },
              "status": "ok"
            },
            "logical_iterations": 1
          }
        },
        "timing_mode": "serial_latency",
        "workgroup_match": "exact",
        "x_rows": 4
      },
      {
        "backend": "vulkan",
        "buffer_abi": "vulkan_storage_buffer_q8_1_q4_k",
        "correctness": {
          "single_dispatch": {
            "oracle": "full CPU q8_1 plus Q4_K selected-dual BF16 logits with KL <= 0.05 and top-1 >= 90%",
            "status": "pass"
          },
          "synchronization": {
            "barrier_count": 9,
            "method": "vulkan_compute_barriers",
            "status": "pass"
          },
          "timed_sequence": {
            "coverage": "chained_final_state",
            "logical_iterations": 10,
            "oracle": "full CPU q8_1 plus Q4_K selected-dual BF16 logits with KL <= 0.05 and top-1 >= 90%",
            "status": "pass"
          }
        },
        "correctness_pass": true,
        "dependency_contract": {
          "inter_dispatch_ordering": "vulkan_compute_barrier",
          "output_partitioning": "chained_shared",
          "validation_status": "pass",
          "work_dependency": "chained"
        },
        "experts": 256,
        "hardware": {
          "api_version": "1.4.318",
          "device_id": 30032,
          "device_name": "AMD Radeon Graphics (RADV GFX1201)",
          "device_type": 2,
          "driver_version_raw": 104865800,
          "queue_family": 1,
          "queue_family_flags": 14,
          "queue_family_usable_count": 1,
          "shader_integer_dot_product": true,
          "storage_buffer_16bit": true,
          "timestamp_valid_bits": 64,
          "vendor_id": 4098
        },
        "in_features": 2048,
        "input_scale": 0.1,
        "local_size": 64,
        "median_us": 206.468,
        "numeric_correctness": {
          "burst": {
            "exact_bf16_mismatches": 7760,
            "kl_divergence": 0.0002227838496,
            "max_abs": 2,
            "mean_abs": 0.04229861498,
            "outputs_checked": 1,
            "pass": true,
            "top1": 1
          },
          "single": {
            "exact_bf16_mismatches": 7968,
            "kl_divergence": 3.833526714e-09,
            "max_abs": 1,
            "mean_abs": 0.03408358991,
            "outputs_checked": 1,
            "pass": true,
            "top1": 1
          }
        },
        "operation": "selected_dual_dp4a_dot_prequantized",
        "out_features": 512,
        "quant": "q4_k",
        "rows": 32,
        "sequence_validation": {
          "input_repetition_pattern": "distinct_deterministic_salt",
          "output_partitioning": "shared_dual",
          "xq_partitioning": "shared"
        },
        "submission": {
          "completion_in_host_wall": true,
          "queue_or_stream_count": 1,
          "recording_in_timed_region": false,
          "strategy": "vulkan_command_buffer",
          "submit_in_host_wall": true
        },
        "timing": {
          "burst": {
            "dispatches_per_iteration": 1,
            "gpu_elapsed": {
              "clock": "vulkan_timestamp",
              "per_iteration_us": {
                "max": 218.052,
                "median": 206.468,
                "min": 205.48000000000002,
                "n": 5,
                "p05": 205.61520000000002,
                "p95": 216.8048,
                "samples": 5,
                "stdev": 4.795659771084676
              },
              "sequence_us": {
                "max": 2180.52,
                "median": 2064.68,
                "min": 2054.8,
                "n": 5,
                "p05": 2056.152,
                "p95": 2168.048,
                "samples": 5,
                "stdev": 47.956597710846815
              },
              "status": "ok"
            },
            "host_wall": {
              "clock": "steady_clock",
              "per_iteration_us": {
                "max": 223.40839999999997,
                "median": 212.16819999999998,
                "min": 210.6833,
                "n": 5,
                "p05": 210.91030000000003,
                "p95": 222.22719999999998,
                "samples": 5,
                "stdev": 4.768060026216105
              },
              "sequence_us": {
                "max": 2234.084,
                "median": 2121.682,
                "min": 2106.833,
                "n": 5,
                "p05": 2109.103,
                "p95": 2222.272,
                "samples": 5,
                "stdev": 47.68060026216107
              },
              "status": "ok"
            },
            "logical_iterations": 10
          },
          "single": {
            "dispatches_per_iteration": 1,
            "gpu_elapsed": {
              "clock": "vulkan_timestamp",
              "per_iteration_us": {
                "max": 234.92,
                "median": 231.6,
                "min": 231.16,
                "n": 5,
                "p05": 231.168,
                "p95": 234.456,
                "samples": 5,
                "stdev": 1.4109514520351132
              },
              "sequence_us": {
                "max": 234.92,
                "median": 231.6,
                "min": 231.16,
                "n": 5,
                "p05": 231.168,
                "p95": 234.456,
                "samples": 5,
                "stdev": 1.4109514520351132
              },
              "status": "ok"
            },
            "host_wall": {
              "clock": "steady_clock",
              "per_iteration_us": {
                "max": 512.688,
                "median": 282.305,
                "min": 280.785,
                "n": 5,
                "p05": 280.9888,
                "p95": 467.61519999999996,
                "samples": 5,
                "stdev": 91.88116261650153
              },
              "sequence_us": {
                "max": 512.688,
                "median": 282.305,
                "min": 280.785,
                "n": 5,
                "p05": 280.9888,
                "p95": 467.61519999999996,
                "samples": 5,
                "stdev": 91.88116261650153
              },
              "status": "ok"
            },
            "logical_iterations": 1
          }
        },
        "timing_mode": "serial_latency",
        "workgroup_match": "exact",
        "x_rows": 4
      },
      {
        "backend": "vulkan",
        "buffer_abi": "vulkan_storage_buffer_q8_1_q4_k",
        "correctness": {
          "single_dispatch": {
            "oracle": "full CPU q8_1 plus Q4_K selected-dual BF16 logits with KL <= 0.05 and top-1 >= 90%",
            "status": "pass"
          },
          "synchronization": {
            "barrier_count": 28,
            "method": "vulkan_compute_barriers",
            "status": "pass"
          },
          "timed_sequence": {
            "coverage": "chained_final_state",
            "logical_iterations": 10,
            "oracle": "full CPU q8_1 plus Q4_K selected-dual BF16 logits with KL <= 0.05 and top-1 >= 90%",
            "status": "pass"
          }
        },
        "correctness_pass": true,
        "dependency_contract": {
          "inter_dispatch_ordering": "vulkan_compute_barrier",
          "output_partitioning": "chained_shared",
          "validation_status": "pass",
          "work_dependency": "chained"
        },
        "experts": 256,
        "hardware": {
          "api_version": "1.4.318",
          "device_id": 30032,
          "device_name": "AMD Radeon Graphics (RADV GFX1201)",
          "device_type": 2,
          "driver_version_raw": 104865800,
          "queue_family": 1,
          "queue_family_flags": 14,
          "queue_family_usable_count": 1,
          "shader_integer_dot_product": true,
          "storage_buffer_16bit": true,
          "timestamp_valid_bits": 64,
          "vendor_id": 4098
        },
        "in_features": 2048,
        "input_scale": 0.1,
        "local_size": 64,
        "median_us": 228.552,
        "numeric_correctness": {
          "burst": {
            "exact_bf16_mismatches": 7760,
            "kl_divergence": 0.0002227838496,
            "max_abs": 2,
            "mean_abs": 0.04229861498,
            "outputs_checked": 1,
            "pass": true,
            "top1": 1
          },
          "single": {
            "exact_bf16_mismatches": 7968,
            "kl_divergence": 3.833526714e-09,
            "max_abs": 1,
            "mean_abs": 0.03408358991,
            "outputs_checked": 1,
            "pass": true,
            "top1": 1
          }
        },
        "operation": "selected_dual_dp4a_quantize_plus_dot",
        "out_features": 512,
        "quant": "q4_k",
        "rows": 32,
        "sequence_validation": {
          "input_repetition_pattern": "distinct_deterministic_salt",
          "output_partitioning": "shared_dual",
          "xq_partitioning": "shared"
        },
        "submission": {
          "completion_in_host_wall": true,
          "queue_or_stream_count": 1,
          "recording_in_timed_region": false,
          "strategy": "vulkan_command_buffer",
          "submit_in_host_wall": true
        },
        "timing": {
          "burst": {
            "dispatches_per_iteration": 2,
            "gpu_elapsed": {
              "clock": "vulkan_timestamp",
              "per_iteration_us": {
                "max": 235.844,
                "median": 228.552,
                "min": 225.74,
                "n": 5,
                "p05": 225.85200000000003,
                "p95": 234.5464,
                "samples": 5,
                "stdev": 3.604439573636928
              },
              "sequence_us": {
                "max": 2358.44,
                "median": 2285.52,
                "min": 2257.4,
                "n": 5,
                "p05": 2258.52,
                "p95": 2345.464,
                "samples": 5,
                "stdev": 36.04439573636934
              },
              "status": "ok"
            },
            "host_wall": {
              "clock": "steady_clock",
              "per_iteration_us": {
                "max": 241.3967,
                "median": 233.98960000000002,
                "min": 231.55059999999997,
                "n": 5,
                "p05": 231.6688,
                "p95": 240.18468000000001,
                "samples": 5,
                "stdev": 3.5228502076585713
              },
              "sequence_us": {
                "max": 2413.967,
                "median": 2339.896,
                "min": 2315.506,
                "n": 5,
                "p05": 2316.688,
                "p95": 2401.8468000000003,
                "samples": 5,
                "stdev": 35.228502076585684
              },
              "status": "ok"
            },
            "logical_iterations": 10
          },
          "single": {
            "dispatches_per_iteration": 2,
            "gpu_elapsed": {
              "clock": "vulkan_timestamp",
              "per_iteration_us": {
                "max": 249.56,
                "median": 247.96,
                "min": 246.48,
                "n": 5,
                "p05": 246.736,
                "p95": 249.496,
                "samples": 5,
                "stdev": 1.1082238041117927
              },
              "sequence_us": {
                "max": 249.56,
                "median": 247.96,
                "min": 246.48,
                "n": 5,
                "p05": 246.736,
                "p95": 249.496,
                "samples": 5,
                "stdev": 1.1082238041117927
              },
              "status": "ok"
            },
            "host_wall": {
              "clock": "steady_clock",
              "per_iteration_us": {
                "max": 303.355,
                "median": 301.225,
                "min": 298.785,
                "n": 5,
                "p05": 299.1608,
                "p95": 303.34900000000005,
                "samples": 5,
                "stdev": 1.7270282452814663
              },
              "sequence_us": {
                "max": 303.355,
                "median": 301.225,
                "min": 298.785,
                "n": 5,
                "p05": 299.1608,
                "p95": 303.34900000000005,
                "samples": 5,
                "stdev": 1.7270282452814663
              },
              "status": "ok"
            },
            "logical_iterations": 1
          }
        },
        "timing_mode": "serial_latency",
        "workgroup_match": "exact",
        "x_rows": 4
      },
      {
        "backend": "vulkan",
        "buffer_abi": "vulkan_storage_buffer_q8_1_q4_k",
        "correctness": {
          "single_dispatch": {
            "oracle": "full CPU q8_1 plus Q4_K selected-dual BF16 logits with KL <= 0.05 and top-1 >= 90%",
            "status": "pass"
          },
          "synchronization": {
            "barrier_count": 9,
            "method": "vulkan_compute_barriers",
            "status": "pass"
          },
          "timed_sequence": {
            "coverage": "chained_final_state",
            "logical_iterations": 10,
            "oracle": "full CPU q8_1 plus Q4_K selected-dual BF16 logits with KL <= 0.05 and top-1 >= 90%",
            "status": "pass"
          }
        },
        "correctness_pass": true,
        "dependency_contract": {
          "inter_dispatch_ordering": "vulkan_compute_barrier",
          "output_partitioning": "chained_shared",
          "validation_status": "pass",
          "work_dependency": "chained"
        },
        "experts": 256,
        "hardware": {
          "api_version": "1.4.318",
          "device_id": 30032,
          "device_name": "AMD Radeon Graphics (RADV GFX1201)",
          "device_type": 2,
          "driver_version_raw": 104865800,
          "queue_family": 1,
          "queue_family_flags": 14,
          "queue_family_usable_count": 1,
          "shader_integer_dot_product": true,
          "storage_buffer_16bit": true,
          "timestamp_valid_bits": 64,
          "vendor_id": 4098
        },
        "in_features": 2048,
        "input_scale": 0.1,
        "local_size": 128,
        "median_us": 211.60399999999998,
        "numeric_correctness": {
          "burst": {
            "exact_bf16_mismatches": 7760,
            "kl_divergence": 0.0002227838496,
            "max_abs": 2,
            "mean_abs": 0.04229861498,
            "outputs_checked": 1,
            "pass": true,
            "top1": 1
          },
          "single": {
            "exact_bf16_mismatches": 7968,
            "kl_divergence": 3.833526714e-09,
            "max_abs": 1,
            "mean_abs": 0.03408358991,
            "outputs_checked": 1,
            "pass": true,
            "top1": 1
          }
        },
        "operation": "selected_dual_dp4a_dot_prequantized",
        "out_features": 512,
        "quant": "q4_k",
        "rows": 32,
        "sequence_validation": {
          "input_repetition_pattern": "distinct_deterministic_salt",
          "output_partitioning": "shared_dual",
          "xq_partitioning": "shared"
        },
        "submission": {
          "completion_in_host_wall": true,
          "queue_or_stream_count": 1,
          "recording_in_timed_region": false,
          "strategy": "vulkan_command_buffer",
          "submit_in_host_wall": true
        },
        "timing": {
          "burst": {
            "dispatches_per_iteration": 1,
            "gpu_elapsed": {
              "clock": "vulkan_timestamp",
              "per_iteration_us": {
                "max": 224.704,
                "median": 211.60399999999998,
                "min": 210.78400000000002,
                "n": 5,
                "p05": 210.8376,
                "p95": 223.1248,
                "samples": 5,
                "stdev": 5.335357442571212
              },
              "sequence_us": {
                "max": 2247.04,
                "median": 2116.04,
                "min": 2107.84,
                "n": 5,
                "p05": 2108.376,
                "p95": 2231.248,
                "samples": 5,
                "stdev": 53.35357442571206
              },
              "status": "ok"
            },
            "host_wall": {
              "clock": "steady_clock",
              "per_iteration_us": {
                "max": 230.5945,
                "median": 217.6734,
                "min": 216.4873,
                "n": 5,
                "p05": 216.5191,
                "p95": 229.32229999999998,
                "samples": 5,
                "stdev": 5.528376615969646
              },
              "sequence_us": {
                "max": 2305.945,
                "median": 2176.734,
                "min": 2164.873,
                "n": 5,
                "p05": 2165.1910000000003,
                "p95": 2293.223,
                "samples": 5,
                "stdev": 55.2837661596965
              },
              "status": "ok"
            },
            "logical_iterations": 10
          },
          "single": {
            "dispatches_per_iteration": 1,
            "gpu_elapsed": {
              "clock": "vulkan_timestamp",
              "per_iteration_us": {
                "max": 242.68,
                "median": 238.76,
                "min": 235.32,
                "n": 5,
                "p05": 235.776,
                "p95": 242.296,
                "samples": 5,
                "stdev": 2.537602017653678
              },
              "sequence_us": {
                "max": 242.68,
                "median": 238.76,
                "min": 235.32,
                "n": 5,
                "p05": 235.776,
                "p95": 242.296,
                "samples": 5,
                "stdev": 2.537602017653678
              },
              "status": "ok"
            },
            "host_wall": {
              "clock": "steady_clock",
              "per_iteration_us": {
                "max": 302.105,
                "median": 298.384,
                "min": 290.374,
                "n": 5,
                "p05": 291.70200000000006,
                "p95": 301.41700000000003,
                "samples": 5,
                "stdev": 3.851680807128232
              },
              "sequence_us": {
                "max": 302.105,
                "median": 298.384,
                "min": 290.374,
                "n": 5,
                "p05": 291.70200000000006,
                "p95": 301.41700000000003,
                "samples": 5,
                "stdev": 3.851680807128232
              },
              "status": "ok"
            },
            "logical_iterations": 1
          }
        },
        "timing_mode": "serial_latency",
        "workgroup_match": "exact",
        "x_rows": 4
      },
      {
        "backend": "vulkan",
        "buffer_abi": "vulkan_storage_buffer_q8_1_q4_k",
        "correctness": {
          "single_dispatch": {
            "oracle": "full CPU q8_1 plus Q4_K selected-dual BF16 logits with KL <= 0.05 and top-1 >= 90%",
            "status": "pass"
          },
          "synchronization": {
            "barrier_count": 28,
            "method": "vulkan_compute_barriers",
            "status": "pass"
          },
          "timed_sequence": {
            "coverage": "chained_final_state",
            "logical_iterations": 10,
            "oracle": "full CPU q8_1 plus Q4_K selected-dual BF16 logits with KL <= 0.05 and top-1 >= 90%",
            "status": "pass"
          }
        },
        "correctness_pass": true,
        "dependency_contract": {
          "inter_dispatch_ordering": "vulkan_compute_barrier",
          "output_partitioning": "chained_shared",
          "validation_status": "pass",
          "work_dependency": "chained"
        },
        "experts": 256,
        "hardware": {
          "api_version": "1.4.318",
          "device_id": 30032,
          "device_name": "AMD Radeon Graphics (RADV GFX1201)",
          "device_type": 2,
          "driver_version_raw": 104865800,
          "queue_family": 1,
          "queue_family_flags": 14,
          "queue_family_usable_count": 1,
          "shader_integer_dot_product": true,
          "storage_buffer_16bit": true,
          "timestamp_valid_bits": 64,
          "vendor_id": 4098
        },
        "in_features": 2048,
        "input_scale": 0.1,
        "local_size": 128,
        "median_us": 233.148,
        "numeric_correctness": {
          "burst": {
            "exact_bf16_mismatches": 7760,
            "kl_divergence": 0.0002227838496,
            "max_abs": 2,
            "mean_abs": 0.04229861498,
            "outputs_checked": 1,
            "pass": true,
            "top1": 1
          },
          "single": {
            "exact_bf16_mismatches": 7968,
            "kl_divergence": 3.833526714e-09,
            "max_abs": 1,
            "mean_abs": 0.03408358991,
            "outputs_checked": 1,
            "pass": true,
            "top1": 1
          }
        },
        "operation": "selected_dual_dp4a_quantize_plus_dot",
        "out_features": 512,
        "quant": "q4_k",
        "rows": 32,
        "sequence_validation": {
          "input_repetition_pattern": "distinct_deterministic_salt",
          "output_partitioning": "shared_dual",
          "xq_partitioning": "shared"
        },
        "submission": {
          "completion_in_host_wall": true,
          "queue_or_stream_count": 1,
          "recording_in_timed_region": false,
          "strategy": "vulkan_command_buffer",
          "submit_in_host_wall": true
        },
        "timing": {
          "burst": {
            "dispatches_per_iteration": 2,
            "gpu_elapsed": {
              "clock": "vulkan_timestamp",
              "per_iteration_us": {
                "max": 241.292,
                "median": 233.148,
                "min": 230.844,
                "n": 5,
                "p05": 231.03600000000003,
                "p95": 239.9648,
                "samples": 5,
                "stdev": 3.701457788493611
              },
              "sequence_us": {
                "max": 2412.92,
                "median": 2331.48,
                "min": 2308.44,
                "n": 5,
                "p05": 2310.36,
                "p95": 2399.648,
                "samples": 5,
                "stdev": 37.01457788493611
              },
              "status": "ok"
            },
            "host_wall": {
              "clock": "steady_clock",
              "per_iteration_us": {
                "max": 247.3558,
                "median": 239.2016,
                "min": 237.2587,
                "n": 5,
                "p05": 237.3807,
                "p95": 245.99677999999997,
                "samples": 5,
                "stdev": 3.6361609430826856
              },
              "sequence_us": {
                "max": 2473.558,
                "median": 2392.016,
                "min": 2372.587,
                "n": 5,
                "p05": 2373.807,
                "p95": 2459.9678,
                "samples": 5,
                "stdev": 36.36160943082691
              },
              "status": "ok"
            },
            "logical_iterations": 10
          },
          "single": {
            "dispatches_per_iteration": 2,
            "gpu_elapsed": {
              "clock": "vulkan_timestamp",
              "per_iteration_us": {
                "max": 257.36,
                "median": 253.6,
                "min": 252.56,
                "n": 5,
                "p05": 252.632,
                "p95": 256.944,
                "samples": 5,
                "stdev": 1.7740529868073343
              },
              "sequence_us": {
                "max": 257.36,
                "median": 253.6,
                "min": 252.56,
                "n": 5,
                "p05": 252.632,
                "p95": 256.944,
                "samples": 5,
                "stdev": 1.7740529868073343
              },
              "status": "ok"
            },
            "host_wall": {
              "clock": "steady_clock",
              "per_iteration_us": {
                "max": 322.295,
                "median": 309.905,
                "min": 308.874,
                "n": 5,
                "p05": 309.03020000000004,
                "p95": 320.90700000000004,
                "samples": 5,
                "stdev": 5.08920356833956
              },
              "sequence_us": {
                "max": 322.295,
                "median": 309.905,
                "min": 308.874,
                "n": 5,
                "p05": 309.03020000000004,
                "p95": 320.90700000000004,
                "samples": 5,
                "stdev": 5.08920356833956
              },
              "status": "ok"
            },
            "logical_iterations": 1
          }
        },
        "timing_mode": "serial_latency",
        "workgroup_match": "exact",
        "x_rows": 4
      }
    ]
  },
  "parameters": {
    "actual_independent_lanes": 1,
    "buffer_abi": "vulkan_storage_buffer_q8_1_q4_k",
    "experts": 256,
    "in_features": 2048,
    "input_scale": 0.1,
    "out_features": 512,
    "repetitions": 10,
    "requested_independent_lanes": 4,
    "rows": 32,
    "samples": 5,
    "timing_mode": "serial_latency",
    "warmup_logical_iterations": 3,
    "work_slices": 10,
    "workgroups": [
      64,
      128
    ],
    "x_rows": 4
  },
  "schema_version": 2,
  "source": {
    "branch": "",
    "commit": "f2c3ad6d74c86e3641ce09ff9fd759eaa6cd75e0",
    "dirty": false,
    "repo": "/tmp/hipEngine-f2c",
    "source_hash": "2c96414ccaad9509cefbe1db485a1a8c38f3775c73513010a687be07c968256d"
  },
  "wrapper": {
    "build_dir": "/home/kaden/ClaudeCode/autorocm/redline-pub/examples/hipengine-6409/results/gfx1201/2026-07-12/build/vulkan/q4-selected-dual",
    "commands": [
      {
        "command": [
          "/tmp/shaderc-2025/root/usr/bin/glslc",
          "--target-env=vulkan1.2",
          "-O",
          "/tmp/hipEngine-f2c/benchmarks/micro/kernels/vulkan/q8_1_quantize.comp",
          "-o",
          "/home/kaden/ClaudeCode/autorocm/redline-pub/examples/hipengine-6409/results/gfx1201/2026-07-12/build/vulkan/q4-selected-dual/q8_1_quantize.spv"
        ],
        "kind": "compile_shader"
      },
      {
        "command": [
          "/usr/bin/c++",
          "-O2",
          "-std=c++17",
          "/tmp/hipEngine-f2c/benchmarks/micro/runners/vulkan_q4_selected_dual.cpp",
          "-o",
          "/home/kaden/ClaudeCode/autorocm/redline-pub/examples/hipengine-6409/results/gfx1201/2026-07-12/build/vulkan/q4-selected-dual/vulkan_q4_selected_dual",
          "-lvulkan"
        ],
        "kind": "compile_harness"
      },
      {
        "command": [
          "/tmp/shaderc-2025/root/usr/bin/glslc",
          "--target-env=vulkan1.2",
          "-O",
          "-DHIPENGINE_LOCAL_SIZE_X=64",
          "/tmp/hipEngine-f2c/benchmarks/micro/kernels/vulkan/q4_selected_dual.comp",
          "-o",
          "/home/kaden/ClaudeCode/autorocm/redline-pub/examples/hipengine-6409/results/gfx1201/2026-07-12/build/vulkan/q4-selected-dual/q4_selected_dual_wg64.spv"
        ],
        "kind": "compile_shader"
      },
      {
        "command": [
          "/home/kaden/ClaudeCode/autorocm/redline-pub/examples/hipengine-6409/results/gfx1201/2026-07-12/build/vulkan/q4-selected-dual/vulkan_q4_selected_dual",
          "--quantize-spirv",
          "/home/kaden/ClaudeCode/autorocm/redline-pub/examples/hipengine-6409/results/gfx1201/2026-07-12/build/vulkan/q4-selected-dual/q8_1_quantize.spv",
          "--dot-spirv",
          "/home/kaden/ClaudeCode/autorocm/redline-pub/examples/hipengine-6409/results/gfx1201/2026-07-12/build/vulkan/q4-selected-dual/q4_selected_dual_wg64.spv",
          "--json",
          "/home/kaden/ClaudeCode/autorocm/redline-pub/examples/hipengine-6409/results/gfx1201/2026-07-12/build/vulkan/q4-selected-dual/vulkan-q4-selected-dual-wg64-raw.json",
          "--x-bf16",
          "/home/kaden/ClaudeCode/autorocm/redline-pub/examples/hipengine-6409/results/gfx1201/2026-07-12/build/vulkan/q4-selected-dual/q4_selected_dual_x_bf16.bin",
          "--x-rows",
          "4",
          "--rows",
          "32",
          "--experts",
          "256",
          "--in-features",
          "2048",
          "--out-features",
          "512",
          "--input-scale",
          "0.1",
          "--local-size",
          "64",
          "--reps",
          "10",
          "--warmup",
          "3",
          "--samples",
          "5",
          "--independent-queues",
          "1",
          "--timing-mode",
          "serial_latency",
          "--device-index",
          "0"
        ],
        "kind": "run_harness",
        "returncode": 0
      },
      {
        "command": [
          "/tmp/shaderc-2025/root/usr/bin/glslc",
          "--target-env=vulkan1.2",
          "-O",
          "-DHIPENGINE_LOCAL_SIZE_X=128",
          "/tmp/hipEngine-f2c/benchmarks/micro/kernels/vulkan/q4_selected_dual.comp",
          "-o",
          "/home/kaden/ClaudeCode/autorocm/redline-pub/examples/hipengine-6409/results/gfx1201/2026-07-12/build/vulkan/q4-selected-dual/q4_selected_dual_wg128.spv"
        ],
        "kind": "compile_shader"
      },
      {
        "command": [
          "/home/kaden/ClaudeCode/autorocm/redline-pub/examples/hipengine-6409/results/gfx1201/2026-07-12/build/vulkan/q4-selected-dual/vulkan_q4_selected_dual",
          "--quantize-spirv",
          "/home/kaden/ClaudeCode/autorocm/redline-pub/examples/hipengine-6409/results/gfx1201/2026-07-12/build/vulkan/q4-selected-dual/q8_1_quantize.spv",
          "--dot-spirv",
          "/home/kaden/ClaudeCode/autorocm/redline-pub/examples/hipengine-6409/results/gfx1201/2026-07-12/build/vulkan/q4-selected-dual/q4_selected_dual_wg128.spv",
          "--json",
          "/home/kaden/ClaudeCode/autorocm/redline-pub/examples/hipengine-6409/results/gfx1201/2026-07-12/build/vulkan/q4-selected-dual/vulkan-q4-selected-dual-wg128-raw.json",
          "--x-bf16",
          "/home/kaden/ClaudeCode/autorocm/redline-pub/examples/hipengine-6409/results/gfx1201/2026-07-12/build/vulkan/q4-selected-dual/q4_selected_dual_x_bf16.bin",
          "--x-rows",
          "4",
          "--rows",
          "32",
          "--experts",
          "256",
          "--in-features",
          "2048",
          "--out-features",
          "512",
          "--input-scale",
          "0.1",
          "--local-size",
          "128",
          "--reps",
          "10",
          "--warmup",
          "3",
          "--samples",
          "5",
          "--independent-queues",
          "1",
          "--timing-mode",
          "serial_latency",
          "--device-index",
          "0"
        ],
        "kind": "run_harness",
        "returncode": 0
      }
    ],
    "schema": "hipengine.micro.q4_selected_dual_real_slice_runner.v2"
  }
}

