initializing Hipfire HIP bridge
initializing Redline retained-PM4 backend
initializing RADV Vulkan backend
[1/133] serial_latency/dispatch-grid/count=1,grid=1;hip-wave=32 (1 operations; order redline -> vulkan -> hipgraph -> hip)
  redline      3.8000 us/op correctness=true mismatches=0
  vulkan       7.3600 us/op correctness=true mismatches=0
  hipgraph    17.6000 us/op correctness=true mismatches=0
  hip         10.1600 us/op correctness=true mismatches=0
[2/133] serial_latency/dispatch-grid/count=50,grid=1;hip-wave=32 (50 operations; order vulkan -> hipgraph -> hip -> redline)
  vulkan       1.2544 us/op correctness=true mismatches=0
  hipgraph     3.5816 us/op correctness=true mismatches=0
  hip          4.0104 us/op correctness=true mismatches=0
  redline      1.7088 us/op correctness=true mismatches=0
[3/133] serial_latency/dispatch-grid/count=200,grid=1;hip-wave=32 (200 operations; order hipgraph -> hip -> redline -> vulkan)
  hipgraph     3.3266 us/op correctness=true mismatches=0
  hip          3.9106 us/op correctness=true mismatches=0
  redline      1.5974 us/op correctness=true mismatches=0
  vulkan       1.0832 us/op correctness=true mismatches=0
[4/133] serial_latency/dispatch-grid/count=941,grid=1;hip-wave=32 (941 operations; order hip -> redline -> vulkan -> hipgraph)
  hip          3.8523 us/op correctness=true mismatches=0
  redline      1.5875 us/op correctness=true mismatches=0
  vulkan       1.0090 us/op correctness=true mismatches=0
  hipgraph     3.2984 us/op correctness=true mismatches=0
[5/133] serial_latency/dispatch-grid/count=64,grid=128;hip-wave=32 (64 operations; order redline -> vulkan -> hipgraph -> hip)
  redline      2.9044 us/op correctness=true mismatches=0
  vulkan       1.1581 us/op correctness=true mismatches=0
  hipgraph     4.6081 us/op correctness=true mismatches=0
  hip          4.7606 us/op correctness=true mismatches=0
[6/133] serial_latency/dispatch-grid/count=64,grid=1024;hip-wave=32 (64 operations; order vulkan -> hipgraph -> hip -> redline)
  vulkan       2.1881 us/op correctness=true mismatches=0
  hipgraph    13.5632 us/op correctness=true mismatches=0
  hip         13.7338 us/op correctness=true mismatches=0
  redline      3.0400 us/op correctness=true mismatches=0
[7/133] serial_latency/dispatch-grid/count=64,grid=8192;hip-wave=32 (64 operations; order hipgraph -> hip -> redline -> vulkan)
  hipgraph    85.2116 us/op correctness=true mismatches=0
  hip         81.4972 us/op correctness=true mismatches=0
  redline      6.8050 us/op correctness=true mismatches=0
  vulkan      11.3931 us/op correctness=true mismatches=0
[8/133] serial_latency/geometry/k=512,rows=1,wg=256;hip-wave=32 (64 operations; order hip -> redline -> vulkan -> hipgraph)
  hip         19.0732 us/op correctness=true mismatches=0
  redline     13.9700 us/op correctness=true mismatches=0
  vulkan      16.0587 us/op correctness=true mismatches=0
  hipgraph    18.0051 us/op correctness=true mismatches=0
[9/133] serial_latency/geometry/k=512,rows=4,wg=256;hip-wave=32 (64 operations; order redline -> vulkan -> hipgraph -> hip)
  redline     13.9950 us/op correctness=true mismatches=0
  vulkan      15.9738 us/op correctness=true mismatches=0
  hipgraph    15.7882 us/op correctness=true mismatches=0
  hip         16.2694 us/op correctness=true mismatches=0
[10/133] serial_latency/geometry/k=2048,rows=1,wg=256;hip-wave=32 (64 operations; order vulkan -> hipgraph -> hip -> redline)
  vulkan      56.1950 us/op correctness=true mismatches=0
  hipgraph    47.9708 us/op correctness=true mismatches=0
  hip         48.3989 us/op correctness=true mismatches=0
  redline     46.0500 us/op correctness=true mismatches=0
[11/133] serial_latency/geometry/k=2048,rows=4,wg=256;hip-wave=32 (64 operations; order hipgraph -> hip -> redline -> vulkan)
  hipgraph    47.8877 us/op correctness=true mismatches=0
  hip         48.3864 us/op correctness=true mismatches=0
  redline     45.9275 us/op correctness=true mismatches=0
  vulkan      56.0262 us/op correctness=true mismatches=0
[12/133] serial_latency/reduction/variant=wave,k=8192,rows=1;hip-wave=32 (64 operations; order hip -> redline -> vulkan -> hipgraph)
  hip        140.5236 us/op correctness=true mismatches=0
  redline    138.6569 us/op correctness=true mismatches=0
  vulkan     158.7431 us/op correctness=true mismatches=0
  hipgraph   141.3099 us/op correctness=true mismatches=0
[13/133] serial_latency/reduction/variant=wave,k=8192,rows=4;hip-wave=32 (64 operations; order redline -> vulkan -> hipgraph -> hip)
  redline    141.1769 us/op correctness=true mismatches=0
  vulkan     161.4875 us/op correctness=true mismatches=0
  hipgraph   141.6911 us/op correctness=true mismatches=0
  hip        141.9980 us/op correctness=true mismatches=0
[14/133] serial_latency/reduction/variant=lds-tree,k=8192,rows=1;hip-wave=32 (64 operations; order vulkan -> hipgraph -> hip -> redline)
  vulkan     159.2937 us/op correctness=true mismatches=0
  hipgraph   142.7424 us/op correctness=true mismatches=0
  hip        138.0874 us/op correctness=true mismatches=0
  redline    138.9487 us/op correctness=true mismatches=0
[15/133] serial_latency/reduction/variant=lds-tree,k=8192,rows=4;hip-wave=32 (64 operations; order hipgraph -> hip -> redline -> vulkan)
  hipgraph   142.1705 us/op correctness=true mismatches=0
  hip        141.7461 us/op correctness=true mismatches=0
  redline    140.3844 us/op correctness=true mismatches=0
  vulkan     161.4075 us/op correctness=true mismatches=0
[16/133] serial_latency/memory-waitcnt/variant=coalesced4,n=4096,body=16;hip-wave=32 (64 operations; order hip -> redline -> vulkan -> hipgraph)
  hip          9.1500 us/op correctness=true mismatches=0
  redline      7.5231 us/op correctness=true mismatches=0
  vulkan       6.1712 us/op correctness=true mismatches=0
  hipgraph     8.6638 us/op correctness=true mismatches=0
[17/133] serial_latency/memory-waitcnt/variant=coalesced4,n=32768,body=16;hip-wave=32 (32 operations; order redline -> vulkan -> hipgraph -> hip)
  redline      8.8825 us/op correctness=true mismatches=0
  vulkan       6.8963 us/op correctness=true mismatches=0
  hipgraph    45.4739 us/op correctness=true mismatches=0
  hip         45.9264 us/op correctness=true mismatches=0
[18/133] serial_latency/memory-waitcnt/variant=gather,n=4096,body=16;hip-wave=32 (64 operations; order vulkan -> hipgraph -> hip -> redline)
  vulkan       9.3725 us/op correctness=true mismatches=0
  hipgraph     8.6513 us/op correctness=true mismatches=0
  hip          9.1744 us/op correctness=true mismatches=0
  redline      5.8819 us/op correctness=true mismatches=0
[19/133] serial_latency/memory-waitcnt/variant=gather,n=32768,body=16;hip-wave=32 (32 operations; order hipgraph -> hip -> redline -> vulkan)
  hipgraph    45.6589 us/op correctness=true mismatches=0
  hip         46.0077 us/op correctness=true mismatches=0
  redline     23.6438 us/op correctness=true mismatches=0
  vulkan      19.5075 us/op correctness=true mismatches=0
[20/133] serial_latency/memory-waitcnt/variant=interleave4,n=4096,body=16;hip-wave=64 (64 operations; order hip -> redline -> vulkan -> hipgraph)
  hip          8.7375 us/op correctness=true mismatches=0
  redline      7.1325 us/op correctness=true mismatches=0
  vulkan       6.3844 us/op correctness=true mismatches=0
  hipgraph     8.4419 us/op correctness=true mismatches=0
[21/133] serial_latency/memory-waitcnt/variant=interleave4,n=32768,body=16;hip-wave=64 (32 operations; order redline -> vulkan -> hipgraph -> hip)
  redline     12.7287 us/op correctness=true mismatches=0
  vulkan      10.1450 us/op correctness=true mismatches=0
  hipgraph    48.2752 us/op correctness=true mismatches=0
  hip         48.3389 us/op correctness=true mismatches=0
[22/133] serial_latency/packed-dot/variant=q8-signed,n=4096,body=16;hip-wave=32 (64 operations; order vulkan -> hipgraph -> hip -> redline)
  vulkan       7.7106 us/op correctness=true mismatches=0
  hipgraph     8.8019 us/op correctness=true mismatches=0
  hip          9.2669 us/op correctness=true mismatches=0
  redline      7.6500 us/op correctness=true mismatches=0
[23/133] serial_latency/packed-dot/variant=q4-unsigned,n=4096,body=16;hip-wave=32 (64 operations; order hipgraph -> hip -> redline -> vulkan)
  hipgraph     8.7794 us/op correctness=true mismatches=0
  hip          9.2500 us/op correctness=true mismatches=0
  redline      7.5644 us/op correctness=true mismatches=0
  vulkan       7.6381 us/op correctness=true mismatches=0
[24/133] serial_latency/packed-dot/variant=q6-zero,n=4096,body=16;hip-wave=32 (64 operations; order hip -> redline -> vulkan -> hipgraph)
  hip          9.2857 us/op correctness=true mismatches=0
  redline      7.5200 us/op correctness=true mismatches=0
  vulkan       8.0087 us/op correctness=true mismatches=0
  hipgraph     8.8132 us/op correctness=true mismatches=0
[25/133] serial_latency/packed-dot/variant=q4-scalar,n=4096,body=16;hip-wave=32 (64 operations; order redline -> vulkan -> hipgraph -> hip)
  redline      8.6212 us/op correctness=true mismatches=0
  vulkan      14.2063 us/op correctness=true mismatches=0
  hipgraph    10.0607 us/op correctness=true mismatches=0
  hip         10.4163 us/op correctness=true mismatches=0
[26/133] serial_latency/vopd/variant=independent-fma,n=32768,body=64;hip-wave=64 (32 operations; order vulkan -> hipgraph -> hip -> redline)
  vulkan       9.0663 us/op correctness=true mismatches=0
  hipgraph    48.8889 us/op correctness=true mismatches=0
  hip         49.0077 us/op correctness=true mismatches=0
  redline     10.9512 us/op correctness=true mismatches=0
[27/133] serial_latency/vopd/variant=dependent-fma,n=32768,body=64;hip-wave=64 (32 operations; order hipgraph -> hip -> redline -> vulkan)
  hipgraph    48.0527 us/op correctness=true mismatches=0
  hip         47.9402 us/op correctness=true mismatches=0
  redline     10.9050 us/op correctness=true mismatches=0
  vulkan       9.2225 us/op correctness=true mismatches=0
[28/133] serial_latency/vopd/variant=mixed-int-float,n=32768,body=64;hip-wave=64 (32 operations; order hip -> redline -> vulkan -> hipgraph)
  hip         55.1814 us/op correctness=true mismatches=0
  redline     23.8150 us/op correctness=true mismatches=0
  vulkan      16.5263 us/op correctness=true mismatches=0
  hipgraph    54.9727 us/op correctness=true mismatches=0
[29/133] serial_latency/vopd/variant=dequant-like,n=32768,body=64;hip-wave=64 (32 operations; order redline -> vulkan -> hipgraph -> hip)
  redline     21.7138 us/op correctness=true mismatches=0
  vulkan      14.9025 us/op correctness=true mismatches=0
  hipgraph    51.7064 us/op correctness=true mismatches=0
  hip         51.8614 us/op correctness=true mismatches=0
[30/133] serial_latency/sampler/argmax,vocab=32768,rows=1;hip-wave=32 (64 operations; order vulkan -> hipgraph -> hip -> redline)
  vulkan      42.0294 us/op correctness=true mismatches=0
  hipgraph    43.3327 us/op correctness=true mismatches=0
  hip         44.1402 us/op correctness=true mismatches=0
  redline     41.2906 us/op correctness=true mismatches=0
[31/133] serial_latency/sampler/argmax,vocab=32768,rows=4;hip-wave=32 (64 operations; order hipgraph -> hip -> redline -> vulkan)
  hipgraph    43.1095 us/op correctness=true mismatches=0
  hip         43.1139 us/op correctness=true mismatches=0
  redline     41.5081 us/op correctness=true mismatches=0
  vulkan      42.0363 us/op correctness=true mismatches=0
[32/133] serial_latency/sampler/argmax,vocab=131072,rows=1;hip-wave=32 (64 operations; order hip -> redline -> vulkan -> hipgraph)
  hip        157.1680 us/op correctness=true mismatches=0
  redline    155.8562 us/op correctness=true mismatches=0
  vulkan     161.8738 us/op correctness=true mismatches=0
  hipgraph   154.6755 us/op correctness=true mismatches=0
[33/133] serial_latency/sampler/argmax,vocab=131072,rows=4;hip-wave=32 (64 operations; order redline -> vulkan -> hipgraph -> hip)
  redline    157.9288 us/op correctness=true mismatches=0
  vulkan     163.2244 us/op correctness=true mismatches=0
  hipgraph   158.3162 us/op correctness=true mismatches=0
  hip        157.1162 us/op correctness=true mismatches=0
[34/133] serial_latency/two-stage-reduction/k=8192,rows=4,splits=2;hip-wave=32 (64 operations; order vulkan -> hipgraph -> hip -> redline)
  vulkan      10.4962 us/op correctness=true mismatches=0
  hipgraph    12.6913 us/op correctness=true mismatches=0
  hip         13.7619 us/op correctness=true mismatches=0
  redline      9.1169 us/op correctness=true mismatches=0
[35/133] serial_latency/two-stage-reduction/k=32768,rows=4,splits=8;hip-wave=32 (32 operations; order hipgraph -> hip -> redline -> vulkan)
  hipgraph    18.5763 us/op correctness=true mismatches=0
  hip         19.4951 us/op correctness=true mismatches=0
  redline     10.1550 us/op correctness=true mismatches=0
  vulkan      10.4900 us/op correctness=true mismatches=0
[36/133] serial_latency/q4-selected-dual/m=512,k=768,tile=2;hip-wave=64 (32 operations; order hip -> redline -> vulkan -> hipgraph)
  hip         21.3626 us/op correctness=true mismatches=0
  redline      5.8887 us/op correctness=true mismatches=0
  vulkan       6.1225 us/op correctness=true mismatches=0
  hipgraph    20.9663 us/op correctness=true mismatches=0
[37/133] serial_latency/q4-selected-dual/m=2048,k=2048,tile=2;hip-wave=64 (32 operations; order redline -> vulkan -> hipgraph -> hip)
  redline     11.0463 us/op correctness=true mismatches=0
  vulkan      14.0862 us/op correctness=true mismatches=0
  hipgraph    69.3640 us/op correctness=true mismatches=0
  hip         70.4302 us/op correctness=true mismatches=0
[38/133] serial_latency/q4-selected-dual/m=4096,k=8192,tile=2;hip-wave=64 (16 operations; order vulkan -> hipgraph -> hip -> redline)
  vulkan      61.2825 us/op correctness=true mismatches=0
  hipgraph   360.0313 us/op correctness=true mismatches=0
  hip        361.5138 us/op correctness=true mismatches=0
  redline     55.3650 us/op correctness=true mismatches=0
[39/133] serial_latency/q6-x8-selected-down/m=512,k=2048,tile=8;hip-wave=64 (32 operations; order hipgraph -> hip -> redline -> vulkan)
  hipgraph    25.1563 us/op correctness=true mismatches=0
  hip         25.5451 us/op correctness=true mismatches=0
  redline     23.9812 us/op correctness=true mismatches=0
  vulkan      40.0675 us/op correctness=true mismatches=0
[40/133] serial_latency/q6-x8-selected-down/m=2048,k=4096,tile=8;hip-wave=64 (32 operations; order hip -> redline -> vulkan -> hipgraph)
  hip         80.6665 us/op correctness=true mismatches=0
  redline     43.7625 us/op correctness=true mismatches=0
  vulkan      77.5863 us/op correctness=true mismatches=0
  hipgraph    80.4703 us/op correctness=true mismatches=0
[41/133] serial_latency/q6-x8-selected-down/m=4096,k=8192,tile=8;hip-wave=64 (16 operations; order redline -> vulkan -> hipgraph -> hip)
  redline     88.0175 us/op correctness=true mismatches=0
  vulkan     155.7550 us/op correctness=true mismatches=0
  hipgraph   160.1506 us/op correctness=true mismatches=0
  hip        159.1856 us/op correctness=true mismatches=0
[42/133] serial_latency/dense-q8/m=512,k=768,tile=4;hip-wave=64 (32 operations; order vulkan -> hipgraph -> hip -> redline)
  vulkan       8.4337 us/op correctness=true mismatches=0
  hipgraph    20.4588 us/op correctness=true mismatches=0
  hip         20.8238 us/op correctness=true mismatches=0
  redline      7.4475 us/op correctness=true mismatches=0
[43/133] serial_latency/dense-q8/m=2048,k=2048,tile=4;hip-wave=64 (32 operations; order hipgraph -> hip -> redline -> vulkan)
  hipgraph    67.3177 us/op correctness=true mismatches=0
  hip         67.8502 us/op correctness=true mismatches=0
  redline     14.0388 us/op correctness=true mismatches=0
  vulkan      19.4425 us/op correctness=true mismatches=0
[44/133] serial_latency/dense-q8/m=2048,k=8192,tile=4;hip-wave=64 (16 operations; order hip -> redline -> vulkan -> hipgraph)
  hip         96.4753 us/op correctness=true mismatches=0
  redline     41.3900 us/op correctness=true mismatches=0
  vulkan      71.1625 us/op correctness=true mismatches=0
  hipgraph    96.0578 us/op correctness=true mismatches=0
[45/133] serial_latency/dense-q8/m=4096,k=8192,tile=4;hip-wave=64 (16 operations; order redline -> vulkan -> hipgraph -> hip)
  redline     48.8700 us/op correctness=true mismatches=0
  vulkan      81.6825 us/op correctness=true mismatches=0
  hipgraph   182.7456 us/op correctness=true mismatches=0
  hip        182.6732 us/op correctness=true mismatches=0
[46/133] independent_throughput/dispatch-grid/count=1,grid=1;hip-wave=32 (1 operations; order vulkan -> hipgraph -> hip -> redline)
  vulkan       7.7200 us/op correctness=true mismatches=0
  hipgraph    19.0800 us/op correctness=true mismatches=0
  hip         10.5200 us/op correctness=true mismatches=0
  redline      4.0800 us/op correctness=true mismatches=0
[47/133] independent_throughput/dispatch-grid/count=50,grid=1;hip-wave=32 (50 operations; order hipgraph -> hip -> redline -> vulkan)
  hipgraph    13.1120 us/op correctness=true mismatches=0
  hip          8.3512 us/op correctness=true mismatches=0
  redline      0.1952 us/op correctness=true mismatches=0
  vulkan       1.2088 us/op correctness=true mismatches=0
[48/133] independent_throughput/dispatch-grid/count=200,grid=1;hip-wave=32 (200 operations; order hip -> redline -> vulkan -> hipgraph)
  hip          9.4426 us/op correctness=true mismatches=0
  redline      0.1184 us/op correctness=true mismatches=0
  vulkan       0.3106 us/op correctness=true mismatches=0
  hipgraph     9.3676 us/op correctness=true mismatches=0
[49/133] independent_throughput/dispatch-grid/count=941,grid=1;hip-wave=32 (941 operations; order redline -> vulkan -> hipgraph -> hip)
  redline      0.0855 us/op correctness=true mismatches=0
  vulkan       0.0868 us/op correctness=true mismatches=0
  hipgraph     8.5690 us/op correctness=true mismatches=0
  hip          8.4742 us/op correctness=true mismatches=0
[50/133] independent_throughput/dispatch-grid/count=64,grid=128;hip-wave=32 (64 operations; order vulkan -> hipgraph -> hip -> redline)
  vulkan       0.9437 us/op correctness=true mismatches=0
  hipgraph    10.3157 us/op correctness=true mismatches=0
  hip         10.3663 us/op correctness=true mismatches=0
  redline      0.2412 us/op correctness=true mismatches=0
[51/133] independent_throughput/dispatch-grid/count=64,grid=1024;hip-wave=32 (64 operations; order hipgraph -> hip -> redline -> vulkan)
  hipgraph    15.1407 us/op correctness=true mismatches=0
  hip         14.0882 us/op correctness=true mismatches=0
  redline      0.9688 us/op correctness=true mismatches=0
  vulkan       1.2369 us/op correctness=true mismatches=0
[52/133] independent_throughput/dispatch-grid/count=64,grid=8192;hip-wave=32 (64 operations; order hip -> redline -> vulkan -> hipgraph)
  hip         47.3439 us/op correctness=true mismatches=0
  redline      3.6281 us/op correctness=true mismatches=0
  vulkan       5.7012 us/op correctness=true mismatches=0
  hipgraph    50.3602 us/op correctness=true mismatches=0
[53/133] independent_throughput/geometry/k=512,rows=1,wg=256;hip-wave=32 (64 operations; order redline -> vulkan -> hipgraph -> hip)
  redline      0.1869 us/op correctness=true mismatches=0
  vulkan       1.2731 us/op correctness=true mismatches=0
  hipgraph    19.1244 us/op correctness=true mismatches=0
  hip         17.2532 us/op correctness=true mismatches=0
[54/133] independent_throughput/geometry/k=512,rows=4,wg=256;hip-wave=32 (64 operations; order vulkan -> hipgraph -> hip -> redline)
  vulkan       1.2819 us/op correctness=true mismatches=0
  hipgraph    12.1157 us/op correctness=true mismatches=0
  hip         11.8694 us/op correctness=true mismatches=0
  redline      0.3375 us/op correctness=true mismatches=0
[55/133] independent_throughput/geometry/k=2048,rows=1,wg=256;hip-wave=32 (64 operations; order hipgraph -> hip -> redline -> vulkan)
  hipgraph    17.1232 us/op correctness=true mismatches=0
  hip         17.0888 us/op correctness=true mismatches=0
  redline      0.4788 us/op correctness=true mismatches=0
  vulkan       2.1481 us/op correctness=true mismatches=0
[56/133] independent_throughput/geometry/k=2048,rows=4,wg=256;hip-wave=32 (64 operations; order hip -> redline -> vulkan -> hipgraph)
  hip         16.7513 us/op correctness=true mismatches=0
  redline      1.1500 us/op correctness=true mismatches=0
  vulkan       2.1775 us/op correctness=true mismatches=0
  hipgraph    17.1219 us/op correctness=true mismatches=0
[57/133] independent_throughput/reduction/variant=wave,k=8192,rows=1;hip-wave=32 (64 operations; order redline -> vulkan -> hipgraph -> hip)
  redline      1.1600 us/op correctness=true mismatches=0
  vulkan       4.5244 us/op correctness=true mismatches=0
  hipgraph    39.2083 us/op correctness=true mismatches=0
  hip         39.5883 us/op correctness=true mismatches=0
[58/133] independent_throughput/reduction/variant=wave,k=8192,rows=4;hip-wave=32 (64 operations; order vulkan -> hipgraph -> hip -> redline)
  vulkan       4.4225 us/op correctness=true mismatches=0
  hipgraph    40.6420 us/op correctness=true mismatches=0
  hip         39.3708 us/op correctness=true mismatches=0
  redline      2.3606 us/op correctness=true mismatches=0
[59/133] independent_throughput/reduction/variant=lds-tree,k=8192,rows=1;hip-wave=32 (64 operations; order hipgraph -> hip -> redline -> vulkan)
  hipgraph    38.8095 us/op correctness=true mismatches=0
  hip         38.9801 us/op correctness=true mismatches=0
  redline      1.1475 us/op correctness=true mismatches=0
  vulkan       4.5050 us/op correctness=true mismatches=0
[60/133] independent_throughput/reduction/variant=lds-tree,k=8192,rows=4;hip-wave=32 (64 operations; order hip -> redline -> vulkan -> hipgraph)
  hip         39.0651 us/op correctness=true mismatches=0
  redline      2.3681 us/op correctness=true mismatches=0
  vulkan       4.6450 us/op correctness=true mismatches=0
  hipgraph    40.2545 us/op correctness=true mismatches=0
[61/133] independent_throughput/memory-waitcnt/variant=coalesced4,n=4096,body=16;hip-wave=32 (64 operations; order redline -> vulkan -> hipgraph -> hip)
  redline      0.3494 us/op correctness=true mismatches=0
  vulkan       1.1300 us/op correctness=true mismatches=0
  hipgraph    12.9132 us/op correctness=true mismatches=0
  hip         11.9144 us/op correctness=true mismatches=0
[62/133] independent_throughput/memory-waitcnt/variant=coalesced4,n=32768,body=16;hip-wave=32 (32 operations; order vulkan -> hipgraph -> hip -> redline)
  vulkan       2.8588 us/op correctness=true mismatches=0
  hipgraph    33.0189 us/op correctness=true mismatches=0
  hip         27.8013 us/op correctness=true mismatches=0
  redline      2.4463 us/op correctness=true mismatches=0
[63/133] independent_throughput/memory-waitcnt/variant=gather,n=4096,body=16;hip-wave=32 (64 operations; order hipgraph -> hip -> redline -> vulkan)
  hipgraph    12.5238 us/op correctness=true mismatches=0
  hip         11.7307 us/op correctness=true mismatches=0
  redline      1.0469 us/op correctness=true mismatches=0
  vulkan       1.1912 us/op correctness=true mismatches=0
[64/133] independent_throughput/memory-waitcnt/variant=gather,n=32768,body=16;hip-wave=32 (32 operations; order hip -> redline -> vulkan -> hipgraph)
  hip         27.1301 us/op correctness=true mismatches=0
  redline      9.4162 us/op correctness=true mismatches=0
  vulkan       7.6975 us/op correctness=true mismatches=0
  hipgraph    36.1164 us/op correctness=true mismatches=0
[65/133] independent_throughput/memory-waitcnt/variant=interleave4,n=4096,body=16;hip-wave=64 (64 operations; order redline -> vulkan -> hipgraph -> hip)
  redline      0.5269 us/op correctness=true mismatches=0
  vulkan       1.2450 us/op correctness=true mismatches=0
  hipgraph    12.0363 us/op correctness=true mismatches=0
  hip         11.7763 us/op correctness=true mismatches=0
[66/133] independent_throughput/memory-waitcnt/variant=interleave4,n=32768,body=16;hip-wave=64 (32 operations; order vulkan -> hipgraph -> hip -> redline)
  vulkan       4.1050 us/op correctness=true mismatches=0
  hipgraph    31.7888 us/op correctness=true mismatches=0
  hip         28.2464 us/op correctness=true mismatches=0
  redline      3.8687 us/op correctness=true mismatches=0
[67/133] independent_throughput/packed-dot/variant=q8-signed,n=4096,body=16;hip-wave=32 (64 operations; order hipgraph -> hip -> redline -> vulkan)
  hipgraph    12.9325 us/op correctness=true mismatches=0
  hip         12.0088 us/op correctness=true mismatches=0
  redline      0.5681 us/op correctness=true mismatches=0
  vulkan       1.4275 us/op correctness=true mismatches=0
[68/133] independent_throughput/packed-dot/variant=q4-unsigned,n=4096,body=16;hip-wave=32 (64 operations; order hip -> redline -> vulkan -> hipgraph)
  hip         11.5975 us/op correctness=true mismatches=0
  redline      0.5537 us/op correctness=true mismatches=0
  vulkan       1.4344 us/op correctness=true mismatches=0
  hipgraph    12.9425 us/op correctness=true mismatches=0
[69/133] independent_throughput/packed-dot/variant=q6-zero,n=4096,body=16;hip-wave=32 (64 operations; order redline -> vulkan -> hipgraph -> hip)
  redline      0.5744 us/op correctness=true mismatches=0
  vulkan       1.4056 us/op correctness=true mismatches=0
  hipgraph    12.8569 us/op correctness=true mismatches=0
  hip         12.0463 us/op correctness=true mismatches=0
[70/133] independent_throughput/packed-dot/variant=q4-scalar,n=4096,body=16;hip-wave=32 (64 operations; order vulkan -> hipgraph -> hip -> redline)
  vulkan       2.4269 us/op correctness=true mismatches=0
  hipgraph    12.6775 us/op correctness=true mismatches=0
  hip         12.1538 us/op correctness=true mismatches=0
  redline      1.0731 us/op correctness=true mismatches=0
[71/133] independent_throughput/vopd/variant=independent-fma,n=32768,body=64;hip-wave=64 (32 operations; order hipgraph -> hip -> redline -> vulkan)
  hipgraph    33.8101 us/op correctness=true mismatches=0
  hip         29.5401 us/op correctness=true mismatches=0
  redline      3.6088 us/op correctness=true mismatches=0
  vulkan       4.0512 us/op correctness=true mismatches=0
[72/133] independent_throughput/vopd/variant=dependent-fma,n=32768,body=64;hip-wave=64 (32 operations; order hip -> redline -> vulkan -> hipgraph)
  hip         29.6113 us/op correctness=true mismatches=0
  redline      3.5112 us/op correctness=true mismatches=0
  vulkan       4.0038 us/op correctness=true mismatches=0
  hipgraph    34.2839 us/op correctness=true mismatches=0
[73/133] independent_throughput/vopd/variant=mixed-int-float,n=32768,body=64;hip-wave=64 (32 operations; order redline -> vulkan -> hipgraph -> hip)
  redline      8.9425 us/op correctness=true mismatches=0
  vulkan       7.4562 us/op correctness=true mismatches=0
  hipgraph    36.5814 us/op correctness=true mismatches=0
  hip         32.0351 us/op correctness=true mismatches=0
[74/133] independent_throughput/vopd/variant=dequant-like,n=32768,body=64;hip-wave=64 (32 operations; order vulkan -> hipgraph -> hip -> redline)
  vulkan       6.6750 us/op correctness=true mismatches=0
  hipgraph    35.3776 us/op correctness=true mismatches=0
  hip         30.0776 us/op correctness=true mismatches=0
  redline      7.8075 us/op correctness=true mismatches=0
[75/133] independent_throughput/sampler/argmax,vocab=32768,rows=1;hip-wave=32 (64 operations; order hipgraph -> hip -> redline -> vulkan)
  hipgraph    17.4519 us/op correctness=true mismatches=0
  hip         16.4976 us/op correctness=true mismatches=0
  redline      0.3862 us/op correctness=true mismatches=0
  vulkan       1.9387 us/op correctness=true mismatches=0
[76/133] independent_throughput/sampler/argmax,vocab=32768,rows=4;hip-wave=32 (64 operations; order hip -> redline -> vulkan -> hipgraph)
  hip         16.4901 us/op correctness=true mismatches=0
  redline      0.6300 us/op correctness=true mismatches=0
  vulkan       1.9281 us/op correctness=true mismatches=0
  hipgraph    17.8738 us/op correctness=true mismatches=0
[77/133] independent_throughput/sampler/argmax,vocab=131072,rows=1;hip-wave=32 (64 operations; order redline -> vulkan -> hipgraph -> hip)
  redline      1.3838 us/op correctness=true mismatches=0
  vulkan       4.8644 us/op correctness=true mismatches=0
  hipgraph    46.8664 us/op correctness=true mismatches=0
  hip         45.5245 us/op correctness=true mismatches=0
[78/133] independent_throughput/sampler/argmax,vocab=131072,rows=4;hip-wave=32 (64 operations; order vulkan -> hipgraph -> hip -> redline)
  vulkan       4.8350 us/op correctness=true mismatches=0
  hipgraph    46.4877 us/op correctness=true mismatches=0
  hip         45.9152 us/op correctness=true mismatches=0
  redline      2.2988 us/op correctness=true mismatches=0
[79/133] independent_throughput/two-stage-reduction/k=8192,rows=4,splits=2;hip-wave=32 (64 operations; order hipgraph -> hip -> redline -> vulkan)
  hipgraph    20.3982 us/op correctness=true mismatches=0
  hip         19.9607 us/op correctness=true mismatches=0
  redline      4.1638 us/op correctness=true mismatches=0
  vulkan       6.5713 us/op correctness=true mismatches=0
[80/133] independent_throughput/two-stage-reduction/k=32768,rows=4,splits=8;hip-wave=32 (32 operations; order hip -> redline -> vulkan -> hipgraph)
  hip         23.4601 us/op correctness=true mismatches=0
  redline      5.2787 us/op correctness=true mismatches=0
  vulkan       7.0788 us/op correctness=true mismatches=0
  hipgraph    25.8826 us/op correctness=true mismatches=0
[81/133] independent_throughput/q4-selected-dual/m=512,k=768,tile=2;hip-wave=64 (32 operations; order redline -> vulkan -> hipgraph -> hip)
  redline      0.6212 us/op correctness=true mismatches=0
  vulkan       2.1375 us/op correctness=true mismatches=0
  hipgraph    26.4513 us/op correctness=true mismatches=0
  hip         24.8638 us/op correctness=true mismatches=0
[82/133] independent_throughput/q4-selected-dual/m=2048,k=2048,tile=2;hip-wave=64 (32 operations; order vulkan -> hipgraph -> hip -> redline)
  vulkan       3.8275 us/op correctness=true mismatches=0
  hipgraph    49.4527 us/op correctness=true mismatches=0
  hip         48.9252 us/op correctness=true mismatches=0
  redline      2.6688 us/op correctness=true mismatches=0
[83/133] independent_throughput/q4-selected-dual/m=4096,k=8192,tile=2;hip-wave=64 (16 operations; order hipgraph -> hip -> redline -> vulkan)
  hipgraph   205.3882 us/op correctness=true mismatches=0
  hip        206.4908 us/op correctness=true mismatches=0
  redline     20.7875 us/op correctness=true mismatches=0
  vulkan      31.2075 us/op correctness=true mismatches=0
[84/133] independent_throughput/q6-x8-selected-down/m=512,k=2048,tile=8;hip-wave=64 (32 operations; order hip -> redline -> vulkan -> hipgraph)
  hip         23.5263 us/op correctness=true mismatches=0
  redline      0.8450 us/op correctness=true mismatches=0
  vulkan       3.8537 us/op correctness=true mismatches=0
  hipgraph    25.2588 us/op correctness=true mismatches=0
[85/133] independent_throughput/q6-x8-selected-down/m=2048,k=4096,tile=8;hip-wave=64 (32 operations; order redline -> vulkan -> hipgraph -> hip)
  redline      3.5463 us/op correctness=true mismatches=0
  vulkan       6.0850 us/op correctness=true mismatches=0
  hipgraph    53.1065 us/op correctness=true mismatches=0
  hip         49.3677 us/op correctness=true mismatches=0
[86/133] independent_throughput/q6-x8-selected-down/m=4096,k=8192,tile=8;hip-wave=64 (16 operations; order vulkan -> hipgraph -> hip -> redline)
  vulkan      24.9450 us/op correctness=true mismatches=0
  hipgraph    96.3179 us/op correctness=true mismatches=0
  hip         91.7428 us/op correctness=true mismatches=0
  redline     18.3075 us/op correctness=true mismatches=0
[87/133] independent_throughput/dense-q8/m=512,k=768,tile=4;hip-wave=64 (32 operations; order hipgraph -> hip -> redline -> vulkan)
  hipgraph    25.6026 us/op correctness=true mismatches=0
  hip         23.8863 us/op correctness=true mismatches=0
  redline      0.4612 us/op correctness=true mismatches=0
  vulkan       2.1675 us/op correctness=true mismatches=0
[88/133] independent_throughput/dense-q8/m=2048,k=2048,tile=4;hip-wave=64 (32 operations; order hip -> redline -> vulkan -> hipgraph)
  hip         45.3789 us/op correctness=true mismatches=0
  redline      1.9563 us/op correctness=true mismatches=0
  vulkan       3.2950 us/op correctness=true mismatches=0
  hipgraph    46.1389 us/op correctness=true mismatches=0
[89/133] independent_throughput/dense-q8/m=2048,k=8192,tile=4;hip-wave=64 (16 operations; order redline -> vulkan -> hipgraph -> hip)
  redline      8.5300 us/op correctness=true mismatches=0
  vulkan      12.4525 us/op correctness=true mismatches=0
  hipgraph    65.8452 us/op correctness=true mismatches=0
  hip         62.4953 us/op correctness=true mismatches=0
[90/133] independent_throughput/dense-q8/m=4096,k=8192,tile=4;hip-wave=64 (16 operations; order vulkan -> hipgraph -> hip -> redline)
  vulkan      24.6500 us/op correctness=true mismatches=0
  hipgraph   111.7204 us/op correctness=true mismatches=0
  hip        109.0654 us/op correctness=true mismatches=0
  redline     18.5475 us/op correctness=true mismatches=0
[91/133] single_kernel_aggressive/dispatch-grid/count=1,grid=1;hip-wave=32 (1 operations; order hipgraph -> hip -> redline -> vulkan)
  hipgraph    12.6800 us/op correctness=true mismatches=0
  hip          7.2000 us/op correctness=true mismatches=0
  redline      2.4400 us/op correctness=true mismatches=0
  vulkan       4.2400 us/op correctness=true mismatches=0
[92/133] single_kernel_aggressive/dispatch-grid/count=50,grid=1;hip-wave=32 (1 operations; order hip -> redline -> vulkan -> hipgraph)
  hip          7.1200 us/op correctness=true mismatches=0
  redline      2.4800 us/op correctness=true mismatches=0
  vulkan       4.2400 us/op correctness=true mismatches=0
  hipgraph    12.6000 us/op correctness=true mismatches=0
[93/133] single_kernel_aggressive/dispatch-grid/count=200,grid=1;hip-wave=32 (1 operations; order redline -> vulkan -> hipgraph -> hip)
  redline      2.3200 us/op correctness=true mismatches=0
  vulkan       4.2000 us/op correctness=true mismatches=0
  hipgraph    12.6400 us/op correctness=true mismatches=0
  hip          7.0800 us/op correctness=true mismatches=0
[94/133] single_kernel_aggressive/dispatch-grid/count=941,grid=1;hip-wave=32 (1 operations; order vulkan -> hipgraph -> hip -> redline)
  vulkan       4.2400 us/op correctness=true mismatches=0
  hipgraph    14.7610 us/op correctness=true mismatches=0
  hip          7.1200 us/op correctness=true mismatches=0
  redline      2.5200 us/op correctness=true mismatches=0
[95/133] single_kernel_aggressive/dispatch-grid/count=64,grid=128;hip-wave=32 (1 operations; order hipgraph -> hip -> redline -> vulkan)
  hipgraph    13.2000 us/op correctness=true mismatches=0
  hip          7.5200 us/op correctness=true mismatches=0
  redline      3.6400 us/op correctness=true mismatches=0
  vulkan       4.3200 us/op correctness=true mismatches=0
[96/133] single_kernel_aggressive/dispatch-grid/count=64,grid=1024;hip-wave=32 (1 operations; order hip -> redline -> vulkan -> hipgraph)
  hip         11.6800 us/op correctness=true mismatches=0
  redline      3.7600 us/op correctness=true mismatches=0
  vulkan       5.0000 us/op correctness=true mismatches=0
  hipgraph    17.6400 us/op correctness=true mismatches=0
[97/133] single_kernel_aggressive/dispatch-grid/count=64,grid=8192;hip-wave=32 (1 operations; order redline -> vulkan -> hipgraph -> hip)
  redline      5.0000 us/op correctness=true mismatches=0
  vulkan       9.2400 us/op correctness=true mismatches=0
  hipgraph    51.4410 us/op correctness=true mismatches=0
  hip         45.5600 us/op correctness=true mismatches=0
[98/133] single_kernel_aggressive/geometry/k=512,rows=1,wg=256;hip-wave=32 (1 operations; order vulkan -> hipgraph -> hip -> redline)
  vulkan      11.6400 us/op correctness=true mismatches=0
  hipgraph    26.8400 us/op correctness=true mismatches=0
  hip         20.7610 us/op correctness=true mismatches=0
  redline      8.5600 us/op correctness=true mismatches=0
[99/133] single_kernel_aggressive/geometry/k=512,rows=4,wg=256;hip-wave=32 (1 operations; order hipgraph -> hip -> redline -> vulkan)
  hipgraph    18.5600 us/op correctness=true mismatches=0
  hip         13.0800 us/op correctness=true mismatches=0
  redline      8.3600 us/op correctness=true mismatches=0
  vulkan      11.6000 us/op correctness=true mismatches=0
[100/133] single_kernel_aggressive/geometry/k=2048,rows=1,wg=256;hip-wave=32 (1 operations; order hip -> redline -> vulkan -> hipgraph)
  hip         28.6000 us/op correctness=true mismatches=0
  redline     23.8000 us/op correctness=true mismatches=0
  vulkan      30.6800 us/op correctness=true mismatches=0
  hipgraph    34.2410 us/op correctness=true mismatches=0
[101/133] single_kernel_aggressive/geometry/k=2048,rows=4,wg=256;hip-wave=32 (1 operations; order redline -> vulkan -> hipgraph -> hip)
  redline     23.4400 us/op correctness=true mismatches=0
  vulkan      30.4800 us/op correctness=true mismatches=0
  hipgraph    33.6800 us/op correctness=true mismatches=0
  hip         28.1600 us/op correctness=true mismatches=0
[102/133] single_kernel_aggressive/reduction/variant=wave,k=8192,rows=1;hip-wave=32 (1 operations; order vulkan -> hipgraph -> hip -> redline)
  vulkan      78.9600 us/op correctness=true mismatches=0
  hipgraph    78.1200 us/op correctness=true mismatches=0
  hip         70.6400 us/op correctness=true mismatches=0
  redline     67.0400 us/op correctness=true mismatches=0
[103/133] single_kernel_aggressive/reduction/variant=wave,k=8192,rows=4;hip-wave=32 (1 operations; order hipgraph -> hip -> redline -> vulkan)
  hipgraph    78.8400 us/op correctness=true mismatches=0
  hip         73.7600 us/op correctness=true mismatches=0
  redline     68.6000 us/op correctness=true mismatches=0
  vulkan      79.8000 us/op correctness=true mismatches=0
[104/133] single_kernel_aggressive/reduction/variant=lds-tree,k=8192,rows=1;hip-wave=32 (1 operations; order hip -> redline -> vulkan -> hipgraph)
  hip         70.6800 us/op correctness=true mismatches=0
  redline     67.0000 us/op correctness=true mismatches=0
  vulkan      80.0000 us/op correctness=true mismatches=0
  hipgraph    76.8010 us/op correctness=true mismatches=0
[105/133] single_kernel_aggressive/reduction/variant=lds-tree,k=8192,rows=4;hip-wave=32 (1 operations; order redline -> vulkan -> hipgraph -> hip)
  redline     68.9200 us/op correctness=true mismatches=0
  vulkan      80.7600 us/op correctness=true mismatches=0
  hipgraph    78.4400 us/op correctness=true mismatches=0
  hip         72.4000 us/op correctness=true mismatches=0
[106/133] single_kernel_aggressive/memory-waitcnt/variant=coalesced4,n=4096,body=16;hip-wave=32 (1 operations; order vulkan -> hipgraph -> hip -> redline)
  vulkan       7.2400 us/op correctness=true mismatches=0
  hipgraph    17.3600 us/op correctness=true mismatches=0
  hip         10.0400 us/op correctness=true mismatches=0
  redline      6.2000 us/op correctness=true mismatches=0
[107/133] single_kernel_aggressive/memory-waitcnt/variant=coalesced4,n=32768,body=16;hip-wave=32 (1 operations; order hipgraph -> hip -> redline -> vulkan)
  hipgraph    31.9610 us/op correctness=true mismatches=0
  hip         27.7200 us/op correctness=true mismatches=0
  redline      7.5200 us/op correctness=true mismatches=0
  vulkan       8.9600 us/op correctness=true mismatches=0
[108/133] single_kernel_aggressive/memory-waitcnt/variant=gather,n=4096,body=16;hip-wave=32 (1 operations; order hip -> redline -> vulkan -> hipgraph)
  hip          9.5600 us/op correctness=true mismatches=0
  redline      4.6800 us/op correctness=true mismatches=0
  vulkan       8.7600 us/op correctness=true mismatches=0
  hipgraph    15.3610 us/op correctness=true mismatches=0
[109/133] single_kernel_aggressive/memory-waitcnt/variant=gather,n=32768,body=16;hip-wave=32 (1 operations; order redline -> vulkan -> hipgraph -> hip)
  redline     13.0400 us/op correctness=true mismatches=0
  vulkan      13.2000 us/op correctness=true mismatches=0
  hipgraph    32.4800 us/op correctness=true mismatches=0
  hip         26.8410 us/op correctness=true mismatches=0
[110/133] single_kernel_aggressive/memory-waitcnt/variant=interleave4,n=4096,body=16;hip-wave=64 (1 operations; order vulkan -> hipgraph -> hip -> redline)
  vulkan       7.4400 us/op correctness=true mismatches=0
  hipgraph    15.6000 us/op correctness=true mismatches=0
  hip          9.9600 us/op correctness=true mismatches=0
  redline      6.3600 us/op correctness=true mismatches=0
[111/133] single_kernel_aggressive/memory-waitcnt/variant=interleave4,n=32768,body=16;hip-wave=64 (1 operations; order hipgraph -> hip -> redline -> vulkan)
  hipgraph    17.6000 us/op correctness=true mismatches=0
  hip         13.8000 us/op correctness=true mismatches=0
  redline      8.8000 us/op correctness=true mismatches=0
  vulkan       8.9600 us/op correctness=true mismatches=0
[112/133] single_kernel_aggressive/packed-dot/variant=q8-signed,n=4096,body=16;hip-wave=32 (1 operations; order hip -> redline -> vulkan -> hipgraph)
  hip         10.2800 us/op correctness=true mismatches=0
  redline      6.0800 us/op correctness=true mismatches=0
  vulkan       7.9600 us/op correctness=true mismatches=0
  hipgraph    15.9600 us/op correctness=true mismatches=0
[113/133] single_kernel_aggressive/packed-dot/variant=q4-unsigned,n=4096,body=16;hip-wave=32 (1 operations; order redline -> vulkan -> hipgraph -> hip)
  redline      6.1200 us/op correctness=true mismatches=0
  vulkan       7.9200 us/op correctness=true mismatches=0
  hipgraph    16.1600 us/op correctness=true mismatches=0
  hip         10.3600 us/op correctness=true mismatches=0
[114/133] single_kernel_aggressive/packed-dot/variant=q6-zero,n=4096,body=16;hip-wave=32 (1 operations; order vulkan -> hipgraph -> hip -> redline)
  vulkan       8.2000 us/op correctness=true mismatches=0
  hipgraph    15.7200 us/op correctness=true mismatches=0
  hip         10.5200 us/op correctness=true mismatches=0
  redline      6.1200 us/op correctness=true mismatches=0
[115/133] single_kernel_aggressive/packed-dot/variant=q4-scalar,n=4096,body=16;hip-wave=32 (1 operations; order hipgraph -> hip -> redline -> vulkan)
  hipgraph    16.3610 us/op correctness=true mismatches=0
  hip         10.7200 us/op correctness=true mismatches=0
  redline      6.9200 us/op correctness=true mismatches=0
  vulkan      11.4400 us/op correctness=true mismatches=0
[116/133] single_kernel_aggressive/vopd/variant=independent-fma,n=32768,body=64;hip-wave=64 (1 operations; order hip -> redline -> vulkan -> hipgraph)
  hip         28.0400 us/op correctness=true mismatches=0
  redline      7.4800 us/op correctness=true mismatches=0
  vulkan       7.7200 us/op correctness=true mismatches=0
  hipgraph    33.7600 us/op correctness=true mismatches=0
[117/133] single_kernel_aggressive/vopd/variant=dependent-fma,n=32768,body=64;hip-wave=64 (1 operations; order redline -> vulkan -> hipgraph -> hip)
  redline      7.0800 us/op correctness=true mismatches=0
  vulkan       7.8400 us/op correctness=true mismatches=0
  hipgraph    34.6800 us/op correctness=true mismatches=0
  hip         28.6000 us/op correctness=true mismatches=0
[118/133] single_kernel_aggressive/vopd/variant=mixed-int-float,n=32768,body=64;hip-wave=64 (1 operations; order vulkan -> hipgraph -> hip -> redline)
  vulkan      11.1200 us/op correctness=true mismatches=0
  hipgraph    36.6000 us/op correctness=true mismatches=0
  hip         30.8800 us/op correctness=true mismatches=0
  redline     13.2000 us/op correctness=true mismatches=0
[119/133] single_kernel_aggressive/vopd/variant=dequant-like,n=32768,body=64;hip-wave=64 (1 operations; order hipgraph -> hip -> redline -> vulkan)
  hipgraph    34.8800 us/op correctness=true mismatches=0
  hip         29.3200 us/op correctness=true mismatches=0
  redline     12.0800 us/op correctness=true mismatches=0
  vulkan      10.3600 us/op correctness=true mismatches=0
[120/133] single_kernel_aggressive/sampler/argmax,vocab=32768,rows=1;hip-wave=32 (1 operations; order hip -> redline -> vulkan -> hipgraph)
  hip         30.0010 us/op correctness=true mismatches=0
  redline     25.2000 us/op correctness=true mismatches=0
  vulkan      28.0400 us/op correctness=true mismatches=0
  hipgraph    36.2800 us/op correctness=true mismatches=0
[121/133] single_kernel_aggressive/sampler/argmax,vocab=32768,rows=4;hip-wave=32 (1 operations; order redline -> vulkan -> hipgraph -> hip)
  redline     24.5200 us/op correctness=true mismatches=0
  vulkan      27.6800 us/op correctness=true mismatches=0
  hipgraph    35.1200 us/op correctness=true mismatches=0
  hip         29.7600 us/op correctness=true mismatches=0
[122/133] single_kernel_aggressive/sampler/argmax,vocab=131072,rows=1;hip-wave=32 (1 operations; order vulkan -> hipgraph -> hip -> redline)
  vulkan      95.6000 us/op correctness=true mismatches=0
  hipgraph   101.9210 us/op correctness=true mismatches=0
  hip         93.9200 us/op correctness=true mismatches=0
  redline     89.9200 us/op correctness=true mismatches=0
[123/133] single_kernel_aggressive/sampler/argmax,vocab=131072,rows=4;hip-wave=32 (1 operations; order hipgraph -> hip -> redline -> vulkan)
  hipgraph    98.4410 us/op correctness=true mismatches=0
  hip         93.4400 us/op correctness=true mismatches=0
  redline     89.4000 us/op correctness=true mismatches=0
  vulkan      95.4400 us/op correctness=true mismatches=0
[124/133] single_kernel_aggressive/q4-selected-dual/m=512,k=768,tile=2;hip-wave=64 (1 operations; order hip -> redline -> vulkan -> hipgraph)
  hip         15.1610 us/op correctness=true mismatches=0
  redline      5.2800 us/op correctness=true mismatches=0
  vulkan       7.4000 us/op correctness=true mismatches=0
  hipgraph    22.7600 us/op correctness=true mismatches=0
[125/133] single_kernel_aggressive/q4-selected-dual/m=2048,k=2048,tile=2;hip-wave=64 (1 operations; order redline -> vulkan -> hipgraph -> hip)
  redline      7.9200 us/op correctness=true mismatches=0
  vulkan      12.0400 us/op correctness=true mismatches=0
  hipgraph    47.1600 us/op correctness=true mismatches=0
  hip         41.3200 us/op correctness=true mismatches=0
[126/133] single_kernel_aggressive/q4-selected-dual/m=4096,k=8192,tile=2;hip-wave=64 (1 operations; order vulkan -> hipgraph -> hip -> redline)
  vulkan      43.6800 us/op correctness=true mismatches=0
  hipgraph   203.1610 us/op correctness=true mismatches=0
  hip        197.6000 us/op correctness=true mismatches=0
  redline     35.6400 us/op correctness=true mismatches=0
[127/133] single_kernel_aggressive/q6-x8-selected-down/m=512,k=2048,tile=8;hip-wave=64 (1 operations; order hipgraph -> hip -> redline -> vulkan)
  hipgraph    24.9600 us/op correctness=true mismatches=0
  hip         19.2800 us/op correctness=true mismatches=0
  redline     15.4800 us/op correctness=true mismatches=0
  vulkan      27.4400 us/op correctness=true mismatches=0
[128/133] single_kernel_aggressive/q6-x8-selected-down/m=2048,k=4096,tile=8;hip-wave=64 (1 operations; order hip -> redline -> vulkan -> hipgraph)
  hip         51.6810 us/op correctness=true mismatches=0
  redline     27.0400 us/op correctness=true mismatches=0
  vulkan      47.8000 us/op correctness=true mismatches=0
  hipgraph    57.0000 us/op correctness=true mismatches=0
[129/133] single_kernel_aggressive/q6-x8-selected-down/m=4096,k=8192,tile=8;hip-wave=64 (1 operations; order redline -> vulkan -> hipgraph -> hip)
  redline     53.2400 us/op correctness=true mismatches=0
  vulkan      97.9600 us/op correctness=true mismatches=0
  hipgraph    93.3600 us/op correctness=true mismatches=0
  hip         87.5600 us/op correctness=true mismatches=0
[130/133] single_kernel_aggressive/dense-q8/m=512,k=768,tile=4;hip-wave=64 (1 operations; order vulkan -> hipgraph -> hip -> redline)
  vulkan       8.3600 us/op correctness=true mismatches=0
  hipgraph    20.7600 us/op correctness=true mismatches=0
  hip         15.0800 us/op correctness=true mismatches=0
  redline      6.2400 us/op correctness=true mismatches=0
[131/133] single_kernel_aggressive/dense-q8/m=2048,k=2048,tile=4;hip-wave=64 (1 operations; order hipgraph -> hip -> redline -> vulkan)
  hipgraph    44.0800 us/op correctness=true mismatches=0
  hip         38.4410 us/op correctness=true mismatches=0
  redline     10.0400 us/op correctness=true mismatches=0
  vulkan      14.8000 us/op correctness=true mismatches=0
[132/133] single_kernel_aggressive/dense-q8/m=2048,k=8192,tile=4;hip-wave=64 (1 operations; order hip -> redline -> vulkan -> hipgraph)
  hip         54.2000 us/op correctness=true mismatches=0
  redline     26.4000 us/op correctness=true mismatches=0
  vulkan      48.4800 us/op correctness=true mismatches=0
  hipgraph    59.8410 us/op correctness=true mismatches=0
[133/133] single_kernel_aggressive/dense-q8/m=4096,k=8192,tile=4;hip-wave=64 (1 operations; order redline -> vulkan -> hipgraph -> hip)
  redline     31.9600 us/op correctness=true mismatches=0
  vulkan      55.7600 us/op correctness=true mismatches=0
  hipgraph   108.5610 us/op correctness=true mismatches=0
  hip        102.9200 us/op correctness=true mismatches=0
wrote results/gfx1201/2026-07-13-radiowave-all-losers/final-u8/rep2/results.json
wrote results/gfx1201/2026-07-13-radiowave-all-losers/final-u8/rep2/REPORT.md
Redline wins 111/133 (83.46%). Four-way placements: 1st 111, 2nd 22, 3rd 0, 4th 0.
