initializing Hipfire HIP bridge
initializing Redline retained-PM4 backend
initializing RADV Vulkan backend
WARNING: radv is not a conformant Vulkan implementation, testing use only.
[1/133] serial_latency/dispatch-grid/count=1,grid=1;hip-wave=32 (1 operations; order redline -> vulkan -> hipgraph -> hip)
  redline      3.8400 us/op correctness=true mismatches=0
  vulkan       7.4800 us/op correctness=true mismatches=0
  hipgraph    33.5600 us/op correctness=true mismatches=0
  hip         25.6400 us/op correctness=true mismatches=0
[2/133] serial_latency/dispatch-grid/count=50,grid=1;hip-wave=32 (50 operations; order vulkan -> hipgraph -> hip -> redline)
  vulkan       1.2816 us/op correctness=true mismatches=0
  hipgraph    18.3416 us/op correctness=true mismatches=0
  hip         18.7896 us/op correctness=true mismatches=0
  redline      1.7216 us/op correctness=true mismatches=0
[3/133] serial_latency/dispatch-grid/count=200,grid=1;hip-wave=32 (200 operations; order hipgraph -> hip -> redline -> vulkan)
  hipgraph    18.3148 us/op correctness=true mismatches=0
  hip         18.7348 us/op correctness=true mismatches=0
  redline      1.6058 us/op correctness=true mismatches=0
  vulkan       1.0906 us/op correctness=true mismatches=0
[4/133] serial_latency/dispatch-grid/count=941,grid=1;hip-wave=32 (941 operations; order hip -> redline -> vulkan -> hipgraph)
  hip         18.7214 us/op correctness=true mismatches=0
  redline      1.5815 us/op correctness=true mismatches=0
  vulkan       1.0262 us/op correctness=true mismatches=0
  hipgraph    18.2387 us/op correctness=true mismatches=0
[5/133] serial_latency/dispatch-grid/count=64,grid=128;hip-wave=32 (64 operations; order redline -> vulkan -> hipgraph -> hip)
  redline      3.0225 us/op correctness=true mismatches=0
  vulkan       1.1956 us/op correctness=true mismatches=0
  hipgraph    45.2819 us/op correctness=true mismatches=0
  hip         45.8038 us/op correctness=true mismatches=0
[6/133] serial_latency/dispatch-grid/count=64,grid=1024;hip-wave=32 (64 operations; order vulkan -> hipgraph -> hip -> redline)
  vulkan       2.2656 us/op correctness=true mismatches=0
  hipgraph   337.8582 us/op correctness=true mismatches=0
  hip        338.3694 us/op correctness=true mismatches=0
  redline      3.8862 us/op correctness=true mismatches=0
[7/133] serial_latency/dispatch-grid/count=64,grid=8192;hip-wave=32 (64 operations; order hipgraph -> hip -> redline -> vulkan)
  hipgraph  1313.3214 us/op correctness=true mismatches=0
  hip       1305.3807 us/op correctness=true mismatches=0
  redline     10.2156 us/op correctness=true mismatches=0
  vulkan      11.5031 us/op correctness=true mismatches=0
[8/133] serial_latency/geometry/k=512,rows=1,wg=256;hip-wave=32 (64 operations; order hip -> redline -> vulkan -> hipgraph)
  hip         19.0294 us/op correctness=true mismatches=0
  redline     14.1231 us/op correctness=true mismatches=0
  vulkan      16.2581 us/op correctness=true mismatches=0
  hipgraph    17.9194 us/op correctness=true mismatches=0
[9/133] serial_latency/geometry/k=512,rows=4,wg=256;hip-wave=32 (64 operations; order redline -> vulkan -> hipgraph -> hip)
  redline     14.1487 us/op correctness=true mismatches=0
  vulkan      16.1687 us/op correctness=true mismatches=0
  hipgraph    15.9594 us/op correctness=true mismatches=0
  hip         16.4425 us/op correctness=true mismatches=0
[10/133] serial_latency/geometry/k=2048,rows=1,wg=256;hip-wave=32 (64 operations; order vulkan -> hipgraph -> hip -> redline)
  vulkan      56.8438 us/op correctness=true mismatches=0
  hipgraph    48.3613 us/op correctness=true mismatches=0
  hip         48.8513 us/op correctness=true mismatches=0
  redline     46.5944 us/op correctness=true mismatches=0
[11/133] serial_latency/geometry/k=2048,rows=4,wg=256;hip-wave=32 (64 operations; order hipgraph -> hip -> redline -> vulkan)
  hipgraph    48.4094 us/op correctness=true mismatches=0
  hip         48.8906 us/op correctness=true mismatches=0
  redline     46.4756 us/op correctness=true mismatches=0
  vulkan      56.6681 us/op correctness=true mismatches=0
[12/133] serial_latency/reduction/variant=wave,k=8192,rows=1;hip-wave=32 (64 operations; order hip -> redline -> vulkan -> hipgraph)
  hip        139.6481 us/op correctness=true mismatches=0
  redline    140.3063 us/op correctness=true mismatches=0
  vulkan     160.6319 us/op correctness=true mismatches=0
  hipgraph   145.6125 us/op correctness=true mismatches=0
[13/133] serial_latency/reduction/variant=wave,k=8192,rows=4;hip-wave=32 (64 operations; order redline -> vulkan -> hipgraph -> hip)
  redline    142.1406 us/op correctness=true mismatches=0
  vulkan     162.0369 us/op correctness=true mismatches=0
  hipgraph   143.3438 us/op correctness=true mismatches=0
  hip        143.6581 us/op correctness=true mismatches=0
[14/133] serial_latency/reduction/variant=lds-tree,k=8192,rows=1;hip-wave=32 (64 operations; order vulkan -> hipgraph -> hip -> redline)
  vulkan     161.2937 us/op correctness=true mismatches=0
  hipgraph   139.3763 us/op correctness=true mismatches=0
  hip        145.5863 us/op correctness=true mismatches=0
  redline    140.6406 us/op correctness=true mismatches=0
[15/133] serial_latency/reduction/variant=lds-tree,k=8192,rows=4;hip-wave=32 (64 operations; order hipgraph -> hip -> redline -> vulkan)
  hipgraph   143.7500 us/op correctness=true mismatches=0
  hip        143.6150 us/op correctness=true mismatches=0
  redline    142.7925 us/op correctness=true mismatches=0
  vulkan     163.7556 us/op correctness=true mismatches=0
[16/133] serial_latency/memory-waitcnt/variant=coalesced4,n=4096,body=16;hip-wave=32 (64 operations; order hip -> redline -> vulkan -> hipgraph)
  hip          9.2294 us/op correctness=true mismatches=0
  redline      7.5606 us/op correctness=true mismatches=0
  vulkan       6.2237 us/op correctness=true mismatches=0
  hipgraph     8.7450 us/op correctness=true mismatches=0
[17/133] serial_latency/memory-waitcnt/variant=coalesced4,n=32768,body=16;hip-wave=32 (32 operations; order redline -> vulkan -> hipgraph -> hip)
  redline      8.9775 us/op correctness=true mismatches=0
  vulkan       6.9975 us/op correctness=true mismatches=0
  hipgraph    45.9613 us/op correctness=true mismatches=0
  hip         46.3062 us/op correctness=true mismatches=0
[18/133] serial_latency/memory-waitcnt/variant=gather,n=4096,body=16;hip-wave=32 (64 operations; order vulkan -> hipgraph -> hip -> redline)
  vulkan       9.3981 us/op correctness=true mismatches=0
  hipgraph    11.9131 us/op correctness=true mismatches=0
  hip         12.3844 us/op correctness=true mismatches=0
  redline     10.4931 us/op correctness=true mismatches=0
[19/133] serial_latency/memory-waitcnt/variant=gather,n=32768,body=16;hip-wave=32 (32 operations; order hipgraph -> hip -> redline -> vulkan)
  hipgraph    46.1750 us/op correctness=true mismatches=0
  hip         46.4600 us/op correctness=true mismatches=0
  redline     24.1988 us/op correctness=true mismatches=0
  vulkan      19.6713 us/op correctness=true mismatches=0
[20/133] serial_latency/memory-waitcnt/variant=interleave4,n=4096,body=16;hip-wave=32 (64 operations; order hip -> redline -> vulkan -> hipgraph)
  hip          9.3994 us/op correctness=true mismatches=0
  redline      7.7656 us/op correctness=true mismatches=0
  vulkan       6.4294 us/op correctness=true mismatches=0
  hipgraph     8.9137 us/op correctness=true mismatches=0
[21/133] serial_latency/memory-waitcnt/variant=interleave4,n=32768,body=16;hip-wave=32 (32 operations; order redline -> vulkan -> hipgraph -> hip)
  redline     16.7488 us/op correctness=true mismatches=0
  vulkan      10.2863 us/op correctness=true mismatches=0
  hipgraph    50.8875 us/op correctness=true mismatches=0
  hip         51.1762 us/op correctness=true mismatches=0
[22/133] serial_latency/packed-dot/variant=q8-signed,n=4096,body=16;hip-wave=32 (64 operations; order vulkan -> hipgraph -> hip -> redline)
  vulkan       7.7412 us/op correctness=true mismatches=0
  hipgraph    11.0494 us/op correctness=true mismatches=0
  hip         11.5087 us/op correctness=true mismatches=0
  redline      9.8350 us/op correctness=true mismatches=0
[23/133] serial_latency/packed-dot/variant=q4-unsigned,n=4096,body=16;hip-wave=32 (64 operations; order hipgraph -> hip -> redline -> vulkan)
  hipgraph    11.0269 us/op correctness=true mismatches=0
  hip         11.4994 us/op correctness=true mismatches=0
  redline      9.8306 us/op correctness=true mismatches=0
  vulkan       7.7294 us/op correctness=true mismatches=0
[24/133] serial_latency/packed-dot/variant=q6-zero,n=4096,body=16;hip-wave=32 (64 operations; order hip -> redline -> vulkan -> hipgraph)
  hip         11.7013 us/op correctness=true mismatches=0
  redline     10.0031 us/op correctness=true mismatches=0
  vulkan       8.0956 us/op correctness=true mismatches=0
  hipgraph    11.1831 us/op correctness=true mismatches=0
[25/133] serial_latency/packed-dot/variant=q4-scalar,n=4096,body=16;hip-wave=32 (64 operations; order redline -> vulkan -> hipgraph -> hip)
  redline     11.1656 us/op correctness=true mismatches=0
  vulkan      14.3562 us/op correctness=true mismatches=0
  hipgraph    12.3388 us/op correctness=true mismatches=0
  hip         12.8094 us/op correctness=true mismatches=0
[26/133] serial_latency/vopd/variant=independent-fma,n=32768,body=64;hip-wave=32 (32 operations; order vulkan -> hipgraph -> hip -> redline)
  vulkan       9.1937 us/op correctness=true mismatches=0
  hipgraph    50.5788 us/op correctness=true mismatches=0
  hip         50.9325 us/op correctness=true mismatches=0
  redline     13.6638 us/op correctness=true mismatches=0
[27/133] serial_latency/vopd/variant=dependent-fma,n=32768,body=64;hip-wave=32 (32 operations; order hipgraph -> hip -> redline -> vulkan)
  hipgraph    50.2025 us/op correctness=true mismatches=0
  hip         50.4388 us/op correctness=true mismatches=0
  redline     13.5538 us/op correctness=true mismatches=0
  vulkan       9.3350 us/op correctness=true mismatches=0
[28/133] serial_latency/vopd/variant=mixed-int-float,n=32768,body=64;hip-wave=32 (32 operations; order hip -> redline -> vulkan -> hipgraph)
  hip         58.8950 us/op correctness=true mismatches=0
  redline     29.0162 us/op correctness=true mismatches=0
  vulkan      16.0800 us/op correctness=true mismatches=0
  hipgraph    58.5163 us/op correctness=true mismatches=0
[29/133] serial_latency/vopd/variant=dequant-like,n=32768,body=64;hip-wave=32 (32 operations; order redline -> vulkan -> hipgraph -> hip)
  redline     24.3663 us/op correctness=true mismatches=0
  vulkan      15.0663 us/op correctness=true mismatches=0
  hipgraph    53.7938 us/op correctness=true mismatches=0
  hip         54.1050 us/op correctness=true mismatches=0
[30/133] serial_latency/sampler/argmax,vocab=32768,rows=1;hip-wave=32 (64 operations; order vulkan -> hipgraph -> hip -> redline)
  vulkan      42.4894 us/op correctness=true mismatches=0
  hipgraph    45.4469 us/op correctness=true mismatches=0
  hip         46.2869 us/op correctness=true mismatches=0
  redline     44.3794 us/op correctness=true mismatches=0
[31/133] serial_latency/sampler/argmax,vocab=32768,rows=4;hip-wave=32 (64 operations; order hipgraph -> hip -> redline -> vulkan)
  hipgraph    46.2394 us/op correctness=true mismatches=0
  hip         46.4194 us/op correctness=true mismatches=0
  redline     44.7081 us/op correctness=true mismatches=0
  vulkan      42.7006 us/op correctness=true mismatches=0
[32/133] serial_latency/sampler/argmax,vocab=131072,rows=1;hip-wave=32 (64 operations; order hip -> redline -> vulkan -> hipgraph)
  hip        169.2475 us/op correctness=true mismatches=0
  redline    168.0719 us/op correctness=true mismatches=0
  vulkan     163.4837 us/op correctness=true mismatches=0
  hipgraph   164.9363 us/op correctness=true mismatches=0
[33/133] serial_latency/sampler/argmax,vocab=131072,rows=4;hip-wave=32 (64 operations; order redline -> vulkan -> hipgraph -> hip)
  redline    168.7212 us/op correctness=true mismatches=0
  vulkan     162.6019 us/op correctness=true mismatches=0
  hipgraph   171.1388 us/op correctness=true mismatches=0
  hip        170.4263 us/op correctness=true mismatches=0
[34/133] serial_latency/two-stage-reduction/k=8192,rows=4,splits=2;hip-wave=32 (64 operations; order vulkan -> hipgraph -> hip -> redline)
  vulkan      10.5988 us/op correctness=true mismatches=0
  hipgraph    13.2331 us/op correctness=true mismatches=0
  hip         14.3106 us/op correctness=true mismatches=0
  redline      9.5650 us/op correctness=true mismatches=0
[35/133] serial_latency/two-stage-reduction/k=32768,rows=4,splits=8;hip-wave=32 (32 operations; order hipgraph -> hip -> redline -> vulkan)
  hipgraph    18.8225 us/op correctness=true mismatches=0
  hip         19.7212 us/op correctness=true mismatches=0
  redline     10.6175 us/op correctness=true mismatches=0
  vulkan      10.6075 us/op correctness=true mismatches=0
[36/133] serial_latency/q4-selected-dual/m=512,k=768,tile=2;hip-wave=32 (32 operations; order hip -> redline -> vulkan -> hipgraph)
  hip         10.5450 us/op correctness=true mismatches=0
  redline      7.5113 us/op correctness=true mismatches=0
  vulkan       6.1688 us/op correctness=true mismatches=0
  hipgraph    10.1612 us/op correctness=true mismatches=0
[37/133] serial_latency/q4-selected-dual/m=2048,k=2048,tile=2;hip-wave=32 (32 operations; order redline -> vulkan -> hipgraph -> hip)
  redline     14.9175 us/op correctness=true mismatches=0
  vulkan      14.1875 us/op correctness=true mismatches=0
  hipgraph    46.6775 us/op correctness=true mismatches=0
  hip         46.6525 us/op correctness=true mismatches=0
[38/133] serial_latency/q4-selected-dual/m=4096,k=8192,tile=2;hip-wave=32 (16 operations; order vulkan -> hipgraph -> hip -> redline)
  vulkan      61.8000 us/op correctness=true mismatches=0
  hipgraph   294.1626 us/op correctness=true mismatches=0
  hip        296.4651 us/op correctness=true mismatches=0
  redline     91.3300 us/op correctness=true mismatches=0
[39/133] serial_latency/q6-x8-selected-down/m=512,k=2048,tile=8;hip-wave=32 (32 operations; order hipgraph -> hip -> redline -> vulkan)
  hipgraph    37.6700 us/op correctness=true mismatches=0
  hip         38.0625 us/op correctness=true mismatches=0
  redline     38.0175 us/op correctness=true mismatches=0
  vulkan      40.4500 us/op correctness=true mismatches=0
[40/133] serial_latency/q6-x8-selected-down/m=2048,k=4096,tile=8;hip-wave=32 (32 operations; order hip -> redline -> vulkan -> hipgraph)
  hip         72.1450 us/op correctness=true mismatches=0
  redline     72.2275 us/op correctness=true mismatches=0
  vulkan      78.3263 us/op correctness=true mismatches=0
  hipgraph    71.2437 us/op correctness=true mismatches=0
[41/133] serial_latency/q6-x8-selected-down/m=4096,k=8192,tile=8;hip-wave=32 (16 operations; order redline -> vulkan -> hipgraph -> hip)
  redline    143.6400 us/op correctness=true mismatches=0
  vulkan     157.6425 us/op correctness=true mismatches=0
  hipgraph   166.1301 us/op correctness=true mismatches=0
  hip        166.9551 us/op correctness=true mismatches=0
[42/133] serial_latency/dense-q8/m=512,k=768,tile=4;hip-wave=32 (32 operations; order vulkan -> hipgraph -> hip -> redline)
  vulkan       8.5137 us/op correctness=true mismatches=0
  hipgraph    10.8200 us/op correctness=true mismatches=0
  hip         11.1813 us/op correctness=true mismatches=0
  redline      9.7300 us/op correctness=true mismatches=0
[43/133] serial_latency/dense-q8/m=2048,k=2048,tile=4;hip-wave=32 (32 operations; order hipgraph -> hip -> redline -> vulkan)
  hipgraph    25.2550 us/op correctness=true mismatches=0
  hip         25.6463 us/op correctness=true mismatches=0
  redline     19.8150 us/op correctness=true mismatches=0
  vulkan      19.7888 us/op correctness=true mismatches=0
[44/133] serial_latency/dense-q8/m=2048,k=8192,tile=4;hip-wave=32 (16 operations; order hip -> redline -> vulkan -> hipgraph)
  hip         88.4425 us/op correctness=true mismatches=0
  redline     66.5675 us/op correctness=true mismatches=0
  vulkan      72.8275 us/op correctness=true mismatches=0
  hipgraph    89.5600 us/op correctness=true mismatches=0
[45/133] serial_latency/dense-q8/m=4096,k=8192,tile=4;hip-wave=32 (16 operations; order redline -> vulkan -> hipgraph -> hip)
  redline     73.3475 us/op correctness=true mismatches=0
  vulkan      81.6550 us/op correctness=true mismatches=0
  hipgraph   143.1101 us/op correctness=true mismatches=0
  hip        142.9550 us/op correctness=true mismatches=0
[46/133] independent_throughput/dispatch-grid/count=1,grid=1;hip-wave=32 (1 operations; order vulkan -> hipgraph -> hip -> redline)
  vulkan       7.7600 us/op correctness=true mismatches=0
  hipgraph    37.8000 us/op correctness=true mismatches=0
  hip         28.2400 us/op correctness=true mismatches=0
  redline      4.0800 us/op correctness=true mismatches=0
[47/133] independent_throughput/dispatch-grid/count=50,grid=1;hip-wave=32 (50 operations; order hipgraph -> hip -> redline -> vulkan)
  hipgraph    24.6024 us/op correctness=true mismatches=0
  hip         21.4992 us/op correctness=true mismatches=0
  redline      0.1976 us/op correctness=true mismatches=0
  vulkan       1.2432 us/op correctness=true mismatches=0
[48/133] independent_throughput/dispatch-grid/count=200,grid=1;hip-wave=32 (200 operations; order hip -> redline -> vulkan -> hipgraph)
  hip         21.1630 us/op correctness=true mismatches=0
  redline      0.1208 us/op correctness=true mismatches=0
  vulkan       0.4098 us/op correctness=true mismatches=0
  hipgraph    20.3144 us/op correctness=true mismatches=0
[49/133] independent_throughput/dispatch-grid/count=941,grid=1;hip-wave=32 (941 operations; order redline -> vulkan -> hipgraph -> hip)
  redline      0.0740 us/op correctness=true mismatches=0
  vulkan       0.1145 us/op correctness=true mismatches=0
  hipgraph    18.3316 us/op correctness=true mismatches=0
  hip         18.1324 us/op correctness=true mismatches=0
[50/133] independent_throughput/dispatch-grid/count=64,grid=128;hip-wave=32 (64 operations; order vulkan -> hipgraph -> hip -> redline)
  vulkan       1.0194 us/op correctness=true mismatches=0
  hipgraph    30.8938 us/op correctness=true mismatches=0
  hip         26.9394 us/op correctness=true mismatches=0
  redline      0.8956 us/op correctness=true mismatches=0
[51/133] independent_throughput/dispatch-grid/count=64,grid=1024;hip-wave=32 (64 operations; order hipgraph -> hip -> redline -> vulkan)
  hipgraph   171.7281 us/op correctness=true mismatches=0
  hip        166.3913 us/op correctness=true mismatches=0
  redline      2.2125 us/op correctness=true mismatches=0
  vulkan       1.4094 us/op correctness=true mismatches=0
[52/133] independent_throughput/dispatch-grid/count=64,grid=8192;hip-wave=32 (64 operations; order hip -> redline -> vulkan -> hipgraph)
  hip       1271.9365 us/op correctness=true mismatches=0
  redline      8.2894 us/op correctness=true mismatches=0
  vulkan       5.4944 us/op correctness=true mismatches=0
  hipgraph  1260.8403 us/op correctness=true mismatches=0
[53/133] independent_throughput/geometry/k=512,rows=1,wg=256;hip-wave=32 (64 operations; order redline -> vulkan -> hipgraph -> hip)
  redline      0.1794 us/op correctness=true mismatches=0
  vulkan       1.2306 us/op correctness=true mismatches=0
  hipgraph    19.4819 us/op correctness=true mismatches=0
  hip         16.8888 us/op correctness=true mismatches=0
[54/133] independent_throughput/geometry/k=512,rows=4,wg=256;hip-wave=32 (64 operations; order vulkan -> hipgraph -> hip -> redline)
  vulkan       1.2463 us/op correctness=true mismatches=0
  hipgraph    12.3013 us/op correctness=true mismatches=0
  hip         11.5369 us/op correctness=true mismatches=0
  redline      0.3275 us/op correctness=true mismatches=0
[55/133] independent_throughput/geometry/k=2048,rows=1,wg=256;hip-wave=32 (64 operations; order hipgraph -> hip -> redline -> vulkan)
  hipgraph    16.8913 us/op correctness=true mismatches=0
  hip         16.3069 us/op correctness=true mismatches=0
  redline      0.4656 us/op correctness=true mismatches=0
  vulkan       2.0825 us/op correctness=true mismatches=0
[56/133] independent_throughput/geometry/k=2048,rows=4,wg=256;hip-wave=32 (64 operations; order hip -> redline -> vulkan -> hipgraph)
  hip         16.4238 us/op correctness=true mismatches=0
  redline      1.1150 us/op correctness=true mismatches=0
  vulkan       1.9181 us/op correctness=true mismatches=0
  hipgraph    16.8025 us/op correctness=true mismatches=0
[57/133] independent_throughput/reduction/variant=wave,k=8192,rows=1;hip-wave=32 (64 operations; order redline -> vulkan -> hipgraph -> hip)
  redline      1.1350 us/op correctness=true mismatches=0
  vulkan       4.3525 us/op correctness=true mismatches=0
  hipgraph    42.8881 us/op correctness=true mismatches=0
  hip         42.9106 us/op correctness=true mismatches=0
[58/133] independent_throughput/reduction/variant=wave,k=8192,rows=4;hip-wave=32 (64 operations; order vulkan -> hipgraph -> hip -> redline)
  vulkan       4.3394 us/op correctness=true mismatches=0
  hipgraph    44.0281 us/op correctness=true mismatches=0
  hip         43.0175 us/op correctness=true mismatches=0
  redline      2.3344 us/op correctness=true mismatches=0
[59/133] independent_throughput/reduction/variant=lds-tree,k=8192,rows=1;hip-wave=32 (64 operations; order hipgraph -> hip -> redline -> vulkan)
  hipgraph    42.9031 us/op correctness=true mismatches=0
  hip         42.9200 us/op correctness=true mismatches=0
  redline      1.1413 us/op correctness=true mismatches=0
  vulkan       4.4419 us/op correctness=true mismatches=0
[60/133] independent_throughput/reduction/variant=lds-tree,k=8192,rows=4;hip-wave=32 (64 operations; order hip -> redline -> vulkan -> hipgraph)
  hip         43.0575 us/op correctness=true mismatches=0
  redline      2.3231 us/op correctness=true mismatches=0
  vulkan       4.5781 us/op correctness=true mismatches=0
  hipgraph    44.1550 us/op correctness=true mismatches=0
[61/133] independent_throughput/memory-waitcnt/variant=coalesced4,n=4096,body=16;hip-wave=32 (64 operations; order redline -> vulkan -> hipgraph -> hip)
  redline      0.3481 us/op correctness=true mismatches=0
  vulkan       1.0581 us/op correctness=true mismatches=0
  hipgraph    16.3431 us/op correctness=true mismatches=0
  hip         15.7113 us/op correctness=true mismatches=0
[62/133] independent_throughput/memory-waitcnt/variant=coalesced4,n=32768,body=16;hip-wave=32 (32 operations; order vulkan -> hipgraph -> hip -> redline)
  vulkan       2.8450 us/op correctness=true mismatches=0
  hipgraph    36.6738 us/op correctness=true mismatches=0
  hip         35.1238 us/op correctness=true mismatches=0
  redline      2.4463 us/op correctness=true mismatches=0
[63/133] independent_throughput/memory-waitcnt/variant=gather,n=4096,body=16;hip-wave=32 (64 operations; order hipgraph -> hip -> redline -> vulkan)
  hipgraph    18.7344 us/op correctness=true mismatches=0
  hip         19.4931 us/op correctness=true mismatches=0
  redline      1.0456 us/op correctness=true mismatches=0
  vulkan       1.1394 us/op correctness=true mismatches=0
[64/133] independent_throughput/memory-waitcnt/variant=gather,n=32768,body=16;hip-wave=32 (32 operations; order hip -> redline -> vulkan -> hipgraph)
  hip         35.5862 us/op correctness=true mismatches=0
  redline      9.4637 us/op correctness=true mismatches=0
  vulkan       7.6887 us/op correctness=true mismatches=0
  hipgraph    37.7525 us/op correctness=true mismatches=0
[65/133] independent_throughput/memory-waitcnt/variant=interleave4,n=4096,body=16;hip-wave=32 (64 operations; order redline -> vulkan -> hipgraph -> hip)
  redline      0.6944 us/op correctness=true mismatches=0
  vulkan       1.2181 us/op correctness=true mismatches=0
  hipgraph    16.3506 us/op correctness=true mismatches=0
  hip         15.7531 us/op correctness=true mismatches=0
[66/133] independent_throughput/memory-waitcnt/variant=interleave4,n=32768,body=16;hip-wave=32 (32 operations; order vulkan -> hipgraph -> hip -> redline)
  vulkan       4.3050 us/op correctness=true mismatches=0
  hipgraph    39.0025 us/op correctness=true mismatches=0
  hip         37.6963 us/op correctness=true mismatches=0
  redline      5.1650 us/op correctness=true mismatches=0
[67/133] independent_throughput/packed-dot/variant=q8-signed,n=4096,body=16;hip-wave=32 (64 operations; order hipgraph -> hip -> redline -> vulkan)
  hipgraph    16.4706 us/op correctness=true mismatches=0
  hip         16.3300 us/op correctness=true mismatches=0
  redline      1.5075 us/op correctness=true mismatches=0
  vulkan       1.4406 us/op correctness=true mismatches=0
[68/133] independent_throughput/packed-dot/variant=q4-unsigned,n=4096,body=16;hip-wave=32 (64 operations; order hip -> redline -> vulkan -> hipgraph)
  hip         16.7506 us/op correctness=true mismatches=0
  redline      1.4087 us/op correctness=true mismatches=0
  vulkan       1.4050 us/op correctness=true mismatches=0
  hipgraph    16.4425 us/op correctness=true mismatches=0
[69/133] independent_throughput/packed-dot/variant=q6-zero,n=4096,body=16;hip-wave=32 (64 operations; order redline -> vulkan -> hipgraph -> hip)
  redline      1.3438 us/op correctness=true mismatches=0
  vulkan       1.3806 us/op correctness=true mismatches=0
  hipgraph    16.4150 us/op correctness=true mismatches=0
  hip         17.1844 us/op correctness=true mismatches=0
[70/133] independent_throughput/packed-dot/variant=q4-scalar,n=4096,body=16;hip-wave=32 (64 operations; order vulkan -> hipgraph -> hip -> redline)
  vulkan       2.4300 us/op correctness=true mismatches=0
  hipgraph    17.8531 us/op correctness=true mismatches=0
  hip         19.5331 us/op correctness=true mismatches=0
  redline      1.5356 us/op correctness=true mismatches=0
[71/133] independent_throughput/vopd/variant=independent-fma,n=32768,body=64;hip-wave=32 (32 operations; order hipgraph -> hip -> redline -> vulkan)
  hipgraph    38.0150 us/op correctness=true mismatches=0
  hip         37.0613 us/op correctness=true mismatches=0
  redline      4.3963 us/op correctness=true mismatches=0
  vulkan       4.0438 us/op correctness=true mismatches=0
[72/133] independent_throughput/vopd/variant=dependent-fma,n=32768,body=64;hip-wave=32 (32 operations; order hip -> redline -> vulkan -> hipgraph)
  hip         36.8625 us/op correctness=true mismatches=0
  redline      4.3288 us/op correctness=true mismatches=0
  vulkan       4.0287 us/op correctness=true mismatches=0
  hipgraph    38.2013 us/op correctness=true mismatches=0
[73/133] independent_throughput/vopd/variant=mixed-int-float,n=32768,body=64;hip-wave=32 (32 operations; order redline -> vulkan -> hipgraph -> hip)
  redline     10.4925 us/op correctness=true mismatches=0
  vulkan       7.1775 us/op correctness=true mismatches=0
  hipgraph    41.9738 us/op correctness=true mismatches=0
  hip         39.8200 us/op correctness=true mismatches=0
[74/133] independent_throughput/vopd/variant=dequant-like,n=32768,body=64;hip-wave=32 (32 operations; order vulkan -> hipgraph -> hip -> redline)
  vulkan       6.6463 us/op correctness=true mismatches=0
  hipgraph    39.8538 us/op correctness=true mismatches=0
  hip         38.2337 us/op correctness=true mismatches=0
  redline      8.0412 us/op correctness=true mismatches=0
[75/133] independent_throughput/sampler/argmax,vocab=32768,rows=1;hip-wave=32 (64 operations; order hipgraph -> hip -> redline -> vulkan)
  hipgraph    22.3169 us/op correctness=true mismatches=0
  hip         22.2256 us/op correctness=true mismatches=0
  redline      0.4094 us/op correctness=true mismatches=0
  vulkan       1.9312 us/op correctness=true mismatches=0
[76/133] independent_throughput/sampler/argmax,vocab=32768,rows=4;hip-wave=32 (64 operations; order hip -> redline -> vulkan -> hipgraph)
  hip         21.7206 us/op correctness=true mismatches=0
  redline      0.6769 us/op correctness=true mismatches=0
  vulkan       1.9244 us/op correctness=true mismatches=0
  hipgraph    22.1519 us/op correctness=true mismatches=0
[77/133] independent_throughput/sampler/argmax,vocab=131072,rows=1;hip-wave=32 (64 operations; order redline -> vulkan -> hipgraph -> hip)
  redline      1.4763 us/op correctness=true mismatches=0
  vulkan       4.8388 us/op correctness=true mismatches=0
  hipgraph    51.6394 us/op correctness=true mismatches=0
  hip         52.6731 us/op correctness=true mismatches=0
[78/133] independent_throughput/sampler/argmax,vocab=131072,rows=4;hip-wave=32 (64 operations; order vulkan -> hipgraph -> hip -> redline)
  vulkan       4.8187 us/op correctness=true mismatches=0
  hipgraph    50.0900 us/op correctness=true mismatches=0
  hip         52.3788 us/op correctness=true mismatches=0
  redline      2.4731 us/op correctness=true mismatches=0
[79/133] independent_throughput/two-stage-reduction/k=8192,rows=4,splits=2;hip-wave=32 (64 operations; order hipgraph -> hip -> redline -> vulkan)
  hipgraph    27.9300 us/op correctness=true mismatches=0
  hip         27.9137 us/op correctness=true mismatches=0
  redline      4.3875 us/op correctness=true mismatches=0
  vulkan       6.5381 us/op correctness=true mismatches=0
[80/133] independent_throughput/two-stage-reduction/k=32768,rows=4,splits=8;hip-wave=32 (32 operations; order hip -> redline -> vulkan -> hipgraph)
  hip         32.1038 us/op correctness=true mismatches=0
  redline      5.4512 us/op correctness=true mismatches=0
  vulkan       7.2938 us/op correctness=true mismatches=0
  hipgraph    33.8937 us/op correctness=true mismatches=0
[81/133] independent_throughput/q4-selected-dual/m=512,k=768,tile=2;hip-wave=32 (32 operations; order redline -> vulkan -> hipgraph -> hip)
  redline      0.6550 us/op correctness=true mismatches=0
  vulkan       2.0175 us/op correctness=true mismatches=0
  hipgraph    19.3625 us/op correctness=true mismatches=0
  hip         17.5887 us/op correctness=true mismatches=0
[82/133] independent_throughput/q4-selected-dual/m=2048,k=2048,tile=2;hip-wave=32 (32 operations; order vulkan -> hipgraph -> hip -> redline)
  vulkan       3.8138 us/op correctness=true mismatches=0
  hipgraph    37.5763 us/op correctness=true mismatches=0
  hip         36.4925 us/op correctness=true mismatches=0
  redline      3.9100 us/op correctness=true mismatches=0
[83/133] independent_throughput/q4-selected-dual/m=4096,k=8192,tile=2;hip-wave=32 (16 operations; order hipgraph -> hip -> redline -> vulkan)
  hipgraph   158.9401 us/op correctness=true mismatches=0
  hip        158.8251 us/op correctness=true mismatches=0
  redline     31.3600 us/op correctness=true mismatches=0
  vulkan      31.3225 us/op correctness=true mismatches=0
[84/133] independent_throughput/q6-x8-selected-down/m=512,k=2048,tile=8;hip-wave=32 (32 operations; order hip -> redline -> vulkan -> hipgraph)
  hip         23.3900 us/op correctness=true mismatches=0
  redline      1.2012 us/op correctness=true mismatches=0
  vulkan       3.7425 us/op correctness=true mismatches=0
  hipgraph    25.1250 us/op correctness=true mismatches=0
[85/133] independent_throughput/q6-x8-selected-down/m=2048,k=4096,tile=8;hip-wave=32 (32 operations; order redline -> vulkan -> hipgraph -> hip)
  redline      5.6900 us/op correctness=true mismatches=0
  vulkan       6.0700 us/op correctness=true mismatches=0
  hipgraph    31.8300 us/op correctness=true mismatches=0
  hip         33.7425 us/op correctness=true mismatches=0
[86/133] independent_throughput/q6-x8-selected-down/m=4096,k=8192,tile=8;hip-wave=32 (16 operations; order vulkan -> hipgraph -> hip -> redline)
  vulkan      24.9725 us/op correctness=true mismatches=0
  hipgraph    93.4026 us/op correctness=true mismatches=0
  hip         89.1926 us/op correctness=true mismatches=0
  redline     28.6475 us/op correctness=true mismatches=0
[87/133] independent_throughput/dense-q8/m=512,k=768,tile=4;hip-wave=32 (32 operations; order hipgraph -> hip -> redline -> vulkan)
  hipgraph    18.6462 us/op correctness=true mismatches=0
  hip         18.7400 us/op correctness=true mismatches=0
  redline      0.5300 us/op correctness=true mismatches=0
  vulkan       2.1212 us/op correctness=true mismatches=0
[88/133] independent_throughput/dense-q8/m=2048,k=2048,tile=4;hip-wave=32 (32 operations; order hip -> redline -> vulkan -> hipgraph)
  hip         26.7350 us/op correctness=true mismatches=0
  redline      2.8588 us/op correctness=true mismatches=0
  vulkan       3.2938 us/op correctness=true mismatches=0
  hipgraph    28.2413 us/op correctness=true mismatches=0
[89/133] independent_throughput/dense-q8/m=2048,k=8192,tile=4;hip-wave=32 (16 operations; order redline -> vulkan -> hipgraph -> hip)
  redline     12.7000 us/op correctness=true mismatches=0
  vulkan      12.3725 us/op correctness=true mismatches=0
  hipgraph    59.3676 us/op correctness=true mismatches=0
  hip         54.0150 us/op correctness=true mismatches=0
[90/133] independent_throughput/dense-q8/m=4096,k=8192,tile=4;hip-wave=32 (16 operations; order vulkan -> hipgraph -> hip -> redline)
  vulkan      24.5575 us/op correctness=true mismatches=0
  hipgraph    91.9250 us/op correctness=true mismatches=0
  hip         88.7850 us/op correctness=true mismatches=0
  redline     24.4650 us/op correctness=true mismatches=0
[91/133] single_kernel_aggressive/dispatch-grid/count=1,grid=1;hip-wave=32 (1 operations; order hipgraph -> hip -> redline -> vulkan)
  hipgraph    26.7200 us/op correctness=true mismatches=0
  hip         20.5200 us/op correctness=true mismatches=0
  redline      2.4400 us/op correctness=true mismatches=0
  vulkan       4.2000 us/op correctness=true mismatches=0
[92/133] single_kernel_aggressive/dispatch-grid/count=50,grid=1;hip-wave=32 (1 operations; order hip -> redline -> vulkan -> hipgraph)
  hip         20.4000 us/op correctness=true mismatches=0
  redline      2.4800 us/op correctness=true mismatches=0
  vulkan       4.2400 us/op correctness=true mismatches=0
  hipgraph    26.6800 us/op correctness=true mismatches=0
[93/133] single_kernel_aggressive/dispatch-grid/count=200,grid=1;hip-wave=32 (1 operations; order redline -> vulkan -> hipgraph -> hip)
  redline      2.4800 us/op correctness=true mismatches=0
  vulkan       4.2000 us/op correctness=true mismatches=0
  hipgraph    26.6400 us/op correctness=true mismatches=0
  hip         20.2800 us/op correctness=true mismatches=0
[94/133] single_kernel_aggressive/dispatch-grid/count=941,grid=1;hip-wave=32 (1 operations; order vulkan -> hipgraph -> hip -> redline)
  vulkan       4.2800 us/op correctness=true mismatches=0
  hipgraph    26.8800 us/op correctness=true mismatches=0
  hip         20.6000 us/op correctness=true mismatches=0
  redline      2.5200 us/op correctness=true mismatches=0
[95/133] single_kernel_aggressive/dispatch-grid/count=64,grid=128;hip-wave=32 (1 operations; order hipgraph -> hip -> redline -> vulkan)
  hipgraph    31.8400 us/op correctness=true mismatches=0
  hip         26.2400 us/op correctness=true mismatches=0
  redline      3.8400 us/op correctness=true mismatches=0
  vulkan       4.3200 us/op correctness=true mismatches=0
[96/133] single_kernel_aggressive/dispatch-grid/count=64,grid=1024;hip-wave=32 (1 operations; order hip -> redline -> vulkan -> hipgraph)
  hip        160.6800 us/op correctness=true mismatches=0
  redline      4.7600 us/op correctness=true mismatches=0
  vulkan       5.0000 us/op correctness=true mismatches=0
  hipgraph   166.1610 us/op correctness=true mismatches=0
[97/133] single_kernel_aggressive/dispatch-grid/count=64,grid=8192;hip-wave=32 (1 operations; order redline -> vulkan -> hipgraph -> hip)
  redline     10.8800 us/op correctness=true mismatches=0
  vulkan       9.2800 us/op correctness=true mismatches=0
  hipgraph  1240.0399 us/op correctness=true mismatches=0
  hip       1234.3600 us/op correctness=true mismatches=0
[98/133] single_kernel_aggressive/geometry/k=512,rows=1,wg=256;hip-wave=32 (1 operations; order vulkan -> hipgraph -> hip -> redline)
  vulkan      11.6400 us/op correctness=true mismatches=0
  hipgraph    26.7200 us/op correctness=true mismatches=0
  hip         20.7600 us/op correctness=true mismatches=0
  redline      8.5200 us/op correctness=true mismatches=0
[99/133] single_kernel_aggressive/geometry/k=512,rows=4,wg=256;hip-wave=32 (1 operations; order hipgraph -> hip -> redline -> vulkan)
  hipgraph    18.7200 us/op correctness=true mismatches=0
  hip         13.1200 us/op correctness=true mismatches=0
  redline      8.5200 us/op correctness=true mismatches=0
  vulkan      11.6000 us/op correctness=true mismatches=0
[100/133] single_kernel_aggressive/geometry/k=2048,rows=1,wg=256;hip-wave=32 (1 operations; order hip -> redline -> vulkan -> hipgraph)
  hip         28.5200 us/op correctness=true mismatches=0
  redline     23.7600 us/op correctness=true mismatches=0
  vulkan      30.8000 us/op correctness=true mismatches=0
  hipgraph    33.9200 us/op correctness=true mismatches=0
[101/133] single_kernel_aggressive/geometry/k=2048,rows=4,wg=256;hip-wave=32 (1 operations; order redline -> vulkan -> hipgraph -> hip)
  redline     23.6800 us/op correctness=true mismatches=0
  vulkan      30.6000 us/op correctness=true mismatches=0
  hipgraph    33.7600 us/op correctness=true mismatches=0
  hip         28.3600 us/op correctness=true mismatches=0
[102/133] single_kernel_aggressive/reduction/variant=wave,k=8192,rows=1;hip-wave=32 (1 operations; order vulkan -> hipgraph -> hip -> redline)
  vulkan      79.8000 us/op correctness=true mismatches=0
  hipgraph    77.2000 us/op correctness=true mismatches=0
  hip         71.9200 us/op correctness=true mismatches=0
  redline     67.3200 us/op correctness=true mismatches=0
[103/133] single_kernel_aggressive/reduction/variant=wave,k=8192,rows=4;hip-wave=32 (1 operations; order hipgraph -> hip -> redline -> vulkan)
  hipgraph    79.0000 us/op correctness=true mismatches=0
  hip         72.8000 us/op correctness=true mismatches=0
  redline     68.9200 us/op correctness=true mismatches=0
  vulkan      80.6000 us/op correctness=true mismatches=0
[104/133] single_kernel_aggressive/reduction/variant=lds-tree,k=8192,rows=1;hip-wave=32 (1 operations; order hip -> redline -> vulkan -> hipgraph)
  hip         72.0400 us/op correctness=true mismatches=0
  redline     68.0000 us/op correctness=true mismatches=0
  vulkan      79.3200 us/op correctness=true mismatches=0
  hipgraph    78.1600 us/op correctness=true mismatches=0
[105/133] single_kernel_aggressive/reduction/variant=lds-tree,k=8192,rows=4;hip-wave=32 (1 operations; order redline -> vulkan -> hipgraph -> hip)
  redline     68.7200 us/op correctness=true mismatches=0
  vulkan      80.1600 us/op correctness=true mismatches=0
  hipgraph    77.9600 us/op correctness=true mismatches=0
  hip         73.5200 us/op correctness=true mismatches=0
[106/133] single_kernel_aggressive/memory-waitcnt/variant=coalesced4,n=4096,body=16;hip-wave=32 (1 operations; order vulkan -> hipgraph -> hip -> redline)
  vulkan       7.2800 us/op correctness=true mismatches=0
  hipgraph    15.6800 us/op correctness=true mismatches=0
  hip         12.0000 us/op correctness=true mismatches=0
  redline      6.1600 us/op correctness=true mismatches=0
[107/133] single_kernel_aggressive/memory-waitcnt/variant=coalesced4,n=32768,body=16;hip-wave=32 (1 operations; order hipgraph -> hip -> redline -> vulkan)
  hipgraph    32.4800 us/op correctness=true mismatches=0
  hip         26.5600 us/op correctness=true mismatches=0
  redline      7.6000 us/op correctness=true mismatches=0
  vulkan       8.8800 us/op correctness=true mismatches=0
[108/133] single_kernel_aggressive/memory-waitcnt/variant=gather,n=4096,body=16;hip-wave=32 (1 operations; order hip -> redline -> vulkan -> hipgraph)
  hip         11.6800 us/op correctness=true mismatches=0
  redline      7.4800 us/op correctness=true mismatches=0
  vulkan       8.8400 us/op correctness=true mismatches=0
  hipgraph    17.4400 us/op correctness=true mismatches=0
[109/133] single_kernel_aggressive/memory-waitcnt/variant=gather,n=32768,body=16;hip-wave=32 (1 operations; order redline -> vulkan -> hipgraph -> hip)
  redline     13.6000 us/op correctness=true mismatches=0
  vulkan      13.2000 us/op correctness=true mismatches=0
  hipgraph    32.5600 us/op correctness=true mismatches=0
  hip         26.7200 us/op correctness=true mismatches=0
[110/133] single_kernel_aggressive/memory-waitcnt/variant=interleave4,n=4096,body=16;hip-wave=32 (1 operations; order vulkan -> hipgraph -> hip -> redline)
  vulkan       7.5200 us/op correctness=true mismatches=0
  hipgraph    16.1200 us/op correctness=true mismatches=0
  hip         10.1200 us/op correctness=true mismatches=0
  redline      6.0400 us/op correctness=true mismatches=0
[111/133] single_kernel_aggressive/memory-waitcnt/variant=interleave4,n=32768,body=16;hip-wave=32 (1 operations; order hipgraph -> hip -> redline -> vulkan)
  hipgraph    35.2000 us/op correctness=true mismatches=0
  hip         28.0800 us/op correctness=true mismatches=0
  redline     10.4400 us/op correctness=true mismatches=0
  vulkan       8.9600 us/op correctness=true mismatches=0
[112/133] single_kernel_aggressive/packed-dot/variant=q8-signed,n=4096,body=16;hip-wave=32 (1 operations; order hip -> redline -> vulkan -> hipgraph)
  hip         10.8800 us/op correctness=true mismatches=0
  redline      6.6800 us/op correctness=true mismatches=0
  vulkan       7.9200 us/op correctness=true mismatches=0
  hipgraph    16.6000 us/op correctness=true mismatches=0
[113/133] single_kernel_aggressive/packed-dot/variant=q4-unsigned,n=4096,body=16;hip-wave=32 (1 operations; order redline -> vulkan -> hipgraph -> hip)
  redline      6.7600 us/op correctness=true mismatches=0
  vulkan       7.9200 us/op correctness=true mismatches=0
  hipgraph    16.4400 us/op correctness=true mismatches=0
  hip         10.8800 us/op correctness=true mismatches=0
[114/133] single_kernel_aggressive/packed-dot/variant=q6-zero,n=4096,body=16;hip-wave=32 (1 operations; order vulkan -> hipgraph -> hip -> redline)
  vulkan       8.1600 us/op correctness=true mismatches=0
  hipgraph    16.5200 us/op correctness=true mismatches=0
  hip         10.7200 us/op correctness=true mismatches=0
  redline      6.8400 us/op correctness=true mismatches=0
[115/133] single_kernel_aggressive/packed-dot/variant=q4-scalar,n=4096,body=16;hip-wave=32 (1 operations; order hipgraph -> hip -> redline -> vulkan)
  hipgraph    16.8800 us/op correctness=true mismatches=0
  hip         11.4400 us/op correctness=true mismatches=0
  redline      7.4800 us/op correctness=true mismatches=0
  vulkan      11.5200 us/op correctness=true mismatches=0
[116/133] single_kernel_aggressive/vopd/variant=independent-fma,n=32768,body=64;hip-wave=32 (1 operations; order hip -> redline -> vulkan -> hipgraph)
  hip         28.8400 us/op correctness=true mismatches=0
  redline      8.2400 us/op correctness=true mismatches=0
  vulkan       7.7200 us/op correctness=true mismatches=0
  hipgraph    34.4000 us/op correctness=true mismatches=0
[117/133] single_kernel_aggressive/vopd/variant=dependent-fma,n=32768,body=64;hip-wave=32 (1 operations; order redline -> vulkan -> hipgraph -> hip)
  redline      8.6800 us/op correctness=true mismatches=0
  vulkan       7.8000 us/op correctness=true mismatches=0
  hipgraph    34.0000 us/op correctness=true mismatches=0
  hip         28.4800 us/op correctness=true mismatches=0
[118/133] single_kernel_aggressive/vopd/variant=mixed-int-float,n=32768,body=64;hip-wave=32 (1 operations; order vulkan -> hipgraph -> hip -> redline)
  vulkan      11.1200 us/op correctness=true mismatches=0
  hipgraph    37.7600 us/op correctness=true mismatches=0
  hip         32.2800 us/op correctness=true mismatches=0
  redline     15.5200 us/op correctness=true mismatches=0
[119/133] single_kernel_aggressive/vopd/variant=dequant-like,n=32768,body=64;hip-wave=32 (1 operations; order hipgraph -> hip -> redline -> vulkan)
  hipgraph    35.6400 us/op correctness=true mismatches=0
  hip         30.1200 us/op correctness=true mismatches=0
  redline     13.8000 us/op correctness=true mismatches=0
  vulkan      10.3600 us/op correctness=true mismatches=0
[120/133] single_kernel_aggressive/sampler/argmax,vocab=32768,rows=1;hip-wave=32 (1 operations; order hip -> redline -> vulkan -> hipgraph)
  hip         31.6400 us/op correctness=true mismatches=0
  redline     26.5200 us/op correctness=true mismatches=0
  vulkan      27.6800 us/op correctness=true mismatches=0
  hipgraph    37.4800 us/op correctness=true mismatches=0
[121/133] single_kernel_aggressive/sampler/argmax,vocab=32768,rows=4;hip-wave=32 (1 operations; order redline -> vulkan -> hipgraph -> hip)
  redline     26.2800 us/op correctness=true mismatches=0
  vulkan      27.7600 us/op correctness=true mismatches=0
  hipgraph    36.3200 us/op correctness=true mismatches=0
  hip         30.9200 us/op correctness=true mismatches=0
[122/133] single_kernel_aggressive/sampler/argmax,vocab=131072,rows=1;hip-wave=32 (1 operations; order vulkan -> hipgraph -> hip -> redline)
  vulkan      95.7200 us/op correctness=true mismatches=0
  hipgraph   107.2000 us/op correctness=true mismatches=0
  hip         99.4400 us/op correctness=true mismatches=0
  redline     95.0000 us/op correctness=true mismatches=0
[123/133] single_kernel_aggressive/sampler/argmax,vocab=131072,rows=4;hip-wave=32 (1 operations; order hipgraph -> hip -> redline -> vulkan)
  hipgraph   106.3200 us/op correctness=true mismatches=0
  hip         99.0800 us/op correctness=true mismatches=0
  redline     95.4800 us/op correctness=true mismatches=0
  vulkan      95.3600 us/op correctness=true mismatches=0
[124/133] single_kernel_aggressive/q4-selected-dual/m=512,k=768,tile=2;hip-wave=32 (1 operations; order hip -> redline -> vulkan -> hipgraph)
  hip         10.2800 us/op correctness=true mismatches=0
  redline      6.0400 us/op correctness=true mismatches=0
  vulkan       7.4400 us/op correctness=true mismatches=0
  hipgraph    16.1200 us/op correctness=true mismatches=0
[125/133] single_kernel_aggressive/q4-selected-dual/m=2048,k=2048,tile=2;hip-wave=32 (1 operations; order redline -> vulkan -> hipgraph -> hip)
  redline     10.0800 us/op correctness=true mismatches=0
  vulkan      12.0400 us/op correctness=true mismatches=0
  hipgraph    34.2000 us/op correctness=true mismatches=0
  hip         28.4800 us/op correctness=true mismatches=0
[126/133] single_kernel_aggressive/q4-selected-dual/m=4096,k=8192,tile=2;hip-wave=32 (1 operations; order vulkan -> hipgraph -> hip -> redline)
  vulkan      43.6400 us/op correctness=true mismatches=0
  hipgraph   162.8800 us/op correctness=true mismatches=0
  hip        156.9600 us/op correctness=true mismatches=0
  redline     51.5200 us/op correctness=true mismatches=0
[127/133] single_kernel_aggressive/q6-x8-selected-down/m=512,k=2048,tile=8;hip-wave=32 (1 operations; order hipgraph -> hip -> redline -> vulkan)
  hipgraph    31.1200 us/op correctness=true mismatches=0
  hip         25.2800 us/op correctness=true mismatches=0
  redline     21.9600 us/op correctness=true mismatches=0
  vulkan      27.4800 us/op correctness=true mismatches=0
[128/133] single_kernel_aggressive/q6-x8-selected-down/m=2048,k=4096,tile=8;hip-wave=32 (1 operations; order hip -> redline -> vulkan -> hipgraph)
  hip         43.3200 us/op correctness=true mismatches=0
  redline     39.3200 us/op correctness=true mismatches=0
  vulkan      47.9200 us/op correctness=true mismatches=0
  hipgraph    48.6400 us/op correctness=true mismatches=0
[129/133] single_kernel_aggressive/q6-x8-selected-down/m=4096,k=8192,tile=8;hip-wave=32 (1 operations; order redline -> vulkan -> hipgraph -> hip)
  redline     79.7600 us/op correctness=true mismatches=0
  vulkan      98.2000 us/op correctness=true mismatches=0
  hipgraph    95.9200 us/op correctness=true mismatches=0
  hip         98.5600 us/op correctness=true mismatches=0
[130/133] single_kernel_aggressive/dense-q8/m=512,k=768,tile=4;hip-wave=32 (1 operations; order vulkan -> hipgraph -> hip -> redline)
  vulkan       8.4000 us/op correctness=true mismatches=0
  hipgraph    16.5200 us/op correctness=true mismatches=0
  hip         10.8400 us/op correctness=true mismatches=0
  redline      7.2400 us/op correctness=true mismatches=0
[131/133] single_kernel_aggressive/dense-q8/m=2048,k=2048,tile=4;hip-wave=32 (1 operations; order hipgraph -> hip -> redline -> vulkan)
  hipgraph    23.1600 us/op correctness=true mismatches=0
  hip         17.6400 us/op correctness=true mismatches=0
  redline     12.7600 us/op correctness=true mismatches=0
  vulkan      14.8400 us/op correctness=true mismatches=0
[132/133] single_kernel_aggressive/dense-q8/m=2048,k=8192,tile=4;hip-wave=32 (1 operations; order hip -> redline -> vulkan -> hipgraph)
  hip         48.6800 us/op correctness=true mismatches=0
  redline     37.5600 us/op correctness=true mismatches=0
  vulkan      48.6000 us/op correctness=true mismatches=0
  hipgraph    54.6800 us/op correctness=true mismatches=0
[133/133] single_kernel_aggressive/dense-q8/m=4096,k=8192,tile=4;hip-wave=32 (1 operations; order redline -> vulkan -> hipgraph -> hip)
  redline     46.1600 us/op correctness=true mismatches=0
  vulkan      55.3200 us/op correctness=true mismatches=0
  hipgraph    90.8400 us/op correctness=true mismatches=0
  hip         85.3200 us/op correctness=true mismatches=0
wrote results/gfx1201/2026-07-12-wave-policy-comparison/rep1-all32/results.json
wrote results/gfx1201/2026-07-12-wave-policy-comparison/rep1-all32/REPORT.md
Redline wins 78/133 (58.65%). Four-way placements: 1st 78, 2nd 53, 3rd 2, 4th 0.
