initializing Hipfire HIP bridge
initializing Redline retained-PM4 backend
initializing RADV Vulkan backend
[1/133] serial_latency/dispatch-grid/count=1,grid=1;hip-wave=32 (1 operations; order redline -> vulkan -> hipgraph -> hip)
  redline      3.7200 us/op correctness=true mismatches=0
  vulkan       7.1200 us/op correctness=true mismatches=0
  hipgraph    17.4400 us/op correctness=true mismatches=0
  hip          9.9600 us/op correctness=true mismatches=0
[2/133] serial_latency/dispatch-grid/count=50,grid=1;hip-wave=32 (50 operations; order vulkan -> hipgraph -> hip -> redline)
  vulkan       1.2144 us/op correctness=true mismatches=0
  hipgraph     3.4848 us/op correctness=true mismatches=0
  hip          3.9736 us/op correctness=true mismatches=0
  redline      1.6776 us/op correctness=true mismatches=0
[3/133] serial_latency/dispatch-grid/count=200,grid=1;hip-wave=32 (200 operations; order hipgraph -> hip -> redline -> vulkan)
  hipgraph     3.2464 us/op correctness=true mismatches=0
  hip          3.8636 us/op correctness=true mismatches=0
  redline      1.5630 us/op correctness=true mismatches=0
  vulkan       1.0492 us/op correctness=true mismatches=0
[4/133] serial_latency/dispatch-grid/count=941,grid=1;hip-wave=32 (941 operations; order hip -> redline -> vulkan -> hipgraph)
  hip          3.7948 us/op correctness=true mismatches=0
  redline      1.5393 us/op correctness=true mismatches=0
  vulkan       0.9838 us/op correctness=true mismatches=0
  hipgraph     3.2159 us/op correctness=true mismatches=0
[5/133] serial_latency/dispatch-grid/count=64,grid=128;hip-wave=32 (64 operations; order redline -> vulkan -> hipgraph -> hip)
  redline      2.9419 us/op correctness=true mismatches=0
  vulkan       1.1262 us/op correctness=true mismatches=0
  hipgraph     4.4938 us/op correctness=true mismatches=0
  hip          4.6831 us/op correctness=true mismatches=0
[6/133] serial_latency/dispatch-grid/count=64,grid=1024;hip-wave=32 (64 operations; order vulkan -> hipgraph -> hip -> redline)
  vulkan       2.1369 us/op correctness=true mismatches=0
  hipgraph    13.1394 us/op correctness=true mismatches=0
  hip         13.3307 us/op correctness=true mismatches=0
  redline      3.0050 us/op correctness=true mismatches=0
[7/133] serial_latency/dispatch-grid/count=64,grid=8192;hip-wave=32 (64 operations; order hipgraph -> hip -> redline -> vulkan)
  hipgraph    82.1603 us/op correctness=true mismatches=0
  hip         78.8815 us/op correctness=true mismatches=0
  redline      6.5769 us/op correctness=true mismatches=0
  vulkan      10.9675 us/op correctness=true mismatches=0
[8/133] serial_latency/geometry/k=512,rows=1,wg=256;hip-wave=32 (64 operations; order hip -> redline -> vulkan -> hipgraph)
  hip         18.7969 us/op correctness=true mismatches=0
  redline     13.4819 us/op correctness=true mismatches=0
  vulkan      15.4787 us/op correctness=true mismatches=0
  hipgraph    17.9457 us/op correctness=true mismatches=0
[9/133] serial_latency/geometry/k=512,rows=4,wg=256;hip-wave=32 (64 operations; order redline -> vulkan -> hipgraph -> hip)
  redline     13.5006 us/op correctness=true mismatches=0
  vulkan      15.4081 us/op correctness=true mismatches=0
  hipgraph    15.2657 us/op correctness=true mismatches=0
  hip         15.7313 us/op correctness=true mismatches=0
[10/133] serial_latency/geometry/k=2048,rows=1,wg=256;hip-wave=32 (64 operations; order vulkan -> hipgraph -> hip -> redline)
  vulkan      54.1819 us/op correctness=true mismatches=0
  hipgraph    46.1745 us/op correctness=true mismatches=0
  hip         46.6670 us/op correctness=true mismatches=0
  redline     44.3900 us/op correctness=true mismatches=0
[11/133] serial_latency/geometry/k=2048,rows=4,wg=256;hip-wave=32 (64 operations; order hipgraph -> hip -> redline -> vulkan)
  hipgraph    46.1545 us/op correctness=true mismatches=0
  hip         46.7402 us/op correctness=true mismatches=0
  redline     44.3406 us/op correctness=true mismatches=0
  vulkan      54.0081 us/op correctness=true mismatches=0
[12/133] serial_latency/reduction/variant=wave,k=8192,rows=1;hip-wave=32 (64 operations; order hip -> redline -> vulkan -> hipgraph)
  hip        137.3898 us/op correctness=true mismatches=0
  redline    133.6831 us/op correctness=true mismatches=0
  vulkan     152.9581 us/op correctness=true mismatches=0
  hipgraph   133.2623 us/op correctness=true mismatches=0
[13/133] serial_latency/reduction/variant=wave,k=8192,rows=4;hip-wave=32 (64 operations; order redline -> vulkan -> hipgraph -> hip)
  redline    135.3638 us/op correctness=true mismatches=0
  vulkan     154.6600 us/op correctness=true mismatches=0
  hipgraph   136.5885 us/op correctness=true mismatches=0
  hip        136.6529 us/op correctness=true mismatches=0
[14/133] serial_latency/reduction/variant=lds-tree,k=8192,rows=1;hip-wave=32 (64 operations; order vulkan -> hipgraph -> hip -> redline)
  vulkan     153.2612 us/op correctness=true mismatches=0
  hipgraph   135.8354 us/op correctness=true mismatches=0
  hip        133.1110 us/op correctness=true mismatches=0
  redline    133.6850 us/op correctness=true mismatches=0
[15/133] serial_latency/reduction/variant=lds-tree,k=8192,rows=4;hip-wave=32 (64 operations; order hipgraph -> hip -> redline -> vulkan)
  hipgraph   136.7448 us/op correctness=true mismatches=0
  hip        136.8098 us/op correctness=true mismatches=0
  redline    136.0444 us/op correctness=true mismatches=0
  vulkan     155.9569 us/op correctness=true mismatches=0
[16/133] serial_latency/memory-waitcnt/variant=coalesced4,n=4096,body=16;hip-wave=32 (64 operations; order hip -> redline -> vulkan -> hipgraph)
  hip          8.8957 us/op correctness=true mismatches=0
  redline      7.3662 us/op correctness=true mismatches=0
  vulkan       5.9819 us/op correctness=true mismatches=0
  hipgraph     8.4050 us/op correctness=true mismatches=0
[17/133] serial_latency/memory-waitcnt/variant=coalesced4,n=32768,body=16;hip-wave=32 (32 operations; order redline -> vulkan -> hipgraph -> hip)
  redline      8.6438 us/op correctness=true mismatches=0
  vulkan       6.7088 us/op correctness=true mismatches=0
  hipgraph    43.7489 us/op correctness=true mismatches=0
  hip         44.2126 us/op correctness=true mismatches=0
[18/133] serial_latency/memory-waitcnt/variant=gather,n=4096,body=16;hip-wave=32 (64 operations; order vulkan -> hipgraph -> hip -> redline)
  vulkan       8.9956 us/op correctness=true mismatches=0
  hipgraph     8.2838 us/op correctness=true mismatches=0
  hip          8.8688 us/op correctness=true mismatches=0
  redline      5.6469 us/op correctness=true mismatches=0
[19/133] serial_latency/memory-waitcnt/variant=gather,n=32768,body=16;hip-wave=32 (32 operations; order hipgraph -> hip -> redline -> vulkan)
  hipgraph    44.0514 us/op correctness=true mismatches=0
  hip         44.3751 us/op correctness=true mismatches=0
  redline     22.7375 us/op correctness=true mismatches=0
  vulkan      18.7462 us/op correctness=true mismatches=0
[20/133] serial_latency/memory-waitcnt/variant=interleave4,n=4096,body=16;hip-wave=64 (64 operations; order hip -> redline -> vulkan -> hipgraph)
  hip          8.4913 us/op correctness=true mismatches=0
  redline      6.9306 us/op correctness=true mismatches=0
  vulkan       6.1631 us/op correctness=true mismatches=0
  hipgraph     8.1588 us/op correctness=true mismatches=0
[21/133] serial_latency/memory-waitcnt/variant=interleave4,n=32768,body=16;hip-wave=64 (32 operations; order redline -> vulkan -> hipgraph -> hip)
  redline     12.2550 us/op correctness=true mismatches=0
  vulkan       9.7637 us/op correctness=true mismatches=0
  hipgraph    46.5277 us/op correctness=true mismatches=0
  hip         46.6452 us/op correctness=true mismatches=0
[22/133] serial_latency/packed-dot/variant=q8-signed,n=4096,body=16;hip-wave=32 (64 operations; order vulkan -> hipgraph -> hip -> redline)
  vulkan       7.4212 us/op correctness=true mismatches=0
  hipgraph     8.5207 us/op correctness=true mismatches=0
  hip          9.0044 us/op correctness=true mismatches=0
  redline      7.4450 us/op correctness=true mismatches=0
[23/133] serial_latency/packed-dot/variant=q4-unsigned,n=4096,body=16;hip-wave=32 (64 operations; order hipgraph -> hip -> redline -> vulkan)
  hipgraph     8.5150 us/op correctness=true mismatches=0
  hip          8.8875 us/op correctness=true mismatches=0
  redline      7.4269 us/op correctness=true mismatches=0
  vulkan       7.4100 us/op correctness=true mismatches=0
[24/133] serial_latency/packed-dot/variant=q6-zero,n=4096,body=16;hip-wave=32 (64 operations; order hip -> redline -> vulkan -> hipgraph)
  hip          9.0275 us/op correctness=true mismatches=0
  redline      7.3850 us/op correctness=true mismatches=0
  vulkan       7.7525 us/op correctness=true mismatches=0
  hipgraph     8.5325 us/op correctness=true mismatches=0
[25/133] serial_latency/packed-dot/variant=q4-scalar,n=4096,body=16;hip-wave=32 (64 operations; order redline -> vulkan -> hipgraph -> hip)
  redline      8.4656 us/op correctness=true mismatches=0
  vulkan      13.7000 us/op correctness=true mismatches=0
  hipgraph     9.7932 us/op correctness=true mismatches=0
  hip         10.1269 us/op correctness=true mismatches=0
[26/133] serial_latency/vopd/variant=independent-fma,n=32768,body=64;hip-wave=64 (32 operations; order vulkan -> hipgraph -> hip -> redline)
  vulkan       8.7637 us/op correctness=true mismatches=0
  hipgraph    46.6877 us/op correctness=true mismatches=0
  hip         47.0577 us/op correctness=true mismatches=0
  redline     10.3750 us/op correctness=true mismatches=0
[27/133] serial_latency/vopd/variant=dependent-fma,n=32768,body=64;hip-wave=64 (32 operations; order hipgraph -> hip -> redline -> vulkan)
  hipgraph    46.3314 us/op correctness=true mismatches=0
  hip         45.8889 us/op correctness=true mismatches=0
  redline     10.4600 us/op correctness=true mismatches=0
  vulkan       8.7800 us/op correctness=true mismatches=0
[28/133] serial_latency/vopd/variant=mixed-int-float,n=32768,body=64;hip-wave=64 (32 operations; order hip -> redline -> vulkan -> hipgraph)
  hip         52.6427 us/op correctness=true mismatches=0
  redline     22.4363 us/op correctness=true mismatches=0
  vulkan      15.3250 us/op correctness=true mismatches=0
  hipgraph    53.0677 us/op correctness=true mismatches=0
[29/133] serial_latency/vopd/variant=dequant-like,n=32768,body=64;hip-wave=64 (32 operations; order redline -> vulkan -> hipgraph -> hip)
  redline     20.3888 us/op correctness=true mismatches=0
  vulkan      13.9475 us/op correctness=true mismatches=0
  hipgraph    49.7102 us/op correctness=true mismatches=0
  hip         49.9477 us/op correctness=true mismatches=0
[30/133] serial_latency/sampler/argmax,vocab=32768,rows=1;hip-wave=32 (64 operations; order vulkan -> hipgraph -> hip -> redline)
  vulkan      40.7575 us/op correctness=true mismatches=0
  hipgraph    42.5070 us/op correctness=true mismatches=0
  hip         42.9508 us/op correctness=true mismatches=0
  redline     40.0412 us/op correctness=true mismatches=0
[31/133] serial_latency/sampler/argmax,vocab=32768,rows=4;hip-wave=32 (64 operations; order hipgraph -> hip -> redline -> vulkan)
  hipgraph    41.9176 us/op correctness=true mismatches=0
  hip         41.8326 us/op correctness=true mismatches=0
  redline     40.5300 us/op correctness=true mismatches=0
  vulkan      40.9400 us/op correctness=true mismatches=0
[32/133] serial_latency/sampler/argmax,vocab=131072,rows=1;hip-wave=32 (64 operations; order hip -> redline -> vulkan -> hipgraph)
  hip        154.8767 us/op correctness=true mismatches=0
  redline    151.0875 us/op correctness=true mismatches=0
  vulkan     156.8969 us/op correctness=true mismatches=0
  hipgraph   152.4948 us/op correctness=true mismatches=0
[33/133] serial_latency/sampler/argmax,vocab=131072,rows=4;hip-wave=32 (64 operations; order redline -> vulkan -> hipgraph -> hip)
  redline    152.4963 us/op correctness=true mismatches=0
  vulkan     157.0569 us/op correctness=true mismatches=0
  hipgraph   153.9424 us/op correctness=true mismatches=0
  hip        152.1549 us/op correctness=true mismatches=0
[34/133] serial_latency/two-stage-reduction/k=8192,rows=4,splits=2;hip-wave=32 (64 operations; order vulkan -> hipgraph -> hip -> redline)
  vulkan      10.1706 us/op correctness=true mismatches=0
  hipgraph    12.3382 us/op correctness=true mismatches=0
  hip         13.3844 us/op correctness=true mismatches=0
  redline      8.8631 us/op correctness=true mismatches=0
[35/133] serial_latency/two-stage-reduction/k=32768,rows=4,splits=8;hip-wave=32 (32 operations; order hipgraph -> hip -> redline -> vulkan)
  hipgraph    17.9600 us/op correctness=true mismatches=0
  hip         18.8326 us/op correctness=true mismatches=0
  redline      9.8588 us/op correctness=true mismatches=0
  vulkan      10.1675 us/op correctness=true mismatches=0
[36/133] serial_latency/q4-selected-dual/m=512,k=768,tile=2;hip-wave=64 (32 operations; order hip -> redline -> vulkan -> hipgraph)
  hip         20.6126 us/op correctness=true mismatches=0
  redline      5.7825 us/op correctness=true mismatches=0
  vulkan       5.9463 us/op correctness=true mismatches=0
  hipgraph    19.3801 us/op correctness=true mismatches=0
[37/133] serial_latency/q4-selected-dual/m=2048,k=2048,tile=2;hip-wave=64 (32 operations; order redline -> vulkan -> hipgraph -> hip)
  redline     10.7125 us/op correctness=true mismatches=0
  vulkan      13.6487 us/op correctness=true mismatches=0
  hipgraph    67.2314 us/op correctness=true mismatches=0
  hip         67.6177 us/op correctness=true mismatches=0
[38/133] serial_latency/q4-selected-dual/m=4096,k=8192,tile=2;hip-wave=64 (16 operations; order vulkan -> hipgraph -> hip -> redline)
  vulkan      59.7675 us/op correctness=true mismatches=0
  hipgraph   350.1436 us/op correctness=true mismatches=0
  hip        349.8036 us/op correctness=true mismatches=0
  redline     53.9025 us/op correctness=true mismatches=0
[39/133] serial_latency/q6-x8-selected-down/m=512,k=2048,tile=8;hip-wave=64 (32 operations; order hipgraph -> hip -> redline -> vulkan)
  hipgraph    24.3663 us/op correctness=true mismatches=0
  hip         24.7838 us/op correctness=true mismatches=0
  redline     23.2987 us/op correctness=true mismatches=0
  vulkan      38.8062 us/op correctness=true mismatches=0
[40/133] serial_latency/q6-x8-selected-down/m=2048,k=4096,tile=8;hip-wave=64 (32 operations; order hip -> redline -> vulkan -> hipgraph)
  hip         78.5827 us/op correctness=true mismatches=0
  redline     43.0425 us/op correctness=true mismatches=0
  vulkan      74.9000 us/op correctness=true mismatches=0
  hipgraph    77.9203 us/op correctness=true mismatches=0
[41/133] serial_latency/q6-x8-selected-down/m=4096,k=8192,tile=8;hip-wave=64 (16 operations; order redline -> vulkan -> hipgraph -> hip)
  redline     85.2250 us/op correctness=true mismatches=0
  vulkan     150.7550 us/op correctness=true mismatches=0
  hipgraph   154.8180 us/op correctness=true mismatches=0
  hip        153.8705 us/op correctness=true mismatches=0
[42/133] serial_latency/dense-q8/m=512,k=768,tile=4;hip-wave=64 (32 operations; order vulkan -> hipgraph -> hip -> redline)
  vulkan       8.1788 us/op correctness=true mismatches=0
  hipgraph    19.7676 us/op correctness=true mismatches=0
  hip         19.6738 us/op correctness=true mismatches=0
  redline      7.2562 us/op correctness=true mismatches=0
[43/133] serial_latency/dense-q8/m=2048,k=2048,tile=4;hip-wave=64 (32 operations; order hipgraph -> hip -> redline -> vulkan)
  hipgraph    65.0365 us/op correctness=true mismatches=0
  hip         65.3315 us/op correctness=true mismatches=0
  redline     13.7513 us/op correctness=true mismatches=0
  vulkan      18.9975 us/op correctness=true mismatches=0
[44/133] serial_latency/dense-q8/m=2048,k=8192,tile=4;hip-wave=64 (16 operations; order hip -> redline -> vulkan -> hipgraph)
  hip         91.9228 us/op correctness=true mismatches=0
  redline     40.4350 us/op correctness=true mismatches=0
  vulkan      69.9300 us/op correctness=true mismatches=0
  hipgraph    90.6378 us/op correctness=true mismatches=0
[45/133] serial_latency/dense-q8/m=4096,k=8192,tile=4;hip-wave=64 (16 operations; order redline -> vulkan -> hipgraph -> hip)
  redline     46.2375 us/op correctness=true mismatches=0
  vulkan      78.7475 us/op correctness=true mismatches=0
  hipgraph   175.8481 us/op correctness=true mismatches=0
  hip        175.9831 us/op correctness=true mismatches=0
[46/133] independent_throughput/dispatch-grid/count=1,grid=1;hip-wave=32 (1 operations; order vulkan -> hipgraph -> hip -> redline)
  vulkan       7.5200 us/op correctness=true mismatches=0
  hipgraph    17.6000 us/op correctness=true mismatches=0
  hip         10.6800 us/op correctness=true mismatches=0
  redline      3.9600 us/op correctness=true mismatches=0
[47/133] independent_throughput/dispatch-grid/count=50,grid=1;hip-wave=32 (50 operations; order hipgraph -> hip -> redline -> vulkan)
  hipgraph    12.9688 us/op correctness=true mismatches=0
  hip          8.2424 us/op correctness=true mismatches=0
  redline      0.1880 us/op correctness=true mismatches=0
  vulkan       1.1704 us/op correctness=true mismatches=0
[48/133] independent_throughput/dispatch-grid/count=200,grid=1;hip-wave=32 (200 operations; order hip -> redline -> vulkan -> hipgraph)
  hip          9.3366 us/op correctness=true mismatches=0
  redline      0.1146 us/op correctness=true mismatches=0
  vulkan       0.3996 us/op correctness=true mismatches=0
  hipgraph     9.4540 us/op correctness=true mismatches=0
[49/133] independent_throughput/dispatch-grid/count=941,grid=1;hip-wave=32 (941 operations; order redline -> vulkan -> hipgraph -> hip)
  redline      0.0870 us/op correctness=true mismatches=0
  vulkan       0.0854 us/op correctness=true mismatches=0
  hipgraph     8.6949 us/op correctness=true mismatches=0
  hip          8.5084 us/op correctness=true mismatches=0
[50/133] independent_throughput/dispatch-grid/count=64,grid=128;hip-wave=32 (64 operations; order vulkan -> hipgraph -> hip -> redline)
  vulkan       0.8594 us/op correctness=true mismatches=0
  hipgraph    10.3369 us/op correctness=true mismatches=0
  hip          9.9657 us/op correctness=true mismatches=0
  redline      0.2500 us/op correctness=true mismatches=0
[51/133] independent_throughput/dispatch-grid/count=64,grid=1024;hip-wave=32 (64 operations; order hipgraph -> hip -> redline -> vulkan)
  hipgraph    15.2125 us/op correctness=true mismatches=0
  hip         13.6575 us/op correctness=true mismatches=0
  redline      0.9519 us/op correctness=true mismatches=0
  vulkan       1.1863 us/op correctness=true mismatches=0
[52/133] independent_throughput/dispatch-grid/count=64,grid=8192;hip-wave=32 (64 operations; order hip -> redline -> vulkan -> hipgraph)
  hip         47.8264 us/op correctness=true mismatches=0
  redline      3.6306 us/op correctness=true mismatches=0
  vulkan       5.7044 us/op correctness=true mismatches=0
  hipgraph    50.0945 us/op correctness=true mismatches=0
[53/133] independent_throughput/geometry/k=512,rows=1,wg=256;hip-wave=32 (64 operations; order redline -> vulkan -> hipgraph -> hip)
  redline      0.1888 us/op correctness=true mismatches=0
  vulkan       1.2875 us/op correctness=true mismatches=0
  hipgraph    19.0794 us/op correctness=true mismatches=0
  hip         16.9894 us/op correctness=true mismatches=0
[54/133] independent_throughput/geometry/k=512,rows=4,wg=256;hip-wave=32 (64 operations; order vulkan -> hipgraph -> hip -> redline)
  vulkan       1.2844 us/op correctness=true mismatches=0
  hipgraph    12.1438 us/op correctness=true mismatches=0
  hip         11.6663 us/op correctness=true mismatches=0
  redline      0.3375 us/op correctness=true mismatches=0
[55/133] independent_throughput/geometry/k=2048,rows=1,wg=256;hip-wave=32 (64 operations; order hipgraph -> hip -> redline -> vulkan)
  hipgraph    17.0688 us/op correctness=true mismatches=0
  hip         17.1251 us/op correctness=true mismatches=0
  redline      0.4800 us/op correctness=true mismatches=0
  vulkan       2.1500 us/op correctness=true mismatches=0
[56/133] independent_throughput/geometry/k=2048,rows=4,wg=256;hip-wave=32 (64 operations; order hip -> redline -> vulkan -> hipgraph)
  hip         17.2138 us/op correctness=true mismatches=0
  redline      1.1394 us/op correctness=true mismatches=0
  vulkan       2.2138 us/op correctness=true mismatches=0
  hipgraph    17.7594 us/op correctness=true mismatches=0
[57/133] independent_throughput/reduction/variant=wave,k=8192,rows=1;hip-wave=32 (64 operations; order redline -> vulkan -> hipgraph -> hip)
  redline      1.1606 us/op correctness=true mismatches=0
  vulkan       4.5625 us/op correctness=true mismatches=0
  hipgraph    39.1751 us/op correctness=true mismatches=0
  hip         39.0557 us/op correctness=true mismatches=0
[58/133] independent_throughput/reduction/variant=wave,k=8192,rows=4;hip-wave=32 (64 operations; order vulkan -> hipgraph -> hip -> redline)
  vulkan       4.6513 us/op correctness=true mismatches=0
  hipgraph    40.6970 us/op correctness=true mismatches=0
  hip         39.4795 us/op correctness=true mismatches=0
  redline      2.3406 us/op correctness=true mismatches=0
[59/133] independent_throughput/reduction/variant=lds-tree,k=8192,rows=1;hip-wave=32 (64 operations; order hipgraph -> hip -> redline -> vulkan)
  hipgraph    38.8445 us/op correctness=true mismatches=0
  hip         38.8639 us/op correctness=true mismatches=0
  redline      1.1425 us/op correctness=true mismatches=0
  vulkan       4.3025 us/op correctness=true mismatches=0
[60/133] independent_throughput/reduction/variant=lds-tree,k=8192,rows=4;hip-wave=32 (64 operations; order hip -> redline -> vulkan -> hipgraph)
  hip         39.1026 us/op correctness=true mismatches=0
  redline      2.3381 us/op correctness=true mismatches=0
  vulkan       4.6025 us/op correctness=true mismatches=0
  hipgraph    40.3433 us/op correctness=true mismatches=0
[61/133] independent_throughput/memory-waitcnt/variant=coalesced4,n=4096,body=16;hip-wave=32 (64 operations; order redline -> vulkan -> hipgraph -> hip)
  redline      0.3494 us/op correctness=true mismatches=0
  vulkan       1.0781 us/op correctness=true mismatches=0
  hipgraph    12.9350 us/op correctness=true mismatches=0
  hip         11.5575 us/op correctness=true mismatches=0
[62/133] independent_throughput/memory-waitcnt/variant=coalesced4,n=32768,body=16;hip-wave=32 (32 operations; order vulkan -> hipgraph -> hip -> redline)
  vulkan       2.8775 us/op correctness=true mismatches=0
  hipgraph    33.1576 us/op correctness=true mismatches=0
  hip         27.1763 us/op correctness=true mismatches=0
  redline      2.4388 us/op correctness=true mismatches=0
[63/133] independent_throughput/memory-waitcnt/variant=gather,n=4096,body=16;hip-wave=32 (64 operations; order hipgraph -> hip -> redline -> vulkan)
  hipgraph    12.9294 us/op correctness=true mismatches=0
  hip         11.4050 us/op correctness=true mismatches=0
  redline      1.0462 us/op correctness=true mismatches=0
  vulkan       1.1900 us/op correctness=true mismatches=0
[64/133] independent_throughput/memory-waitcnt/variant=gather,n=32768,body=16;hip-wave=32 (32 operations; order hip -> redline -> vulkan -> hipgraph)
  hip         28.3601 us/op correctness=true mismatches=0
  redline      9.4213 us/op correctness=true mismatches=0
  vulkan       7.6925 us/op correctness=true mismatches=0
  hipgraph    36.2014 us/op correctness=true mismatches=0
[65/133] independent_throughput/memory-waitcnt/variant=interleave4,n=4096,body=16;hip-wave=64 (64 operations; order redline -> vulkan -> hipgraph -> hip)
  redline      0.5256 us/op correctness=true mismatches=0
  vulkan       1.2619 us/op correctness=true mismatches=0
  hipgraph    12.4069 us/op correctness=true mismatches=0
  hip         11.4107 us/op correctness=true mismatches=0
[66/133] independent_throughput/memory-waitcnt/variant=interleave4,n=32768,body=16;hip-wave=64 (32 operations; order vulkan -> hipgraph -> hip -> redline)
  vulkan       4.2725 us/op correctness=true mismatches=0
  hipgraph    31.8976 us/op correctness=true mismatches=0
  hip         28.1576 us/op correctness=true mismatches=0
  redline      3.8712 us/op correctness=true mismatches=0
[67/133] independent_throughput/packed-dot/variant=q8-signed,n=4096,body=16;hip-wave=32 (64 operations; order hipgraph -> hip -> redline -> vulkan)
  hipgraph    12.9163 us/op correctness=true mismatches=0
  hip         12.0575 us/op correctness=true mismatches=0
  redline      0.5575 us/op correctness=true mismatches=0
  vulkan       1.4094 us/op correctness=true mismatches=0
[68/133] independent_throughput/packed-dot/variant=q4-unsigned,n=4096,body=16;hip-wave=32 (64 operations; order hip -> redline -> vulkan -> hipgraph)
  hip         12.0375 us/op correctness=true mismatches=0
  redline      0.5494 us/op correctness=true mismatches=0
  vulkan       1.4013 us/op correctness=true mismatches=0
  hipgraph    12.5875 us/op correctness=true mismatches=0
[69/133] independent_throughput/packed-dot/variant=q6-zero,n=4096,body=16;hip-wave=32 (64 operations; order redline -> vulkan -> hipgraph -> hip)
  redline      0.5719 us/op correctness=true mismatches=0
  vulkan       1.4150 us/op correctness=true mismatches=0
  hipgraph    12.5394 us/op correctness=true mismatches=0
  hip         11.6325 us/op correctness=true mismatches=0
[70/133] independent_throughput/packed-dot/variant=q4-scalar,n=4096,body=16;hip-wave=32 (64 operations; order vulkan -> hipgraph -> hip -> redline)
  vulkan       2.4350 us/op correctness=true mismatches=0
  hipgraph    13.0807 us/op correctness=true mismatches=0
  hip         11.8244 us/op correctness=true mismatches=0
  redline      1.0731 us/op correctness=true mismatches=0
[71/133] independent_throughput/vopd/variant=independent-fma,n=32768,body=64;hip-wave=64 (32 operations; order hipgraph -> hip -> redline -> vulkan)
  hipgraph    34.1163 us/op correctness=true mismatches=0
  hip         29.4713 us/op correctness=true mismatches=0
  redline      3.6100 us/op correctness=true mismatches=0
  vulkan       4.0375 us/op correctness=true mismatches=0
[72/133] independent_throughput/vopd/variant=dependent-fma,n=32768,body=64;hip-wave=64 (32 operations; order hip -> redline -> vulkan -> hipgraph)
  hip         29.4801 us/op correctness=true mismatches=0
  redline      3.5162 us/op correctness=true mismatches=0
  vulkan       4.0150 us/op correctness=true mismatches=0
  hipgraph    34.2426 us/op correctness=true mismatches=0
[73/133] independent_throughput/vopd/variant=mixed-int-float,n=32768,body=64;hip-wave=64 (32 operations; order redline -> vulkan -> hipgraph -> hip)
  redline      8.9475 us/op correctness=true mismatches=0
  vulkan       7.4662 us/op correctness=true mismatches=0
  hipgraph    36.5776 us/op correctness=true mismatches=0
  hip         31.3476 us/op correctness=true mismatches=0
[74/133] independent_throughput/vopd/variant=dequant-like,n=32768,body=64;hip-wave=64 (32 operations; order vulkan -> hipgraph -> hip -> redline)
  vulkan       6.6800 us/op correctness=true mismatches=0
  hipgraph    34.8276 us/op correctness=true mismatches=0
  hip         29.3763 us/op correctness=true mismatches=0
  redline      7.8137 us/op correctness=true mismatches=0
[75/133] independent_throughput/sampler/argmax,vocab=32768,rows=1;hip-wave=32 (64 operations; order hipgraph -> hip -> redline -> vulkan)
  hipgraph    17.0850 us/op correctness=true mismatches=0
  hip         16.6069 us/op correctness=true mismatches=0
  redline      0.3869 us/op correctness=true mismatches=0
  vulkan       1.9281 us/op correctness=true mismatches=0
[76/133] independent_throughput/sampler/argmax,vocab=32768,rows=4;hip-wave=32 (64 operations; order hip -> redline -> vulkan -> hipgraph)
  hip         16.9107 us/op correctness=true mismatches=0
  redline      0.6300 us/op correctness=true mismatches=0
  vulkan       1.9238 us/op correctness=true mismatches=0
  hipgraph    17.8801 us/op correctness=true mismatches=0
[77/133] independent_throughput/sampler/argmax,vocab=131072,rows=1;hip-wave=32 (64 operations; order redline -> vulkan -> hipgraph -> hip)
  redline      1.3838 us/op correctness=true mismatches=0
  vulkan       4.9269 us/op correctness=true mismatches=0
  hipgraph    47.1070 us/op correctness=true mismatches=0
  hip         45.5001 us/op correctness=true mismatches=0
[78/133] independent_throughput/sampler/argmax,vocab=131072,rows=4;hip-wave=32 (64 operations; order vulkan -> hipgraph -> hip -> redline)
  vulkan       4.8419 us/op correctness=true mismatches=0
  hipgraph    46.4827 us/op correctness=true mismatches=0
  hip         45.7101 us/op correctness=true mismatches=0
  redline      2.3013 us/op correctness=true mismatches=0
[79/133] independent_throughput/two-stage-reduction/k=8192,rows=4,splits=2;hip-wave=32 (64 operations; order hipgraph -> hip -> redline -> vulkan)
  hipgraph    20.0957 us/op correctness=true mismatches=0
  hip         20.3388 us/op correctness=true mismatches=0
  redline      4.2019 us/op correctness=true mismatches=0
  vulkan       6.4506 us/op correctness=true mismatches=0
[80/133] independent_throughput/two-stage-reduction/k=32768,rows=4,splits=8;hip-wave=32 (32 operations; order hip -> redline -> vulkan -> hipgraph)
  hip         24.4601 us/op correctness=true mismatches=0
  redline      5.2512 us/op correctness=true mismatches=0
  vulkan       7.2425 us/op correctness=true mismatches=0
  hipgraph    25.9001 us/op correctness=true mismatches=0
[81/133] independent_throughput/q4-selected-dual/m=512,k=768,tile=2;hip-wave=64 (32 operations; order redline -> vulkan -> hipgraph -> hip)
  redline      0.6000 us/op correctness=true mismatches=0
  vulkan       1.9625 us/op correctness=true mismatches=0
  hipgraph    20.1176 us/op correctness=true mismatches=0
  hip         16.8338 us/op correctness=true mismatches=0
[82/133] independent_throughput/q4-selected-dual/m=2048,k=2048,tile=2;hip-wave=64 (32 operations; order vulkan -> hipgraph -> hip -> redline)
  vulkan       3.8163 us/op correctness=true mismatches=0
  hipgraph    46.0414 us/op correctness=true mismatches=0
  hip         40.7464 us/op correctness=true mismatches=0
  redline      2.6538 us/op correctness=true mismatches=0
[83/133] independent_throughput/q4-selected-dual/m=4096,k=8192,tile=2;hip-wave=64 (16 operations; order hipgraph -> hip -> redline -> vulkan)
  hipgraph   204.8306 us/op correctness=true mismatches=0
  hip        199.7481 us/op correctness=true mismatches=0
  redline     20.7725 us/op correctness=true mismatches=0
  vulkan      31.0250 us/op correctness=true mismatches=0
[84/133] independent_throughput/q6-x8-selected-down/m=512,k=2048,tile=8;hip-wave=64 (32 operations; order hip -> redline -> vulkan -> hipgraph)
  hip         17.0876 us/op correctness=true mismatches=0
  redline      0.8475 us/op correctness=true mismatches=0
  vulkan       3.7325 us/op correctness=true mismatches=0
  hipgraph    18.5988 us/op correctness=true mismatches=0
[85/133] independent_throughput/q6-x8-selected-down/m=2048,k=4096,tile=8;hip-wave=64 (32 operations; order redline -> vulkan -> hipgraph -> hip)
  redline      3.5550 us/op correctness=true mismatches=0
  vulkan       6.0663 us/op correctness=true mismatches=0
  hipgraph    48.7664 us/op correctness=true mismatches=0
  hip         44.4776 us/op correctness=true mismatches=0
[86/133] independent_throughput/q6-x8-selected-down/m=4096,k=8192,tile=8;hip-wave=64 (16 operations; order vulkan -> hipgraph -> hip -> redline)
  vulkan      25.1000 us/op correctness=true mismatches=0
  hipgraph    93.2528 us/op correctness=true mismatches=0
  hip         84.5703 us/op correctness=true mismatches=0
  redline     18.2750 us/op correctness=true mismatches=0
[87/133] independent_throughput/dense-q8/m=512,k=768,tile=4;hip-wave=64 (32 operations; order hipgraph -> hip -> redline -> vulkan)
  hipgraph    19.5001 us/op correctness=true mismatches=0
  hip         16.8151 us/op correctness=true mismatches=0
  redline      0.4587 us/op correctness=true mismatches=0
  vulkan       2.1225 us/op correctness=true mismatches=0
[88/133] independent_throughput/dense-q8/m=2048,k=2048,tile=4;hip-wave=64 (32 operations; order hip -> redline -> vulkan -> hipgraph)
  hip         45.4114 us/op correctness=true mismatches=0
  redline      1.9775 us/op correctness=true mismatches=0
  vulkan       3.3013 us/op correctness=true mismatches=0
  hipgraph    46.2102 us/op correctness=true mismatches=0
[89/133] independent_throughput/dense-q8/m=2048,k=8192,tile=4;hip-wave=64 (16 operations; order redline -> vulkan -> hipgraph -> hip)
  redline      8.5400 us/op correctness=true mismatches=0
  vulkan      12.5350 us/op correctness=true mismatches=0
  hipgraph    60.7052 us/op correctness=true mismatches=0
  hip         54.9052 us/op correctness=true mismatches=0
[90/133] independent_throughput/dense-q8/m=4096,k=8192,tile=4;hip-wave=64 (16 operations; order vulkan -> hipgraph -> hip -> redline)
  vulkan      24.1350 us/op correctness=true mismatches=0
  hipgraph   111.0579 us/op correctness=true mismatches=0
  hip        101.9103 us/op correctness=true mismatches=0
  redline     18.5500 us/op correctness=true mismatches=0
[91/133] single_kernel_aggressive/dispatch-grid/count=1,grid=1;hip-wave=32 (1 operations; order hipgraph -> hip -> redline -> vulkan)
  hipgraph    12.5200 us/op correctness=true mismatches=0
  hip          7.2400 us/op correctness=true mismatches=0
  redline      2.4400 us/op correctness=true mismatches=0
  vulkan       4.2400 us/op correctness=true mismatches=0
[92/133] single_kernel_aggressive/dispatch-grid/count=50,grid=1;hip-wave=32 (1 operations; order hip -> redline -> vulkan -> hipgraph)
  hip          7.0400 us/op correctness=true mismatches=0
  redline      2.5200 us/op correctness=true mismatches=0
  vulkan       4.2000 us/op correctness=true mismatches=0
  hipgraph    12.8000 us/op correctness=true mismatches=0
[93/133] single_kernel_aggressive/dispatch-grid/count=200,grid=1;hip-wave=32 (1 operations; order redline -> vulkan -> hipgraph -> hip)
  redline      2.3600 us/op correctness=true mismatches=0
  vulkan       4.2000 us/op correctness=true mismatches=0
  hipgraph    12.6000 us/op correctness=true mismatches=0
  hip          7.1600 us/op correctness=true mismatches=0
[94/133] single_kernel_aggressive/dispatch-grid/count=941,grid=1;hip-wave=32 (1 operations; order vulkan -> hipgraph -> hip -> redline)
  vulkan       4.2000 us/op correctness=true mismatches=0
  hipgraph    12.8400 us/op correctness=true mismatches=0
  hip          7.1600 us/op correctness=true mismatches=0
  redline      2.5200 us/op correctness=true mismatches=0
[95/133] single_kernel_aggressive/dispatch-grid/count=64,grid=128;hip-wave=32 (1 operations; order hipgraph -> hip -> redline -> vulkan)
  hipgraph    13.2000 us/op correctness=true mismatches=0
  hip          7.5200 us/op correctness=true mismatches=0
  redline      3.8000 us/op correctness=true mismatches=0
  vulkan       4.3200 us/op correctness=true mismatches=0
[96/133] single_kernel_aggressive/dispatch-grid/count=64,grid=1024;hip-wave=32 (1 operations; order hip -> redline -> vulkan -> hipgraph)
  hip         11.8000 us/op correctness=true mismatches=0
  redline      3.8800 us/op correctness=true mismatches=0
  vulkan       5.0000 us/op correctness=true mismatches=0
  hipgraph    17.7600 us/op correctness=true mismatches=0
[97/133] single_kernel_aggressive/dispatch-grid/count=64,grid=8192;hip-wave=32 (1 operations; order redline -> vulkan -> hipgraph -> hip)
  redline      5.9200 us/op correctness=true mismatches=0
  vulkan       9.2400 us/op correctness=true mismatches=0
  hipgraph    51.5600 us/op correctness=true mismatches=0
  hip         45.6800 us/op correctness=true mismatches=0
[98/133] single_kernel_aggressive/geometry/k=512,rows=1,wg=256;hip-wave=32 (1 operations; order vulkan -> hipgraph -> hip -> redline)
  vulkan      11.6000 us/op correctness=true mismatches=0
  hipgraph    26.8800 us/op correctness=true mismatches=0
  hip         20.8400 us/op correctness=true mismatches=0
  redline      8.4400 us/op correctness=true mismatches=0
[99/133] single_kernel_aggressive/geometry/k=512,rows=4,wg=256;hip-wave=32 (1 operations; order hipgraph -> hip -> redline -> vulkan)
  hipgraph    18.7600 us/op correctness=true mismatches=0
  hip         13.1200 us/op correctness=true mismatches=0
  redline      8.3200 us/op correctness=true mismatches=0
  vulkan      11.5600 us/op correctness=true mismatches=0
[100/133] single_kernel_aggressive/geometry/k=2048,rows=1,wg=256;hip-wave=32 (1 operations; order hip -> redline -> vulkan -> hipgraph)
  hip         28.7200 us/op correctness=true mismatches=0
  redline     23.8400 us/op correctness=true mismatches=0
  vulkan      30.8000 us/op correctness=true mismatches=0
  hipgraph    34.1600 us/op correctness=true mismatches=0
[101/133] single_kernel_aggressive/geometry/k=2048,rows=4,wg=256;hip-wave=32 (1 operations; order redline -> vulkan -> hipgraph -> hip)
  redline     23.4800 us/op correctness=true mismatches=0
  vulkan      30.5200 us/op correctness=true mismatches=0
  hipgraph    33.7600 us/op correctness=true mismatches=0
  hip         28.2400 us/op correctness=true mismatches=0
[102/133] single_kernel_aggressive/reduction/variant=wave,k=8192,rows=1;hip-wave=32 (1 operations; order vulkan -> hipgraph -> hip -> redline)
  vulkan      79.8800 us/op correctness=true mismatches=0
  hipgraph    79.8800 us/op correctness=true mismatches=0
  hip         72.4410 us/op correctness=true mismatches=0
  redline     68.3200 us/op correctness=true mismatches=0
[103/133] single_kernel_aggressive/reduction/variant=wave,k=8192,rows=4;hip-wave=32 (1 operations; order hipgraph -> hip -> redline -> vulkan)
  hipgraph    78.4400 us/op correctness=true mismatches=0
  hip         72.8410 us/op correctness=true mismatches=0
  redline     69.1600 us/op correctness=true mismatches=0
  vulkan      80.7600 us/op correctness=true mismatches=0
[104/133] single_kernel_aggressive/reduction/variant=lds-tree,k=8192,rows=1;hip-wave=32 (1 operations; order hip -> redline -> vulkan -> hipgraph)
  hip         71.0000 us/op correctness=true mismatches=0
  redline     68.0800 us/op correctness=true mismatches=0
  vulkan      78.9200 us/op correctness=true mismatches=0
  hipgraph    77.5200 us/op correctness=true mismatches=0
[105/133] single_kernel_aggressive/reduction/variant=lds-tree,k=8192,rows=4;hip-wave=32 (1 operations; order redline -> vulkan -> hipgraph -> hip)
  redline     68.8800 us/op correctness=true mismatches=0
  vulkan      80.5600 us/op correctness=true mismatches=0
  hipgraph    79.0400 us/op correctness=true mismatches=0
  hip         73.5600 us/op correctness=true mismatches=0
[106/133] single_kernel_aggressive/memory-waitcnt/variant=coalesced4,n=4096,body=16;hip-wave=32 (1 operations; order vulkan -> hipgraph -> hip -> redline)
  vulkan       7.2000 us/op correctness=true mismatches=0
  hipgraph    15.6000 us/op correctness=true mismatches=0
  hip         10.0400 us/op correctness=true mismatches=0
  redline      6.1600 us/op correctness=true mismatches=0
[107/133] single_kernel_aggressive/memory-waitcnt/variant=coalesced4,n=32768,body=16;hip-wave=32 (1 operations; order hipgraph -> hip -> redline -> vulkan)
  hipgraph    32.0800 us/op correctness=true mismatches=0
  hip         26.4800 us/op correctness=true mismatches=0
  redline      7.7600 us/op correctness=true mismatches=0
  vulkan       8.8800 us/op correctness=true mismatches=0
[108/133] single_kernel_aggressive/memory-waitcnt/variant=gather,n=4096,body=16;hip-wave=32 (1 operations; order hip -> redline -> vulkan -> hipgraph)
  hip          9.6000 us/op correctness=true mismatches=0
  redline      4.8400 us/op correctness=true mismatches=0
  vulkan       8.8000 us/op correctness=true mismatches=0
  hipgraph    15.5210 us/op correctness=true mismatches=0
[109/133] single_kernel_aggressive/memory-waitcnt/variant=gather,n=32768,body=16;hip-wave=32 (1 operations; order redline -> vulkan -> hipgraph -> hip)
  redline     12.9600 us/op correctness=true mismatches=0
  vulkan      13.3600 us/op correctness=true mismatches=0
  hipgraph    32.6400 us/op correctness=true mismatches=0
  hip         26.8010 us/op correctness=true mismatches=0
[110/133] single_kernel_aggressive/memory-waitcnt/variant=interleave4,n=4096,body=16;hip-wave=64 (1 operations; order vulkan -> hipgraph -> hip -> redline)
  vulkan       7.4400 us/op correctness=true mismatches=0
  hipgraph    15.4000 us/op correctness=true mismatches=0
  hip          9.9200 us/op correctness=true mismatches=0
  redline      6.4800 us/op correctness=true mismatches=0
[111/133] single_kernel_aggressive/memory-waitcnt/variant=interleave4,n=32768,body=16;hip-wave=64 (1 operations; order hipgraph -> hip -> redline -> vulkan)
  hipgraph    17.4800 us/op correctness=true mismatches=0
  hip         12.0000 us/op correctness=true mismatches=0
  redline      8.9600 us/op correctness=true mismatches=0
  vulkan       8.9200 us/op correctness=true mismatches=0
[112/133] single_kernel_aggressive/packed-dot/variant=q8-signed,n=4096,body=16;hip-wave=32 (1 operations; order hip -> redline -> vulkan -> hipgraph)
  hip         10.2800 us/op correctness=true mismatches=0
  redline      6.1200 us/op correctness=true mismatches=0
  vulkan       7.9600 us/op correctness=true mismatches=0
  hipgraph    16.2000 us/op correctness=true mismatches=0
[113/133] single_kernel_aggressive/packed-dot/variant=q4-unsigned,n=4096,body=16;hip-wave=32 (1 operations; order redline -> vulkan -> hipgraph -> hip)
  redline      6.2000 us/op correctness=true mismatches=0
  vulkan       7.9600 us/op correctness=true mismatches=0
  hipgraph    15.8800 us/op correctness=true mismatches=0
  hip         10.3200 us/op correctness=true mismatches=0
[114/133] single_kernel_aggressive/packed-dot/variant=q6-zero,n=4096,body=16;hip-wave=32 (1 operations; order vulkan -> hipgraph -> hip -> redline)
  vulkan       8.2400 us/op correctness=true mismatches=0
  hipgraph    15.8400 us/op correctness=true mismatches=0
  hip         10.4400 us/op correctness=true mismatches=0
  redline      6.1600 us/op correctness=true mismatches=0
[115/133] single_kernel_aggressive/packed-dot/variant=q4-scalar,n=4096,body=16;hip-wave=32 (1 operations; order hipgraph -> hip -> redline -> vulkan)
  hipgraph    16.2400 us/op correctness=true mismatches=0
  hip         11.8800 us/op correctness=true mismatches=0
  redline      6.7200 us/op correctness=true mismatches=0
  vulkan      11.4400 us/op correctness=true mismatches=0
[116/133] single_kernel_aggressive/vopd/variant=independent-fma,n=32768,body=64;hip-wave=64 (1 operations; order hip -> redline -> vulkan -> hipgraph)
  hip         28.1600 us/op correctness=true mismatches=0
  redline      7.6800 us/op correctness=true mismatches=0
  vulkan       7.7600 us/op correctness=true mismatches=0
  hipgraph    33.8000 us/op correctness=true mismatches=0
[117/133] single_kernel_aggressive/vopd/variant=dependent-fma,n=32768,body=64;hip-wave=64 (1 operations; order redline -> vulkan -> hipgraph -> hip)
  redline      7.4800 us/op correctness=true mismatches=0
  vulkan       7.8000 us/op correctness=true mismatches=0
  hipgraph    34.7200 us/op correctness=true mismatches=0
  hip         28.6000 us/op correctness=true mismatches=0
[118/133] single_kernel_aggressive/vopd/variant=mixed-int-float,n=32768,body=64;hip-wave=64 (1 operations; order vulkan -> hipgraph -> hip -> redline)
  vulkan      11.1600 us/op correctness=true mismatches=0
  hipgraph    36.3610 us/op correctness=true mismatches=0
  hip         30.9210 us/op correctness=true mismatches=0
  redline     13.2400 us/op correctness=true mismatches=0
[119/133] single_kernel_aggressive/vopd/variant=dequant-like,n=32768,body=64;hip-wave=64 (1 operations; order hipgraph -> hip -> redline -> vulkan)
  hipgraph    34.9200 us/op correctness=true mismatches=0
  hip         29.3200 us/op correctness=true mismatches=0
  redline     12.8400 us/op correctness=true mismatches=0
  vulkan      10.3600 us/op correctness=true mismatches=0
[120/133] single_kernel_aggressive/sampler/argmax,vocab=32768,rows=1;hip-wave=32 (1 operations; order hip -> redline -> vulkan -> hipgraph)
  hip         29.9200 us/op correctness=true mismatches=0
  redline     25.4800 us/op correctness=true mismatches=0
  vulkan      27.9600 us/op correctness=true mismatches=0
  hipgraph    35.8000 us/op correctness=true mismatches=0
[121/133] single_kernel_aggressive/sampler/argmax,vocab=32768,rows=4;hip-wave=32 (1 operations; order redline -> vulkan -> hipgraph -> hip)
  redline     24.9600 us/op correctness=true mismatches=0
  vulkan      27.8000 us/op correctness=true mismatches=0
  hipgraph    34.7200 us/op correctness=true mismatches=0
  hip         29.2800 us/op correctness=true mismatches=0
[122/133] single_kernel_aggressive/sampler/argmax,vocab=131072,rows=1;hip-wave=32 (1 operations; order vulkan -> hipgraph -> hip -> redline)
  vulkan      95.6400 us/op correctness=true mismatches=0
  hipgraph    99.8410 us/op correctness=true mismatches=0
  hip         95.4810 us/op correctness=true mismatches=0
  redline     90.2000 us/op correctness=true mismatches=0
[123/133] single_kernel_aggressive/sampler/argmax,vocab=131072,rows=4;hip-wave=32 (1 operations; order hipgraph -> hip -> redline -> vulkan)
  hipgraph    99.2810 us/op correctness=true mismatches=0
  hip         93.8000 us/op correctness=true mismatches=0
  redline     89.7600 us/op correctness=true mismatches=0
  vulkan      95.5200 us/op correctness=true mismatches=0
[124/133] single_kernel_aggressive/q4-selected-dual/m=512,k=768,tile=2;hip-wave=64 (1 operations; order hip -> redline -> vulkan -> hipgraph)
  hip         15.0800 us/op correctness=true mismatches=0
  redline      5.1200 us/op correctness=true mismatches=0
  vulkan       7.4400 us/op correctness=true mismatches=0
  hipgraph    20.8000 us/op correctness=true mismatches=0
[125/133] single_kernel_aggressive/q4-selected-dual/m=2048,k=2048,tile=2;hip-wave=64 (1 operations; order redline -> vulkan -> hipgraph -> hip)
  redline      8.0000 us/op correctness=true mismatches=0
  vulkan      12.0400 us/op correctness=true mismatches=0
  hipgraph    47.0800 us/op correctness=true mismatches=0
  hip         41.1600 us/op correctness=true mismatches=0
[126/133] single_kernel_aggressive/q4-selected-dual/m=4096,k=8192,tile=2;hip-wave=64 (1 operations; order vulkan -> hipgraph -> hip -> redline)
  vulkan      43.8400 us/op correctness=true mismatches=0
  hipgraph   203.1210 us/op correctness=true mismatches=0
  hip        197.3610 us/op correctness=true mismatches=0
  redline     35.7200 us/op correctness=true mismatches=0
[127/133] single_kernel_aggressive/q6-x8-selected-down/m=512,k=2048,tile=8;hip-wave=64 (1 operations; order hipgraph -> hip -> redline -> vulkan)
  hipgraph    25.1600 us/op correctness=true mismatches=0
  hip         19.2000 us/op correctness=true mismatches=0
  redline     15.4800 us/op correctness=true mismatches=0
  vulkan      27.5200 us/op correctness=true mismatches=0
[128/133] single_kernel_aggressive/q6-x8-selected-down/m=2048,k=4096,tile=8;hip-wave=64 (1 operations; order hip -> redline -> vulkan -> hipgraph)
  hip         51.8400 us/op correctness=true mismatches=0
  redline     26.9200 us/op correctness=true mismatches=0
  vulkan      47.8000 us/op correctness=true mismatches=0
  hipgraph    57.2800 us/op correctness=true mismatches=0
[129/133] single_kernel_aggressive/q6-x8-selected-down/m=4096,k=8192,tile=8;hip-wave=64 (1 operations; order redline -> vulkan -> hipgraph -> hip)
  redline     53.3200 us/op correctness=true mismatches=0
  vulkan      97.8800 us/op correctness=true mismatches=0
  hipgraph    93.2800 us/op correctness=true mismatches=0
  hip         88.0010 us/op correctness=true mismatches=0
[130/133] single_kernel_aggressive/dense-q8/m=512,k=768,tile=4;hip-wave=64 (1 operations; order vulkan -> hipgraph -> hip -> redline)
  vulkan       8.3600 us/op correctness=true mismatches=0
  hipgraph    20.8000 us/op correctness=true mismatches=0
  hip         15.2000 us/op correctness=true mismatches=0
  redline      6.2400 us/op correctness=true mismatches=0
[131/133] single_kernel_aggressive/dense-q8/m=2048,k=2048,tile=4;hip-wave=64 (1 operations; order hipgraph -> hip -> redline -> vulkan)
  hipgraph    44.0800 us/op correctness=true mismatches=0
  hip         38.6010 us/op correctness=true mismatches=0
  redline      9.9600 us/op correctness=true mismatches=0
  vulkan      14.8800 us/op correctness=true mismatches=0
[132/133] single_kernel_aggressive/dense-q8/m=2048,k=8192,tile=4;hip-wave=64 (1 operations; order hip -> redline -> vulkan -> hipgraph)
  hip         54.1200 us/op correctness=true mismatches=0
  redline     26.3600 us/op correctness=true mismatches=0
  vulkan      48.4800 us/op correctness=true mismatches=0
  hipgraph    60.2800 us/op correctness=true mismatches=0
[133/133] single_kernel_aggressive/dense-q8/m=4096,k=8192,tile=4;hip-wave=64 (1 operations; order redline -> vulkan -> hipgraph -> hip)
  redline     32.2400 us/op correctness=true mismatches=0
  vulkan      55.7200 us/op correctness=true mismatches=0
  hipgraph   108.3600 us/op correctness=true mismatches=0
  hip        102.7610 us/op correctness=true mismatches=0
wrote results/gfx1201/2026-07-13-radiowave-all-losers/final-u8/rep1/results.json
wrote results/gfx1201/2026-07-13-radiowave-all-losers/final-u8/rep1/REPORT.md
Redline wins 107/133 (80.45%). Four-way placements: 1st 107, 2nd 26, 3rd 0, 4th 0.
