initializing Hipfire HIP bridge
initializing Redline retained-PM4 backend
initializing RADV Vulkan backend
[1/6] serial_latency/memory-waitcnt/variant=interleave4,n=4096,body=16;hip-wave=32 (64 operations; order redline -> vulkan -> hipgraph -> hip)
  redline      8.0550 us/op correctness=true mismatches=0
  vulkan       6.2525 us/op correctness=true mismatches=0
  hipgraph     8.6444 us/op correctness=true mismatches=0
  hip          9.1281 us/op correctness=true mismatches=0
[2/6] serial_latency/memory-waitcnt/variant=interleave4,n=32768,body=16;hip-wave=32 (32 operations; order vulkan -> hipgraph -> hip -> redline)
  vulkan      10.2700 us/op correctness=true mismatches=0
  hipgraph    30.0925 us/op correctness=true mismatches=0
  hip         30.3975 us/op correctness=true mismatches=0
  redline     16.4612 us/op correctness=true mismatches=0
[3/6] independent_throughput/memory-waitcnt/variant=interleave4,n=4096,body=16;hip-wave=32 (64 operations; order hipgraph -> hip -> redline -> vulkan)
  hipgraph    14.7375 us/op correctness=true mismatches=0
  hip         13.3337 us/op correctness=true mismatches=0
  redline      1.4981 us/op correctness=true mismatches=0
  vulkan       1.8656 us/op correctness=true mismatches=0
[4/6] independent_throughput/memory-waitcnt/variant=interleave4,n=32768,body=16;hip-wave=32 (32 operations; order hip -> redline -> vulkan -> hipgraph)
  hip         43.8087 us/op correctness=true mismatches=0
  redline     10.6875 us/op correctness=true mismatches=0
  vulkan       7.3412 us/op correctness=true mismatches=0
  hipgraph    38.2625 us/op correctness=true mismatches=0
[5/6] single_kernel_aggressive/memory-waitcnt/variant=interleave4,n=4096,body=16;hip-wave=32 (1 operations; order redline -> vulkan -> hipgraph -> hip)
  redline      8.1600 us/op correctness=true mismatches=0
  vulkan      10.2800 us/op correctness=true mismatches=0
  hipgraph    18.4800 us/op correctness=true mismatches=0
  hip         11.9600 us/op correctness=true mismatches=0
[6/6] single_kernel_aggressive/memory-waitcnt/variant=interleave4,n=32768,body=16;hip-wave=32 (1 operations; order vulkan -> hipgraph -> hip -> redline)
  vulkan      11.4400 us/op correctness=true mismatches=0
  hipgraph    30.7200 us/op correctness=true mismatches=0
  hip         23.6800 us/op correctness=true mismatches=0
  redline     11.7600 us/op correctness=true mismatches=0
wrote results/gfx1201/2026-07-13-radiowave-all-losers/interleave-block128/results.json
wrote results/gfx1201/2026-07-13-radiowave-all-losers/interleave-block128/REPORT.md
Redline wins 2/6 (33.33%). Four-way placements: 1st 2, 2nd 4, 3rd 0, 4th 0.
