initializing Hipfire HIP bridge
initializing Redline retained-PM4 backend
initializing RADV Vulkan backend
[1/133] serial_latency/dispatch-grid/count=1,grid=1;hip-wave=32 (1 operations; order redline -> vulkan -> hipgraph -> hip)
  redline      3.8000 us/op correctness=true mismatches=0
  vulkan       7.3200 us/op correctness=true mismatches=0
  hipgraph    33.2800 us/op correctness=true mismatches=0
  hip         25.1600 us/op correctness=true mismatches=0
[2/133] serial_latency/dispatch-grid/count=50,grid=1;hip-wave=32 (50 operations; order vulkan -> hipgraph -> hip -> redline)
  vulkan       1.2528 us/op correctness=true mismatches=0
  hipgraph    18.1079 us/op correctness=true mismatches=0
  hip         18.5487 us/op correctness=true mismatches=0
  redline      1.6968 us/op correctness=true mismatches=0
[3/133] serial_latency/dispatch-grid/count=200,grid=1;hip-wave=32 (200 operations; order hipgraph -> hip -> redline -> vulkan)
  hipgraph    18.0883 us/op correctness=true mismatches=0
  hip         18.4989 us/op correctness=true mismatches=0
  redline      1.5828 us/op correctness=true mismatches=0
  vulkan       1.0652 us/op correctness=true mismatches=0
[4/133] serial_latency/dispatch-grid/count=941,grid=1;hip-wave=32 (941 operations; order hip -> redline -> vulkan -> hipgraph)
  hip         18.4765 us/op correctness=true mismatches=0
  redline      1.5852 us/op correctness=true mismatches=0
  vulkan       1.0029 us/op correctness=true mismatches=0
  hipgraph    18.1081 us/op correctness=true mismatches=0
[5/133] serial_latency/dispatch-grid/count=64,grid=128;hip-wave=32 (64 operations; order redline -> vulkan -> hipgraph -> hip)
  redline      2.9931 us/op correctness=true mismatches=0
  vulkan       1.1712 us/op correctness=true mismatches=0
  hipgraph    44.2010 us/op correctness=true mismatches=0
  hip         44.8091 us/op correctness=true mismatches=0
[6/133] serial_latency/dispatch-grid/count=64,grid=1024;hip-wave=32 (64 operations; order vulkan -> hipgraph -> hip -> redline)
  vulkan       2.2163 us/op correctness=true mismatches=0
  hipgraph   329.8526 us/op correctness=true mismatches=0
  hip        330.4313 us/op correctness=true mismatches=0
  redline      3.8181 us/op correctness=true mismatches=0
[7/133] serial_latency/dispatch-grid/count=64,grid=8192;hip-wave=32 (64 operations; order hipgraph -> hip -> redline -> vulkan)
  hipgraph  1313.5228 us/op correctness=true mismatches=0
  hip       1308.0143 us/op correctness=true mismatches=0
  redline     10.1762 us/op correctness=true mismatches=0
  vulkan      11.2019 us/op correctness=true mismatches=0
[8/133] serial_latency/geometry/k=512,rows=1,wg=256;hip-wave=32 (64 operations; order hip -> redline -> vulkan -> hipgraph)
  hip         18.9749 us/op correctness=true mismatches=0
  redline     13.7888 us/op correctness=true mismatches=0
  vulkan      15.8531 us/op correctness=true mismatches=0
  hipgraph    17.8343 us/op correctness=true mismatches=0
[9/133] serial_latency/geometry/k=512,rows=4,wg=256;hip-wave=32 (64 operations; order redline -> vulkan -> hipgraph -> hip)
  redline     13.8125 us/op correctness=true mismatches=0
  vulkan      15.7681 us/op correctness=true mismatches=0
  hipgraph    15.5730 us/op correctness=true mismatches=0
  hip         16.0630 us/op correctness=true mismatches=0
[10/133] serial_latency/geometry/k=2048,rows=1,wg=256;hip-wave=32 (64 operations; order vulkan -> hipgraph -> hip -> redline)
  vulkan      55.4475 us/op correctness=true mismatches=0
  hipgraph    47.3566 us/op correctness=true mismatches=0
  hip         47.7697 us/op correctness=true mismatches=0
  redline     45.4831 us/op correctness=true mismatches=0
[11/133] serial_latency/geometry/k=2048,rows=4,wg=256;hip-wave=32 (64 operations; order hipgraph -> hip -> redline -> vulkan)
  hipgraph    47.2610 us/op correctness=true mismatches=0
  hip         47.6947 us/op correctness=true mismatches=0
  redline     45.3256 us/op correctness=true mismatches=0
  vulkan      55.2431 us/op correctness=true mismatches=0
[12/133] serial_latency/reduction/variant=wave,k=8192,rows=1;hip-wave=32 (64 operations; order hip -> redline -> vulkan -> hipgraph)
  hip        138.0924 us/op correctness=true mismatches=0
  redline    136.8600 us/op correctness=true mismatches=0
  vulkan     156.6356 us/op correctness=true mismatches=0
  hipgraph   134.0262 us/op correctness=true mismatches=0
[13/133] serial_latency/reduction/variant=wave,k=8192,rows=4;hip-wave=32 (64 operations; order redline -> vulkan -> hipgraph -> hip)
  redline    138.9281 us/op correctness=true mismatches=0
  vulkan     158.9025 us/op correctness=true mismatches=0
  hipgraph   139.7517 us/op correctness=true mismatches=0
  hip        140.0993 us/op correctness=true mismatches=0
[14/133] serial_latency/reduction/variant=lds-tree,k=8192,rows=1;hip-wave=32 (64 operations; order vulkan -> hipgraph -> hip -> redline)
  vulkan     157.0737 us/op correctness=true mismatches=0
  hipgraph   138.0049 us/op correctness=true mismatches=0
  hip        138.9593 us/op correctness=true mismatches=0
  redline    137.0631 us/op correctness=true mismatches=0
[15/133] serial_latency/reduction/variant=lds-tree,k=8192,rows=4;hip-wave=32 (64 operations; order hipgraph -> hip -> redline -> vulkan)
  hipgraph   140.2074 us/op correctness=true mismatches=0
  hip        140.0861 us/op correctness=true mismatches=0
  redline    139.4044 us/op correctness=true mismatches=0
  vulkan     159.8638 us/op correctness=true mismatches=0
[16/133] serial_latency/memory-waitcnt/variant=coalesced4,n=4096,body=16;hip-wave=32 (64 operations; order hip -> redline -> vulkan -> hipgraph)
  hip          9.0406 us/op correctness=true mismatches=0
  redline      7.4006 us/op correctness=true mismatches=0
  vulkan       6.1050 us/op correctness=true mismatches=0
  hipgraph     8.5487 us/op correctness=true mismatches=0
[17/133] serial_latency/memory-waitcnt/variant=coalesced4,n=32768,body=16;hip-wave=32 (32 operations; order redline -> vulkan -> hipgraph -> hip)
  redline      8.7988 us/op correctness=true mismatches=0
  vulkan       6.8288 us/op correctness=true mismatches=0
  hipgraph    44.8222 us/op correctness=true mismatches=0
  hip         45.1397 us/op correctness=true mismatches=0
[18/133] serial_latency/memory-waitcnt/variant=gather,n=4096,body=16;hip-wave=32 (64 operations; order vulkan -> hipgraph -> hip -> redline)
  vulkan       9.2556 us/op correctness=true mismatches=0
  hipgraph     8.5387 us/op correctness=true mismatches=0
  hip          9.0581 us/op correctness=true mismatches=0
  redline      5.6537 us/op correctness=true mismatches=0
[19/133] serial_latency/memory-waitcnt/variant=gather,n=32768,body=16;hip-wave=32 (32 operations; order hipgraph -> hip -> redline -> vulkan)
  hipgraph    44.9523 us/op correctness=true mismatches=0
  hip         45.3110 us/op correctness=true mismatches=0
  redline     23.1913 us/op correctness=true mismatches=0
  vulkan      19.1737 us/op correctness=true mismatches=0
[20/133] serial_latency/memory-waitcnt/variant=interleave4,n=4096,body=16;hip-wave=32 (64 operations; order hip -> redline -> vulkan -> hipgraph)
  hip          9.2143 us/op correctness=true mismatches=0
  redline      7.6006 us/op correctness=true mismatches=0
  vulkan       6.2950 us/op correctness=true mismatches=0
  hipgraph     8.7293 us/op correctness=true mismatches=0
[21/133] serial_latency/memory-waitcnt/variant=interleave4,n=32768,body=16;hip-wave=32 (32 operations; order redline -> vulkan -> hipgraph -> hip)
  redline     16.4563 us/op correctness=true mismatches=0
  vulkan      10.0025 us/op correctness=true mismatches=0
  hipgraph    49.5622 us/op correctness=true mismatches=0
  hip         49.8622 us/op correctness=true mismatches=0
[22/133] serial_latency/packed-dot/variant=q8-signed,n=4096,body=16;hip-wave=32 (64 operations; order vulkan -> hipgraph -> hip -> redline)
  vulkan       7.5869 us/op correctness=true mismatches=0
  hipgraph     8.9462 us/op correctness=true mismatches=0
  hip          9.4368 us/op correctness=true mismatches=0
  redline      7.9238 us/op correctness=true mismatches=0
[23/133] serial_latency/packed-dot/variant=q4-unsigned,n=4096,body=16;hip-wave=32 (64 operations; order hipgraph -> hip -> redline -> vulkan)
  hipgraph     8.9468 us/op correctness=true mismatches=0
  hip          9.4156 us/op correctness=true mismatches=0
  redline      7.8931 us/op correctness=true mismatches=0
  vulkan       7.5556 us/op correctness=true mismatches=0
[24/133] serial_latency/packed-dot/variant=q6-zero,n=4096,body=16;hip-wave=32 (64 operations; order hip -> redline -> vulkan -> hipgraph)
  hip          9.5956 us/op correctness=true mismatches=0
  redline      7.9400 us/op correctness=true mismatches=0
  vulkan       7.8987 us/op correctness=true mismatches=0
  hipgraph     9.1275 us/op correctness=true mismatches=0
[25/133] serial_latency/packed-dot/variant=q4-scalar,n=4096,body=16;hip-wave=32 (64 operations; order redline -> vulkan -> hipgraph -> hip)
  redline      8.9481 us/op correctness=true mismatches=0
  vulkan      14.0050 us/op correctness=true mismatches=0
  hipgraph    10.2825 us/op correctness=true mismatches=0
  hip         10.6006 us/op correctness=true mismatches=0
[26/133] serial_latency/vopd/variant=independent-fma,n=32768,body=64;hip-wave=32 (32 operations; order vulkan -> hipgraph -> hip -> redline)
  vulkan       8.9288 us/op correctness=true mismatches=0
  hipgraph    49.1922 us/op correctness=true mismatches=0
  hip         49.6010 us/op correctness=true mismatches=0
  redline     13.2575 us/op correctness=true mismatches=0
[27/133] serial_latency/vopd/variant=dependent-fma,n=32768,body=64;hip-wave=64 (32 operations; order hipgraph -> hip -> redline -> vulkan)
  hipgraph    46.7660 us/op correctness=true mismatches=0
  hip         46.6935 us/op correctness=true mismatches=0
  redline     11.2875 us/op correctness=true mismatches=0
  vulkan       9.0913 us/op correctness=true mismatches=0
[28/133] serial_latency/vopd/variant=mixed-int-float,n=32768,body=64;hip-wave=32 (32 operations; order hip -> redline -> vulkan -> hipgraph)
  hip         57.3460 us/op correctness=true mismatches=0
  redline     28.3050 us/op correctness=true mismatches=0
  vulkan      16.2213 us/op correctness=true mismatches=0
  hipgraph    56.9684 us/op correctness=true mismatches=0
[29/133] serial_latency/vopd/variant=dequant-like,n=32768,body=64;hip-wave=32 (32 operations; order redline -> vulkan -> hipgraph -> hip)
  redline     23.1938 us/op correctness=true mismatches=0
  vulkan      14.2312 us/op correctness=true mismatches=0
  hipgraph    52.3585 us/op correctness=true mismatches=0
  hip         52.6297 us/op correctness=true mismatches=0
[30/133] serial_latency/sampler/argmax,vocab=32768,rows=1;hip-wave=32 (64 operations; order vulkan -> hipgraph -> hip -> redline)
  vulkan      41.5763 us/op correctness=true mismatches=0
  hipgraph    45.6116 us/op correctness=true mismatches=0
  hip         44.9548 us/op correctness=true mismatches=0
  redline     43.4050 us/op correctness=true mismatches=0
[31/133] serial_latency/sampler/argmax,vocab=32768,rows=4;hip-wave=32 (64 operations; order hipgraph -> hip -> redline -> vulkan)
  hipgraph    45.2679 us/op correctness=true mismatches=0
  hip         45.4260 us/op correctness=true mismatches=0
  redline     43.7088 us/op correctness=true mismatches=0
  vulkan      41.8675 us/op correctness=true mismatches=0
[32/133] serial_latency/sampler/argmax,vocab=131072,rows=1;hip-wave=32 (64 operations; order hip -> redline -> vulkan -> hipgraph)
  hip        166.3979 us/op correctness=true mismatches=0
  redline    164.5806 us/op correctness=true mismatches=0
  vulkan     160.0319 us/op correctness=true mismatches=0
  hipgraph   164.1529 us/op correctness=true mismatches=0
[33/133] serial_latency/sampler/argmax,vocab=131072,rows=4;hip-wave=32 (64 operations; order redline -> vulkan -> hipgraph -> hip)
  redline    166.8294 us/op correctness=true mismatches=0
  vulkan     160.3675 us/op correctness=true mismatches=0
  hipgraph   167.7335 us/op correctness=true mismatches=0
  hip        166.4679 us/op correctness=true mismatches=0
[34/133] serial_latency/two-stage-reduction/k=8192,rows=4,splits=2;hip-wave=32 (64 operations; order vulkan -> hipgraph -> hip -> redline)
  vulkan      10.3906 us/op correctness=true mismatches=0
  hipgraph    12.9799 us/op correctness=true mismatches=0
  hip         14.0706 us/op correctness=true mismatches=0
  redline      9.4781 us/op correctness=true mismatches=0
[35/133] serial_latency/two-stage-reduction/k=32768,rows=4,splits=8;hip-wave=32 (32 operations; order hipgraph -> hip -> redline -> vulkan)
  hipgraph    18.4062 us/op correctness=true mismatches=0
  hip         19.3349 us/op correctness=true mismatches=0
  redline     10.4575 us/op correctness=true mismatches=0
  vulkan      10.3887 us/op correctness=true mismatches=0
[36/133] serial_latency/q4-selected-dual/m=512,k=768,tile=2;hip-wave=64 (32 operations; order hip -> redline -> vulkan -> hipgraph)
  hip         20.9761 us/op correctness=true mismatches=0
  redline      5.8513 us/op correctness=true mismatches=0
  vulkan       6.0287 us/op correctness=true mismatches=0
  hipgraph    20.5912 us/op correctness=true mismatches=0
[37/133] serial_latency/q4-selected-dual/m=2048,k=2048,tile=2;hip-wave=64 (32 operations; order redline -> vulkan -> hipgraph -> hip)
  redline     10.7850 us/op correctness=true mismatches=0
  vulkan      13.7050 us/op correctness=true mismatches=0
  hipgraph    68.8547 us/op correctness=true mismatches=0
  hip         69.5722 us/op correctness=true mismatches=0
[38/133] serial_latency/q4-selected-dual/m=4096,k=8192,tile=2;hip-wave=64 (16 operations; order vulkan -> hipgraph -> hip -> redline)
  vulkan      60.6850 us/op correctness=true mismatches=0
  hipgraph   358.6981 us/op correctness=true mismatches=0
  hip        357.6730 us/op correctness=true mismatches=0
  redline     55.0025 us/op correctness=true mismatches=0
[39/133] serial_latency/q6-x8-selected-down/m=512,k=2048,tile=8;hip-wave=64 (32 operations; order hipgraph -> hip -> redline -> vulkan)
  hipgraph    24.8124 us/op correctness=true mismatches=0
  hip         24.7098 us/op correctness=true mismatches=0
  redline     23.7800 us/op correctness=true mismatches=0
  vulkan      39.4700 us/op correctness=true mismatches=0
[40/133] serial_latency/q6-x8-selected-down/m=2048,k=4096,tile=8;hip-wave=64 (32 operations; order hip -> redline -> vulkan -> hipgraph)
  hip         79.8358 us/op correctness=true mismatches=0
  redline     43.8275 us/op correctness=true mismatches=0
  vulkan      76.5350 us/op correctness=true mismatches=0
  hipgraph    79.3321 us/op correctness=true mismatches=0
[41/133] serial_latency/q6-x8-selected-down/m=4096,k=8192,tile=8;hip-wave=64 (16 operations; order redline -> vulkan -> hipgraph -> hip)
  redline     86.8675 us/op correctness=true mismatches=0
  vulkan     154.0825 us/op correctness=true mismatches=0
  hipgraph   157.9717 us/op correctness=true mismatches=0
  hip        157.3817 us/op correctness=true mismatches=0
[42/133] serial_latency/dense-q8/m=512,k=768,tile=4;hip-wave=64 (32 operations; order vulkan -> hipgraph -> hip -> redline)
  vulkan       8.3225 us/op correctness=true mismatches=0
  hipgraph    20.1037 us/op correctness=true mismatches=0
  hip         20.5024 us/op correctness=true mismatches=0
  redline      7.3925 us/op correctness=true mismatches=0
[43/133] serial_latency/dense-q8/m=2048,k=2048,tile=4;hip-wave=64 (32 operations; order hipgraph -> hip -> redline -> vulkan)
  hipgraph    66.6759 us/op correctness=true mismatches=0
  hip         67.3034 us/op correctness=true mismatches=0
  redline     13.9962 us/op correctness=true mismatches=0
  vulkan      19.3950 us/op correctness=true mismatches=0
[44/133] serial_latency/dense-q8/m=2048,k=8192,tile=4;hip-wave=64 (16 operations; order hip -> redline -> vulkan -> hipgraph)
  hip         93.0945 us/op correctness=true mismatches=0
  redline     40.9650 us/op correctness=true mismatches=0
  vulkan      71.3350 us/op correctness=true mismatches=0
  hipgraph    92.0321 us/op correctness=true mismatches=0
[45/133] serial_latency/dense-q8/m=4096,k=8192,tile=4;hip-wave=64 (16 operations; order redline -> vulkan -> hipgraph -> hip)
  redline     48.3375 us/op correctness=true mismatches=0
  vulkan      80.8425 us/op correctness=true mismatches=0
  hipgraph   179.8316 us/op correctness=true mismatches=0
  hip        180.0141 us/op correctness=true mismatches=0
[46/133] independent_throughput/dispatch-grid/count=1,grid=1;hip-wave=32 (1 operations; order vulkan -> hipgraph -> hip -> redline)
  vulkan       7.6400 us/op correctness=true mismatches=0
  hipgraph    34.1600 us/op correctness=true mismatches=0
  hip         26.1600 us/op correctness=true mismatches=0
  redline      4.0400 us/op correctness=true mismatches=0
[47/133] independent_throughput/dispatch-grid/count=50,grid=1;hip-wave=32 (50 operations; order hipgraph -> hip -> redline -> vulkan)
  hipgraph    24.4631 us/op correctness=true mismatches=0
  hip         21.2695 us/op correctness=true mismatches=0
  redline      0.1944 us/op correctness=true mismatches=0
  vulkan       1.1680 us/op correctness=true mismatches=0
[48/133] independent_throughput/dispatch-grid/count=200,grid=1;hip-wave=32 (200 operations; order hip -> redline -> vulkan -> hipgraph)
  hip         21.0143 us/op correctness=true mismatches=0
  redline      0.1184 us/op correctness=true mismatches=0
  vulkan       0.3130 us/op correctness=true mismatches=0
  hipgraph    20.3595 us/op correctness=true mismatches=0
[49/133] independent_throughput/dispatch-grid/count=941,grid=1;hip-wave=32 (941 operations; order redline -> vulkan -> hipgraph -> hip)
  redline      0.0758 us/op correctness=true mismatches=0
  vulkan       0.1116 us/op correctness=true mismatches=0
  hipgraph    18.2289 us/op correctness=true mismatches=0
  hip         18.1494 us/op correctness=true mismatches=0
[50/133] independent_throughput/dispatch-grid/count=64,grid=128;hip-wave=32 (64 operations; order vulkan -> hipgraph -> hip -> redline)
  vulkan       1.0075 us/op correctness=true mismatches=0
  hipgraph    30.8705 us/op correctness=true mismatches=0
  hip         27.3167 us/op correctness=true mismatches=0
  redline      0.8956 us/op correctness=true mismatches=0
[51/133] independent_throughput/dispatch-grid/count=64,grid=1024;hip-wave=32 (64 operations; order hipgraph -> hip -> redline -> vulkan)
  hipgraph   172.2947 us/op correctness=true mismatches=0
  hip        166.6798 us/op correctness=true mismatches=0
  redline      2.2713 us/op correctness=true mismatches=0
  vulkan       1.3906 us/op correctness=true mismatches=0
[52/133] independent_throughput/dispatch-grid/count=64,grid=8192;hip-wave=32 (64 operations; order hip -> redline -> vulkan -> hipgraph)
  hip       1272.5290 us/op correctness=true mismatches=0
  redline      8.3131 us/op correctness=true mismatches=0
  vulkan       5.4737 us/op correctness=true mismatches=0
  hipgraph  1260.5202 us/op correctness=true mismatches=0
[53/133] independent_throughput/geometry/k=512,rows=1,wg=256;hip-wave=32 (64 operations; order redline -> vulkan -> hipgraph -> hip)
  redline      0.1794 us/op correctness=true mismatches=0
  vulkan       1.1306 us/op correctness=true mismatches=0
  hipgraph    19.3824 us/op correctness=true mismatches=0
  hip         17.1655 us/op correctness=true mismatches=0
[54/133] independent_throughput/geometry/k=512,rows=4,wg=256;hip-wave=32 (64 operations; order vulkan -> hipgraph -> hip -> redline)
  vulkan       1.2694 us/op correctness=true mismatches=0
  hipgraph    11.9774 us/op correctness=true mismatches=0
  hip         11.7568 us/op correctness=true mismatches=0
  redline      0.3281 us/op correctness=true mismatches=0
[55/133] independent_throughput/geometry/k=2048,rows=1,wg=256;hip-wave=32 (64 operations; order hipgraph -> hip -> redline -> vulkan)
  hipgraph    16.8280 us/op correctness=true mismatches=0
  hip         16.8787 us/op correctness=true mismatches=0
  redline      0.4650 us/op correctness=true mismatches=0
  vulkan       2.0769 us/op correctness=true mismatches=0
[56/133] independent_throughput/geometry/k=2048,rows=4,wg=256;hip-wave=32 (64 operations; order hip -> redline -> vulkan -> hipgraph)
  hip         16.8505 us/op correctness=true mismatches=0
  redline      1.1069 us/op correctness=true mismatches=0
  vulkan       2.1488 us/op correctness=true mismatches=0
  hipgraph    17.4155 us/op correctness=true mismatches=0
[57/133] independent_throughput/reduction/variant=wave,k=8192,rows=1;hip-wave=32 (64 operations; order redline -> vulkan -> hipgraph -> hip)
  redline      1.1381 us/op correctness=true mismatches=0
  vulkan       4.4900 us/op correctness=true mismatches=0
  hipgraph    38.5079 us/op correctness=true mismatches=0
  hip         38.7679 us/op correctness=true mismatches=0
[58/133] independent_throughput/reduction/variant=wave,k=8192,rows=4;hip-wave=32 (64 operations; order vulkan -> hipgraph -> hip -> redline)
  vulkan       4.5819 us/op correctness=true mismatches=0
  hipgraph    40.1785 us/op correctness=true mismatches=0
  hip         39.0979 us/op correctness=true mismatches=0
  redline      2.3188 us/op correctness=true mismatches=0
[59/133] independent_throughput/reduction/variant=lds-tree,k=8192,rows=1;hip-wave=32 (64 operations; order hipgraph -> hip -> redline -> vulkan)
  hipgraph    38.4360 us/op correctness=true mismatches=0
  hip         38.3704 us/op correctness=true mismatches=0
  redline      1.1387 us/op correctness=true mismatches=0
  vulkan       4.4694 us/op correctness=true mismatches=0
[60/133] independent_throughput/reduction/variant=lds-tree,k=8192,rows=4;hip-wave=32 (64 operations; order hip -> redline -> vulkan -> hipgraph)
  hip         38.5198 us/op correctness=true mismatches=0
  redline      2.3769 us/op correctness=true mismatches=0
  vulkan       4.5950 us/op correctness=true mismatches=0
  hipgraph    40.3648 us/op correctness=true mismatches=0
[61/133] independent_throughput/memory-waitcnt/variant=coalesced4,n=4096,body=16;hip-wave=32 (64 operations; order redline -> vulkan -> hipgraph -> hip)
  redline      0.3506 us/op correctness=true mismatches=0
  vulkan       1.1013 us/op correctness=true mismatches=0
  hipgraph    12.8324 us/op correctness=true mismatches=0
  hip         11.5399 us/op correctness=true mismatches=0
[62/133] independent_throughput/memory-waitcnt/variant=coalesced4,n=32768,body=16;hip-wave=32 (32 operations; order vulkan -> hipgraph -> hip -> redline)
  vulkan       2.8700 us/op correctness=true mismatches=0
  hipgraph    32.9986 us/op correctness=true mismatches=0
  hip         27.6786 us/op correctness=true mismatches=0
  redline      2.4463 us/op correctness=true mismatches=0
[63/133] independent_throughput/memory-waitcnt/variant=gather,n=4096,body=16;hip-wave=32 (64 operations; order hipgraph -> hip -> redline -> vulkan)
  hipgraph    12.8730 us/op correctness=true mismatches=0
  hip         11.3949 us/op correctness=true mismatches=0
  redline      1.0394 us/op correctness=true mismatches=0
  vulkan       1.1469 us/op correctness=true mismatches=0
[64/133] independent_throughput/memory-waitcnt/variant=gather,n=32768,body=16;hip-wave=32 (32 operations; order hip -> redline -> vulkan -> hipgraph)
  hip         27.0636 us/op correctness=true mismatches=0
  redline      9.3763 us/op correctness=true mismatches=0
  vulkan       7.7675 us/op correctness=true mismatches=0
  hipgraph    35.3423 us/op correctness=true mismatches=0
[65/133] independent_throughput/memory-waitcnt/variant=interleave4,n=4096,body=16;hip-wave=32 (64 operations; order redline -> vulkan -> hipgraph -> hip)
  redline      0.6963 us/op correctness=true mismatches=0
  vulkan       1.2156 us/op correctness=true mismatches=0
  hipgraph    12.8656 us/op correctness=true mismatches=0
  hip         11.5899 us/op correctness=true mismatches=0
[66/133] independent_throughput/memory-waitcnt/variant=interleave4,n=32768,body=16;hip-wave=32 (32 operations; order vulkan -> hipgraph -> hip -> redline)
  vulkan       4.2488 us/op correctness=true mismatches=0
  hipgraph    34.8273 us/op correctness=true mismatches=0
  hip         29.7298 us/op correctness=true mismatches=0
  redline      5.1963 us/op correctness=true mismatches=0
[67/133] independent_throughput/packed-dot/variant=q8-signed,n=4096,body=16;hip-wave=32 (64 operations; order hipgraph -> hip -> redline -> vulkan)
  hipgraph    12.6174 us/op correctness=true mismatches=0
  hip         11.6856 us/op correctness=true mismatches=0
  redline      0.9281 us/op correctness=true mismatches=0
  vulkan       1.3562 us/op correctness=true mismatches=0
[68/133] independent_throughput/packed-dot/variant=q4-unsigned,n=4096,body=16;hip-wave=32 (64 operations; order hip -> redline -> vulkan -> hipgraph)
  hip         11.6737 us/op correctness=true mismatches=0
  redline      0.9225 us/op correctness=true mismatches=0
  vulkan       1.3987 us/op correctness=true mismatches=0
  hipgraph    12.5962 us/op correctness=true mismatches=0
[69/133] independent_throughput/packed-dot/variant=q6-zero,n=4096,body=16;hip-wave=32 (64 operations; order redline -> vulkan -> hipgraph -> hip)
  redline      0.9319 us/op correctness=true mismatches=0
  vulkan       1.3913 us/op correctness=true mismatches=0
  hipgraph    12.8837 us/op correctness=true mismatches=0
  hip         11.6606 us/op correctness=true mismatches=0
[70/133] independent_throughput/packed-dot/variant=q4-scalar,n=4096,body=16;hip-wave=32 (64 operations; order vulkan -> hipgraph -> hip -> redline)
  vulkan       2.4131 us/op correctness=true mismatches=0
  hipgraph    12.6893 us/op correctness=true mismatches=0
  hip         11.8737 us/op correctness=true mismatches=0
  redline      1.2275 us/op correctness=true mismatches=0
[71/133] independent_throughput/vopd/variant=independent-fma,n=32768,body=64;hip-wave=32 (32 operations; order hipgraph -> hip -> redline -> vulkan)
  hipgraph    34.5798 us/op correctness=true mismatches=0
  hip         28.9361 us/op correctness=true mismatches=0
  redline      4.4037 us/op correctness=true mismatches=0
  vulkan       4.0275 us/op correctness=true mismatches=0
[72/133] independent_throughput/vopd/variant=dependent-fma,n=32768,body=64;hip-wave=64 (32 operations; order hip -> redline -> vulkan -> hipgraph)
  hip         28.3373 us/op correctness=true mismatches=0
  redline      3.5600 us/op correctness=true mismatches=0
  vulkan       3.9937 us/op correctness=true mismatches=0
  hipgraph    33.5673 us/op correctness=true mismatches=0
[73/133] independent_throughput/vopd/variant=mixed-int-float,n=32768,body=64;hip-wave=32 (32 operations; order redline -> vulkan -> hipgraph -> hip)
  redline     10.4887 us/op correctness=true mismatches=0
  vulkan       7.4363 us/op correctness=true mismatches=0
  hipgraph    38.1798 us/op correctness=true mismatches=0
  hip         32.2598 us/op correctness=true mismatches=0
[74/133] independent_throughput/vopd/variant=dequant-like,n=32768,body=64;hip-wave=32 (32 operations; order vulkan -> hipgraph -> hip -> redline)
  vulkan       6.6463 us/op correctness=true mismatches=0
  hipgraph    35.4636 us/op correctness=true mismatches=0
  hip         30.2323 us/op correctness=true mismatches=0
  redline      8.0425 us/op correctness=true mismatches=0
[75/133] independent_throughput/sampler/argmax,vocab=32768,rows=1;hip-wave=32 (64 operations; order hipgraph -> hip -> redline -> vulkan)
  hipgraph    17.6349 us/op correctness=true mismatches=0
  hip         17.2224 us/op correctness=true mismatches=0
  redline      0.4088 us/op correctness=true mismatches=0
  vulkan       1.9156 us/op correctness=true mismatches=0
[76/133] independent_throughput/sampler/argmax,vocab=32768,rows=4;hip-wave=32 (64 operations; order hip -> redline -> vulkan -> hipgraph)
  hip         17.1274 us/op correctness=true mismatches=0
  redline      0.6769 us/op correctness=true mismatches=0
  vulkan       1.9144 us/op correctness=true mismatches=0
  hipgraph    17.3874 us/op correctness=true mismatches=0
[77/133] independent_throughput/sampler/argmax,vocab=131072,rows=1;hip-wave=32 (64 operations; order redline -> vulkan -> hipgraph -> hip)
  redline      1.4737 us/op correctness=true mismatches=0
  vulkan       4.8575 us/op correctness=true mismatches=0
  hipgraph    49.9341 us/op correctness=true mismatches=0
  hip         48.3060 us/op correctness=true mismatches=0
[78/133] independent_throughput/sampler/argmax,vocab=131072,rows=4;hip-wave=32 (64 operations; order vulkan -> hipgraph -> hip -> redline)
  vulkan       4.8331 us/op correctness=true mismatches=0
  hipgraph    49.2141 us/op correctness=true mismatches=0
  hip         48.0191 us/op correctness=true mismatches=0
  redline      2.4781 us/op correctness=true mismatches=0
[79/133] independent_throughput/two-stage-reduction/k=8192,rows=4,splits=2;hip-wave=32 (64 operations; order hipgraph -> hip -> redline -> vulkan)
  hipgraph    20.1499 us/op correctness=true mismatches=0
  hip         19.9743 us/op correctness=true mismatches=0
  redline      4.4044 us/op correctness=true mismatches=0
  vulkan       6.4950 us/op correctness=true mismatches=0
[80/133] independent_throughput/two-stage-reduction/k=32768,rows=4,splits=8;hip-wave=32 (32 operations; order hip -> redline -> vulkan -> hipgraph)
  hip         23.5099 us/op correctness=true mismatches=0
  redline      5.4325 us/op correctness=true mismatches=0
  vulkan       7.2575 us/op correctness=true mismatches=0
  hipgraph    25.3699 us/op correctness=true mismatches=0
[81/133] independent_throughput/q4-selected-dual/m=512,k=768,tile=2;hip-wave=64 (32 operations; order redline -> vulkan -> hipgraph -> hip)
  redline      0.6138 us/op correctness=true mismatches=0
  vulkan       2.0762 us/op correctness=true mismatches=0
  hipgraph    19.2337 us/op correctness=true mismatches=0
  hip         16.7174 us/op correctness=true mismatches=0
[82/133] independent_throughput/q4-selected-dual/m=2048,k=2048,tile=2;hip-wave=64 (32 operations; order vulkan -> hipgraph -> hip -> redline)
  vulkan       3.7975 us/op correctness=true mismatches=0
  hipgraph    44.9635 us/op correctness=true mismatches=0
  hip         40.5110 us/op correctness=true mismatches=0
  redline      2.6475 us/op correctness=true mismatches=0
[83/133] independent_throughput/q4-selected-dual/m=4096,k=8192,tile=2;hip-wave=64 (16 operations; order hipgraph -> hip -> redline -> vulkan)
  hipgraph   201.2040 us/op correctness=true mismatches=0
  hip        197.1240 us/op correctness=true mismatches=0
  redline     20.7600 us/op correctness=true mismatches=0
  vulkan      31.3175 us/op correctness=true mismatches=0
[84/133] independent_throughput/q6-x8-selected-down/m=512,k=2048,tile=8;hip-wave=64 (32 operations; order hip -> redline -> vulkan -> hipgraph)
  hip         17.0137 us/op correctness=true mismatches=0
  redline      0.8400 us/op correctness=true mismatches=0
  vulkan       3.7350 us/op correctness=true mismatches=0
  hipgraph    19.2812 us/op correctness=true mismatches=0
[85/133] independent_throughput/q6-x8-selected-down/m=2048,k=4096,tile=8;hip-wave=64 (32 operations; order redline -> vulkan -> hipgraph -> hip)
  redline      3.5488 us/op correctness=true mismatches=0
  vulkan       6.0800 us/op correctness=true mismatches=0
  hipgraph    49.3910 us/op correctness=true mismatches=0
  hip         44.4735 us/op correctness=true mismatches=0
[86/133] independent_throughput/q6-x8-selected-down/m=4096,k=8192,tile=8;hip-wave=64 (16 operations; order vulkan -> hipgraph -> hip -> redline)
  vulkan      24.9700 us/op correctness=true mismatches=0
  hipgraph    91.1946 us/op correctness=true mismatches=0
  hip         83.4021 us/op correctness=true mismatches=0
  redline     18.2425 us/op correctness=true mismatches=0
[87/133] independent_throughput/dense-q8/m=512,k=768,tile=4;hip-wave=64 (32 operations; order hipgraph -> hip -> redline -> vulkan)
  hipgraph    19.4149 us/op correctness=true mismatches=0
  hip         16.1224 us/op correctness=true mismatches=0
  redline      0.4662 us/op correctness=true mismatches=0
  vulkan       2.1450 us/op correctness=true mismatches=0
[88/133] independent_throughput/dense-q8/m=2048,k=2048,tile=4;hip-wave=64 (32 operations; order hip -> redline -> vulkan -> hipgraph)
  hip         37.4273 us/op correctness=true mismatches=0
  redline      1.9512 us/op correctness=true mismatches=0
  vulkan       3.2912 us/op correctness=true mismatches=0
  hipgraph    41.6223 us/op correctness=true mismatches=0
[89/133] independent_throughput/dense-q8/m=2048,k=8192,tile=4;hip-wave=64 (16 operations; order redline -> vulkan -> hipgraph -> hip)
  redline      8.5225 us/op correctness=true mismatches=0
  vulkan      12.4600 us/op correctness=true mismatches=0
  hipgraph    61.7447 us/op correctness=true mismatches=0
  hip         53.0473 us/op correctness=true mismatches=0
[90/133] independent_throughput/dense-q8/m=4096,k=8192,tile=4;hip-wave=64 (16 operations; order vulkan -> hipgraph -> hip -> redline)
  vulkan      23.5200 us/op correctness=true mismatches=0
  hipgraph   110.1269 us/op correctness=true mismatches=0
  hip        100.8070 us/op correctness=true mismatches=0
  redline     18.4850 us/op correctness=true mismatches=0
[91/133] single_kernel_aggressive/dispatch-grid/count=1,grid=1;hip-wave=32 (1 operations; order hipgraph -> hip -> redline -> vulkan)
  hipgraph    26.5190 us/op correctness=true mismatches=0
  hip         20.4800 us/op correctness=true mismatches=0
  redline      2.3200 us/op correctness=true mismatches=0
  vulkan       4.2400 us/op correctness=true mismatches=0
[92/133] single_kernel_aggressive/dispatch-grid/count=50,grid=1;hip-wave=32 (1 operations; order hip -> redline -> vulkan -> hipgraph)
  hip         20.8000 us/op correctness=true mismatches=0
  redline      2.5200 us/op correctness=true mismatches=0
  vulkan       4.2000 us/op correctness=true mismatches=0
  hipgraph    26.6000 us/op correctness=true mismatches=0
[93/133] single_kernel_aggressive/dispatch-grid/count=200,grid=1;hip-wave=32 (1 operations; order redline -> vulkan -> hipgraph -> hip)
  redline      2.3600 us/op correctness=true mismatches=0
  vulkan       4.2400 us/op correctness=true mismatches=0
  hipgraph    26.7590 us/op correctness=true mismatches=0
  hip         20.4790 us/op correctness=true mismatches=0
[94/133] single_kernel_aggressive/dispatch-grid/count=941,grid=1;hip-wave=32 (1 operations; order vulkan -> hipgraph -> hip -> redline)
  vulkan       4.2800 us/op correctness=true mismatches=0
  hipgraph    26.3600 us/op correctness=true mismatches=0
  hip         20.4800 us/op correctness=true mismatches=0
  redline      2.4800 us/op correctness=true mismatches=0
[95/133] single_kernel_aggressive/dispatch-grid/count=64,grid=128;hip-wave=32 (1 operations; order hipgraph -> hip -> redline -> vulkan)
  hipgraph    31.9200 us/op correctness=true mismatches=0
  hip         26.4000 us/op correctness=true mismatches=0
  redline      3.4800 us/op correctness=true mismatches=0
  vulkan       4.3200 us/op correctness=true mismatches=0
[96/133] single_kernel_aggressive/dispatch-grid/count=64,grid=1024;hip-wave=32 (1 operations; order hip -> redline -> vulkan -> hipgraph)
  hip        161.1190 us/op correctness=true mismatches=0
  redline      4.7200 us/op correctness=true mismatches=0
  vulkan       4.9600 us/op correctness=true mismatches=0
  hipgraph   166.2390 us/op correctness=true mismatches=0
[97/133] single_kernel_aggressive/dispatch-grid/count=64,grid=8192;hip-wave=32 (1 operations; order redline -> vulkan -> hipgraph -> hip)
  redline      9.9200 us/op correctness=true mismatches=0
  vulkan       9.2800 us/op correctness=true mismatches=0
  hipgraph  1239.9530 us/op correctness=true mismatches=0
  hip       1234.3940 us/op correctness=true mismatches=0
[98/133] single_kernel_aggressive/geometry/k=512,rows=1,wg=256;hip-wave=32 (1 operations; order vulkan -> hipgraph -> hip -> redline)
  vulkan      11.6800 us/op correctness=true mismatches=0
  hipgraph    26.7590 us/op correctness=true mismatches=0
  hip         20.5600 us/op correctness=true mismatches=0
  redline      8.4800 us/op correctness=true mismatches=0
[99/133] single_kernel_aggressive/geometry/k=512,rows=4,wg=256;hip-wave=32 (1 operations; order hipgraph -> hip -> redline -> vulkan)
  hipgraph    18.7200 us/op correctness=true mismatches=0
  hip         13.1200 us/op correctness=true mismatches=0
  redline      8.3200 us/op correctness=true mismatches=0
  vulkan      11.5600 us/op correctness=true mismatches=0
[100/133] single_kernel_aggressive/geometry/k=2048,rows=1,wg=256;hip-wave=32 (1 operations; order hip -> redline -> vulkan -> hipgraph)
  hip         28.4390 us/op correctness=true mismatches=0
  redline     23.8800 us/op correctness=true mismatches=0
  vulkan      30.6400 us/op correctness=true mismatches=0
  hipgraph    34.0390 us/op correctness=true mismatches=0
[101/133] single_kernel_aggressive/geometry/k=2048,rows=4,wg=256;hip-wave=32 (1 operations; order redline -> vulkan -> hipgraph -> hip)
  redline     23.4800 us/op correctness=true mismatches=0
  vulkan      30.4000 us/op correctness=true mismatches=0
  hipgraph    33.9200 us/op correctness=true mismatches=0
  hip         28.2400 us/op correctness=true mismatches=0
[102/133] single_kernel_aggressive/reduction/variant=wave,k=8192,rows=1;hip-wave=32 (1 operations; order vulkan -> hipgraph -> hip -> redline)
  vulkan      78.1600 us/op correctness=true mismatches=0
  hipgraph    78.1200 us/op correctness=true mismatches=0
  hip         70.4000 us/op correctness=true mismatches=0
  redline     68.4800 us/op correctness=true mismatches=0
[103/133] single_kernel_aggressive/reduction/variant=wave,k=8192,rows=4;hip-wave=32 (1 operations; order hipgraph -> hip -> redline -> vulkan)
  hipgraph    79.1190 us/op correctness=true mismatches=0
  hip         73.6800 us/op correctness=true mismatches=0
  redline     69.0800 us/op correctness=true mismatches=0
  vulkan      80.4800 us/op correctness=true mismatches=0
[104/133] single_kernel_aggressive/reduction/variant=lds-tree,k=8192,rows=1;hip-wave=32 (1 operations; order hip -> redline -> vulkan -> hipgraph)
  hip         71.7600 us/op correctness=true mismatches=0
  redline     67.1200 us/op correctness=true mismatches=0
  vulkan      79.1600 us/op correctness=true mismatches=0
  hipgraph    76.3190 us/op correctness=true mismatches=0
[105/133] single_kernel_aggressive/reduction/variant=lds-tree,k=8192,rows=4;hip-wave=32 (1 operations; order redline -> vulkan -> hipgraph -> hip)
  redline     69.2400 us/op correctness=true mismatches=0
  vulkan      80.8000 us/op correctness=true mismatches=0
  hipgraph    78.1990 us/op correctness=true mismatches=0
  hip         73.6790 us/op correctness=true mismatches=0
[106/133] single_kernel_aggressive/memory-waitcnt/variant=coalesced4,n=4096,body=16;hip-wave=32 (1 operations; order vulkan -> hipgraph -> hip -> redline)
  vulkan       7.3200 us/op correctness=true mismatches=0
  hipgraph    15.7200 us/op correctness=true mismatches=0
  hip         10.1200 us/op correctness=true mismatches=0
  redline      6.1200 us/op correctness=true mismatches=0
[107/133] single_kernel_aggressive/memory-waitcnt/variant=coalesced4,n=32768,body=16;hip-wave=32 (1 operations; order hipgraph -> hip -> redline -> vulkan)
  hipgraph    32.0390 us/op correctness=true mismatches=0
  hip         26.6800 us/op correctness=true mismatches=0
  redline      7.5600 us/op correctness=true mismatches=0
  vulkan       8.8800 us/op correctness=true mismatches=0
[108/133] single_kernel_aggressive/memory-waitcnt/variant=gather,n=4096,body=16;hip-wave=32 (1 operations; order hip -> redline -> vulkan -> hipgraph)
  hip          9.7600 us/op correctness=true mismatches=0
  redline      4.9200 us/op correctness=true mismatches=0
  vulkan       8.8000 us/op correctness=true mismatches=0
  hipgraph    15.3190 us/op correctness=true mismatches=0
[109/133] single_kernel_aggressive/memory-waitcnt/variant=gather,n=32768,body=16;hip-wave=32 (1 operations; order redline -> vulkan -> hipgraph -> hip)
  redline     13.1200 us/op correctness=true mismatches=0
  vulkan      13.2400 us/op correctness=true mismatches=0
  hipgraph    32.6800 us/op correctness=true mismatches=0
  hip         26.8390 us/op correctness=true mismatches=0
[110/133] single_kernel_aggressive/memory-waitcnt/variant=interleave4,n=4096,body=16;hip-wave=32 (1 operations; order vulkan -> hipgraph -> hip -> redline)
  vulkan       7.4800 us/op correctness=true mismatches=0
  hipgraph    15.6800 us/op correctness=true mismatches=0
  hip         10.1600 us/op correctness=true mismatches=0
  redline      6.2000 us/op correctness=true mismatches=0
[111/133] single_kernel_aggressive/memory-waitcnt/variant=interleave4,n=32768,body=16;hip-wave=32 (1 operations; order hipgraph -> hip -> redline -> vulkan)
  hipgraph    35.2000 us/op correctness=true mismatches=0
  hip         29.7200 us/op correctness=true mismatches=0
  redline     10.1600 us/op correctness=true mismatches=0
  vulkan       8.9600 us/op correctness=true mismatches=0
[112/133] single_kernel_aggressive/packed-dot/variant=q8-signed,n=4096,body=16;hip-wave=32 (1 operations; order hip -> redline -> vulkan -> hipgraph)
  hip         10.4800 us/op correctness=true mismatches=0
  redline      6.3200 us/op correctness=true mismatches=0
  vulkan       7.9200 us/op correctness=true mismatches=0
  hipgraph    16.1600 us/op correctness=true mismatches=0
[113/133] single_kernel_aggressive/packed-dot/variant=q4-unsigned,n=4096,body=16;hip-wave=32 (1 operations; order redline -> vulkan -> hipgraph -> hip)
  redline      6.3200 us/op correctness=true mismatches=0
  vulkan       7.8800 us/op correctness=true mismatches=0
  hipgraph    16.0800 us/op correctness=true mismatches=0
  hip         10.5200 us/op correctness=true mismatches=0
[114/133] single_kernel_aggressive/packed-dot/variant=q6-zero,n=4096,body=16;hip-wave=32 (1 operations; order vulkan -> hipgraph -> hip -> redline)
  vulkan       8.1600 us/op correctness=true mismatches=0
  hipgraph    16.1200 us/op correctness=true mismatches=0
  hip         10.4400 us/op correctness=true mismatches=0
  redline      6.4800 us/op correctness=true mismatches=0
[115/133] single_kernel_aggressive/packed-dot/variant=q4-scalar,n=4096,body=16;hip-wave=32 (1 operations; order hipgraph -> hip -> redline -> vulkan)
  hipgraph    16.4400 us/op correctness=true mismatches=0
  hip         11.0400 us/op correctness=true mismatches=0
  redline      7.0800 us/op correctness=true mismatches=0
  vulkan      11.5200 us/op correctness=true mismatches=0
[116/133] single_kernel_aggressive/vopd/variant=independent-fma,n=32768,body=64;hip-wave=32 (1 operations; order hip -> redline -> vulkan -> hipgraph)
  hip         28.7590 us/op correctness=true mismatches=0
  redline      8.8400 us/op correctness=true mismatches=0
  vulkan       7.7200 us/op correctness=true mismatches=0
  hipgraph    34.3200 us/op correctness=true mismatches=0
[117/133] single_kernel_aggressive/vopd/variant=dependent-fma,n=32768,body=64;hip-wave=64 (1 operations; order redline -> vulkan -> hipgraph -> hip)
  redline      7.4400 us/op correctness=true mismatches=0
  vulkan       7.7600 us/op correctness=true mismatches=0
  hipgraph    34.1600 us/op correctness=true mismatches=0
  hip         28.2800 us/op correctness=true mismatches=0
[118/133] single_kernel_aggressive/vopd/variant=mixed-int-float,n=32768,body=64;hip-wave=32 (1 operations; order vulkan -> hipgraph -> hip -> redline)
  vulkan      11.1600 us/op correctness=true mismatches=0
  hipgraph    38.0000 us/op correctness=true mismatches=0
  hip         32.4790 us/op correctness=true mismatches=0
  redline     15.3200 us/op correctness=true mismatches=0
[119/133] single_kernel_aggressive/vopd/variant=dequant-like,n=32768,body=64;hip-wave=32 (1 operations; order hipgraph -> hip -> redline -> vulkan)
  hipgraph    35.6000 us/op correctness=true mismatches=0
  hip         30.2800 us/op correctness=true mismatches=0
  redline     13.6800 us/op correctness=true mismatches=0
  vulkan      10.3200 us/op correctness=true mismatches=0
[120/133] single_kernel_aggressive/sampler/argmax,vocab=32768,rows=1;hip-wave=32 (1 operations; order hip -> redline -> vulkan -> hipgraph)
  hip         31.5990 us/op correctness=true mismatches=0
  redline     26.4800 us/op correctness=true mismatches=0
  vulkan      27.8000 us/op correctness=true mismatches=0
  hipgraph    37.4400 us/op correctness=true mismatches=0
[121/133] single_kernel_aggressive/sampler/argmax,vocab=32768,rows=4;hip-wave=32 (1 operations; order redline -> vulkan -> hipgraph -> hip)
  redline     26.0800 us/op correctness=true mismatches=0
  vulkan      27.5200 us/op correctness=true mismatches=0
  hipgraph    36.3200 us/op correctness=true mismatches=0
  hip         30.9600 us/op correctness=true mismatches=0
[122/133] single_kernel_aggressive/sampler/argmax,vocab=131072,rows=1;hip-wave=32 (1 operations; order vulkan -> hipgraph -> hip -> redline)
  vulkan      95.2000 us/op correctness=true mismatches=0
  hipgraph   106.3590 us/op correctness=true mismatches=0
  hip         98.4800 us/op correctness=true mismatches=0
  redline     96.3600 us/op correctness=true mismatches=0
[123/133] single_kernel_aggressive/sampler/argmax,vocab=131072,rows=4;hip-wave=32 (1 operations; order hipgraph -> hip -> redline -> vulkan)
  hipgraph   104.8790 us/op correctness=true mismatches=0
  hip         98.5990 us/op correctness=true mismatches=0
  redline     95.1600 us/op correctness=true mismatches=0
  vulkan      95.4000 us/op correctness=true mismatches=0
[124/133] single_kernel_aggressive/q4-selected-dual/m=512,k=768,tile=2;hip-wave=64 (1 operations; order hip -> redline -> vulkan -> hipgraph)
  hip         15.4000 us/op correctness=true mismatches=0
  redline      5.4000 us/op correctness=true mismatches=0
  vulkan       7.2400 us/op correctness=true mismatches=0
  hipgraph    20.6800 us/op correctness=true mismatches=0
[125/133] single_kernel_aggressive/q4-selected-dual/m=2048,k=2048,tile=2;hip-wave=64 (1 operations; order redline -> vulkan -> hipgraph -> hip)
  redline      7.9200 us/op correctness=true mismatches=0
  vulkan      12.0800 us/op correctness=true mismatches=0
  hipgraph    46.4800 us/op correctness=true mismatches=0
  hip         40.8790 us/op correctness=true mismatches=0
[126/133] single_kernel_aggressive/q4-selected-dual/m=4096,k=8192,tile=2;hip-wave=64 (1 operations; order vulkan -> hipgraph -> hip -> redline)
  vulkan      43.6800 us/op correctness=true mismatches=0
  hipgraph   202.1590 us/op correctness=true mismatches=0
  hip        196.9190 us/op correctness=true mismatches=0
  redline     36.2400 us/op correctness=true mismatches=0
[127/133] single_kernel_aggressive/q6-x8-selected-down/m=512,k=2048,tile=8;hip-wave=64 (1 operations; order hipgraph -> hip -> redline -> vulkan)
  hipgraph    24.9600 us/op correctness=true mismatches=0
  hip         19.1600 us/op correctness=true mismatches=0
  redline     15.4800 us/op correctness=true mismatches=0
  vulkan      27.5600 us/op correctness=true mismatches=0
[128/133] single_kernel_aggressive/q6-x8-selected-down/m=2048,k=4096,tile=8;hip-wave=64 (1 operations; order hip -> redline -> vulkan -> hipgraph)
  hip         51.4390 us/op correctness=true mismatches=0
  redline     27.0000 us/op correctness=true mismatches=0
  vulkan      47.9200 us/op correctness=true mismatches=0
  hipgraph    57.0000 us/op correctness=true mismatches=0
[129/133] single_kernel_aggressive/q6-x8-selected-down/m=4096,k=8192,tile=8;hip-wave=64 (1 operations; order redline -> vulkan -> hipgraph -> hip)
  redline     53.6800 us/op correctness=true mismatches=0
  vulkan      97.8400 us/op correctness=true mismatches=0
  hipgraph    93.0400 us/op correctness=true mismatches=0
  hip         87.6000 us/op correctness=true mismatches=0
[130/133] single_kernel_aggressive/dense-q8/m=512,k=768,tile=4;hip-wave=64 (1 operations; order vulkan -> hipgraph -> hip -> redline)
  vulkan       8.3600 us/op correctness=true mismatches=0
  hipgraph    21.5600 us/op correctness=true mismatches=0
  hip         15.2000 us/op correctness=true mismatches=0
  redline      6.2000 us/op correctness=true mismatches=0
[131/133] single_kernel_aggressive/dense-q8/m=2048,k=2048,tile=4;hip-wave=64 (1 operations; order hipgraph -> hip -> redline -> vulkan)
  hipgraph    43.9200 us/op correctness=true mismatches=0
  hip         38.3600 us/op correctness=true mismatches=0
  redline     10.0400 us/op correctness=true mismatches=0
  vulkan      14.8800 us/op correctness=true mismatches=0
[132/133] single_kernel_aggressive/dense-q8/m=2048,k=8192,tile=4;hip-wave=64 (1 operations; order hip -> redline -> vulkan -> hipgraph)
  hip         53.7200 us/op correctness=true mismatches=0
  redline     26.5200 us/op correctness=true mismatches=0
  vulkan      48.5600 us/op correctness=true mismatches=0
  hipgraph    59.9600 us/op correctness=true mismatches=0
[133/133] single_kernel_aggressive/dense-q8/m=4096,k=8192,tile=4;hip-wave=64 (1 operations; order redline -> vulkan -> hipgraph -> hip)
  redline     32.4800 us/op correctness=true mismatches=0
  vulkan      55.8800 us/op correctness=true mismatches=0
  hipgraph   108.6390 us/op correctness=true mismatches=0
  hip        102.2000 us/op correctness=true mismatches=0
wrote results/gfx1201/2026-07-13-radiowave-all-losers/baseline/results.json
wrote results/gfx1201/2026-07-13-radiowave-all-losers/baseline/REPORT.md
Redline wins 97/133 (72.93%). Four-way placements: 1st 97, 2nd 34, 3rd 2, 4th 0.
