{
  "artifact_ref": "/home/kaden/ClaudeCode/autorocm/redline-pub/examples/hipengine-6409/results/gfx1201/2026-07-13-radiowave-redline/serial_latency/hip-q6-x8-selected-down.json",
  "backend": "hip",
  "bench": "q6_x8_selected_down_real_slice",
  "classification": "real_slice_probe",
  "command": [
    "python3",
    "/tmp/hipEngine-f2c/benchmarks/micro/runners/q6_x8_real_slice.py",
    "--backend",
    "hip",
    "--timing-mode",
    "serial_latency",
    "--independent-streams",
    "4",
    "--reps",
    "10",
    "--warmup",
    "3",
    "--samples",
    "5",
    "--environment-json",
    "/home/kaden/ClaudeCode/autorocm/redline-pub/examples/hipengine-6409/results/gfx1201/2026-07-13-radiowave-redline/environment.json",
    "--environment-ref",
    "/home/kaden/ClaudeCode/autorocm/redline-pub/examples/hipengine-6409/results/gfx1201/2026-07-13-radiowave-redline/environment.json",
    "--gfx-arch",
    "gfx1201",
    "--hardware-gpu",
    "AMD Radeon Graphics",
    "--build-dir",
    "/home/kaden/ClaudeCode/autorocm/redline-pub/examples/hipengine-6409/results/gfx1201/2026-07-13-radiowave-redline/build/hip/q6-x8-selected-down",
    "--rows",
    "8",
    "--experts",
    "256",
    "--in-features",
    "512",
    "--out-features",
    "2048",
    "--local-size",
    "64",
    "--out",
    "/home/kaden/ClaudeCode/autorocm/redline-pub/examples/hipengine-6409/results/gfx1201/2026-07-13-radiowave-redline/serial_latency/hip-q6-x8-selected-down.json",
    "--pretty"
  ],
  "correctness": {
    "all_pass": true,
    "oracle": "raw Q6_K selected q8_1+dp4a BF16 output",
    "rows": 3,
    "status": "pass"
  },
  "correctness_vs_cpu": {
    "oracle": "raw Q6_K selected q8_1+dp4a GPU reference",
    "pass": true
  },
  "environment_ref": "/home/kaden/ClaudeCode/autorocm/redline-pub/examples/hipengine-6409/results/gfx1201/2026-07-13-radiowave-redline/environment.json",
  "hardware": {
    "gfx_arch": "gfx1201",
    "gpu_name": "AMD Radeon Graphics"
  },
  "kind": "hipengine_micro_result",
  "measurements": {
    "rows": [
      {
        "activation_quant": "q8_1",
        "backend": "hip",
        "blocks_per_row": 2,
        "correctness": {
          "single_dispatch": {
            "oracle": "raw Q6_K selected q8_1+dp4a BF16 logits with KL <= 0.05 and top-1 >= 90%",
            "status": "pass"
          },
          "synchronization": {
            "barrier_count": 0,
            "method": "hip_stream_order",
            "status": "pass"
          },
          "timed_sequence": {
            "coverage": "chained_final_state",
            "logical_iterations": 10,
            "oracle": "raw Q6_K selected q8_1+dp4a BF16 logits with KL <= 0.05 and top-1 >= 90%",
            "status": "pass"
          }
        },
        "correctness_pass": true,
        "dependency_contract": {
          "inter_dispatch_ordering": "hip_stream_order",
          "output_partitioning": "chained_shared",
          "validation_status": "pass",
          "work_dependency": "chained"
        },
        "experts": 256,
        "in_features": 512,
        "kv_type": "not_applicable",
        "local_size": 32,
        "median_us": 4.0199000388383865,
        "model_fingerprint": "synthetic_q6_x8_selected_down_v1",
        "numeric_correctness": {
          "burst": {
            "exact_bf16_mismatches": 0,
            "expected_repetitions": [
              9
            ],
            "kl_divergence": 0.0,
            "max_abs": 0.0,
            "mean_abs": 0.0,
            "oracle": "raw Q6_K selected q8_1+dp4a BF16 logits with KL/top-1 gate",
            "outputs_checked": 1,
            "pass": true,
            "top1": 1.0
          },
          "single": {
            "exact_bf16_mismatches": 0,
            "expected_repetitions": [
              0
            ],
            "kl_divergence": 0.0,
            "max_abs": 0.0,
            "mean_abs": 0.0,
            "oracle": "raw Q6_K selected q8_1+dp4a BF16 logits with KL/top-1 gate",
            "outputs_checked": 1,
            "pass": true,
            "top1": 1.0
          }
        },
        "operation": "q8_1_quantize",
        "out_features": 2048,
        "out_packed": 256,
        "output_dtype": "bf16",
        "q8_blocks_per_row": 16,
        "quant": "q6_k",
        "row_tile": 0,
        "rows": 8,
        "selected_dtype": "int64",
        "sequence_validation": {
          "burst_expected_repetitions": [
            9
          ],
          "input_repetition_pattern": "distinct_deterministic_salt",
          "output_partitioning": "shared",
          "single_expected_repetitions": [
            0
          ],
          "xq_partitioning": "shared"
        },
        "submission": {
          "completion_in_host_wall": true,
          "queue_or_stream_count": 1,
          "recording_in_timed_region": false,
          "strategy": "direct",
          "submit_in_host_wall": true
        },
        "timing": {
          "burst": {
            "dispatches_per_iteration": 1,
            "gpu_elapsed": {
              "clock": "hip_event",
              "per_iteration_us": {
                "max": 15.384900569915771,
                "median": 4.0199000388383865,
                "min": 3.9960000663995743,
                "n": 5,
                "p05": 4.000000059604645,
                "p95": 13.11352044343948,
                "samples": 5,
                "stdev": 4.547982423759943
              },
              "sequence_us": {
                "max": 153.84900569915771,
                "median": 40.199000388383865,
                "min": 39.96000066399574,
                "n": 5,
                "p05": 40.00000059604645,
                "p95": 131.1352044343948,
                "samples": 5,
                "stdev": 45.47982423759942
              },
              "status": "ok"
            },
            "host_wall": {
              "clock": "steady_clock",
              "per_iteration_us": {
                "max": 17.7271,
                "median": 6.338,
                "min": 6.2890999999999995,
                "n": 5,
                "p05": 6.29888,
                "p95": 15.465079999999997,
                "samples": 5,
                "stdev": 4.552814630357797
              },
              "sequence_us": {
                "max": 177.271,
                "median": 63.38,
                "min": 62.891,
                "n": 5,
                "p05": 62.988800000000005,
                "p95": 154.65079999999995,
                "samples": 5,
                "stdev": 45.52814630357796
              },
              "status": "ok"
            },
            "logical_iterations": 10
          },
          "single": {
            "dispatches_per_iteration": 1,
            "gpu_elapsed": {
              "clock": "hip_event",
              "per_iteration_us": {
                "max": 9.239999577403069,
                "median": 8.840000256896019,
                "min": 8.51999968290329,
                "n": 5,
                "p05": 8.543999679386616,
                "p95": 9.175999648869038,
                "samples": 5,
                "stdev": 0.2483867847410714
              },
              "sequence_us": {
                "max": 9.239999577403069,
                "median": 8.840000256896019,
                "min": 8.51999968290329,
                "n": 5,
                "p05": 8.543999679386616,
                "p95": 9.175999648869038,
                "samples": 5,
                "stdev": 0.2483867847410714
              },
              "status": "ok"
            },
            "host_wall": {
              "clock": "steady_clock",
              "per_iteration_us": {
                "max": 36.43,
                "median": 32.82,
                "min": 31.68,
                "n": 5,
                "p05": 31.694200000000002,
                "p95": 35.714,
                "samples": 5,
                "stdev": 1.7358461222124497
              },
              "sequence_us": {
                "max": 36.43,
                "median": 32.82,
                "min": 31.68,
                "n": 5,
                "p05": 31.694200000000002,
                "p95": 35.714,
                "samples": 5,
                "stdev": 1.7358461222124497
              },
              "status": "ok"
            },
            "logical_iterations": 1
          }
        },
        "timing_mode": "serial_latency",
        "variant": "quantize",
        "weight_layout": "q6_k_x8",
        "workgroup_match": "exact"
      },
      {
        "activation_quant": "q8_1",
        "backend": "hip",
        "blocks_per_row": 2,
        "correctness": {
          "single_dispatch": {
            "oracle": "raw Q6_K selected q8_1+dp4a BF16 logits with KL <= 0.05 and top-1 >= 90%",
            "status": "pass"
          },
          "synchronization": {
            "barrier_count": 0,
            "method": "hip_stream_order",
            "status": "pass"
          },
          "timed_sequence": {
            "coverage": "chained_final_state",
            "logical_iterations": 10,
            "oracle": "raw Q6_K selected q8_1+dp4a BF16 logits with KL <= 0.05 and top-1 >= 90%",
            "status": "pass"
          }
        },
        "correctness_pass": true,
        "dependency_contract": {
          "inter_dispatch_ordering": "hip_stream_order",
          "output_partitioning": "chained_shared",
          "validation_status": "pass",
          "work_dependency": "chained"
        },
        "experts": 256,
        "in_features": 512,
        "kv_type": "not_applicable",
        "local_size": 64,
        "median_us": 11.09590008854866,
        "model_fingerprint": "synthetic_q6_x8_selected_down_v1",
        "numeric_correctness": {
          "burst": {
            "exact_bf16_mismatches": 0,
            "expected_repetitions": [
              9
            ],
            "kl_divergence": 0.0,
            "max_abs": 0.0,
            "mean_abs": 0.0,
            "oracle": "raw Q6_K selected q8_1+dp4a BF16 logits with KL/top-1 gate",
            "outputs_checked": 1,
            "pass": true,
            "top1": 1.0
          },
          "single": {
            "exact_bf16_mismatches": 0,
            "expected_repetitions": [
              0
            ],
            "kl_divergence": 0.0,
            "max_abs": 0.0,
            "mean_abs": 0.0,
            "oracle": "raw Q6_K selected q8_1+dp4a BF16 logits with KL/top-1 gate",
            "outputs_checked": 1,
            "pass": true,
            "top1": 1.0
          }
        },
        "operation": "x8_selected_dp4a_dot_prequantized",
        "out_features": 2048,
        "out_packed": 256,
        "output_dtype": "bf16",
        "q8_blocks_per_row": 16,
        "quant": "q6_k",
        "row_tile": 1,
        "rows": 8,
        "selected_dtype": "int64",
        "sequence_validation": {
          "burst_expected_repetitions": [
            9
          ],
          "input_repetition_pattern": "distinct_deterministic_salt",
          "output_partitioning": "shared",
          "single_expected_repetitions": [
            0
          ],
          "xq_partitioning": "shared"
        },
        "submission": {
          "completion_in_host_wall": true,
          "queue_or_stream_count": 1,
          "recording_in_timed_region": false,
          "strategy": "direct",
          "submit_in_host_wall": true
        },
        "timing": {
          "burst": {
            "dispatches_per_iteration": 1,
            "gpu_elapsed": {
              "clock": "hip_event",
              "per_iteration_us": {
                "max": 11.159999668598175,
                "median": 11.09590008854866,
                "min": 11.07190027832985,
                "n": 5,
                "p05": 11.072720289230347,
                "p95": 11.151999682188034,
                "samples": 5,
                "stdev": 0.03246243475659349
              },
              "sequence_us": {
                "max": 111.59999668598175,
                "median": 110.9590008854866,
                "min": 110.71900278329849,
                "n": 5,
                "p05": 110.72720289230347,
                "p95": 111.51999682188034,
                "samples": 5,
                "stdev": 0.3246243475659349
              },
              "status": "ok"
            },
            "host_wall": {
              "clock": "steady_clock",
              "per_iteration_us": {
                "max": 13.455099999999998,
                "median": 13.3411,
                "min": 13.3031,
                "n": 5,
                "p05": 13.304300000000001,
                "p95": 13.447899999999999,
                "samples": 5,
                "stdev": 0.06094456497506479
              },
              "sequence_us": {
                "max": 134.551,
                "median": 133.411,
                "min": 133.031,
                "n": 5,
                "p05": 133.043,
                "p95": 134.47899999999998,
                "samples": 5,
                "stdev": 0.6094456497506506
              },
              "status": "ok"
            },
            "logical_iterations": 10
          },
          "single": {
            "dispatches_per_iteration": 1,
            "gpu_elapsed": {
              "clock": "hip_event",
              "per_iteration_us": {
                "max": 16.599999740719795,
                "median": 16.48000068962574,
                "min": 16.40000008046627,
                "n": 5,
                "p05": 16.40000008046627,
                "p95": 16.575999930500984,
                "samples": 5,
                "stdev": 0.07332111908407914
              },
              "sequence_us": {
                "max": 16.599999740719795,
                "median": 16.48000068962574,
                "min": 16.40000008046627,
                "n": 5,
                "p05": 16.40000008046627,
                "p95": 16.575999930500984,
                "samples": 5,
                "stdev": 0.07332111908407914
              },
              "status": "ok"
            },
            "host_wall": {
              "clock": "steady_clock",
              "per_iteration_us": {
                "max": 40.48,
                "median": 39.71,
                "min": 39.48,
                "n": 5,
                "p05": 39.51,
                "p95": 40.4002,
                "samples": 5,
                "stdev": 0.3610342920000809
              },
              "sequence_us": {
                "max": 40.48,
                "median": 39.71,
                "min": 39.48,
                "n": 5,
                "p05": 39.51,
                "p95": 40.4002,
                "samples": 5,
                "stdev": 0.3610342920000809
              },
              "status": "ok"
            },
            "logical_iterations": 1
          }
        },
        "timing_mode": "serial_latency",
        "variant": "q6_x8_selected_down",
        "weight_layout": "q6_k_x8",
        "workgroup_match": "exact"
      },
      {
        "activation_quant": "q8_1",
        "backend": "hip",
        "blocks_per_row": 2,
        "correctness": {
          "single_dispatch": {
            "oracle": "raw Q6_K selected q8_1+dp4a BF16 logits with KL <= 0.05 and top-1 >= 90%",
            "status": "pass"
          },
          "synchronization": {
            "barrier_count": 0,
            "method": "hip_stream_order",
            "status": "pass"
          },
          "timed_sequence": {
            "coverage": "chained_final_state",
            "logical_iterations": 10,
            "oracle": "raw Q6_K selected q8_1+dp4a BF16 logits with KL <= 0.05 and top-1 >= 90%",
            "status": "pass"
          }
        },
        "correctness_pass": true,
        "dependency_contract": {
          "inter_dispatch_ordering": "hip_stream_order",
          "output_partitioning": "chained_shared",
          "validation_status": "pass",
          "work_dependency": "chained"
        },
        "experts": 256,
        "in_features": 512,
        "kv_type": "not_applicable",
        "local_size": 64,
        "median_us": 14.639900624752045,
        "model_fingerprint": "synthetic_q6_x8_selected_down_v1",
        "numeric_correctness": {
          "burst": {
            "exact_bf16_mismatches": 0,
            "expected_repetitions": [
              9
            ],
            "kl_divergence": 0.0,
            "max_abs": 0.0,
            "mean_abs": 0.0,
            "oracle": "raw Q6_K selected q8_1+dp4a BF16 logits with KL/top-1 gate",
            "outputs_checked": 1,
            "pass": true,
            "top1": 1.0
          },
          "single": {
            "exact_bf16_mismatches": 0,
            "expected_repetitions": [
              0
            ],
            "kl_divergence": 0.0,
            "max_abs": 0.0,
            "mean_abs": 0.0,
            "oracle": "raw Q6_K selected q8_1+dp4a BF16 logits with KL/top-1 gate",
            "outputs_checked": 1,
            "pass": true,
            "top1": 1.0
          }
        },
        "operation": "x8_selected_dp4a_quantize_plus_dot",
        "out_features": 2048,
        "out_packed": 256,
        "output_dtype": "bf16",
        "q8_blocks_per_row": 16,
        "quant": "q6_k",
        "row_tile": 1,
        "rows": 8,
        "selected_dtype": "int64",
        "sequence_validation": {
          "burst_expected_repetitions": [
            9
          ],
          "input_repetition_pattern": "distinct_deterministic_salt",
          "output_partitioning": "shared",
          "single_expected_repetitions": [
            0
          ],
          "xq_partitioning": "shared"
        },
        "submission": {
          "completion_in_host_wall": true,
          "queue_or_stream_count": 1,
          "recording_in_timed_region": false,
          "strategy": "direct",
          "submit_in_host_wall": true
        },
        "timing": {
          "burst": {
            "dispatches_per_iteration": 2,
            "gpu_elapsed": {
              "clock": "hip_event",
              "per_iteration_us": {
                "max": 15.024000406265259,
                "median": 14.639900624752045,
                "min": 14.515900611877441,
                "n": 5,
                "p05": 14.539120495319366,
                "p95": 14.954400360584259,
                "samples": 5,
                "stdev": 0.17184354012053618
              },
              "sequence_us": {
                "max": 150.2400040626526,
                "median": 146.39900624752045,
                "min": 145.1590061187744,
                "n": 5,
                "p05": 145.39120495319366,
                "p95": 149.5440036058426,
                "samples": 5,
                "stdev": 1.7184354012053618
              },
              "status": "ok"
            },
            "host_wall": {
              "clock": "steady_clock",
              "per_iteration_us": {
                "max": 17.6131,
                "median": 16.996100000000002,
                "min": 16.8531,
                "n": 5,
                "p05": 16.877100000000002,
                "p95": 17.5167,
                "samples": 5,
                "stdev": 0.26503313000453305
              },
              "sequence_us": {
                "max": 176.131,
                "median": 169.961,
                "min": 168.531,
                "n": 5,
                "p05": 168.77100000000002,
                "p95": 175.167,
                "samples": 5,
                "stdev": 2.6503313000453343
              },
              "status": "ok"
            },
            "logical_iterations": 10
          },
          "single": {
            "dispatches_per_iteration": 2,
            "gpu_elapsed": {
              "clock": "hip_event",
              "per_iteration_us": {
                "max": 19.999999552965164,
                "median": 19.95900087058544,
                "min": 19.71999928355217,
                "n": 5,
                "p05": 19.751999527215958,
                "p95": 19.999999552965164,
                "samples": 5,
                "stdev": 0.10543715415513848
              },
              "sequence_us": {
                "max": 19.999999552965164,
                "median": 19.95900087058544,
                "min": 19.71999928355217,
                "n": 5,
                "p05": 19.751999527215958,
                "p95": 19.999999552965164,
                "samples": 5,
                "stdev": 0.10543715415513848
              },
              "status": "ok"
            },
            "host_wall": {
              "clock": "steady_clock",
              "per_iteration_us": {
                "max": 43.8,
                "median": 43.07,
                "min": 42.851,
                "n": 5,
                "p05": 42.8788,
                "p95": 43.7222,
                "samples": 5,
                "stdev": 0.3418611414010071
              },
              "sequence_us": {
                "max": 43.8,
                "median": 43.07,
                "min": 42.851,
                "n": 5,
                "p05": 42.8788,
                "p95": 43.7222,
                "samples": 5,
                "stdev": 0.3418611414010071
              },
              "status": "ok"
            },
            "logical_iterations": 1
          }
        },
        "timing_mode": "serial_latency",
        "variant": "q6_x8_selected_down",
        "weight_layout": "q6_k_x8",
        "workgroup_match": "exact"
      }
    ]
  },
  "notes": "Production HIP Q6_K X8 selected-down q8_1+dp4a slice under timing contract v2.",
  "parameters": {
    "activation_quant": "q8_1",
    "experts": 256,
    "in_features": 512,
    "independent_lanes": 1,
    "input_scale": 0.1,
    "kv_type": "not_applicable",
    "local_size": 64,
    "model_fingerprint": "synthetic_q6_x8_selected_down_v1",
    "out_features": 2048,
    "output_dtype": "bf16",
    "quant": "q6_k",
    "repetitions": 10,
    "row_tile": 1,
    "rows": 8,
    "samples": 5,
    "selected_dtype": "int64",
    "timing_mode": "serial_latency",
    "warmup_iterations": 3,
    "weight_layout": "q6_k_x8"
  },
  "schema_version": 2,
  "source": {
    "branch": "",
    "commit": "f2c3ad6d74c86e3641ce09ff9fd759eaa6cd75e0",
    "dirty": false,
    "repo": "/tmp/hipEngine-f2c",
    "source_hash": "sha256:0cc1b4209d354e73e4fe33ed66ea475dee9a2e769bfda76982b2d2ad1d091900"
  },
  "timing": {
    "q8_1_quantize": {
      "max_us": 15.384900569915771,
      "median_ms": 0.004019900038838386,
      "median_us": 4.0199000388383865,
      "min_us": 3.9960000663995743,
      "p05_us": 4.000000059604645,
      "p95_us": 13.11352044343948
    },
    "x8_selected_dp4a_dot_prequantized": {
      "max_us": 11.159999668598175,
      "median_ms": 0.01109590008854866,
      "median_us": 11.09590008854866,
      "min_us": 11.07190027832985,
      "p05_us": 11.072720289230347,
      "p95_us": 11.151999682188034
    },
    "x8_selected_dp4a_quantize_plus_dot": {
      "max_us": 15.024000406265259,
      "median_ms": 0.014639900624752044,
      "median_us": 14.639900624752045,
      "min_us": 14.515900611877441,
      "p05_us": 14.539120495319366,
      "p95_us": 14.954400360584259
    }
  }
}

