initializing Hipfire HIP bridge
initializing Redline retained-PM4 backend
initializing RADV Vulkan backend
WARNING: radv is not a conformant Vulkan implementation, testing use only.
[1/133] serial_latency/dispatch-grid/count=1,grid=1;hip-wave=32 (1 operations; order redline -> vulkan -> hipgraph -> hip)
  redline      4.2800 us/op correctness=true mismatches=0
  vulkan       7.5600 us/op correctness=true mismatches=0
  hipgraph    37.7600 us/op correctness=true mismatches=0
  hip         28.5200 us/op correctness=true mismatches=0
[2/133] serial_latency/dispatch-grid/count=50,grid=1;hip-wave=32 (50 operations; order vulkan -> hipgraph -> hip -> redline)
  vulkan       1.3248 us/op correctness=true mismatches=0
  hipgraph    18.5752 us/op correctness=true mismatches=0
  hip         19.0376 us/op correctness=true mismatches=0
  redline      1.7592 us/op correctness=true mismatches=0
[3/133] serial_latency/dispatch-grid/count=200,grid=1;hip-wave=32 (200 operations; order hipgraph -> hip -> redline -> vulkan)
  hipgraph    18.5440 us/op correctness=true mismatches=0
  hip         18.9656 us/op correctness=true mismatches=0
  redline      1.6332 us/op correctness=true mismatches=0
  vulkan       1.1150 us/op correctness=true mismatches=0
[4/133] serial_latency/dispatch-grid/count=941,grid=1;hip-wave=32 (941 operations; order hip -> redline -> vulkan -> hipgraph)
  hip         18.9517 us/op correctness=true mismatches=0
  redline      1.6347 us/op correctness=true mismatches=0
  vulkan       1.0629 us/op correctness=true mismatches=0
  hipgraph    18.4574 us/op correctness=true mismatches=0
[5/133] serial_latency/dispatch-grid/count=64,grid=128;hip-wave=32 (64 operations; order redline -> vulkan -> hipgraph -> hip)
  redline      3.0169 us/op correctness=true mismatches=0
  vulkan       1.1844 us/op correctness=true mismatches=0
  hipgraph    44.9750 us/op correctness=true mismatches=0
  hip         45.4951 us/op correctness=true mismatches=0
[6/133] serial_latency/dispatch-grid/count=64,grid=1024;hip-wave=32 (64 operations; order vulkan -> hipgraph -> hip -> redline)
  vulkan       2.2569 us/op correctness=true mismatches=0
  hipgraph   335.0604 us/op correctness=true mismatches=0
  hip        335.7910 us/op correctness=true mismatches=0
  redline      3.8500 us/op correctness=true mismatches=0
[7/133] serial_latency/dispatch-grid/count=64,grid=8192;hip-wave=32 (64 operations; order hipgraph -> hip -> redline -> vulkan)
  hipgraph  1313.2108 us/op correctness=true mismatches=0
  hip       1304.4671 us/op correctness=true mismatches=0
  redline     10.2525 us/op correctness=true mismatches=0
  vulkan      11.3925 us/op correctness=true mismatches=0
[8/133] serial_latency/geometry/k=512,rows=1,wg=256;hip-wave=32 (64 operations; order hip -> redline -> vulkan -> hipgraph)
  hip         18.9956 us/op correctness=true mismatches=0
  redline     13.9844 us/op correctness=true mismatches=0
  vulkan      16.1225 us/op correctness=true mismatches=0
  hipgraph    18.2100 us/op correctness=true mismatches=0
[9/133] serial_latency/geometry/k=512,rows=4,wg=256;hip-wave=32 (64 operations; order redline -> vulkan -> hipgraph -> hip)
  redline     14.0244 us/op correctness=true mismatches=0
  vulkan      16.0063 us/op correctness=true mismatches=0
  hipgraph    15.8119 us/op correctness=true mismatches=0
  hip         16.2856 us/op correctness=true mismatches=0
[10/133] serial_latency/geometry/k=2048,rows=1,wg=256;hip-wave=32 (64 operations; order vulkan -> hipgraph -> hip -> redline)
  vulkan      56.3188 us/op correctness=true mismatches=0
  hipgraph    47.9038 us/op correctness=true mismatches=0
  hip         48.3957 us/op correctness=true mismatches=0
  redline     46.1344 us/op correctness=true mismatches=0
[11/133] serial_latency/geometry/k=2048,rows=4,wg=256;hip-wave=32 (64 operations; order hipgraph -> hip -> redline -> vulkan)
  hipgraph    47.9638 us/op correctness=true mismatches=0
  hip         48.4888 us/op correctness=true mismatches=0
  redline     46.0519 us/op correctness=true mismatches=0
  vulkan      56.0900 us/op correctness=true mismatches=0
[12/133] serial_latency/reduction/variant=wave,k=8192,rows=1;hip-wave=32 (64 operations; order hip -> redline -> vulkan -> hipgraph)
  hip        142.8539 us/op correctness=true mismatches=0
  redline    138.9525 us/op correctness=true mismatches=0
  vulkan     159.1012 us/op correctness=true mismatches=0
  hipgraph   138.6052 us/op correctness=true mismatches=0
[13/133] serial_latency/reduction/variant=wave,k=8192,rows=4;hip-wave=32 (64 operations; order redline -> vulkan -> hipgraph -> hip)
  redline    141.2981 us/op correctness=true mismatches=0
  vulkan     161.8794 us/op correctness=true mismatches=0
  hipgraph   141.9427 us/op correctness=true mismatches=0
  hip        142.2758 us/op correctness=true mismatches=0
[14/133] serial_latency/reduction/variant=lds-tree,k=8192,rows=1;hip-wave=32 (64 operations; order vulkan -> hipgraph -> hip -> redline)
  vulkan     159.5613 us/op correctness=true mismatches=0
  hipgraph   143.0452 us/op correctness=true mismatches=0
  hip        138.4152 us/op correctness=true mismatches=0
  redline    139.2406 us/op correctness=true mismatches=0
[15/133] serial_latency/reduction/variant=lds-tree,k=8192,rows=4;hip-wave=32 (64 operations; order hipgraph -> hip -> redline -> vulkan)
  hipgraph   142.2395 us/op correctness=true mismatches=0
  hip        142.2427 us/op correctness=true mismatches=0
  redline    141.6163 us/op correctness=true mismatches=0
  vulkan     162.0425 us/op correctness=true mismatches=0
[16/133] serial_latency/memory-waitcnt/variant=coalesced4,n=4096,body=16;hip-wave=32 (64 operations; order hip -> redline -> vulkan -> hipgraph)
  hip          9.1775 us/op correctness=true mismatches=0
  redline      7.3425 us/op correctness=true mismatches=0
  vulkan       6.1500 us/op correctness=true mismatches=0
  hipgraph     8.6819 us/op correctness=true mismatches=0
[17/133] serial_latency/memory-waitcnt/variant=coalesced4,n=32768,body=16;hip-wave=32 (32 operations; order redline -> vulkan -> hipgraph -> hip)
  redline      8.7700 us/op correctness=true mismatches=0
  vulkan       6.9313 us/op correctness=true mismatches=0
  hipgraph    45.4963 us/op correctness=true mismatches=0
  hip         45.8626 us/op correctness=true mismatches=0
[18/133] serial_latency/memory-waitcnt/variant=gather,n=4096,body=16;hip-wave=32 (64 operations; order vulkan -> hipgraph -> hip -> redline)
  vulkan       9.2675 us/op correctness=true mismatches=0
  hipgraph    11.8250 us/op correctness=true mismatches=0
  hip         12.3113 us/op correctness=true mismatches=0
  redline     10.4675 us/op correctness=true mismatches=0
[19/133] serial_latency/memory-waitcnt/variant=gather,n=32768,body=16;hip-wave=32 (32 operations; order hipgraph -> hip -> redline -> vulkan)
  hipgraph    45.7051 us/op correctness=true mismatches=0
  hip         46.0651 us/op correctness=true mismatches=0
  redline     23.9862 us/op correctness=true mismatches=0
  vulkan      19.4812 us/op correctness=true mismatches=0
[20/133] serial_latency/memory-waitcnt/variant=interleave4,n=4096,body=16;hip-wave=32 (64 operations; order hip -> redline -> vulkan -> hipgraph)
  hip          9.3338 us/op correctness=true mismatches=0
  redline      7.6750 us/op correctness=true mismatches=0
  vulkan       6.3575 us/op correctness=true mismatches=0
  hipgraph     8.8394 us/op correctness=true mismatches=0
[21/133] serial_latency/memory-waitcnt/variant=interleave4,n=32768,body=16;hip-wave=32 (32 operations; order redline -> vulkan -> hipgraph -> hip)
  redline     16.5425 us/op correctness=true mismatches=0
  vulkan      10.1837 us/op correctness=true mismatches=0
  hipgraph    50.4101 us/op correctness=true mismatches=0
  hip         50.6888 us/op correctness=true mismatches=0
[22/133] serial_latency/packed-dot/variant=q8-signed,n=4096,body=16;hip-wave=32 (64 operations; order vulkan -> hipgraph -> hip -> redline)
  vulkan       7.7156 us/op correctness=true mismatches=0
  hipgraph    10.9650 us/op correctness=true mismatches=0
  hip         11.4550 us/op correctness=true mismatches=0
  redline      9.7688 us/op correctness=true mismatches=0
[23/133] serial_latency/packed-dot/variant=q4-unsigned,n=4096,body=16;hip-wave=32 (64 operations; order hipgraph -> hip -> redline -> vulkan)
  hipgraph    10.9513 us/op correctness=true mismatches=0
  hip         11.4263 us/op correctness=true mismatches=0
  redline      9.7469 us/op correctness=true mismatches=0
  vulkan       7.6706 us/op correctness=true mismatches=0
[24/133] serial_latency/packed-dot/variant=q6-zero,n=4096,body=16;hip-wave=32 (64 operations; order hip -> redline -> vulkan -> hipgraph)
  hip         11.6094 us/op correctness=true mismatches=0
  redline      9.8863 us/op correctness=true mismatches=0
  vulkan       8.0106 us/op correctness=true mismatches=0
  hipgraph    11.1094 us/op correctness=true mismatches=0
[25/133] serial_latency/packed-dot/variant=q4-scalar,n=4096,body=16;hip-wave=32 (64 operations; order redline -> vulkan -> hipgraph -> hip)
  redline     11.0256 us/op correctness=true mismatches=0
  vulkan      14.2331 us/op correctness=true mismatches=0
  hipgraph    12.2700 us/op correctness=true mismatches=0
  hip         12.7456 us/op correctness=true mismatches=0
[26/133] serial_latency/vopd/variant=independent-fma,n=32768,body=64;hip-wave=32 (32 operations; order vulkan -> hipgraph -> hip -> redline)
  vulkan       9.0850 us/op correctness=true mismatches=0
  hipgraph    50.0376 us/op correctness=true mismatches=0
  hip         50.4026 us/op correctness=true mismatches=0
  redline     13.4825 us/op correctness=true mismatches=0
[27/133] serial_latency/vopd/variant=dependent-fma,n=32768,body=64;hip-wave=64 (32 operations; order hipgraph -> hip -> redline -> vulkan)
  hipgraph    47.4688 us/op correctness=true mismatches=0
  hip         47.3363 us/op correctness=true mismatches=0
  redline     11.4162 us/op correctness=true mismatches=0
  vulkan       9.2287 us/op correctness=true mismatches=0
[28/133] serial_latency/vopd/variant=mixed-int-float,n=32768,body=64;hip-wave=32 (32 operations; order hip -> redline -> vulkan -> hipgraph)
  hip         58.3226 us/op correctness=true mismatches=0
  redline     28.6750 us/op correctness=true mismatches=0
  vulkan      16.4988 us/op correctness=true mismatches=0
  hipgraph    57.8763 us/op correctness=true mismatches=0
[29/133] serial_latency/vopd/variant=dequant-like,n=32768,body=64;hip-wave=32 (32 operations; order redline -> vulkan -> hipgraph -> hip)
  redline     23.3425 us/op correctness=true mismatches=0
  vulkan      14.4650 us/op correctness=true mismatches=0
  hipgraph    52.5951 us/op correctness=true mismatches=0
  hip         53.5038 us/op correctness=true mismatches=0
[30/133] serial_latency/sampler/argmax,vocab=32768,rows=1;hip-wave=32 (64 operations; order vulkan -> hipgraph -> hip -> redline)
  vulkan      42.1156 us/op correctness=true mismatches=0
  hipgraph    45.5807 us/op correctness=true mismatches=0
  hip         46.3119 us/op correctness=true mismatches=0
  redline     43.9625 us/op correctness=true mismatches=0
[31/133] serial_latency/sampler/argmax,vocab=32768,rows=4;hip-wave=32 (64 operations; order hipgraph -> hip -> redline -> vulkan)
  hipgraph    45.8807 us/op correctness=true mismatches=0
  hip         46.0857 us/op correctness=true mismatches=0
  redline     44.2756 us/op correctness=true mismatches=0
  vulkan      42.2106 us/op correctness=true mismatches=0
[32/133] serial_latency/sampler/argmax,vocab=131072,rows=1;hip-wave=32 (64 operations; order hip -> redline -> vulkan -> hipgraph)
  hip        168.0440 us/op correctness=true mismatches=0
  redline    166.7063 us/op correctness=true mismatches=0
  vulkan     162.1044 us/op correctness=true mismatches=0
  hipgraph   165.5346 us/op correctness=true mismatches=0
[33/133] serial_latency/sampler/argmax,vocab=131072,rows=4;hip-wave=32 (64 operations; order redline -> vulkan -> hipgraph -> hip)
  redline    168.9162 us/op correctness=true mismatches=0
  vulkan     163.6344 us/op correctness=true mismatches=0
  hipgraph   169.8427 us/op correctness=true mismatches=0
  hip        168.5921 us/op correctness=true mismatches=0
[34/133] serial_latency/two-stage-reduction/k=8192,rows=4,splits=2;hip-wave=32 (64 operations; order vulkan -> hipgraph -> hip -> redline)
  vulkan      10.5663 us/op correctness=true mismatches=0
  hipgraph    13.1250 us/op correctness=true mismatches=0
  hip         14.2131 us/op correctness=true mismatches=0
  redline      9.5463 us/op correctness=true mismatches=0
[35/133] serial_latency/two-stage-reduction/k=32768,rows=4,splits=8;hip-wave=32 (32 operations; order hipgraph -> hip -> redline -> vulkan)
  hipgraph    18.6625 us/op correctness=true mismatches=0
  hip         19.7050 us/op correctness=true mismatches=0
  redline     10.6237 us/op correctness=true mismatches=0
  vulkan      10.5838 us/op correctness=true mismatches=0
[36/133] serial_latency/q4-selected-dual/m=512,k=768,tile=2;hip-wave=64 (32 operations; order hip -> redline -> vulkan -> hipgraph)
  hip         21.3250 us/op correctness=true mismatches=0
  redline      5.8987 us/op correctness=true mismatches=0
  vulkan       6.0912 us/op correctness=true mismatches=0
  hipgraph    20.9538 us/op correctness=true mismatches=0
[37/133] serial_latency/q4-selected-dual/m=2048,k=2048,tile=2;hip-wave=64 (32 operations; order redline -> vulkan -> hipgraph -> hip)
  redline     10.9650 us/op correctness=true mismatches=0
  vulkan      13.8650 us/op correctness=true mismatches=0
  hipgraph    69.6363 us/op correctness=true mismatches=0
  hip         70.5176 us/op correctness=true mismatches=0
[38/133] serial_latency/q4-selected-dual/m=4096,k=8192,tile=2;hip-wave=64 (16 operations; order vulkan -> hipgraph -> hip -> redline)
  vulkan      61.2850 us/op correctness=true mismatches=0
  hipgraph   366.4880 us/op correctness=true mismatches=0
  hip        367.2230 us/op correctness=true mismatches=0
  redline     55.4925 us/op correctness=true mismatches=0
[39/133] serial_latency/q6-x8-selected-down/m=512,k=2048,tile=8;hip-wave=64 (32 operations; order hipgraph -> hip -> redline -> vulkan)
  hipgraph    24.6925 us/op correctness=true mismatches=0
  hip         25.5425 us/op correctness=true mismatches=0
  redline     24.1425 us/op correctness=true mismatches=0
  vulkan      40.0037 us/op correctness=true mismatches=0
[40/133] serial_latency/q6-x8-selected-down/m=2048,k=4096,tile=8;hip-wave=64 (32 operations; order hip -> redline -> vulkan -> hipgraph)
  hip         80.7738 us/op correctness=true mismatches=0
  redline     44.3825 us/op correctness=true mismatches=0
  vulkan      77.5325 us/op correctness=true mismatches=0
  hipgraph    80.4851 us/op correctness=true mismatches=0
[41/133] serial_latency/q6-x8-selected-down/m=4096,k=8192,tile=8;hip-wave=64 (16 operations; order redline -> vulkan -> hipgraph -> hip)
  redline     87.9700 us/op correctness=true mismatches=0
  vulkan     155.9850 us/op correctness=true mismatches=0
  hipgraph   160.2878 us/op correctness=true mismatches=0
  hip        160.5327 us/op correctness=true mismatches=0
[42/133] serial_latency/dense-q8/m=512,k=768,tile=4;hip-wave=64 (32 operations; order vulkan -> hipgraph -> hip -> redline)
  vulkan       8.4675 us/op correctness=true mismatches=0
  hipgraph    20.4688 us/op correctness=true mismatches=0
  hip         20.6425 us/op correctness=true mismatches=0
  redline      7.4850 us/op correctness=true mismatches=0
[43/133] serial_latency/dense-q8/m=2048,k=2048,tile=4;hip-wave=64 (32 operations; order hipgraph -> hip -> redline -> vulkan)
  hipgraph    67.9463 us/op correctness=true mismatches=0
  hip         68.1026 us/op correctness=true mismatches=0
  redline     14.1625 us/op correctness=true mismatches=0
  vulkan      19.5813 us/op correctness=true mismatches=0
[44/133] serial_latency/dense-q8/m=2048,k=8192,tile=4;hip-wave=64 (16 operations; order hip -> redline -> vulkan -> hipgraph)
  hip         95.6001 us/op correctness=true mismatches=0
  redline     41.6250 us/op correctness=true mismatches=0
  vulkan      72.2775 us/op correctness=true mismatches=0
  hipgraph    95.0226 us/op correctness=true mismatches=0
[45/133] serial_latency/dense-q8/m=4096,k=8192,tile=4;hip-wave=64 (16 operations; order redline -> vulkan -> hipgraph -> hip)
  redline     49.0100 us/op correctness=true mismatches=0
  vulkan      81.6000 us/op correctness=true mismatches=0
  hipgraph   183.4628 us/op correctness=true mismatches=0
  hip        182.0202 us/op correctness=true mismatches=0
[46/133] independent_throughput/dispatch-grid/count=1,grid=1;hip-wave=32 (1 operations; order vulkan -> hipgraph -> hip -> redline)
  vulkan       7.7200 us/op correctness=true mismatches=0
  hipgraph    37.3610 us/op correctness=true mismatches=0
  hip         28.1600 us/op correctness=true mismatches=0
  redline      3.9600 us/op correctness=true mismatches=0
[47/133] independent_throughput/dispatch-grid/count=50,grid=1;hip-wave=32 (50 operations; order hipgraph -> hip -> redline -> vulkan)
  hipgraph    24.5200 us/op correctness=true mismatches=0
  hip         22.5352 us/op correctness=true mismatches=0
  redline      0.1928 us/op correctness=true mismatches=0
  vulkan       1.2272 us/op correctness=true mismatches=0
[48/133] independent_throughput/dispatch-grid/count=200,grid=1;hip-wave=32 (200 operations; order hip -> redline -> vulkan -> hipgraph)
  hip         21.4136 us/op correctness=true mismatches=0
  redline      0.1192 us/op correctness=true mismatches=0
  vulkan       0.3126 us/op correctness=true mismatches=0
  hipgraph    20.2908 us/op correctness=true mismatches=0
[49/133] independent_throughput/dispatch-grid/count=941,grid=1;hip-wave=32 (941 operations; order redline -> vulkan -> hipgraph -> hip)
  redline      0.0751 us/op correctness=true mismatches=0
  vulkan       0.1149 us/op correctness=true mismatches=0
  hipgraph    18.2963 us/op correctness=true mismatches=0
  hip         18.1644 us/op correctness=true mismatches=0
[50/133] independent_throughput/dispatch-grid/count=64,grid=128;hip-wave=32 (64 operations; order vulkan -> hipgraph -> hip -> redline)
  vulkan       0.9888 us/op correctness=true mismatches=0
  hipgraph    30.9869 us/op correctness=true mismatches=0
  hip         27.3307 us/op correctness=true mismatches=0
  redline      0.8825 us/op correctness=true mismatches=0
[51/133] independent_throughput/dispatch-grid/count=64,grid=1024;hip-wave=32 (64 operations; order hipgraph -> hip -> redline -> vulkan)
  hipgraph   171.5865 us/op correctness=true mismatches=0
  hip        166.7409 us/op correctness=true mismatches=0
  redline      2.2719 us/op correctness=true mismatches=0
  vulkan       1.4619 us/op correctness=true mismatches=0
[52/133] independent_throughput/dispatch-grid/count=64,grid=8192;hip-wave=32 (64 operations; order hip -> redline -> vulkan -> hipgraph)
  hip       1272.5136 us/op correctness=true mismatches=0
  redline      8.2338 us/op correctness=true mismatches=0
  vulkan       5.4669 us/op correctness=true mismatches=0
  hipgraph  1260.5842 us/op correctness=true mismatches=0
[53/133] independent_throughput/geometry/k=512,rows=1,wg=256;hip-wave=32 (64 operations; order redline -> vulkan -> hipgraph -> hip)
  redline      0.1800 us/op correctness=true mismatches=0
  vulkan       1.2481 us/op correctness=true mismatches=0
  hipgraph    19.5344 us/op correctness=true mismatches=0
  hip         17.1100 us/op correctness=true mismatches=0
[54/133] independent_throughput/geometry/k=512,rows=4,wg=256;hip-wave=32 (64 operations; order vulkan -> hipgraph -> hip -> redline)
  vulkan       1.2494 us/op correctness=true mismatches=0
  hipgraph    12.0244 us/op correctness=true mismatches=0
  hip         11.4913 us/op correctness=true mismatches=0
  redline      0.3269 us/op correctness=true mismatches=0
[55/133] independent_throughput/geometry/k=2048,rows=1,wg=256;hip-wave=32 (64 operations; order hipgraph -> hip -> redline -> vulkan)
  hipgraph    17.0832 us/op correctness=true mismatches=0
  hip         16.3944 us/op correctness=true mismatches=0
  redline      0.4694 us/op correctness=true mismatches=0
  vulkan       2.1056 us/op correctness=true mismatches=0
[56/133] independent_throughput/geometry/k=2048,rows=4,wg=256;hip-wave=32 (64 operations; order hip -> redline -> vulkan -> hipgraph)
  hip         16.8881 us/op correctness=true mismatches=0
  redline      1.1169 us/op correctness=true mismatches=0
  vulkan       2.1356 us/op correctness=true mismatches=0
  hipgraph    17.2738 us/op correctness=true mismatches=0
[57/133] independent_throughput/reduction/variant=wave,k=8192,rows=1;hip-wave=32 (64 operations; order redline -> vulkan -> hipgraph -> hip)
  redline      1.1400 us/op correctness=true mismatches=0
  vulkan       4.3369 us/op correctness=true mismatches=0
  hipgraph    38.3957 us/op correctness=true mismatches=0
  hip         38.3425 us/op correctness=true mismatches=0
[58/133] independent_throughput/reduction/variant=wave,k=8192,rows=4;hip-wave=32 (64 operations; order vulkan -> hipgraph -> hip -> redline)
  vulkan       4.6194 us/op correctness=true mismatches=0
  hipgraph    40.1113 us/op correctness=true mismatches=0
  hip         38.6401 us/op correctness=true mismatches=0
  redline      2.3306 us/op correctness=true mismatches=0
[59/133] independent_throughput/reduction/variant=lds-tree,k=8192,rows=1;hip-wave=32 (64 operations; order hipgraph -> hip -> redline -> vulkan)
  hipgraph    38.5994 us/op correctness=true mismatches=0
  hip         38.3907 us/op correctness=true mismatches=0
  redline      1.1394 us/op correctness=true mismatches=0
  vulkan       4.5181 us/op correctness=true mismatches=0
[60/133] independent_throughput/reduction/variant=lds-tree,k=8192,rows=4;hip-wave=32 (64 operations; order hip -> redline -> vulkan -> hipgraph)
  hip         38.6251 us/op correctness=true mismatches=0
  redline      2.3413 us/op correctness=true mismatches=0
  vulkan       4.5912 us/op correctness=true mismatches=0
  hipgraph    39.4869 us/op correctness=true mismatches=0
[61/133] independent_throughput/memory-waitcnt/variant=coalesced4,n=4096,body=16;hip-wave=32 (64 operations; order redline -> vulkan -> hipgraph -> hip)
  redline      0.3463 us/op correctness=true mismatches=0
  vulkan       1.0737 us/op correctness=true mismatches=0
  hipgraph    12.9288 us/op correctness=true mismatches=0
  hip         11.5863 us/op correctness=true mismatches=0
[62/133] independent_throughput/memory-waitcnt/variant=coalesced4,n=32768,body=16;hip-wave=32 (32 operations; order vulkan -> hipgraph -> hip -> redline)
  vulkan       2.7725 us/op correctness=true mismatches=0
  hipgraph    33.1501 us/op correctness=true mismatches=0
  hip         27.8288 us/op correctness=true mismatches=0
  redline      2.4287 us/op correctness=true mismatches=0
[63/133] independent_throughput/memory-waitcnt/variant=gather,n=4096,body=16;hip-wave=32 (64 operations; order hipgraph -> hip -> redline -> vulkan)
  hipgraph    12.8919 us/op correctness=true mismatches=0
  hip         12.4106 us/op correctness=true mismatches=0
  redline      1.0437 us/op correctness=true mismatches=0
  vulkan       1.1431 us/op correctness=true mismatches=0
[64/133] independent_throughput/memory-waitcnt/variant=gather,n=32768,body=16;hip-wave=32 (32 operations; order hip -> redline -> vulkan -> hipgraph)
  hip         28.2813 us/op correctness=true mismatches=0
  redline      9.5113 us/op correctness=true mismatches=0
  vulkan       7.6900 us/op correctness=true mismatches=0
  hipgraph    35.4901 us/op correctness=true mismatches=0
[65/133] independent_throughput/memory-waitcnt/variant=interleave4,n=4096,body=16;hip-wave=32 (64 operations; order redline -> vulkan -> hipgraph -> hip)
  redline      0.6975 us/op correctness=true mismatches=0
  vulkan       1.2200 us/op correctness=true mismatches=0
  hipgraph    12.5388 us/op correctness=true mismatches=0
  hip         11.5981 us/op correctness=true mismatches=0
[66/133] independent_throughput/memory-waitcnt/variant=interleave4,n=32768,body=16;hip-wave=32 (32 operations; order vulkan -> hipgraph -> hip -> redline)
  vulkan       4.2825 us/op correctness=true mismatches=0
  hipgraph    34.6363 us/op correctness=true mismatches=0
  hip         29.7925 us/op correctness=true mismatches=0
  redline      5.2138 us/op correctness=true mismatches=0
[67/133] independent_throughput/packed-dot/variant=q8-signed,n=4096,body=16;hip-wave=32 (64 operations; order hipgraph -> hip -> redline -> vulkan)
  hipgraph    12.5700 us/op correctness=true mismatches=0
  hip         11.8088 us/op correctness=true mismatches=0
  redline      1.4481 us/op correctness=true mismatches=0
  vulkan       1.4163 us/op correctness=true mismatches=0
[68/133] independent_throughput/packed-dot/variant=q4-unsigned,n=4096,body=16;hip-wave=32 (64 operations; order hip -> redline -> vulkan -> hipgraph)
  hip         12.1225 us/op correctness=true mismatches=0
  redline      1.4587 us/op correctness=true mismatches=0
  vulkan       1.3906 us/op correctness=true mismatches=0
  hipgraph    12.9594 us/op correctness=true mismatches=0
[69/133] independent_throughput/packed-dot/variant=q6-zero,n=4096,body=16;hip-wave=32 (64 operations; order redline -> vulkan -> hipgraph -> hip)
  redline      1.3650 us/op correctness=true mismatches=0
  vulkan       1.4187 us/op correctness=true mismatches=0
  hipgraph    12.9700 us/op correctness=true mismatches=0
  hip         11.8581 us/op correctness=true mismatches=0
[70/133] independent_throughput/packed-dot/variant=q4-scalar,n=4096,body=16;hip-wave=32 (64 operations; order vulkan -> hipgraph -> hip -> redline)
  vulkan       2.4144 us/op correctness=true mismatches=0
  hipgraph    13.4063 us/op correctness=true mismatches=0
  hip         12.0313 us/op correctness=true mismatches=0
  redline      1.5306 us/op correctness=true mismatches=0
[71/133] independent_throughput/vopd/variant=independent-fma,n=32768,body=64;hip-wave=32 (32 operations; order hipgraph -> hip -> redline -> vulkan)
  hipgraph    34.7401 us/op correctness=true mismatches=0
  hip         28.9488 us/op correctness=true mismatches=0
  redline      4.4088 us/op correctness=true mismatches=0
  vulkan       4.0550 us/op correctness=true mismatches=0
[72/133] independent_throughput/vopd/variant=dependent-fma,n=32768,body=64;hip-wave=64 (32 operations; order hip -> redline -> vulkan -> hipgraph)
  hip         28.9388 us/op correctness=true mismatches=0
  redline      3.5650 us/op correctness=true mismatches=0
  vulkan       3.9987 us/op correctness=true mismatches=0
  hipgraph    33.7363 us/op correctness=true mismatches=0
[73/133] independent_throughput/vopd/variant=mixed-int-float,n=32768,body=64;hip-wave=32 (32 operations; order redline -> vulkan -> hipgraph -> hip)
  redline     10.5062 us/op correctness=true mismatches=0
  vulkan       7.4387 us/op correctness=true mismatches=0
  hipgraph    38.3613 us/op correctness=true mismatches=0
  hip         32.2850 us/op correctness=true mismatches=0
[74/133] independent_throughput/vopd/variant=dequant-like,n=32768,body=64;hip-wave=32 (32 operations; order vulkan -> hipgraph -> hip -> redline)
  vulkan       6.6350 us/op correctness=true mismatches=0
  hipgraph    36.2451 us/op correctness=true mismatches=0
  hip         30.2613 us/op correctness=true mismatches=0
  redline      8.0975 us/op correctness=true mismatches=0
[75/133] independent_throughput/sampler/argmax,vocab=32768,rows=1;hip-wave=32 (64 operations; order hipgraph -> hip -> redline -> vulkan)
  hipgraph    17.2169 us/op correctness=true mismatches=0
  hip         17.1563 us/op correctness=true mismatches=0
  redline      0.4106 us/op correctness=true mismatches=0
  vulkan       1.6381 us/op correctness=true mismatches=0
[76/133] independent_throughput/sampler/argmax,vocab=32768,rows=4;hip-wave=32 (64 operations; order hip -> redline -> vulkan -> hipgraph)
  hip         17.6719 us/op correctness=true mismatches=0
  redline      0.6787 us/op correctness=true mismatches=0
  vulkan       1.8431 us/op correctness=true mismatches=0
  hipgraph    18.6282 us/op correctness=true mismatches=0
[77/133] independent_throughput/sampler/argmax,vocab=131072,rows=1;hip-wave=32 (64 operations; order redline -> vulkan -> hipgraph -> hip)
  redline      1.4750 us/op correctness=true mismatches=0
  vulkan       4.8981 us/op correctness=true mismatches=0
  hipgraph    49.7888 us/op correctness=true mismatches=0
  hip         48.4119 us/op correctness=true mismatches=0
[78/133] independent_throughput/sampler/argmax,vocab=131072,rows=4;hip-wave=32 (64 operations; order vulkan -> hipgraph -> hip -> redline)
  vulkan       4.6681 us/op correctness=true mismatches=0
  hipgraph    49.4276 us/op correctness=true mismatches=0
  hip         48.3707 us/op correctness=true mismatches=0
  redline      2.4756 us/op correctness=true mismatches=0
[79/133] independent_throughput/two-stage-reduction/k=8192,rows=4,splits=2;hip-wave=32 (64 operations; order hipgraph -> hip -> redline -> vulkan)
  hipgraph    20.5569 us/op correctness=true mismatches=0
  hip         20.0463 us/op correctness=true mismatches=0
  redline      4.4363 us/op correctness=true mismatches=0
  vulkan       6.5300 us/op correctness=true mismatches=0
[80/133] independent_throughput/two-stage-reduction/k=32768,rows=4,splits=8;hip-wave=32 (32 operations; order hip -> redline -> vulkan -> hipgraph)
  hip         24.3388 us/op correctness=true mismatches=0
  redline      5.4837 us/op correctness=true mismatches=0
  vulkan       6.7012 us/op correctness=true mismatches=0
  hipgraph    25.4313 us/op correctness=true mismatches=0
[81/133] independent_throughput/q4-selected-dual/m=512,k=768,tile=2;hip-wave=64 (32 operations; order redline -> vulkan -> hipgraph -> hip)
  redline      0.6225 us/op correctness=true mismatches=0
  vulkan       2.1475 us/op correctness=true mismatches=0
  hipgraph    19.2913 us/op correctness=true mismatches=0
  hip         17.6337 us/op correctness=true mismatches=0
[82/133] independent_throughput/q4-selected-dual/m=2048,k=2048,tile=2;hip-wave=64 (32 operations; order vulkan -> hipgraph -> hip -> redline)
  vulkan       3.8138 us/op correctness=true mismatches=0
  hipgraph    45.7001 us/op correctness=true mismatches=0
  hip         40.4526 us/op correctness=true mismatches=0
  redline      2.6550 us/op correctness=true mismatches=0
[83/133] independent_throughput/q4-selected-dual/m=4096,k=8192,tile=2;hip-wave=64 (16 operations; order hipgraph -> hip -> redline -> vulkan)
  hipgraph   203.5803 us/op correctness=true mismatches=0
  hip        198.8003 us/op correctness=true mismatches=0
  redline     20.7325 us/op correctness=true mismatches=0
  vulkan      31.3625 us/op correctness=true mismatches=0
[84/133] independent_throughput/q6-x8-selected-down/m=512,k=2048,tile=8;hip-wave=64 (32 operations; order hip -> redline -> vulkan -> hipgraph)
  hip         17.5400 us/op correctness=true mismatches=0
  redline      0.8625 us/op correctness=true mismatches=0
  vulkan       3.8788 us/op correctness=true mismatches=0
  hipgraph    19.2950 us/op correctness=true mismatches=0
[85/133] independent_throughput/q6-x8-selected-down/m=2048,k=4096,tile=8;hip-wave=64 (32 operations; order redline -> vulkan -> hipgraph -> hip)
  redline      3.5450 us/op correctness=true mismatches=0
  vulkan       6.1988 us/op correctness=true mismatches=0
  hipgraph    48.6713 us/op correctness=true mismatches=0
  hip         44.6051 us/op correctness=true mismatches=0
[86/133] independent_throughput/q6-x8-selected-down/m=4096,k=8192,tile=8;hip-wave=64 (16 operations; order vulkan -> hipgraph -> hip -> redline)
  vulkan      24.7875 us/op correctness=true mismatches=0
  hipgraph    92.8527 us/op correctness=true mismatches=0
  hip         83.6276 us/op correctness=true mismatches=0
  redline     18.2550 us/op correctness=true mismatches=0
[87/133] independent_throughput/dense-q8/m=512,k=768,tile=4;hip-wave=64 (32 operations; order hipgraph -> hip -> redline -> vulkan)
  hipgraph    18.6575 us/op correctness=true mismatches=0
  hip         16.2100 us/op correctness=true mismatches=0
  redline      0.4475 us/op correctness=true mismatches=0
  vulkan       2.1387 us/op correctness=true mismatches=0
[88/133] independent_throughput/dense-q8/m=2048,k=2048,tile=4;hip-wave=64 (32 operations; order hip -> redline -> vulkan -> hipgraph)
  hip         37.5901 us/op correctness=true mismatches=0
  redline      1.9850 us/op correctness=true mismatches=0
  vulkan       3.3075 us/op correctness=true mismatches=0
  hipgraph    42.4888 us/op correctness=true mismatches=0
[89/133] independent_throughput/dense-q8/m=2048,k=8192,tile=4;hip-wave=64 (16 operations; order redline -> vulkan -> hipgraph -> hip)
  redline      8.5700 us/op correctness=true mismatches=0
  vulkan      12.3525 us/op correctness=true mismatches=0
  hipgraph    60.2376 us/op correctness=true mismatches=0
  hip         53.1876 us/op correctness=true mismatches=0
[90/133] independent_throughput/dense-q8/m=4096,k=8192,tile=4;hip-wave=64 (16 operations; order vulkan -> hipgraph -> hip -> redline)
  vulkan      24.4825 us/op correctness=true mismatches=0
  hipgraph   110.2476 us/op correctness=true mismatches=0
  hip         99.7876 us/op correctness=true mismatches=0
  redline     18.5225 us/op correctness=true mismatches=0
[91/133] single_kernel_aggressive/dispatch-grid/count=1,grid=1;hip-wave=32 (1 operations; order hipgraph -> hip -> redline -> vulkan)
  hipgraph    26.7200 us/op correctness=true mismatches=0
  hip         20.3200 us/op correctness=true mismatches=0
  redline      2.4000 us/op correctness=true mismatches=0
  vulkan       4.2000 us/op correctness=true mismatches=0
[92/133] single_kernel_aggressive/dispatch-grid/count=50,grid=1;hip-wave=32 (1 operations; order hip -> redline -> vulkan -> hipgraph)
  hip         20.9200 us/op correctness=true mismatches=0
  redline      2.4400 us/op correctness=true mismatches=0
  vulkan       4.2400 us/op correctness=true mismatches=0
  hipgraph    26.4800 us/op correctness=true mismatches=0
[93/133] single_kernel_aggressive/dispatch-grid/count=200,grid=1;hip-wave=32 (1 operations; order redline -> vulkan -> hipgraph -> hip)
  redline      2.5200 us/op correctness=true mismatches=0
  vulkan       4.2000 us/op correctness=true mismatches=0
  hipgraph    26.7600 us/op correctness=true mismatches=0
  hip         20.4400 us/op correctness=true mismatches=0
[94/133] single_kernel_aggressive/dispatch-grid/count=941,grid=1;hip-wave=32 (1 operations; order vulkan -> hipgraph -> hip -> redline)
  vulkan       4.2000 us/op correctness=true mismatches=0
  hipgraph    26.8000 us/op correctness=true mismatches=0
  hip         20.4400 us/op correctness=true mismatches=0
  redline      2.5200 us/op correctness=true mismatches=0
[95/133] single_kernel_aggressive/dispatch-grid/count=64,grid=128;hip-wave=32 (1 operations; order hipgraph -> hip -> redline -> vulkan)
  hipgraph    31.9600 us/op correctness=true mismatches=0
  hip         26.3200 us/op correctness=true mismatches=0
  redline      3.8000 us/op correctness=true mismatches=0
  vulkan       4.2400 us/op correctness=true mismatches=0
[96/133] single_kernel_aggressive/dispatch-grid/count=64,grid=1024;hip-wave=32 (1 operations; order hip -> redline -> vulkan -> hipgraph)
  hip        161.1600 us/op correctness=true mismatches=0
  redline      4.7200 us/op correctness=true mismatches=0
  vulkan       5.0400 us/op correctness=true mismatches=0
  hipgraph   166.5200 us/op correctness=true mismatches=0
[97/133] single_kernel_aggressive/dispatch-grid/count=64,grid=8192;hip-wave=32 (1 operations; order redline -> vulkan -> hipgraph -> hip)
  redline     10.8800 us/op correctness=true mismatches=0
  vulkan       9.2400 us/op correctness=true mismatches=0
  hipgraph  1240.0020 us/op correctness=true mismatches=0
  hip       1234.6420 us/op correctness=true mismatches=0
[98/133] single_kernel_aggressive/geometry/k=512,rows=1,wg=256;hip-wave=32 (1 operations; order vulkan -> hipgraph -> hip -> redline)
  vulkan      11.6000 us/op correctness=true mismatches=0
  hipgraph    26.6800 us/op correctness=true mismatches=0
  hip         20.6000 us/op correctness=true mismatches=0
  redline      8.5200 us/op correctness=true mismatches=0
[99/133] single_kernel_aggressive/geometry/k=512,rows=4,wg=256;hip-wave=32 (1 operations; order hipgraph -> hip -> redline -> vulkan)
  hipgraph    18.6400 us/op correctness=true mismatches=0
  hip         13.1200 us/op correctness=true mismatches=0
  redline      8.5200 us/op correctness=true mismatches=0
  vulkan      11.4800 us/op correctness=true mismatches=0
[100/133] single_kernel_aggressive/geometry/k=2048,rows=1,wg=256;hip-wave=32 (1 operations; order hip -> redline -> vulkan -> hipgraph)
  hip         28.6400 us/op correctness=true mismatches=0
  redline     23.8800 us/op correctness=true mismatches=0
  vulkan      30.7200 us/op correctness=true mismatches=0
  hipgraph    33.9600 us/op correctness=true mismatches=0
[101/133] single_kernel_aggressive/geometry/k=2048,rows=4,wg=256;hip-wave=32 (1 operations; order redline -> vulkan -> hipgraph -> hip)
  redline     23.7200 us/op correctness=true mismatches=0
  vulkan      30.4800 us/op correctness=true mismatches=0
  hipgraph    33.9600 us/op correctness=true mismatches=0
  hip         28.2800 us/op correctness=true mismatches=0
[102/133] single_kernel_aggressive/reduction/variant=wave,k=8192,rows=1;hip-wave=32 (1 operations; order vulkan -> hipgraph -> hip -> redline)
  vulkan      79.0000 us/op correctness=true mismatches=0
  hipgraph    79.1600 us/op correctness=true mismatches=0
  hip         73.7600 us/op correctness=true mismatches=0
  redline     67.4800 us/op correctness=true mismatches=0
[103/133] single_kernel_aggressive/reduction/variant=wave,k=8192,rows=4;hip-wave=32 (1 operations; order hipgraph -> hip -> redline -> vulkan)
  hipgraph    77.2400 us/op correctness=true mismatches=0
  hip         71.8000 us/op correctness=true mismatches=0
  redline     68.0000 us/op correctness=true mismatches=0
  vulkan      80.8400 us/op correctness=true mismatches=0
[104/133] single_kernel_aggressive/reduction/variant=lds-tree,k=8192,rows=1;hip-wave=32 (1 operations; order hip -> redline -> vulkan -> hipgraph)
  hip         73.4400 us/op correctness=true mismatches=0
  redline     68.0800 us/op correctness=true mismatches=0
  vulkan      80.9600 us/op correctness=true mismatches=0
  hipgraph    76.3600 us/op correctness=true mismatches=0
[105/133] single_kernel_aggressive/reduction/variant=lds-tree,k=8192,rows=4;hip-wave=32 (1 operations; order redline -> vulkan -> hipgraph -> hip)
  redline     69.0000 us/op correctness=true mismatches=0
  vulkan      79.9200 us/op correctness=true mismatches=0
  hipgraph    79.7600 us/op correctness=true mismatches=0
  hip         71.8010 us/op correctness=true mismatches=0
[106/133] single_kernel_aggressive/memory-waitcnt/variant=coalesced4,n=4096,body=16;hip-wave=32 (1 operations; order vulkan -> hipgraph -> hip -> redline)
  vulkan       7.2800 us/op correctness=true mismatches=0
  hipgraph    15.6000 us/op correctness=true mismatches=0
  hip         10.0400 us/op correctness=true mismatches=0
  redline      6.1200 us/op correctness=true mismatches=0
[107/133] single_kernel_aggressive/memory-waitcnt/variant=coalesced4,n=32768,body=16;hip-wave=32 (1 operations; order hipgraph -> hip -> redline -> vulkan)
  hipgraph    32.3600 us/op correctness=true mismatches=0
  hip         26.6000 us/op correctness=true mismatches=0
  redline      7.7200 us/op correctness=true mismatches=0
  vulkan       8.8800 us/op correctness=true mismatches=0
[108/133] single_kernel_aggressive/memory-waitcnt/variant=gather,n=4096,body=16;hip-wave=32 (1 operations; order hip -> redline -> vulkan -> hipgraph)
  hip         11.6400 us/op correctness=true mismatches=0
  redline      7.5600 us/op correctness=true mismatches=0
  vulkan       8.8800 us/op correctness=true mismatches=0
  hipgraph    17.5200 us/op correctness=true mismatches=0
[109/133] single_kernel_aggressive/memory-waitcnt/variant=gather,n=32768,body=16;hip-wave=32 (1 operations; order redline -> vulkan -> hipgraph -> hip)
  redline     13.5200 us/op correctness=true mismatches=0
  vulkan      13.3200 us/op correctness=true mismatches=0
  hipgraph    32.5600 us/op correctness=true mismatches=0
  hip         26.7600 us/op correctness=true mismatches=0
[110/133] single_kernel_aggressive/memory-waitcnt/variant=interleave4,n=4096,body=16;hip-wave=32 (1 operations; order vulkan -> hipgraph -> hip -> redline)
  vulkan       7.4400 us/op correctness=true mismatches=0
  hipgraph    16.0000 us/op correctness=true mismatches=0
  hip         10.1600 us/op correctness=true mismatches=0
  redline      6.2000 us/op correctness=true mismatches=0
[111/133] single_kernel_aggressive/memory-waitcnt/variant=interleave4,n=32768,body=16;hip-wave=32 (1 operations; order hipgraph -> hip -> redline -> vulkan)
  hipgraph    35.0400 us/op correctness=true mismatches=0
  hip         29.5600 us/op correctness=true mismatches=0
  redline     10.0000 us/op correctness=true mismatches=0
  vulkan       8.8800 us/op correctness=true mismatches=0
[112/133] single_kernel_aggressive/packed-dot/variant=q8-signed,n=4096,body=16;hip-wave=32 (1 operations; order hip -> redline -> vulkan -> hipgraph)
  hip         12.6000 us/op correctness=true mismatches=0
  redline      6.7200 us/op correctness=true mismatches=0
  vulkan       7.9200 us/op correctness=true mismatches=0
  hipgraph    16.6400 us/op correctness=true mismatches=0
[113/133] single_kernel_aggressive/packed-dot/variant=q4-unsigned,n=4096,body=16;hip-wave=32 (1 operations; order redline -> vulkan -> hipgraph -> hip)
  redline      6.7600 us/op correctness=true mismatches=0
  vulkan       7.9600 us/op correctness=true mismatches=0
  hipgraph    16.8400 us/op correctness=true mismatches=0
  hip         10.7600 us/op correctness=true mismatches=0
[114/133] single_kernel_aggressive/packed-dot/variant=q6-zero,n=4096,body=16;hip-wave=32 (1 operations; order vulkan -> hipgraph -> hip -> redline)
  vulkan       8.1600 us/op correctness=true mismatches=0
  hipgraph    16.4800 us/op correctness=true mismatches=0
  hip         10.8800 us/op correctness=true mismatches=0
  redline      6.8400 us/op correctness=true mismatches=0
[115/133] single_kernel_aggressive/packed-dot/variant=q4-scalar,n=4096,body=16;hip-wave=32 (1 operations; order hipgraph -> hip -> redline -> vulkan)
  hipgraph    16.8400 us/op correctness=true mismatches=0
  hip         11.4400 us/op correctness=true mismatches=0
  redline      7.4400 us/op correctness=true mismatches=0
  vulkan      11.4400 us/op correctness=true mismatches=0
[116/133] single_kernel_aggressive/vopd/variant=independent-fma,n=32768,body=64;hip-wave=32 (1 operations; order hip -> redline -> vulkan -> hipgraph)
  hip         28.7610 us/op correctness=true mismatches=0
  redline      8.7200 us/op correctness=true mismatches=0
  vulkan       7.7200 us/op correctness=true mismatches=0
  hipgraph    34.3200 us/op correctness=true mismatches=0
[117/133] single_kernel_aggressive/vopd/variant=dependent-fma,n=32768,body=64;hip-wave=64 (1 operations; order redline -> vulkan -> hipgraph -> hip)
  redline      7.5600 us/op correctness=true mismatches=0
  vulkan       7.8000 us/op correctness=true mismatches=0
  hipgraph    33.3200 us/op correctness=true mismatches=0
  hip         27.3200 us/op correctness=true mismatches=0
[118/133] single_kernel_aggressive/vopd/variant=mixed-int-float,n=32768,body=64;hip-wave=32 (1 operations; order vulkan -> hipgraph -> hip -> redline)
  vulkan      11.1200 us/op correctness=true mismatches=0
  hipgraph    38.0010 us/op correctness=true mismatches=0
  hip         32.4400 us/op correctness=true mismatches=0
  redline     16.0400 us/op correctness=true mismatches=0
[119/133] single_kernel_aggressive/vopd/variant=dequant-like,n=32768,body=64;hip-wave=32 (1 operations; order hipgraph -> hip -> redline -> vulkan)
  hipgraph    35.6800 us/op correctness=true mismatches=0
  hip         30.2800 us/op correctness=true mismatches=0
  redline     13.6400 us/op correctness=true mismatches=0
  vulkan      10.4000 us/op correctness=true mismatches=0
[120/133] single_kernel_aggressive/sampler/argmax,vocab=32768,rows=1;hip-wave=32 (1 operations; order hip -> redline -> vulkan -> hipgraph)
  hip         31.4800 us/op correctness=true mismatches=0
  redline     26.6800 us/op correctness=true mismatches=0
  vulkan      27.8000 us/op correctness=true mismatches=0
  hipgraph    37.4800 us/op correctness=true mismatches=0
[121/133] single_kernel_aggressive/sampler/argmax,vocab=32768,rows=4;hip-wave=32 (1 operations; order redline -> vulkan -> hipgraph -> hip)
  redline     26.2400 us/op correctness=true mismatches=0
  vulkan      27.7600 us/op correctness=true mismatches=0
  hipgraph    36.7210 us/op correctness=true mismatches=0
  hip         30.8000 us/op correctness=true mismatches=0
[122/133] single_kernel_aggressive/sampler/argmax,vocab=131072,rows=1;hip-wave=32 (1 operations; order vulkan -> hipgraph -> hip -> redline)
  vulkan      95.8000 us/op correctness=true mismatches=0
  hipgraph   108.5200 us/op correctness=true mismatches=0
  hip        102.6400 us/op correctness=true mismatches=0
  redline     96.2800 us/op correctness=true mismatches=0
[123/133] single_kernel_aggressive/sampler/argmax,vocab=131072,rows=4;hip-wave=32 (1 operations; order hipgraph -> hip -> redline -> vulkan)
  hipgraph   104.0000 us/op correctness=true mismatches=0
  hip         99.4400 us/op correctness=true mismatches=0
  redline     94.8800 us/op correctness=true mismatches=0
  vulkan      95.4800 us/op correctness=true mismatches=0
[124/133] single_kernel_aggressive/q4-selected-dual/m=512,k=768,tile=2;hip-wave=64 (1 operations; order hip -> redline -> vulkan -> hipgraph)
  hip         15.2000 us/op correctness=true mismatches=0
  redline      5.0800 us/op correctness=true mismatches=0
  vulkan       7.2800 us/op correctness=true mismatches=0
  hipgraph    20.9600 us/op correctness=true mismatches=0
[125/133] single_kernel_aggressive/q4-selected-dual/m=2048,k=2048,tile=2;hip-wave=64 (1 operations; order redline -> vulkan -> hipgraph -> hip)
  redline      7.8800 us/op correctness=true mismatches=0
  vulkan      12.0400 us/op correctness=true mismatches=0
  hipgraph    46.9210 us/op correctness=true mismatches=0
  hip         41.3600 us/op correctness=true mismatches=0
[126/133] single_kernel_aggressive/q4-selected-dual/m=4096,k=8192,tile=2;hip-wave=64 (1 operations; order vulkan -> hipgraph -> hip -> redline)
  vulkan      43.8800 us/op correctness=true mismatches=0
  hipgraph   202.8800 us/op correctness=true mismatches=0
  hip        196.9600 us/op correctness=true mismatches=0
  redline     36.0800 us/op correctness=true mismatches=0
[127/133] single_kernel_aggressive/q6-x8-selected-down/m=512,k=2048,tile=8;hip-wave=64 (1 operations; order hipgraph -> hip -> redline -> vulkan)
  hipgraph    25.2000 us/op correctness=true mismatches=0
  hip         19.4000 us/op correctness=true mismatches=0
  redline     15.5200 us/op correctness=true mismatches=0
  vulkan      27.4000 us/op correctness=true mismatches=0
[128/133] single_kernel_aggressive/q6-x8-selected-down/m=2048,k=4096,tile=8;hip-wave=64 (1 operations; order hip -> redline -> vulkan -> hipgraph)
  hip         51.7200 us/op correctness=true mismatches=0
  redline     27.2400 us/op correctness=true mismatches=0
  vulkan      47.8800 us/op correctness=true mismatches=0
  hipgraph    57.0400 us/op correctness=true mismatches=0
[129/133] single_kernel_aggressive/q6-x8-selected-down/m=4096,k=8192,tile=8;hip-wave=64 (1 operations; order redline -> vulkan -> hipgraph -> hip)
  redline     53.4400 us/op correctness=true mismatches=0
  vulkan      97.9200 us/op correctness=true mismatches=0
  hipgraph    93.6000 us/op correctness=true mismatches=0
  hip         87.5200 us/op correctness=true mismatches=0
[130/133] single_kernel_aggressive/dense-q8/m=512,k=768,tile=4;hip-wave=64 (1 operations; order vulkan -> hipgraph -> hip -> redline)
  vulkan       8.3600 us/op correctness=true mismatches=0
  hipgraph    20.8400 us/op correctness=true mismatches=0
  hip         15.1600 us/op correctness=true mismatches=0
  redline      6.3200 us/op correctness=true mismatches=0
[131/133] single_kernel_aggressive/dense-q8/m=2048,k=2048,tile=4;hip-wave=64 (1 operations; order hipgraph -> hip -> redline -> vulkan)
  hipgraph    44.1600 us/op correctness=true mismatches=0
  hip         38.5600 us/op correctness=true mismatches=0
  redline     10.1200 us/op correctness=true mismatches=0
  vulkan      14.8800 us/op correctness=true mismatches=0
[132/133] single_kernel_aggressive/dense-q8/m=2048,k=8192,tile=4;hip-wave=64 (1 operations; order hip -> redline -> vulkan -> hipgraph)
  hip         54.0800 us/op correctness=true mismatches=0
  redline     26.4000 us/op correctness=true mismatches=0
  vulkan      48.5600 us/op correctness=true mismatches=0
  hipgraph    60.0800 us/op correctness=true mismatches=0
[133/133] single_kernel_aggressive/dense-q8/m=4096,k=8192,tile=4;hip-wave=64 (1 operations; order redline -> vulkan -> hipgraph -> hip)
  redline     32.3200 us/op correctness=true mismatches=0
  vulkan      55.7600 us/op correctness=true mismatches=0
  hipgraph   108.6000 us/op correctness=true mismatches=0
  hip        102.5600 us/op correctness=true mismatches=0
wrote results/gfx1201/2026-07-12-wave-policy-comparison/rep1-targeted64/results.json
wrote results/gfx1201/2026-07-12-wave-policy-comparison/rep1-targeted64/REPORT.md
Redline wins 92/133 (69.17%). Four-way placements: 1st 92, 2nd 39, 3rd 2, 4th 0.
