initializing Hipfire HIP bridge
initializing Redline retained-PM4 backend
initializing RADV Vulkan backend
[1/12] serial_latency/vopd/variant=independent-fma,n=32768,body=64;hip-wave=64 (32 operations; order redline -> vulkan -> hipgraph -> hip)
  redline     11.1387 us/op correctness=true mismatches=0
  vulkan       9.2150 us/op correctness=true mismatches=0
  hipgraph    48.6813 us/op correctness=true mismatches=0
  hip         49.4525 us/op correctness=true mismatches=0
[2/12] serial_latency/vopd/variant=dependent-fma,n=32768,body=64;hip-wave=64 (32 operations; order vulkan -> hipgraph -> hip -> redline)
  vulkan       9.3675 us/op correctness=true mismatches=0
  hipgraph    48.8801 us/op correctness=true mismatches=0
  hip         48.8388 us/op correctness=true mismatches=0
  redline     11.0400 us/op correctness=true mismatches=0
[3/12] serial_latency/vopd/variant=mixed-int-float,n=32768,body=64;hip-wave=64 (32 operations; order hipgraph -> hip -> redline -> vulkan)
  hipgraph    55.7475 us/op correctness=true mismatches=0
  hip         55.9450 us/op correctness=true mismatches=0
  redline     24.1313 us/op correctness=true mismatches=0
  vulkan      16.7812 us/op correctness=true mismatches=0
[4/12] serial_latency/vopd/variant=dequant-like,n=32768,body=64;hip-wave=64 (32 operations; order hip -> redline -> vulkan -> hipgraph)
  hip         52.6051 us/op correctness=true mismatches=0
  redline     21.9363 us/op correctness=true mismatches=0
  vulkan      15.0712 us/op correctness=true mismatches=0
  hipgraph    52.6025 us/op correctness=true mismatches=0
[5/12] independent_throughput/vopd/variant=independent-fma,n=32768,body=64;hip-wave=64 (32 operations; order redline -> vulkan -> hipgraph -> hip)
  redline      7.8338 us/op correctness=true mismatches=0
  vulkan       7.6450 us/op correctness=true mismatches=0
  hipgraph    56.2150 us/op correctness=true mismatches=0
  hip         50.7000 us/op correctness=true mismatches=0
[6/12] independent_throughput/vopd/variant=dependent-fma,n=32768,body=64;hip-wave=64 (32 operations; order vulkan -> hipgraph -> hip -> redline)
  vulkan       6.6087 us/op correctness=true mismatches=0
  hipgraph    46.4063 us/op correctness=true mismatches=0
  hip         36.3225 us/op correctness=true mismatches=0
  redline      4.5750 us/op correctness=true mismatches=0
[7/12] independent_throughput/vopd/variant=mixed-int-float,n=32768,body=64;hip-wave=64 (32 operations; order hipgraph -> hip -> redline -> vulkan)
  hipgraph    40.2625 us/op correctness=true mismatches=0
  hip         32.4013 us/op correctness=true mismatches=0
  redline      9.3150 us/op correctness=true mismatches=0
  vulkan       7.3213 us/op correctness=true mismatches=0
[8/12] independent_throughput/vopd/variant=dequant-like,n=32768,body=64;hip-wave=64 (32 operations; order hip -> redline -> vulkan -> hipgraph)
  hip         31.0075 us/op correctness=true mismatches=0
  redline      8.2025 us/op correctness=true mismatches=0
  vulkan       6.4850 us/op correctness=true mismatches=0
  hipgraph    36.8163 us/op correctness=true mismatches=0
[9/12] single_kernel_aggressive/vopd/variant=independent-fma,n=32768,body=64;hip-wave=64 (1 operations; order redline -> vulkan -> hipgraph -> hip)
  redline      8.0000 us/op correctness=true mismatches=0
  vulkan       8.2400 us/op correctness=true mismatches=0
  hipgraph    34.9200 us/op correctness=true mismatches=0
  hip         29.2400 us/op correctness=true mismatches=0
[10/12] single_kernel_aggressive/vopd/variant=dependent-fma,n=32768,body=64;hip-wave=64 (1 operations; order vulkan -> hipgraph -> hip -> redline)
  vulkan       8.2400 us/op correctness=true mismatches=0
  hipgraph    34.6400 us/op correctness=true mismatches=0
  hip         28.8800 us/op correctness=true mismatches=0
  redline      7.8000 us/op correctness=true mismatches=0
[11/12] single_kernel_aggressive/vopd/variant=mixed-int-float,n=32768,body=64;hip-wave=64 (1 operations; order hipgraph -> hip -> redline -> vulkan)
  hipgraph    37.6400 us/op correctness=true mismatches=0
  hip         32.2000 us/op correctness=true mismatches=0
  redline     13.9200 us/op correctness=true mismatches=0
  vulkan      11.7200 us/op correctness=true mismatches=0
[12/12] single_kernel_aggressive/vopd/variant=dequant-like,n=32768,body=64;hip-wave=64 (1 operations; order hip -> redline -> vulkan -> hipgraph)
  hip         30.6000 us/op correctness=true mismatches=0
  redline     13.1200 us/op correctness=true mismatches=0
  vulkan      10.9200 us/op correctness=true mismatches=0
  hipgraph    36.3200 us/op correctness=true mismatches=0
wrote results/gfx1201/2026-07-13-radiowave-all-losers/vopd-unroll-iterative-ilp/results.json
wrote results/gfx1201/2026-07-13-radiowave-all-losers/vopd-unroll-iterative-ilp/REPORT.md
Redline wins 3/12 (25.00%). Four-way placements: 1st 3, 2nd 9, 3rd 0, 4th 0.
