initializing Hipfire HIP bridge
initializing Redline retained-PM4 backend
initializing RADV Vulkan backend
WARNING: radv is not a conformant Vulkan implementation, testing use only.
[1/133] serial_latency/dispatch-grid/count=1,grid=1;hip-wave=64 (1 operations; order redline -> vulkan -> hipgraph -> hip)
  redline      4.2000 us/op correctness=true mismatches=0
  vulkan       7.5200 us/op correctness=true mismatches=0
  hipgraph    18.6000 us/op correctness=true mismatches=0
  hip         10.4000 us/op correctness=true mismatches=0
[2/133] serial_latency/dispatch-grid/count=50,grid=1;hip-wave=64 (50 operations; order vulkan -> hipgraph -> hip -> redline)
  vulkan       1.3160 us/op correctness=true mismatches=0
  hipgraph     3.6392 us/op correctness=true mismatches=0
  hip          4.0728 us/op correctness=true mismatches=0
  redline      1.7488 us/op correctness=true mismatches=0
[3/133] serial_latency/dispatch-grid/count=200,grid=1;hip-wave=64 (200 operations; order hipgraph -> hip -> redline -> vulkan)
  hipgraph     3.4442 us/op correctness=true mismatches=0
  hip          4.0104 us/op correctness=true mismatches=0
  redline      1.6344 us/op correctness=true mismatches=0
  vulkan       1.0984 us/op correctness=true mismatches=0
[4/133] serial_latency/dispatch-grid/count=941,grid=1;hip-wave=64 (941 operations; order hip -> redline -> vulkan -> hipgraph)
  hip          3.8934 us/op correctness=true mismatches=0
  redline      1.6199 us/op correctness=true mismatches=0
  vulkan       1.0437 us/op correctness=true mismatches=0
  hipgraph     3.3367 us/op correctness=true mismatches=0
[5/133] serial_latency/dispatch-grid/count=64,grid=128;hip-wave=64 (64 operations; order redline -> vulkan -> hipgraph -> hip)
  redline      3.0006 us/op correctness=true mismatches=0
  vulkan       1.1681 us/op correctness=true mismatches=0
  hipgraph    43.9408 us/op correctness=true mismatches=0
  hip         44.6133 us/op correctness=true mismatches=0
[6/133] serial_latency/dispatch-grid/count=64,grid=1024;hip-wave=64 (64 operations; order vulkan -> hipgraph -> hip -> redline)
  vulkan       2.2163 us/op correctness=true mismatches=0
  hipgraph   329.6767 us/op correctness=true mismatches=0
  hip        330.4474 us/op correctness=true mismatches=0
  redline      3.5281 us/op correctness=true mismatches=0
[7/133] serial_latency/dispatch-grid/count=64,grid=8192;hip-wave=64 (64 operations; order hipgraph -> hip -> redline -> vulkan)
  hipgraph  1317.9090 us/op correctness=true mismatches=0
  hip       1308.9060 us/op correctness=true mismatches=0
  redline      9.7212 us/op correctness=true mismatches=0
  vulkan      11.2731 us/op correctness=true mismatches=0
[8/133] serial_latency/geometry/k=512,rows=1,wg=256;hip-wave=32 (64 operations; order hip -> redline -> vulkan -> hipgraph)
  hip         18.9938 us/op correctness=true mismatches=0
  redline     13.8513 us/op correctness=true mismatches=0
  vulkan      15.9381 us/op correctness=true mismatches=0
  hipgraph    18.2719 us/op correctness=true mismatches=0
[9/133] serial_latency/geometry/k=512,rows=4,wg=256;hip-wave=32 (64 operations; order redline -> vulkan -> hipgraph -> hip)
  redline     13.8613 us/op correctness=true mismatches=0
  vulkan      15.8050 us/op correctness=true mismatches=0
  hipgraph    15.6550 us/op correctness=true mismatches=0
  hip         16.1419 us/op correctness=true mismatches=0
[10/133] serial_latency/geometry/k=2048,rows=1,wg=256;hip-wave=32 (64 operations; order vulkan -> hipgraph -> hip -> redline)
  vulkan      55.6681 us/op correctness=true mismatches=0
  hipgraph    47.5577 us/op correctness=true mismatches=0
  hip         48.0870 us/op correctness=true mismatches=0
  redline     45.6256 us/op correctness=true mismatches=0
[11/133] serial_latency/geometry/k=2048,rows=4,wg=256;hip-wave=32 (64 operations; order hipgraph -> hip -> redline -> vulkan)
  hipgraph    47.4620 us/op correctness=true mismatches=0
  hip         47.9158 us/op correctness=true mismatches=0
  redline     45.5081 us/op correctness=true mismatches=0
  vulkan      55.4556 us/op correctness=true mismatches=0
[12/133] serial_latency/reduction/variant=wave,k=8192,rows=1;hip-wave=32 (64 operations; order hip -> redline -> vulkan -> hipgraph)
  hip        138.5449 us/op correctness=true mismatches=0
  redline    137.3644 us/op correctness=true mismatches=0
  vulkan     157.2875 us/op correctness=true mismatches=0
  hipgraph   134.5386 us/op correctness=true mismatches=0
[13/133] serial_latency/reduction/variant=wave,k=8192,rows=4;hip-wave=32 (64 operations; order redline -> vulkan -> hipgraph -> hip)
  redline    138.9556 us/op correctness=true mismatches=0
  vulkan     159.9112 us/op correctness=true mismatches=0
  hipgraph   139.9599 us/op correctness=true mismatches=0
  hip        140.3249 us/op correctness=true mismatches=0
[14/133] serial_latency/reduction/variant=lds-tree,k=8192,rows=1;hip-wave=32 (64 operations; order vulkan -> hipgraph -> hip -> redline)
  vulkan     157.6744 us/op correctness=true mismatches=0
  hipgraph   138.4230 us/op correctness=true mismatches=0
  hip        139.4086 us/op correctness=true mismatches=0
  redline    137.4731 us/op correctness=true mismatches=0
[15/133] serial_latency/reduction/variant=lds-tree,k=8192,rows=4;hip-wave=32 (64 operations; order hipgraph -> hip -> redline -> vulkan)
  hipgraph   140.3386 us/op correctness=true mismatches=0
  hip        140.0874 us/op correctness=true mismatches=0
  redline    139.0613 us/op correctness=true mismatches=0
  vulkan     160.3363 us/op correctness=true mismatches=0
[16/133] serial_latency/memory-waitcnt/variant=coalesced4,n=4096,body=16;hip-wave=64 (64 operations; order hip -> redline -> vulkan -> hipgraph)
  hip          9.3669 us/op correctness=true mismatches=0
  redline      7.7069 us/op correctness=true mismatches=0
  vulkan       6.1225 us/op correctness=true mismatches=0
  hipgraph     8.8675 us/op correctness=true mismatches=0
[17/133] serial_latency/memory-waitcnt/variant=coalesced4,n=32768,body=16;hip-wave=64 (32 operations; order redline -> vulkan -> hipgraph -> hip)
  redline      9.0862 us/op correctness=true mismatches=0
  vulkan       6.8350 us/op correctness=true mismatches=0
  hipgraph    44.6927 us/op correctness=true mismatches=0
  hip         44.6639 us/op correctness=true mismatches=0
[18/133] serial_latency/memory-waitcnt/variant=gather,n=4096,body=16;hip-wave=64 (64 operations; order vulkan -> hipgraph -> hip -> redline)
  vulkan       9.1962 us/op correctness=true mismatches=0
  hipgraph    12.1788 us/op correctness=true mismatches=0
  hip         12.6232 us/op correctness=true mismatches=0
  redline     10.7394 us/op correctness=true mismatches=0
[19/133] serial_latency/memory-waitcnt/variant=gather,n=32768,body=16;hip-wave=64 (32 operations; order hipgraph -> hip -> redline -> vulkan)
  hipgraph    44.9214 us/op correctness=true mismatches=0
  hip         44.9364 us/op correctness=true mismatches=0
  redline     23.6737 us/op correctness=true mismatches=0
  vulkan      19.3450 us/op correctness=true mismatches=0
[20/133] serial_latency/memory-waitcnt/variant=interleave4,n=4096,body=16;hip-wave=64 (64 operations; order hip -> redline -> vulkan -> hipgraph)
  hip          9.1513 us/op correctness=true mismatches=0
  redline      7.5144 us/op correctness=true mismatches=0
  vulkan       6.3156 us/op correctness=true mismatches=0
  hipgraph     8.6707 us/op correctness=true mismatches=0
[21/133] serial_latency/memory-waitcnt/variant=interleave4,n=32768,body=16;hip-wave=64 (32 operations; order redline -> vulkan -> hipgraph -> hip)
  redline     15.6625 us/op correctness=true mismatches=0
  vulkan      10.0687 us/op correctness=true mismatches=0
  hipgraph    46.6952 us/op correctness=true mismatches=0
  hip         46.6977 us/op correctness=true mismatches=0
[22/133] serial_latency/packed-dot/variant=q8-signed,n=4096,body=16;hip-wave=64 (64 operations; order vulkan -> hipgraph -> hip -> redline)
  vulkan       7.5912 us/op correctness=true mismatches=0
  hipgraph    11.3282 us/op correctness=true mismatches=0
  hip         11.8125 us/op correctness=true mismatches=0
  redline     10.0994 us/op correctness=true mismatches=0
[23/133] serial_latency/packed-dot/variant=q4-unsigned,n=4096,body=16;hip-wave=64 (64 operations; order hipgraph -> hip -> redline -> vulkan)
  hipgraph    11.3500 us/op correctness=true mismatches=0
  hip         11.7969 us/op correctness=true mismatches=0
  redline     10.0900 us/op correctness=true mismatches=0
  vulkan       7.6056 us/op correctness=true mismatches=0
[24/133] serial_latency/packed-dot/variant=q6-zero,n=4096,body=16;hip-wave=64 (64 operations; order hip -> redline -> vulkan -> hipgraph)
  hip         12.2119 us/op correctness=true mismatches=0
  redline     10.5381 us/op correctness=true mismatches=0
  vulkan       7.9225 us/op correctness=true mismatches=0
  hipgraph    11.7307 us/op correctness=true mismatches=0
[25/133] serial_latency/packed-dot/variant=q4-scalar,n=4096,body=16;hip-wave=32 (64 operations; order redline -> vulkan -> hipgraph -> hip)
  redline     10.9519 us/op correctness=true mismatches=0
  vulkan      14.1050 us/op correctness=true mismatches=0
  hipgraph    12.1538 us/op correctness=true mismatches=0
  hip         12.6288 us/op correctness=true mismatches=0
[26/133] serial_latency/vopd/variant=independent-fma,n=32768,body=64;hip-wave=64 (32 operations; order vulkan -> hipgraph -> hip -> redline)
  vulkan       8.9850 us/op correctness=true mismatches=0
  hipgraph    47.8677 us/op correctness=true mismatches=0
  hip         47.9989 us/op correctness=true mismatches=0
  redline     12.7650 us/op correctness=true mismatches=0
[27/133] serial_latency/vopd/variant=dependent-fma,n=32768,body=64;hip-wave=64 (32 operations; order hipgraph -> hip -> redline -> vulkan)
  hipgraph    46.9652 us/op correctness=true mismatches=0
  hip         46.9189 us/op correctness=true mismatches=0
  redline     11.3225 us/op correctness=true mismatches=0
  vulkan       9.1175 us/op correctness=true mismatches=0
[28/133] serial_latency/vopd/variant=mixed-int-float,n=32768,body=64;hip-wave=64 (32 operations; order hip -> redline -> vulkan -> hipgraph)
  hip         53.6927 us/op correctness=true mismatches=0
  redline     25.4725 us/op correctness=true mismatches=0
  vulkan      16.3212 us/op correctness=true mismatches=0
  hipgraph    53.5964 us/op correctness=true mismatches=0
[29/133] serial_latency/vopd/variant=dequant-like,n=32768,body=64;hip-wave=64 (32 operations; order redline -> vulkan -> hipgraph -> hip)
  redline     22.0138 us/op correctness=true mismatches=0
  vulkan      14.7275 us/op correctness=true mismatches=0
  hipgraph    50.8439 us/op correctness=true mismatches=0
  hip         51.0152 us/op correctness=true mismatches=0
[30/133] serial_latency/sampler/argmax,vocab=32768,rows=1;hip-wave=64 (64 operations; order vulkan -> hipgraph -> hip -> redline)
  vulkan      41.6587 us/op correctness=true mismatches=0
  hipgraph    46.5027 us/op correctness=true mismatches=0
  hip         45.8877 us/op correctness=true mismatches=0
  redline     43.9038 us/op correctness=true mismatches=0
[31/133] serial_latency/sampler/argmax,vocab=32768,rows=4;hip-wave=64 (64 operations; order hipgraph -> hip -> redline -> vulkan)
  hipgraph    46.5339 us/op correctness=true mismatches=0
  hip         46.6014 us/op correctness=true mismatches=0
  redline     44.1044 us/op correctness=true mismatches=0
  vulkan      41.8600 us/op correctness=true mismatches=0
[32/133] serial_latency/sampler/argmax,vocab=131072,rows=1;hip-wave=64 (64 operations; order hip -> redline -> vulkan -> hipgraph)
  hip        168.5644 us/op correctness=true mismatches=0
  redline    165.6194 us/op correctness=true mismatches=0
  vulkan     160.4750 us/op correctness=true mismatches=0
  hipgraph   166.1600 us/op correctness=true mismatches=0
[33/133] serial_latency/sampler/argmax,vocab=131072,rows=4;hip-wave=64 (64 operations; order redline -> vulkan -> hipgraph -> hip)
  redline    166.9506 us/op correctness=true mismatches=0
  vulkan     161.3212 us/op correctness=true mismatches=0
  hipgraph   170.5331 us/op correctness=true mismatches=0
  hip        169.9563 us/op correctness=true mismatches=0
[34/133] serial_latency/two-stage-reduction/k=8192,rows=4,splits=2;hip-wave=64 (64 operations; order vulkan -> hipgraph -> hip -> redline)
  vulkan      10.4000 us/op correctness=true mismatches=0
  hipgraph    13.0013 us/op correctness=true mismatches=0
  hip         14.0244 us/op correctness=true mismatches=0
  redline      9.7550 us/op correctness=true mismatches=0
[35/133] serial_latency/two-stage-reduction/k=32768,rows=4,splits=8;hip-wave=64 (32 operations; order hipgraph -> hip -> redline -> vulkan)
  hipgraph    17.8488 us/op correctness=true mismatches=0
  hip         18.3763 us/op correctness=true mismatches=0
  redline     10.8275 us/op correctness=true mismatches=0
  vulkan      10.4650 us/op correctness=true mismatches=0
[36/133] serial_latency/q4-selected-dual/m=512,k=768,tile=2;hip-wave=64 (32 operations; order hip -> redline -> vulkan -> hipgraph)
  hip         21.0276 us/op correctness=true mismatches=0
  redline      5.8338 us/op correctness=true mismatches=0
  vulkan       6.0425 us/op correctness=true mismatches=0
  hipgraph    20.6701 us/op correctness=true mismatches=0
[37/133] serial_latency/q4-selected-dual/m=2048,k=2048,tile=2;hip-wave=64 (32 operations; order redline -> vulkan -> hipgraph -> hip)
  redline     11.0100 us/op correctness=true mismatches=0
  vulkan      13.8850 us/op correctness=true mismatches=0
  hipgraph    69.1777 us/op correctness=true mismatches=0
  hip         69.2590 us/op correctness=true mismatches=0
[38/133] serial_latency/q4-selected-dual/m=4096,k=8192,tile=2;hip-wave=64 (16 operations; order vulkan -> hipgraph -> hip -> redline)
  vulkan      60.8500 us/op correctness=true mismatches=0
  hipgraph   361.1364 us/op correctness=true mismatches=0
  hip        357.1739 us/op correctness=true mismatches=0
  redline     54.8025 us/op correctness=true mismatches=0
[39/133] serial_latency/q6-x8-selected-down/m=512,k=2048,tile=8;hip-wave=64 (32 operations; order hipgraph -> hip -> redline -> vulkan)
  hipgraph    24.5463 us/op correctness=true mismatches=0
  hip         25.2626 us/op correctness=true mismatches=0
  redline     23.7162 us/op correctness=true mismatches=0
  vulkan      39.6200 us/op correctness=true mismatches=0
[40/133] serial_latency/q6-x8-selected-down/m=2048,k=4096,tile=8;hip-wave=64 (32 operations; order hip -> redline -> vulkan -> hipgraph)
  hip         80.2216 us/op correctness=true mismatches=0
  redline     43.8125 us/op correctness=true mismatches=0
  vulkan      76.5625 us/op correctness=true mismatches=0
  hipgraph    79.1965 us/op correctness=true mismatches=0
[41/133] serial_latency/q6-x8-selected-down/m=4096,k=8192,tile=8;hip-wave=64 (16 operations; order redline -> vulkan -> hipgraph -> hip)
  redline     87.2775 us/op correctness=true mismatches=0
  vulkan     154.1650 us/op correctness=true mismatches=0
  hipgraph   157.9456 us/op correctness=true mismatches=0
  hip        158.0506 us/op correctness=true mismatches=0
[42/133] serial_latency/dense-q8/m=512,k=768,tile=4;hip-wave=64 (32 operations; order vulkan -> hipgraph -> hip -> redline)
  vulkan       8.3900 us/op correctness=true mismatches=0
  hipgraph    19.5488 us/op correctness=true mismatches=0
  hip         20.5301 us/op correctness=true mismatches=0
  redline      7.4062 us/op correctness=true mismatches=0
[43/133] serial_latency/dense-q8/m=2048,k=2048,tile=4;hip-wave=64 (32 operations; order hipgraph -> hip -> redline -> vulkan)
  hipgraph    66.9227 us/op correctness=true mismatches=0
  hip         66.9003 us/op correctness=true mismatches=0
  redline     14.0050 us/op correctness=true mismatches=0
  vulkan      19.2125 us/op correctness=true mismatches=0
[44/133] serial_latency/dense-q8/m=2048,k=8192,tile=4;hip-wave=64 (16 operations; order hip -> redline -> vulkan -> hipgraph)
  hip         92.2654 us/op correctness=true mismatches=0
  redline     40.9575 us/op correctness=true mismatches=0
  vulkan      70.6625 us/op correctness=true mismatches=0
  hipgraph    92.2803 us/op correctness=true mismatches=0
[45/133] serial_latency/dense-q8/m=4096,k=8192,tile=4;hip-wave=64 (16 operations; order redline -> vulkan -> hipgraph -> hip)
  redline     48.3925 us/op correctness=true mismatches=0
  vulkan      81.1850 us/op correctness=true mismatches=0
  hipgraph   179.7307 us/op correctness=true mismatches=0
  hip        180.7082 us/op correctness=true mismatches=0
[46/133] independent_throughput/dispatch-grid/count=1,grid=1;hip-wave=64 (1 operations; order vulkan -> hipgraph -> hip -> redline)
  vulkan       7.5600 us/op correctness=true mismatches=0
  hipgraph    19.3610 us/op correctness=true mismatches=0
  hip         11.6800 us/op correctness=true mismatches=0
  redline      4.0000 us/op correctness=true mismatches=0
[47/133] independent_throughput/dispatch-grid/count=50,grid=1;hip-wave=64 (50 operations; order hipgraph -> hip -> redline -> vulkan)
  hipgraph    13.1952 us/op correctness=true mismatches=0
  hip          8.4032 us/op correctness=true mismatches=0
  redline      0.1928 us/op correctness=true mismatches=0
  vulkan       1.1672 us/op correctness=true mismatches=0
[48/133] independent_throughput/dispatch-grid/count=200,grid=1;hip-wave=64 (200 operations; order hip -> redline -> vulkan -> hipgraph)
  hip          9.4928 us/op correctness=true mismatches=0
  redline      0.1188 us/op correctness=true mismatches=0
  vulkan       0.4198 us/op correctness=true mismatches=0
  hipgraph     9.2820 us/op correctness=true mismatches=0
[49/133] independent_throughput/dispatch-grid/count=941,grid=1;hip-wave=64 (941 operations; order redline -> vulkan -> hipgraph -> hip)
  redline      0.0810 us/op correctness=true mismatches=0
  vulkan       0.1233 us/op correctness=true mismatches=0
  hipgraph     8.5715 us/op correctness=true mismatches=0
  hip          8.4317 us/op correctness=true mismatches=0
[50/133] independent_throughput/dispatch-grid/count=64,grid=128;hip-wave=64 (64 operations; order vulkan -> hipgraph -> hip -> redline)
  vulkan       1.0181 us/op correctness=true mismatches=0
  hipgraph    30.4664 us/op correctness=true mismatches=0
  hip         27.8082 us/op correctness=true mismatches=0
  redline      0.5119 us/op correctness=true mismatches=0
[51/133] independent_throughput/dispatch-grid/count=64,grid=1024;hip-wave=64 (64 operations; order hipgraph -> hip -> redline -> vulkan)
  hipgraph   172.7344 us/op correctness=true mismatches=0
  hip        168.2837 us/op correctness=true mismatches=0
  redline      2.3606 us/op correctness=true mismatches=0
  vulkan       1.4375 us/op correctness=true mismatches=0
[52/133] independent_throughput/dispatch-grid/count=64,grid=8192;hip-wave=64 (64 operations; order hip -> redline -> vulkan -> hipgraph)
  hip       1282.4737 us/op correctness=true mismatches=0
  redline      8.1306 us/op correctness=true mismatches=0
  vulkan       5.5187 us/op correctness=true mismatches=0
  hipgraph  1264.6642 us/op correctness=true mismatches=0
[53/133] independent_throughput/geometry/k=512,rows=1,wg=256;hip-wave=32 (64 operations; order redline -> vulkan -> hipgraph -> hip)
  redline      0.1787 us/op correctness=true mismatches=0
  vulkan       1.2300 us/op correctness=true mismatches=0
  hipgraph    19.3670 us/op correctness=true mismatches=0
  hip         16.9944 us/op correctness=true mismatches=0
[54/133] independent_throughput/geometry/k=512,rows=4,wg=256;hip-wave=32 (64 operations; order vulkan -> hipgraph -> hip -> redline)
  vulkan       1.2488 us/op correctness=true mismatches=0
  hipgraph    12.0150 us/op correctness=true mismatches=0
  hip         11.4832 us/op correctness=true mismatches=0
  redline      0.3281 us/op correctness=true mismatches=0
[55/133] independent_throughput/geometry/k=2048,rows=1,wg=256;hip-wave=32 (64 operations; order hipgraph -> hip -> redline -> vulkan)
  hipgraph    17.0545 us/op correctness=true mismatches=0
  hip         16.3732 us/op correctness=true mismatches=0
  redline      0.4675 us/op correctness=true mismatches=0
  vulkan       2.1181 us/op correctness=true mismatches=0
[56/133] independent_throughput/geometry/k=2048,rows=4,wg=256;hip-wave=32 (64 operations; order hip -> redline -> vulkan -> hipgraph)
  hip         16.4732 us/op correctness=true mismatches=0
  redline      1.1156 us/op correctness=true mismatches=0
  vulkan       2.1675 us/op correctness=true mismatches=0
  hipgraph    16.5488 us/op correctness=true mismatches=0
[57/133] independent_throughput/reduction/variant=wave,k=8192,rows=1;hip-wave=32 (64 operations; order redline -> vulkan -> hipgraph -> hip)
  redline      1.1381 us/op correctness=true mismatches=0
  vulkan       4.4612 us/op correctness=true mismatches=0
  hipgraph    43.0570 us/op correctness=true mismatches=0
  hip         43.0508 us/op correctness=true mismatches=0
[58/133] independent_throughput/reduction/variant=wave,k=8192,rows=4;hip-wave=32 (64 operations; order vulkan -> hipgraph -> hip -> redline)
  vulkan       4.6300 us/op correctness=true mismatches=0
  hipgraph    44.2889 us/op correctness=true mismatches=0
  hip         43.1983 us/op correctness=true mismatches=0
  redline      2.3381 us/op correctness=true mismatches=0
[59/133] independent_throughput/reduction/variant=lds-tree,k=8192,rows=1;hip-wave=32 (64 operations; order hipgraph -> hip -> redline -> vulkan)
  hipgraph    43.3127 us/op correctness=true mismatches=0
  hip         43.1470 us/op correctness=true mismatches=0
  redline      1.1406 us/op correctness=true mismatches=0
  vulkan       4.4675 us/op correctness=true mismatches=0
[60/133] independent_throughput/reduction/variant=lds-tree,k=8192,rows=4;hip-wave=32 (64 operations; order hip -> redline -> vulkan -> hipgraph)
  hip         43.3295 us/op correctness=true mismatches=0
  redline      2.3262 us/op correctness=true mismatches=0
  vulkan       4.6738 us/op correctness=true mismatches=0
  hipgraph    44.1827 us/op correctness=true mismatches=0
[61/133] independent_throughput/memory-waitcnt/variant=coalesced4,n=4096,body=16;hip-wave=64 (64 operations; order redline -> vulkan -> hipgraph -> hip)
  redline      0.2925 us/op correctness=true mismatches=0
  vulkan       1.0969 us/op correctness=true mismatches=0
  hipgraph    12.5138 us/op correctness=true mismatches=0
  hip         11.5182 us/op correctness=true mismatches=0
[62/133] independent_throughput/memory-waitcnt/variant=coalesced4,n=32768,body=16;hip-wave=64 (32 operations; order vulkan -> hipgraph -> hip -> redline)
  vulkan       2.8487 us/op correctness=true mismatches=0
  hipgraph    31.7876 us/op correctness=true mismatches=0
  hip         27.4663 us/op correctness=true mismatches=0
  redline      2.0537 us/op correctness=true mismatches=0
[63/133] independent_throughput/memory-waitcnt/variant=gather,n=4096,body=16;hip-wave=64 (64 operations; order hipgraph -> hip -> redline -> vulkan)
  hipgraph    12.8882 us/op correctness=true mismatches=0
  hip         12.0288 us/op correctness=true mismatches=0
  redline      0.9725 us/op correctness=true mismatches=0
  vulkan       1.1256 us/op correctness=true mismatches=0
[64/133] independent_throughput/memory-waitcnt/variant=gather,n=32768,body=16;hip-wave=64 (32 operations; order hip -> redline -> vulkan -> hipgraph)
  hip         27.5238 us/op correctness=true mismatches=0
  redline      9.4475 us/op correctness=true mismatches=0
  vulkan       7.6188 us/op correctness=true mismatches=0
  hipgraph    32.1464 us/op correctness=true mismatches=0
[65/133] independent_throughput/memory-waitcnt/variant=interleave4,n=4096,body=16;hip-wave=64 (64 operations; order redline -> vulkan -> hipgraph -> hip)
  redline      0.6819 us/op correctness=true mismatches=0
  vulkan       1.2212 us/op correctness=true mismatches=0
  hipgraph    16.2719 us/op correctness=true mismatches=0
  hip         15.6200 us/op correctness=true mismatches=0
[66/133] independent_throughput/memory-waitcnt/variant=interleave4,n=32768,body=16;hip-wave=64 (32 operations; order vulkan -> hipgraph -> hip -> redline)
  vulkan       4.1537 us/op correctness=true mismatches=0
  hipgraph    36.9377 us/op correctness=true mismatches=0
  hip         36.0539 us/op correctness=true mismatches=0
  redline      5.0637 us/op correctness=true mismatches=0
[67/133] independent_throughput/packed-dot/variant=q8-signed,n=4096,body=16;hip-wave=64 (64 operations; order hipgraph -> hip -> redline -> vulkan)
  hipgraph    16.8663 us/op correctness=true mismatches=0
  hip         18.8763 us/op correctness=true mismatches=0
  redline      2.3250 us/op correctness=true mismatches=0
  vulkan       1.3425 us/op correctness=true mismatches=0
[68/133] independent_throughput/packed-dot/variant=q4-unsigned,n=4096,body=16;hip-wave=64 (64 operations; order hip -> redline -> vulkan -> hipgraph)
  hip         18.9820 us/op correctness=true mismatches=0
  redline      2.3125 us/op correctness=true mismatches=0
  vulkan       1.3806 us/op correctness=true mismatches=0
  hipgraph    16.8482 us/op correctness=true mismatches=0
[69/133] independent_throughput/packed-dot/variant=q6-zero,n=4096,body=16;hip-wave=64 (64 operations; order redline -> vulkan -> hipgraph -> hip)
  redline      2.2412 us/op correctness=true mismatches=0
  vulkan       1.4206 us/op correctness=true mismatches=0
  hipgraph    16.9082 us/op correctness=true mismatches=0
  hip         19.3563 us/op correctness=true mismatches=0
[70/133] independent_throughput/packed-dot/variant=q4-scalar,n=4096,body=16;hip-wave=32 (64 operations; order vulkan -> hipgraph -> hip -> redline)
  vulkan       2.4175 us/op correctness=true mismatches=0
  hipgraph    17.4232 us/op correctness=true mismatches=0
  hip         19.5626 us/op correctness=true mismatches=0
  redline      1.5425 us/op correctness=true mismatches=0
[71/133] independent_throughput/vopd/variant=independent-fma,n=32768,body=64;hip-wave=64 (32 operations; order hipgraph -> hip -> redline -> vulkan)
  hipgraph    38.2851 us/op correctness=true mismatches=0
  hip         36.7551 us/op correctness=true mismatches=0
  redline      4.1900 us/op correctness=true mismatches=0
  vulkan       4.0775 us/op correctness=true mismatches=0
[72/133] independent_throughput/vopd/variant=dependent-fma,n=32768,body=64;hip-wave=64 (32 operations; order hip -> redline -> vulkan -> hipgraph)
  hip         37.0302 us/op correctness=true mismatches=0
  redline      3.5825 us/op correctness=true mismatches=0
  vulkan       4.0275 us/op correctness=true mismatches=0
  hipgraph    38.3814 us/op correctness=true mismatches=0
[73/133] independent_throughput/vopd/variant=mixed-int-float,n=32768,body=64;hip-wave=64 (32 operations; order redline -> vulkan -> hipgraph -> hip)
  redline      9.5000 us/op correctness=true mismatches=0
  vulkan       7.4588 us/op correctness=true mismatches=0
  hipgraph    40.2314 us/op correctness=true mismatches=0
  hip         38.9702 us/op correctness=true mismatches=0
[74/133] independent_throughput/vopd/variant=dequant-like,n=32768,body=64;hip-wave=64 (32 operations; order vulkan -> hipgraph -> hip -> redline)
  vulkan       6.6725 us/op correctness=true mismatches=0
  hipgraph    39.2039 us/op correctness=true mismatches=0
  hip         37.6864 us/op correctness=true mismatches=0
  redline      7.8950 us/op correctness=true mismatches=0
[75/133] independent_throughput/sampler/argmax,vocab=32768,rows=1;hip-wave=64 (64 operations; order hipgraph -> hip -> redline -> vulkan)
  hipgraph    22.6557 us/op correctness=true mismatches=0
  hip         22.0026 us/op correctness=true mismatches=0
  redline      0.4244 us/op correctness=true mismatches=0
  vulkan       1.9206 us/op correctness=true mismatches=0
[76/133] independent_throughput/sampler/argmax,vocab=32768,rows=4;hip-wave=64 (64 operations; order hip -> redline -> vulkan -> hipgraph)
  hip         21.9488 us/op correctness=true mismatches=0
  redline      0.4544 us/op correctness=true mismatches=0
  vulkan       1.9306 us/op correctness=true mismatches=0
  hipgraph    22.4970 us/op correctness=true mismatches=0
[77/133] independent_throughput/sampler/argmax,vocab=131072,rows=1;hip-wave=64 (64 operations; order redline -> vulkan -> hipgraph -> hip)
  redline      1.5219 us/op correctness=true mismatches=0
  vulkan       4.9200 us/op correctness=true mismatches=0
  hipgraph    51.2615 us/op correctness=true mismatches=0
  hip         53.8227 us/op correctness=true mismatches=0
[78/133] independent_throughput/sampler/argmax,vocab=131072,rows=4;hip-wave=64 (64 operations; order vulkan -> hipgraph -> hip -> redline)
  vulkan       4.8431 us/op correctness=true mismatches=0
  hipgraph    51.5046 us/op correctness=true mismatches=0
  hip         53.1677 us/op correctness=true mismatches=0
  redline      1.5875 us/op correctness=true mismatches=0
[79/133] independent_throughput/two-stage-reduction/k=8192,rows=4,splits=2;hip-wave=64 (64 operations; order hipgraph -> hip -> redline -> vulkan)
  hipgraph    27.8339 us/op correctness=true mismatches=0
  hip         27.5551 us/op correctness=true mismatches=0
  redline      4.5531 us/op correctness=true mismatches=0
  vulkan       6.5550 us/op correctness=true mismatches=0
[80/133] independent_throughput/two-stage-reduction/k=32768,rows=4,splits=8;hip-wave=64 (32 operations; order hip -> redline -> vulkan -> hipgraph)
  hip         31.6964 us/op correctness=true mismatches=0
  redline      5.5575 us/op correctness=true mismatches=0
  vulkan       7.2663 us/op correctness=true mismatches=0
  hipgraph    33.6839 us/op correctness=true mismatches=0
[81/133] independent_throughput/q4-selected-dual/m=512,k=768,tile=2;hip-wave=64 (32 operations; order redline -> vulkan -> hipgraph -> hip)
  redline      0.6238 us/op correctness=true mismatches=0
  vulkan       2.1575 us/op correctness=true mismatches=0
  hipgraph    26.3764 us/op correctness=true mismatches=0
  hip         24.9138 us/op correctness=true mismatches=0
[82/133] independent_throughput/q4-selected-dual/m=2048,k=2048,tile=2;hip-wave=64 (32 operations; order vulkan -> hipgraph -> hip -> redline)
  vulkan       3.8112 us/op correctness=true mismatches=0
  hipgraph    49.3039 us/op correctness=true mismatches=0
  hip         48.7664 us/op correctness=true mismatches=0
  redline      2.6725 us/op correctness=true mismatches=0
[83/133] independent_throughput/q4-selected-dual/m=4096,k=8192,tile=2;hip-wave=64 (16 operations; order hipgraph -> hip -> redline -> vulkan)
  hipgraph   205.8958 us/op correctness=true mismatches=0
  hip        205.7257 us/op correctness=true mismatches=0
  redline     20.7725 us/op correctness=true mismatches=0
  vulkan      31.4750 us/op correctness=true mismatches=0
[84/133] independent_throughput/q6-x8-selected-down/m=512,k=2048,tile=8;hip-wave=64 (32 operations; order hip -> redline -> vulkan -> hipgraph)
  hip         23.6038 us/op correctness=true mismatches=0
  redline      0.8562 us/op correctness=true mismatches=0
  vulkan       3.8150 us/op correctness=true mismatches=0
  hipgraph    25.2701 us/op correctness=true mismatches=0
[85/133] independent_throughput/q6-x8-selected-down/m=2048,k=4096,tile=8;hip-wave=64 (32 operations; order redline -> vulkan -> hipgraph -> hip)
  redline      3.5725 us/op correctness=true mismatches=0
  vulkan       6.0488 us/op correctness=true mismatches=0
  hipgraph    53.0340 us/op correctness=true mismatches=0
  hip         50.1327 us/op correctness=true mismatches=0
[86/133] independent_throughput/q6-x8-selected-down/m=4096,k=8192,tile=8;hip-wave=64 (16 operations; order vulkan -> hipgraph -> hip -> redline)
  vulkan      25.0175 us/op correctness=true mismatches=0
  hipgraph    96.0429 us/op correctness=true mismatches=0
  hip         91.2054 us/op correctness=true mismatches=0
  redline     18.2725 us/op correctness=true mismatches=0
[87/133] independent_throughput/dense-q8/m=512,k=768,tile=4;hip-wave=64 (32 operations; order hipgraph -> hip -> redline -> vulkan)
  hipgraph    25.6014 us/op correctness=true mismatches=0
  hip         23.8988 us/op correctness=true mismatches=0
  redline      0.4750 us/op correctness=true mismatches=0
  vulkan       2.1637 us/op correctness=true mismatches=0
[88/133] independent_throughput/dense-q8/m=2048,k=2048,tile=4;hip-wave=64 (32 operations; order hip -> redline -> vulkan -> hipgraph)
  hip         45.2927 us/op correctness=true mismatches=0
  redline      1.9725 us/op correctness=true mismatches=0
  vulkan       3.2487 us/op correctness=true mismatches=0
  hipgraph    46.1414 us/op correctness=true mismatches=0
[89/133] independent_throughput/dense-q8/m=2048,k=8192,tile=4;hip-wave=64 (16 operations; order redline -> vulkan -> hipgraph -> hip)
  redline      8.5100 us/op correctness=true mismatches=0
  vulkan      12.1000 us/op correctness=true mismatches=0
  hipgraph    65.8752 us/op correctness=true mismatches=0
  hip         62.3478 us/op correctness=true mismatches=0
[90/133] independent_throughput/dense-q8/m=4096,k=8192,tile=4;hip-wave=64 (16 operations; order vulkan -> hipgraph -> hip -> redline)
  vulkan      24.3400 us/op correctness=true mismatches=0
  hipgraph   112.7954 us/op correctness=true mismatches=0
  hip        108.8229 us/op correctness=true mismatches=0
  redline     18.5150 us/op correctness=true mismatches=0
[91/133] single_kernel_aggressive/dispatch-grid/count=1,grid=1;hip-wave=64 (1 operations; order hipgraph -> hip -> redline -> vulkan)
  hipgraph    12.8000 us/op correctness=true mismatches=0
  hip          7.2400 us/op correctness=true mismatches=0
  redline      2.5200 us/op correctness=true mismatches=0
  vulkan       4.2400 us/op correctness=true mismatches=0
[92/133] single_kernel_aggressive/dispatch-grid/count=50,grid=1;hip-wave=64 (1 operations; order hip -> redline -> vulkan -> hipgraph)
  hip          7.1200 us/op correctness=true mismatches=0
  redline      2.8400 us/op correctness=true mismatches=0
  vulkan       4.2400 us/op correctness=true mismatches=0
  hipgraph    12.6800 us/op correctness=true mismatches=0
[93/133] single_kernel_aggressive/dispatch-grid/count=200,grid=1;hip-wave=64 (1 operations; order redline -> vulkan -> hipgraph -> hip)
  redline      2.4800 us/op correctness=true mismatches=0
  vulkan       4.2000 us/op correctness=true mismatches=0
  hipgraph    12.8800 us/op correctness=true mismatches=0
  hip          7.0800 us/op correctness=true mismatches=0
[94/133] single_kernel_aggressive/dispatch-grid/count=941,grid=1;hip-wave=64 (1 operations; order vulkan -> hipgraph -> hip -> redline)
  vulkan       4.2400 us/op correctness=true mismatches=0
  hipgraph    12.8800 us/op correctness=true mismatches=0
  hip          7.1600 us/op correctness=true mismatches=0
  redline      2.4800 us/op correctness=true mismatches=0
[95/133] single_kernel_aggressive/dispatch-grid/count=64,grid=128;hip-wave=64 (1 operations; order hipgraph -> hip -> redline -> vulkan)
  hipgraph    31.8800 us/op correctness=true mismatches=0
  hip         26.2800 us/op correctness=true mismatches=0
  redline      3.7200 us/op correctness=true mismatches=0
  vulkan       4.3600 us/op correctness=true mismatches=0
[96/133] single_kernel_aggressive/dispatch-grid/count=64,grid=1024;hip-wave=64 (1 operations; order hip -> redline -> vulkan -> hipgraph)
  hip        161.8410 us/op correctness=true mismatches=0
  redline      4.5600 us/op correctness=true mismatches=0
  vulkan       5.0000 us/op correctness=true mismatches=0
  hipgraph   167.2810 us/op correctness=true mismatches=0
[97/133] single_kernel_aggressive/dispatch-grid/count=64,grid=8192;hip-wave=64 (1 operations; order redline -> vulkan -> hipgraph -> hip)
  redline     10.1600 us/op correctness=true mismatches=0
  vulkan       9.2800 us/op correctness=true mismatches=0
  hipgraph  1245.0050 us/op correctness=true mismatches=0
  hip       1237.5250 us/op correctness=true mismatches=0
[98/133] single_kernel_aggressive/geometry/k=512,rows=1,wg=256;hip-wave=32 (1 operations; order vulkan -> hipgraph -> hip -> redline)
  vulkan      11.6400 us/op correctness=true mismatches=0
  hipgraph    26.9200 us/op correctness=true mismatches=0
  hip         20.9200 us/op correctness=true mismatches=0
  redline      8.4800 us/op correctness=true mismatches=0
[99/133] single_kernel_aggressive/geometry/k=512,rows=4,wg=256;hip-wave=32 (1 operations; order hipgraph -> hip -> redline -> vulkan)
  hipgraph    18.7600 us/op correctness=true mismatches=0
  hip         13.1200 us/op correctness=true mismatches=0
  redline      8.5200 us/op correctness=true mismatches=0
  vulkan      11.6400 us/op correctness=true mismatches=0
[100/133] single_kernel_aggressive/geometry/k=2048,rows=1,wg=256;hip-wave=32 (1 operations; order hip -> redline -> vulkan -> hipgraph)
  hip         28.9600 us/op correctness=true mismatches=0
  redline     23.9600 us/op correctness=true mismatches=0
  vulkan      30.9200 us/op correctness=true mismatches=0
  hipgraph    34.6800 us/op correctness=true mismatches=0
[101/133] single_kernel_aggressive/geometry/k=2048,rows=4,wg=256;hip-wave=32 (1 operations; order redline -> vulkan -> hipgraph -> hip)
  redline     23.8000 us/op correctness=true mismatches=0
  vulkan      30.6000 us/op correctness=true mismatches=0
  hipgraph    34.1600 us/op correctness=true mismatches=0
  hip         28.2400 us/op correctness=true mismatches=0
[102/133] single_kernel_aggressive/reduction/variant=wave,k=8192,rows=1;hip-wave=32 (1 operations; order vulkan -> hipgraph -> hip -> redline)
  vulkan      79.7200 us/op correctness=true mismatches=0
  hipgraph    76.9210 us/op correctness=true mismatches=0
  hip         72.5210 us/op correctness=true mismatches=0
  redline     67.4000 us/op correctness=true mismatches=0
[103/133] single_kernel_aggressive/reduction/variant=wave,k=8192,rows=4;hip-wave=32 (1 operations; order hipgraph -> hip -> redline -> vulkan)
  hipgraph    77.8400 us/op correctness=true mismatches=0
  hip         73.5600 us/op correctness=true mismatches=0
  redline     69.3200 us/op correctness=true mismatches=0
  vulkan      81.0800 us/op correctness=true mismatches=0
[104/133] single_kernel_aggressive/reduction/variant=lds-tree,k=8192,rows=1;hip-wave=32 (1 operations; order hip -> redline -> vulkan -> hipgraph)
  hip         74.8410 us/op correctness=true mismatches=0
  redline     68.0400 us/op correctness=true mismatches=0
  vulkan      81.5200 us/op correctness=true mismatches=0
  hipgraph    78.5610 us/op correctness=true mismatches=0
[105/133] single_kernel_aggressive/reduction/variant=lds-tree,k=8192,rows=4;hip-wave=32 (1 operations; order redline -> vulkan -> hipgraph -> hip)
  redline     69.4800 us/op correctness=true mismatches=0
  vulkan      81.4800 us/op correctness=true mismatches=0
  hipgraph    78.6000 us/op correctness=true mismatches=0
  hip         73.2010 us/op correctness=true mismatches=0
[106/133] single_kernel_aggressive/memory-waitcnt/variant=coalesced4,n=4096,body=16;hip-wave=64 (1 operations; order vulkan -> hipgraph -> hip -> redline)
  vulkan       7.2800 us/op correctness=true mismatches=0
  hipgraph    15.7200 us/op correctness=true mismatches=0
  hip         10.2000 us/op correctness=true mismatches=0
  redline      6.3200 us/op correctness=true mismatches=0
[107/133] single_kernel_aggressive/memory-waitcnt/variant=coalesced4,n=32768,body=16;hip-wave=64 (1 operations; order hipgraph -> hip -> redline -> vulkan)
  hipgraph    32.1610 us/op correctness=true mismatches=0
  hip         26.4400 us/op correctness=true mismatches=0
  redline      7.7200 us/op correctness=true mismatches=0
  vulkan       8.8800 us/op correctness=true mismatches=0
[108/133] single_kernel_aggressive/memory-waitcnt/variant=gather,n=4096,body=16;hip-wave=64 (1 operations; order hip -> redline -> vulkan -> hipgraph)
  hip         11.9600 us/op correctness=true mismatches=0
  redline      7.6800 us/op correctness=true mismatches=0
  vulkan       8.8400 us/op correctness=true mismatches=0
  hipgraph    17.7200 us/op correctness=true mismatches=0
[109/133] single_kernel_aggressive/memory-waitcnt/variant=gather,n=32768,body=16;hip-wave=64 (1 operations; order redline -> vulkan -> hipgraph -> hip)
  redline     13.5200 us/op correctness=true mismatches=0
  vulkan      13.2800 us/op correctness=true mismatches=0
  hipgraph    32.4000 us/op correctness=true mismatches=0
  hip         26.5600 us/op correctness=true mismatches=0
[110/133] single_kernel_aggressive/memory-waitcnt/variant=interleave4,n=4096,body=16;hip-wave=64 (1 operations; order vulkan -> hipgraph -> hip -> redline)
  vulkan       7.4800 us/op correctness=true mismatches=0
  hipgraph    15.9600 us/op correctness=true mismatches=0
  hip         10.0400 us/op correctness=true mismatches=0
  redline      6.1600 us/op correctness=true mismatches=0
[111/133] single_kernel_aggressive/memory-waitcnt/variant=interleave4,n=32768,body=16;hip-wave=64 (1 operations; order hipgraph -> hip -> redline -> vulkan)
  hipgraph    32.0800 us/op correctness=true mismatches=0
  hip         26.5210 us/op correctness=true mismatches=0
  redline      9.6000 us/op correctness=true mismatches=0
  vulkan       9.0000 us/op correctness=true mismatches=0
[112/133] single_kernel_aggressive/packed-dot/variant=q8-signed,n=4096,body=16;hip-wave=64 (1 operations; order hip -> redline -> vulkan -> hipgraph)
  hip         11.3600 us/op correctness=true mismatches=0
  redline      7.1200 us/op correctness=true mismatches=0
  vulkan       7.9600 us/op correctness=true mismatches=0
  hipgraph    16.9600 us/op correctness=true mismatches=0
[113/133] single_kernel_aggressive/packed-dot/variant=q4-unsigned,n=4096,body=16;hip-wave=64 (1 operations; order redline -> vulkan -> hipgraph -> hip)
  redline      7.0800 us/op correctness=true mismatches=0
  vulkan       7.9200 us/op correctness=true mismatches=0
  hipgraph    17.0000 us/op correctness=true mismatches=0
  hip         11.2800 us/op correctness=true mismatches=0
[114/133] single_kernel_aggressive/packed-dot/variant=q6-zero,n=4096,body=16;hip-wave=64 (1 operations; order vulkan -> hipgraph -> hip -> redline)
  vulkan       8.2000 us/op correctness=true mismatches=0
  hipgraph    16.8400 us/op correctness=true mismatches=0
  hip         11.3610 us/op correctness=true mismatches=0
  redline      7.3600 us/op correctness=true mismatches=0
[115/133] single_kernel_aggressive/packed-dot/variant=q4-scalar,n=4096,body=16;hip-wave=32 (1 operations; order hipgraph -> hip -> redline -> vulkan)
  hipgraph    17.0400 us/op correctness=true mismatches=0
  hip         11.3200 us/op correctness=true mismatches=0
  redline      7.4800 us/op correctness=true mismatches=0
  vulkan      11.5200 us/op correctness=true mismatches=0
[116/133] single_kernel_aggressive/vopd/variant=independent-fma,n=32768,body=64;hip-wave=64 (1 operations; order hip -> redline -> vulkan -> hipgraph)
  hip         28.0800 us/op correctness=true mismatches=0
  redline      8.2800 us/op correctness=true mismatches=0
  vulkan       7.7600 us/op correctness=true mismatches=0
  hipgraph    33.9600 us/op correctness=true mismatches=0
[117/133] single_kernel_aggressive/vopd/variant=dependent-fma,n=32768,body=64;hip-wave=64 (1 operations; order redline -> vulkan -> hipgraph -> hip)
  redline      7.5200 us/op correctness=true mismatches=0
  vulkan       7.8000 us/op correctness=true mismatches=0
  hipgraph    33.8000 us/op correctness=true mismatches=0
  hip         28.4800 us/op correctness=true mismatches=0
[118/133] single_kernel_aggressive/vopd/variant=mixed-int-float,n=32768,body=64;hip-wave=64 (1 operations; order vulkan -> hipgraph -> hip -> redline)
  vulkan      11.1600 us/op correctness=true mismatches=0
  hipgraph    36.3610 us/op correctness=true mismatches=0
  hip         30.6400 us/op correctness=true mismatches=0
  redline     14.2400 us/op correctness=true mismatches=0
[119/133] single_kernel_aggressive/vopd/variant=dequant-like,n=32768,body=64;hip-wave=64 (1 operations; order hipgraph -> hip -> redline -> vulkan)
  hipgraph    35.1610 us/op correctness=true mismatches=0
  hip         29.4400 us/op correctness=true mismatches=0
  redline     12.5600 us/op correctness=true mismatches=0
  vulkan      10.4000 us/op correctness=true mismatches=0
[120/133] single_kernel_aggressive/sampler/argmax,vocab=32768,rows=1;hip-wave=64 (1 operations; order hip -> redline -> vulkan -> hipgraph)
  hip         31.6400 us/op correctness=true mismatches=0
  redline     26.5200 us/op correctness=true mismatches=0
  vulkan      27.8800 us/op correctness=true mismatches=0
  hipgraph    37.3200 us/op correctness=true mismatches=0
[121/133] single_kernel_aggressive/sampler/argmax,vocab=32768,rows=4;hip-wave=64 (1 operations; order redline -> vulkan -> hipgraph -> hip)
  redline     26.4800 us/op correctness=true mismatches=0
  vulkan      27.6800 us/op correctness=true mismatches=0
  hipgraph    36.8800 us/op correctness=true mismatches=0
  hip         31.4000 us/op correctness=true mismatches=0
[122/133] single_kernel_aggressive/sampler/argmax,vocab=131072,rows=1;hip-wave=64 (1 operations; order vulkan -> hipgraph -> hip -> redline)
  vulkan      96.6400 us/op correctness=true mismatches=0
  hipgraph   105.5610 us/op correctness=true mismatches=0
  hip        101.0800 us/op correctness=true mismatches=0
  redline     96.1600 us/op correctness=true mismatches=0
[123/133] single_kernel_aggressive/sampler/argmax,vocab=131072,rows=4;hip-wave=64 (1 operations; order hipgraph -> hip -> redline -> vulkan)
  hipgraph   106.3200 us/op correctness=true mismatches=0
  hip        100.2010 us/op correctness=true mismatches=0
  redline     96.3200 us/op correctness=true mismatches=0
  vulkan      95.9200 us/op correctness=true mismatches=0
[124/133] single_kernel_aggressive/q4-selected-dual/m=512,k=768,tile=2;hip-wave=64 (1 operations; order hip -> redline -> vulkan -> hipgraph)
  hip         15.1200 us/op correctness=true mismatches=0
  redline      5.2800 us/op correctness=true mismatches=0
  vulkan       7.4000 us/op correctness=true mismatches=0
  hipgraph    20.6800 us/op correctness=true mismatches=0
[125/133] single_kernel_aggressive/q4-selected-dual/m=2048,k=2048,tile=2;hip-wave=64 (1 operations; order redline -> vulkan -> hipgraph -> hip)
  redline      8.0800 us/op correctness=true mismatches=0
  vulkan      12.0800 us/op correctness=true mismatches=0
  hipgraph    46.8000 us/op correctness=true mismatches=0
  hip         41.3600 us/op correctness=true mismatches=0
[126/133] single_kernel_aggressive/q4-selected-dual/m=4096,k=8192,tile=2;hip-wave=64 (1 operations; order vulkan -> hipgraph -> hip -> redline)
  vulkan      43.7600 us/op correctness=true mismatches=0
  hipgraph   202.4400 us/op correctness=true mismatches=0
  hip        198.0000 us/op correctness=true mismatches=0
  redline     36.0400 us/op correctness=true mismatches=0
[127/133] single_kernel_aggressive/q6-x8-selected-down/m=512,k=2048,tile=8;hip-wave=64 (1 operations; order hipgraph -> hip -> redline -> vulkan)
  hipgraph    25.1200 us/op correctness=true mismatches=0
  hip         19.2800 us/op correctness=true mismatches=0
  redline     15.5200 us/op correctness=true mismatches=0
  vulkan      27.5200 us/op correctness=true mismatches=0
[128/133] single_kernel_aggressive/q6-x8-selected-down/m=2048,k=4096,tile=8;hip-wave=64 (1 operations; order hip -> redline -> vulkan -> hipgraph)
  hip         51.9600 us/op correctness=true mismatches=0
  redline     27.0000 us/op correctness=true mismatches=0
  vulkan      48.0400 us/op correctness=true mismatches=0
  hipgraph    57.4800 us/op correctness=true mismatches=0
[129/133] single_kernel_aggressive/q6-x8-selected-down/m=4096,k=8192,tile=8;hip-wave=64 (1 operations; order redline -> vulkan -> hipgraph -> hip)
  redline     53.6400 us/op correctness=true mismatches=0
  vulkan      98.2400 us/op correctness=true mismatches=0
  hipgraph    93.8800 us/op correctness=true mismatches=0
  hip         88.6800 us/op correctness=true mismatches=0
[130/133] single_kernel_aggressive/dense-q8/m=512,k=768,tile=4;hip-wave=64 (1 operations; order vulkan -> hipgraph -> hip -> redline)
  vulkan       8.4000 us/op correctness=true mismatches=0
  hipgraph    20.8800 us/op correctness=true mismatches=0
  hip         15.2000 us/op correctness=true mismatches=0
  redline      6.2400 us/op correctness=true mismatches=0
[131/133] single_kernel_aggressive/dense-q8/m=2048,k=2048,tile=4;hip-wave=64 (1 operations; order hipgraph -> hip -> redline -> vulkan)
  hipgraph    44.1200 us/op correctness=true mismatches=0
  hip         38.6800 us/op correctness=true mismatches=0
  redline     10.0800 us/op correctness=true mismatches=0
  vulkan      14.8800 us/op correctness=true mismatches=0
[132/133] single_kernel_aggressive/dense-q8/m=2048,k=8192,tile=4;hip-wave=64 (1 operations; order hip -> redline -> vulkan -> hipgraph)
  hip         54.2810 us/op correctness=true mismatches=0
  redline     26.4400 us/op correctness=true mismatches=0
  vulkan      48.7600 us/op correctness=true mismatches=0
  hipgraph    60.2000 us/op correctness=true mismatches=0
[133/133] single_kernel_aggressive/dense-q8/m=4096,k=8192,tile=4;hip-wave=64 (1 operations; order redline -> vulkan -> hipgraph -> hip)
  redline     32.0800 us/op correctness=true mismatches=0
  vulkan      55.6400 us/op correctness=true mismatches=0
  hipgraph   109.0010 us/op correctness=true mismatches=0
  hip        103.4000 us/op correctness=true mismatches=0
wrote results/gfx1201/2026-07-12-wave-policy-comparison/rep2-blanket64/results.json
wrote results/gfx1201/2026-07-12-wave-policy-comparison/rep2-blanket64/REPORT.md
Redline wins 92/133 (69.17%). Four-way placements: 1st 92, 2nd 41, 3rd 0, 4th 0.
