initializing Hipfire HIP bridge
initializing Redline retained-PM4 backend
initializing RADV Vulkan backend
[1/3] serial_latency/vopd/variant=independent-fma,n=32768,body=64;hip-wave=64 (32 operations; order redline -> vulkan -> hipgraph -> hip)
  redline     10.7500 us/op correctness=true mismatches=0
  vulkan       8.8863 us/op correctness=true mismatches=0
  hipgraph    47.8139 us/op correctness=true mismatches=0
  hip         48.0602 us/op correctness=true mismatches=0
[2/3] independent_throughput/vopd/variant=independent-fma,n=32768,body=64;hip-wave=64 (32 operations; order vulkan -> hipgraph -> hip -> redline)
  vulkan       7.4088 us/op correctness=true mismatches=0
  hipgraph    54.6089 us/op correctness=true mismatches=0
  hip         51.8914 us/op correctness=true mismatches=0
  redline      7.5738 us/op correctness=true mismatches=0
[3/3] single_kernel_aggressive/vopd/variant=independent-fma,n=32768,body=64;hip-wave=64 (1 operations; order hipgraph -> hip -> redline -> vulkan)
  hipgraph    61.3610 us/op correctness=true mismatches=0
  hip         53.2800 us/op correctness=true mismatches=0
  redline     12.5200 us/op correctness=true mismatches=0
  vulkan      14.1600 us/op correctness=true mismatches=0
wrote results/gfx1201/2026-07-13-radiowave-all-losers/vopd-independent-unroll8/results.json
wrote results/gfx1201/2026-07-13-radiowave-all-losers/vopd-independent-unroll8/REPORT.md
Redline wins 1/3 (33.33%). Four-way placements: 1st 1, 2nd 2, 3rd 0, 4th 0.
