initializing Hipfire HIP bridge
initializing Redline retained-PM4 backend
initializing RADV Vulkan backend
[1/6] serial_latency/memory-waitcnt/variant=interleave4,n=4096,body=16;hip-wave=32 (64 operations; order redline -> vulkan -> hipgraph -> hip)
  redline      6.9006 us/op correctness=true mismatches=0
  vulkan       6.2744 us/op correctness=true mismatches=0
  hipgraph     8.6625 us/op correctness=true mismatches=0
  hip          9.1312 us/op correctness=true mismatches=0
[2/6] serial_latency/memory-waitcnt/variant=interleave4,n=32768,body=16;hip-wave=32 (32 operations; order vulkan -> hipgraph -> hip -> redline)
  vulkan      10.2238 us/op correctness=true mismatches=0
  hipgraph    50.0875 us/op correctness=true mismatches=0
  hip         50.4362 us/op correctness=true mismatches=0
  redline     13.9838 us/op correctness=true mismatches=0
[3/6] independent_throughput/memory-waitcnt/variant=interleave4,n=4096,body=16;hip-wave=32 (64 operations; order hipgraph -> hip -> redline -> vulkan)
  hipgraph    16.1725 us/op correctness=true mismatches=0
  hip         14.9538 us/op correctness=true mismatches=0
  redline      1.1856 us/op correctness=true mismatches=0
  vulkan       1.4769 us/op correctness=true mismatches=0
[4/6] independent_throughput/memory-waitcnt/variant=interleave4,n=32768,body=16;hip-wave=32 (32 operations; order hip -> redline -> vulkan -> hipgraph)
  hip         53.5600 us/op correctness=true mismatches=0
  redline      8.0638 us/op correctness=true mismatches=0
  vulkan       6.5500 us/op correctness=true mismatches=0
  hipgraph    48.4063 us/op correctness=true mismatches=0
[5/6] single_kernel_aggressive/memory-waitcnt/variant=interleave4,n=4096,body=16;hip-wave=32 (1 operations; order redline -> vulkan -> hipgraph -> hip)
  redline      7.4800 us/op correctness=true mismatches=0
  vulkan       9.9200 us/op correctness=true mismatches=0
  hipgraph    17.6400 us/op correctness=true mismatches=0
  hip         11.4800 us/op correctness=true mismatches=0
[6/6] single_kernel_aggressive/memory-waitcnt/variant=interleave4,n=32768,body=16;hip-wave=32 (1 operations; order vulkan -> hipgraph -> hip -> redline)
  vulkan      11.1600 us/op correctness=true mismatches=0
  hipgraph    28.6800 us/op correctness=true mismatches=0
  hip         20.9600 us/op correctness=true mismatches=0
  redline     10.2000 us/op correctness=true mismatches=0
wrote results/gfx1201/2026-07-13-radiowave-all-losers/interleave-mode-selective/results.json
wrote results/gfx1201/2026-07-13-radiowave-all-losers/interleave-mode-selective/REPORT.md
Redline wins 3/6 (50.00%). Four-way placements: 1st 3, 2nd 3, 3rd 0, 4th 0.
