initializing Hipfire HIP bridge
initializing Redline retained-PM4 backend
initializing RADV Vulkan backend
[1/12] serial_latency/vopd/variant=independent-fma,n=32768,body=64;hip-wave=32 (32 operations; order redline -> vulkan -> hipgraph -> hip)
  redline     13.2413 us/op correctness=true mismatches=0
  vulkan       8.8987 us/op correctness=true mismatches=0
  hipgraph    48.9637 us/op correctness=true mismatches=0
  hip         49.3599 us/op correctness=true mismatches=0
[2/12] serial_latency/vopd/variant=dependent-fma,n=32768,body=64;hip-wave=64 (32 operations; order vulkan -> hipgraph -> hip -> redline)
  vulkan       9.0450 us/op correctness=true mismatches=0
  hipgraph    46.4662 us/op correctness=true mismatches=0
  hip         46.3724 us/op correctness=true mismatches=0
  redline     11.2200 us/op correctness=true mismatches=0
[3/12] serial_latency/vopd/variant=mixed-int-float,n=32768,body=64;hip-wave=32 (32 operations; order hipgraph -> hip -> redline -> vulkan)
  hipgraph    54.6149 us/op correctness=true mismatches=0
  hip         54.9887 us/op correctness=true mismatches=0
  redline     27.6038 us/op correctness=true mismatches=0
  vulkan      15.6062 us/op correctness=true mismatches=0
[4/12] serial_latency/vopd/variant=dequant-like,n=32768,body=64;hip-wave=32 (32 operations; order hip -> redline -> vulkan -> hipgraph)
  hip         52.4712 us/op correctness=true mismatches=0
  redline     23.6537 us/op correctness=true mismatches=0
  vulkan      14.5425 us/op correctness=true mismatches=0
  hipgraph    52.1699 us/op correctness=true mismatches=0
[5/12] independent_throughput/vopd/variant=independent-fma,n=32768,body=64;hip-wave=32 (32 operations; order redline -> vulkan -> hipgraph -> hip)
  redline      9.2637 us/op correctness=true mismatches=0
  vulkan       7.4000 us/op correctness=true mismatches=0
  hipgraph    54.2649 us/op correctness=true mismatches=0
  hip         52.2237 us/op correctness=true mismatches=0
[6/12] independent_throughput/vopd/variant=dependent-fma,n=32768,body=64;hip-wave=64 (32 operations; order vulkan -> hipgraph -> hip -> redline)
  vulkan       7.2525 us/op correctness=true mismatches=0
  hipgraph    50.4087 us/op correctness=true mismatches=0
  hip         39.2112 us/op correctness=true mismatches=0
  redline      5.0800 us/op correctness=true mismatches=0
[7/12] independent_throughput/vopd/variant=mixed-int-float,n=32768,body=64;hip-wave=32 (32 operations; order hipgraph -> hip -> redline -> vulkan)
  hipgraph    44.1049 us/op correctness=true mismatches=0
  hip         35.0187 us/op correctness=true mismatches=0
  redline     10.7925 us/op correctness=true mismatches=0
  vulkan       7.4300 us/op correctness=true mismatches=0
[8/12] independent_throughput/vopd/variant=dequant-like,n=32768,body=64;hip-wave=32 (32 operations; order hip -> redline -> vulkan -> hipgraph)
  hip         31.6125 us/op correctness=true mismatches=0
  redline      8.5750 us/op correctness=true mismatches=0
  vulkan       6.4925 us/op correctness=true mismatches=0
  hipgraph    37.5725 us/op correctness=true mismatches=0
[9/12] single_kernel_aggressive/vopd/variant=independent-fma,n=32768,body=64;hip-wave=32 (1 operations; order redline -> vulkan -> hipgraph -> hip)
  redline      9.0400 us/op correctness=true mismatches=0
  vulkan       8.2400 us/op correctness=true mismatches=0
  hipgraph    35.5600 us/op correctness=true mismatches=0
  hip         29.9200 us/op correctness=true mismatches=0
[10/12] single_kernel_aggressive/vopd/variant=dependent-fma,n=32768,body=64;hip-wave=64 (1 operations; order vulkan -> hipgraph -> hip -> redline)
  vulkan       8.2400 us/op correctness=true mismatches=0
  hipgraph    34.2000 us/op correctness=true mismatches=0
  hip         28.4800 us/op correctness=true mismatches=0
  redline      7.8400 us/op correctness=true mismatches=0
[11/12] single_kernel_aggressive/vopd/variant=mixed-int-float,n=32768,body=64;hip-wave=32 (1 operations; order hipgraph -> hip -> redline -> vulkan)
  hipgraph    38.2000 us/op correctness=true mismatches=0
  hip         32.6800 us/op correctness=true mismatches=0
  redline     16.2400 us/op correctness=true mismatches=0
  vulkan      11.7600 us/op correctness=true mismatches=0
[12/12] single_kernel_aggressive/vopd/variant=dequant-like,n=32768,body=64;hip-wave=32 (1 operations; order hip -> redline -> vulkan -> hipgraph)
  hip         31.3200 us/op correctness=true mismatches=0
  redline     14.4400 us/op correctness=true mismatches=0
  vulkan      10.9600 us/op correctness=true mismatches=0
  hipgraph    36.8000 us/op correctness=true mismatches=0
wrote results/gfx1201/2026-07-13-radiowave-all-losers/vopd-bias100/results.json
wrote results/gfx1201/2026-07-13-radiowave-all-losers/vopd-bias100/REPORT.md
Redline wins 2/12 (16.67%). Four-way placements: 1st 2, 2nd 10, 3rd 0, 4th 0.
