initializing Hipfire HIP bridge
initializing Redline retained-PM4 backend
initializing RADV Vulkan backend
[1/12] serial_latency/packed-dot/variant=q8-signed,n=4096,body=16;hip-wave=32 (64 operations; order redline -> vulkan -> hipgraph -> hip)
  redline      7.3075 us/op correctness=true mismatches=0
  vulkan       7.6106 us/op correctness=true mismatches=0
  hipgraph     8.8075 us/op correctness=true mismatches=0
  hip          9.2225 us/op correctness=true mismatches=0
[2/12] serial_latency/packed-dot/variant=q4-unsigned,n=4096,body=16;hip-wave=32 (64 operations; order vulkan -> hipgraph -> hip -> redline)
  vulkan       7.6013 us/op correctness=true mismatches=0
  hipgraph     8.7981 us/op correctness=true mismatches=0
  hip          9.1831 us/op correctness=true mismatches=0
  redline      7.4981 us/op correctness=true mismatches=0
[3/12] serial_latency/packed-dot/variant=q6-zero,n=4096,body=16;hip-wave=32 (64 operations; order hipgraph -> hip -> redline -> vulkan)
  hipgraph     8.7581 us/op correctness=true mismatches=0
  hip          9.2306 us/op correctness=true mismatches=0
  redline      7.5175 us/op correctness=true mismatches=0
  vulkan       7.9737 us/op correctness=true mismatches=0
[4/12] serial_latency/packed-dot/variant=q4-scalar,n=4096,body=16;hip-wave=32 (64 operations; order hip -> redline -> vulkan -> hipgraph)
  hip         10.2681 us/op correctness=true mismatches=0
  redline      8.6281 us/op correctness=true mismatches=0
  vulkan      14.2631 us/op correctness=true mismatches=0
  hipgraph     9.7794 us/op correctness=true mismatches=0
[5/12] independent_throughput/packed-dot/variant=q8-signed,n=4096,body=16;hip-wave=32 (64 operations; order redline -> vulkan -> hipgraph -> hip)
  redline      1.1581 us/op correctness=true mismatches=0
  vulkan       1.8381 us/op correctness=true mismatches=0
  hipgraph    16.2769 us/op correctness=true mismatches=0
  hip         15.0587 us/op correctness=true mismatches=0
[6/12] independent_throughput/packed-dot/variant=q4-unsigned,n=4096,body=16;hip-wave=32 (64 operations; order vulkan -> hipgraph -> hip -> redline)
  vulkan       1.8781 us/op correctness=true mismatches=0
  hipgraph    15.7587 us/op correctness=true mismatches=0
  hip         15.7587 us/op correctness=true mismatches=0
  redline      1.0381 us/op correctness=true mismatches=0
[7/12] independent_throughput/packed-dot/variant=q6-zero,n=4096,body=16;hip-wave=32 (64 operations; order hipgraph -> hip -> redline -> vulkan)
  hipgraph    15.5937 us/op correctness=true mismatches=0
  hip         13.4987 us/op correctness=true mismatches=0
  redline      0.7531 us/op correctness=true mismatches=0
  vulkan       1.4719 us/op correctness=true mismatches=0
[8/12] independent_throughput/packed-dot/variant=q4-scalar,n=4096,body=16;hip-wave=32 (64 operations; order hip -> redline -> vulkan -> hipgraph)
  hip         12.9681 us/op correctness=true mismatches=0
  redline      1.2363 us/op correctness=true mismatches=0
  vulkan       2.6850 us/op correctness=true mismatches=0
  hipgraph    13.2831 us/op correctness=true mismatches=0
[9/12] single_kernel_aggressive/packed-dot/variant=q8-signed,n=4096,body=16;hip-wave=32 (1 operations; order redline -> vulkan -> hipgraph -> hip)
  redline      6.3600 us/op correctness=true mismatches=0
  vulkan       8.3600 us/op correctness=true mismatches=0
  hipgraph    16.1600 us/op correctness=true mismatches=0
  hip         10.4800 us/op correctness=true mismatches=0
[10/12] single_kernel_aggressive/packed-dot/variant=q4-unsigned,n=4096,body=16;hip-wave=32 (1 operations; order vulkan -> hipgraph -> hip -> redline)
  vulkan       8.4400 us/op correctness=true mismatches=0
  hipgraph    16.2400 us/op correctness=true mismatches=0
  hip         10.4800 us/op correctness=true mismatches=0
  redline      6.3600 us/op correctness=true mismatches=0
[11/12] single_kernel_aggressive/packed-dot/variant=q6-zero,n=4096,body=16;hip-wave=32 (1 operations; order hipgraph -> hip -> redline -> vulkan)
  hipgraph    16.1200 us/op correctness=true mismatches=0
  hip         10.4800 us/op correctness=true mismatches=0
  redline      6.3200 us/op correctness=true mismatches=0
  vulkan       8.4400 us/op correctness=true mismatches=0
[12/12] single_kernel_aggressive/packed-dot/variant=q4-scalar,n=4096,body=16;hip-wave=32 (1 operations; order hip -> redline -> vulkan -> hipgraph)
  hip         11.1600 us/op correctness=true mismatches=0
  redline      7.0800 us/op correctness=true mismatches=0
  vulkan      11.9600 us/op correctness=true mismatches=0
  hipgraph    17.0000 us/op correctness=true mismatches=0
wrote results/gfx1201/2026-07-13-radiowave-all-losers/packed-b128/results.json
wrote results/gfx1201/2026-07-13-radiowave-all-losers/packed-b128/REPORT.md
Redline wins 12/12 (100.00%). Four-way placements: 1st 12, 2nd 0, 3rd 0, 4th 0.
