initializing Hipfire HIP bridge
initializing Redline retained-PM4 backend
initializing RADV Vulkan backend
[1/133] serial_latency/dispatch-grid/count=1,grid=1;hip-wave=32 (1 operations; order redline -> vulkan -> hipgraph -> hip)
  redline      3.8800 us/op correctness=true mismatches=0
  vulkan       7.4400 us/op correctness=true mismatches=0
  hipgraph    33.4800 us/op correctness=true mismatches=0
  hip         25.3600 us/op correctness=true mismatches=0
[2/133] serial_latency/dispatch-grid/count=50,grid=1;hip-wave=32 (50 operations; order vulkan -> hipgraph -> hip -> redline)
  vulkan       1.2768 us/op correctness=true mismatches=0
  hipgraph    18.3343 us/op correctness=true mismatches=0
  hip         18.7599 us/op correctness=true mismatches=0
  redline      1.7424 us/op correctness=true mismatches=0
[3/133] serial_latency/dispatch-grid/count=200,grid=1;hip-wave=32 (200 operations; order hipgraph -> hip -> redline -> vulkan)
  hipgraph    18.2959 us/op correctness=true mismatches=0
  hip         18.7151 us/op correctness=true mismatches=0
  redline      1.6310 us/op correctness=true mismatches=0
  vulkan       1.0868 us/op correctness=true mismatches=0
[4/133] serial_latency/dispatch-grid/count=941,grid=1;hip-wave=32 (941 operations; order hip -> redline -> vulkan -> hipgraph)
  hip         18.7140 us/op correctness=true mismatches=0
  redline      1.6038 us/op correctness=true mismatches=0
  vulkan       1.0225 us/op correctness=true mismatches=0
  hipgraph    18.2188 us/op correctness=true mismatches=0
[5/133] serial_latency/dispatch-grid/count=64,grid=128;hip-wave=32 (64 operations; order redline -> vulkan -> hipgraph -> hip)
  redline      3.0481 us/op correctness=true mismatches=0
  vulkan       1.1844 us/op correctness=true mismatches=0
  hipgraph    45.1155 us/op correctness=true mismatches=0
  hip         45.6455 us/op correctness=true mismatches=0
[6/133] serial_latency/dispatch-grid/count=64,grid=1024;hip-wave=32 (64 operations; order vulkan -> hipgraph -> hip -> redline)
  vulkan       2.2544 us/op correctness=true mismatches=0
  hipgraph   336.4407 us/op correctness=true mismatches=0
  hip        337.2145 us/op correctness=true mismatches=0
  redline      3.9256 us/op correctness=true mismatches=0
[7/133] serial_latency/dispatch-grid/count=64,grid=8192;hip-wave=32 (64 operations; order hipgraph -> hip -> redline -> vulkan)
  hipgraph  1315.3195 us/op correctness=true mismatches=0
  hip       1307.2553 us/op correctness=true mismatches=0
  redline     10.5419 us/op correctness=true mismatches=0
  vulkan      11.4456 us/op correctness=true mismatches=0
[8/133] serial_latency/geometry/k=512,rows=1,wg=256;hip-wave=32 (64 operations; order hip -> redline -> vulkan -> hipgraph)
  hip         19.0181 us/op correctness=true mismatches=0
  redline     14.0681 us/op correctness=true mismatches=0
  vulkan      16.1956 us/op correctness=true mismatches=0
  hipgraph    18.0562 us/op correctness=true mismatches=0
[9/133] serial_latency/geometry/k=512,rows=4,wg=256;hip-wave=32 (64 operations; order redline -> vulkan -> hipgraph -> hip)
  redline     14.0881 us/op correctness=true mismatches=0
  vulkan      16.1044 us/op correctness=true mismatches=0
  hipgraph    15.8893 us/op correctness=true mismatches=0
  hip         16.3806 us/op correctness=true mismatches=0
[10/133] serial_latency/geometry/k=2048,rows=1,wg=256;hip-wave=32 (64 operations; order vulkan -> hipgraph -> hip -> redline)
  vulkan      56.6525 us/op correctness=true mismatches=0
  hipgraph    48.1942 us/op correctness=true mismatches=0
  hip         48.6817 us/op correctness=true mismatches=0
  redline     46.4594 us/op correctness=true mismatches=0
[11/133] serial_latency/geometry/k=2048,rows=4,wg=256;hip-wave=32 (64 operations; order hipgraph -> hip -> redline -> vulkan)
  hipgraph    48.2392 us/op correctness=true mismatches=0
  hip         48.7642 us/op correctness=true mismatches=0
  redline     46.3369 us/op correctness=true mismatches=0
  vulkan      56.4963 us/op correctness=true mismatches=0
[12/133] serial_latency/reduction/variant=wave,k=8192,rows=1;hip-wave=32 (64 operations; order hip -> redline -> vulkan -> hipgraph)
  hip        141.6971 us/op correctness=true mismatches=0
  redline    139.8787 us/op correctness=true mismatches=0
  vulkan     160.1113 us/op correctness=true mismatches=0
  hipgraph   142.4727 us/op correctness=true mismatches=0
[13/133] serial_latency/reduction/variant=wave,k=8192,rows=4;hip-wave=32 (64 operations; order redline -> vulkan -> hipgraph -> hip)
  redline    142.2544 us/op correctness=true mismatches=0
  vulkan     162.8644 us/op correctness=true mismatches=0
  hipgraph   142.9833 us/op correctness=true mismatches=0
  hip        142.9827 us/op correctness=true mismatches=0
[14/133] serial_latency/reduction/variant=lds-tree,k=8192,rows=1;hip-wave=32 (64 operations; order vulkan -> hipgraph -> hip -> redline)
  vulkan     160.5275 us/op correctness=true mismatches=0
  hipgraph   143.4739 us/op correctness=true mismatches=0
  hip        139.4358 us/op correctness=true mismatches=0
  redline    140.0975 us/op correctness=true mismatches=0
[15/133] serial_latency/reduction/variant=lds-tree,k=8192,rows=4;hip-wave=32 (64 operations; order hipgraph -> hip -> redline -> vulkan)
  hipgraph   143.1983 us/op correctness=true mismatches=0
  hip        142.9127 us/op correctness=true mismatches=0
  redline    142.4787 us/op correctness=true mismatches=0
  vulkan     162.0656 us/op correctness=true mismatches=0
[16/133] serial_latency/memory-waitcnt/variant=coalesced4,n=4096,body=16;hip-wave=32 (64 operations; order hip -> redline -> vulkan -> hipgraph)
  hip          9.5993 us/op correctness=true mismatches=0
  redline      7.9413 us/op correctness=true mismatches=0
  vulkan       6.2206 us/op correctness=true mismatches=0
  hipgraph     9.0931 us/op correctness=true mismatches=0
[17/133] serial_latency/memory-waitcnt/variant=coalesced4,n=32768,body=16;hip-wave=32 (32 operations; order redline -> vulkan -> hipgraph -> hip)
  redline      9.2225 us/op correctness=true mismatches=0
  vulkan       6.9463 us/op correctness=true mismatches=0
  hipgraph    45.6886 us/op correctness=true mismatches=0
  hip         46.0423 us/op correctness=true mismatches=0
[18/133] serial_latency/memory-waitcnt/variant=gather,n=4096,body=16;hip-wave=32 (64 operations; order vulkan -> hipgraph -> hip -> redline)
  vulkan       9.4569 us/op correctness=true mismatches=0
  hipgraph     8.7193 us/op correctness=true mismatches=0
  hip          9.2431 us/op correctness=true mismatches=0
  redline      5.8306 us/op correctness=true mismatches=0
[19/133] serial_latency/memory-waitcnt/variant=gather,n=32768,body=16;hip-wave=32 (32 operations; order hipgraph -> hip -> redline -> vulkan)
  hipgraph    46.0274 us/op correctness=true mismatches=0
  hip         46.3536 us/op correctness=true mismatches=0
  redline     23.6525 us/op correctness=true mismatches=0
  vulkan      19.6350 us/op correctness=true mismatches=0
[20/133] serial_latency/memory-waitcnt/variant=interleave4,n=4096,body=16;hip-wave=32 (64 operations; order hip -> redline -> vulkan -> hipgraph)
  hip         10.8881 us/op correctness=true mismatches=0
  redline      9.2487 us/op correctness=true mismatches=0
  vulkan       6.4125 us/op correctness=true mismatches=0
  hipgraph    10.3956 us/op correctness=true mismatches=0
[21/133] serial_latency/memory-waitcnt/variant=interleave4,n=32768,body=16;hip-wave=32 (32 operations; order redline -> vulkan -> hipgraph -> hip)
  redline     16.7825 us/op correctness=true mismatches=0
  vulkan      10.2575 us/op correctness=true mismatches=0
  hipgraph    48.4049 us/op correctness=true mismatches=0
  hip         48.7398 us/op correctness=true mismatches=0
[22/133] serial_latency/packed-dot/variant=q8-signed,n=4096,body=16;hip-wave=32 (64 operations; order vulkan -> hipgraph -> hip -> redline)
  vulkan       7.6556 us/op correctness=true mismatches=0
  hipgraph     9.1168 us/op correctness=true mismatches=0
  hip          9.5750 us/op correctness=true mismatches=0
  redline      8.0344 us/op correctness=true mismatches=0
[23/133] serial_latency/packed-dot/variant=q4-unsigned,n=4096,body=16;hip-wave=32 (64 operations; order hipgraph -> hip -> redline -> vulkan)
  hipgraph     9.1081 us/op correctness=true mismatches=0
  hip          9.5700 us/op correctness=true mismatches=0
  redline      8.0556 us/op correctness=true mismatches=0
  vulkan       7.7369 us/op correctness=true mismatches=0
[24/133] serial_latency/packed-dot/variant=q6-zero,n=4096,body=16;hip-wave=32 (64 operations; order hip -> redline -> vulkan -> hipgraph)
  hip          9.7681 us/op correctness=true mismatches=0
  redline      8.0550 us/op correctness=true mismatches=0
  vulkan       8.0656 us/op correctness=true mismatches=0
  hipgraph     9.2931 us/op correctness=true mismatches=0
[25/133] serial_latency/packed-dot/variant=q4-scalar,n=4096,body=16;hip-wave=32 (64 operations; order redline -> vulkan -> hipgraph -> hip)
  redline      9.0706 us/op correctness=true mismatches=0
  vulkan      14.3200 us/op correctness=true mismatches=0
  hipgraph    10.4675 us/op correctness=true mismatches=0
  hip         10.7962 us/op correctness=true mismatches=0
[26/133] serial_latency/vopd/variant=independent-fma,n=32768,body=64;hip-wave=32 (32 operations; order vulkan -> hipgraph -> hip -> redline)
  vulkan       9.1700 us/op correctness=true mismatches=0
  hipgraph    50.3823 us/op correctness=true mismatches=0
  hip         50.6223 us/op correctness=true mismatches=0
  redline     13.1687 us/op correctness=true mismatches=0
[27/133] serial_latency/vopd/variant=dependent-fma,n=32768,body=64;hip-wave=64 (32 operations; order hipgraph -> hip -> redline -> vulkan)
  hipgraph    47.7061 us/op correctness=true mismatches=0
  hip         47.5574 us/op correctness=true mismatches=0
  redline     11.4550 us/op correctness=true mismatches=0
  vulkan       9.3163 us/op correctness=true mismatches=0
[28/133] serial_latency/vopd/variant=mixed-int-float,n=32768,body=64;hip-wave=32 (32 operations; order hip -> redline -> vulkan -> hipgraph)
  hip         56.3261 us/op correctness=true mismatches=0
  redline     27.5275 us/op correctness=true mismatches=0
  vulkan      15.9450 us/op correctness=true mismatches=0
  hipgraph    55.2686 us/op correctness=true mismatches=0
[29/133] serial_latency/vopd/variant=dequant-like,n=32768,body=64;hip-wave=32 (32 operations; order redline -> vulkan -> hipgraph -> hip)
  redline     24.2200 us/op correctness=true mismatches=0
  vulkan      14.5337 us/op correctness=true mismatches=0
  hipgraph    53.6111 us/op correctness=true mismatches=0
  hip         53.8248 us/op correctness=true mismatches=0
[30/133] serial_latency/sampler/argmax,vocab=32768,rows=1;hip-wave=32 (64 operations; order vulkan -> hipgraph -> hip -> redline)
  vulkan      42.3456 us/op correctness=true mismatches=0
  hipgraph    43.1530 us/op correctness=true mismatches=0
  hip         43.5592 us/op correctness=true mismatches=0
  redline     41.5631 us/op correctness=true mismatches=0
[31/133] serial_latency/sampler/argmax,vocab=32768,rows=4;hip-wave=32 (64 operations; order hipgraph -> hip -> redline -> vulkan)
  hipgraph    43.3730 us/op correctness=true mismatches=0
  hip         43.3811 us/op correctness=true mismatches=0
  redline     41.6181 us/op correctness=true mismatches=0
  vulkan      42.3819 us/op correctness=true mismatches=0
[32/133] serial_latency/sampler/argmax,vocab=131072,rows=1;hip-wave=32 (64 operations; order hip -> redline -> vulkan -> hipgraph)
  hip        162.7314 us/op correctness=true mismatches=0
  redline    156.8688 us/op correctness=true mismatches=0
  vulkan     162.9137 us/op correctness=true mismatches=0
  hipgraph   159.5958 us/op correctness=true mismatches=0
[33/133] serial_latency/sampler/argmax,vocab=131072,rows=4;hip-wave=32 (64 operations; order redline -> vulkan -> hipgraph -> hip)
  redline    159.0881 us/op correctness=true mismatches=0
  vulkan     164.9512 us/op correctness=true mismatches=0
  hipgraph   159.4333 us/op correctness=true mismatches=0
  hip        158.3745 us/op correctness=true mismatches=0
[34/133] serial_latency/two-stage-reduction/k=8192,rows=4,splits=2;hip-wave=32 (64 operations; order vulkan -> hipgraph -> hip -> redline)
  vulkan      10.5563 us/op correctness=true mismatches=0
  hipgraph    12.8293 us/op correctness=true mismatches=0
  hip         13.9000 us/op correctness=true mismatches=0
  redline      9.1356 us/op correctness=true mismatches=0
[35/133] serial_latency/two-stage-reduction/k=32768,rows=4,splits=8;hip-wave=32 (32 operations; order hipgraph -> hip -> redline -> vulkan)
  hipgraph    18.7812 us/op correctness=true mismatches=0
  hip         19.7112 us/op correctness=true mismatches=0
  redline     10.2837 us/op correctness=true mismatches=0
  vulkan      10.5875 us/op correctness=true mismatches=0
[36/133] serial_latency/q4-selected-dual/m=512,k=768,tile=2;hip-wave=64 (32 operations; order hip -> redline -> vulkan -> hipgraph)
  hip         21.4687 us/op correctness=true mismatches=0
  redline      5.9100 us/op correctness=true mismatches=0
  vulkan       6.1087 us/op correctness=true mismatches=0
  hipgraph    20.9774 us/op correctness=true mismatches=0
[37/133] serial_latency/q4-selected-dual/m=2048,k=2048,tile=2;hip-wave=64 (32 operations; order redline -> vulkan -> hipgraph -> hip)
  redline     10.9488 us/op correctness=true mismatches=0
  vulkan      14.0800 us/op correctness=true mismatches=0
  hipgraph    70.5585 us/op correctness=true mismatches=0
  hip         70.6423 us/op correctness=true mismatches=0
[38/133] serial_latency/q4-selected-dual/m=4096,k=8192,tile=2;hip-wave=64 (16 operations; order vulkan -> hipgraph -> hip -> redline)
  vulkan      60.6225 us/op correctness=true mismatches=0
  hipgraph   370.6414 us/op correctness=true mismatches=0
  hip        369.1064 us/op correctness=true mismatches=0
  redline     55.9875 us/op correctness=true mismatches=0
[39/133] serial_latency/q6-x8-selected-down/m=512,k=2048,tile=8;hip-wave=64 (32 operations; order hipgraph -> hip -> redline -> vulkan)
  hipgraph    25.3537 us/op correctness=true mismatches=0
  hip         25.7349 us/op correctness=true mismatches=0
  redline     24.1525 us/op correctness=true mismatches=0
  vulkan      40.3350 us/op correctness=true mismatches=0
[40/133] serial_latency/q6-x8-selected-down/m=2048,k=4096,tile=8;hip-wave=64 (32 operations; order hip -> redline -> vulkan -> hipgraph)
  hip         80.9172 us/op correctness=true mismatches=0
  redline     44.7000 us/op correctness=true mismatches=0
  vulkan      78.1500 us/op correctness=true mismatches=0
  hipgraph    81.6322 us/op correctness=true mismatches=0
[41/133] serial_latency/q6-x8-selected-down/m=4096,k=8192,tile=8;hip-wave=64 (16 operations; order redline -> vulkan -> hipgraph -> hip)
  redline     88.6375 us/op correctness=true mismatches=0
  vulkan     156.9525 us/op correctness=true mismatches=0
  hipgraph   161.7145 us/op correctness=true mismatches=0
  hip        162.1121 us/op correctness=true mismatches=0
[42/133] serial_latency/dense-q8/m=512,k=768,tile=4;hip-wave=64 (32 operations; order vulkan -> hipgraph -> hip -> redline)
  vulkan       8.4575 us/op correctness=true mismatches=0
  hipgraph    20.6212 us/op correctness=true mismatches=0
  hip         20.9824 us/op correctness=true mismatches=0
  redline      7.5050 us/op correctness=true mismatches=0
[43/133] serial_latency/dense-q8/m=2048,k=2048,tile=4;hip-wave=64 (32 operations; order hipgraph -> hip -> redline -> vulkan)
  hipgraph    68.5685 us/op correctness=true mismatches=0
  hip         68.4423 us/op correctness=true mismatches=0
  redline     14.0775 us/op correctness=true mismatches=0
  vulkan      19.7462 us/op correctness=true mismatches=0
[44/133] serial_latency/dense-q8/m=2048,k=8192,tile=4;hip-wave=64 (16 operations; order hip -> redline -> vulkan -> hipgraph)
  hip         94.0947 us/op correctness=true mismatches=0
  redline     41.9425 us/op correctness=true mismatches=0
  vulkan      72.5800 us/op correctness=true mismatches=0
  hipgraph    96.7972 us/op correctness=true mismatches=0
[45/133] serial_latency/dense-q8/m=4096,k=8192,tile=4;hip-wave=64 (16 operations; order redline -> vulkan -> hipgraph -> hip)
  redline     48.0100 us/op correctness=true mismatches=0
  vulkan      81.6625 us/op correctness=true mismatches=0
  hipgraph   184.9369 us/op correctness=true mismatches=0
  hip        183.5194 us/op correctness=true mismatches=0
[46/133] independent_throughput/dispatch-grid/count=1,grid=1;hip-wave=32 (1 operations; order vulkan -> hipgraph -> hip -> redline)
  vulkan       7.7200 us/op correctness=true mismatches=0
  hipgraph    37.4800 us/op correctness=true mismatches=0
  hip         28.0800 us/op correctness=true mismatches=0
  redline      4.1200 us/op correctness=true mismatches=0
[47/133] independent_throughput/dispatch-grid/count=50,grid=1;hip-wave=32 (50 operations; order hipgraph -> hip -> redline -> vulkan)
  hipgraph    24.5983 us/op correctness=true mismatches=0
  hip         21.5911 us/op correctness=true mismatches=0
  redline      0.1928 us/op correctness=true mismatches=0
  vulkan       1.3200 us/op correctness=true mismatches=0
[48/133] independent_throughput/dispatch-grid/count=200,grid=1;hip-wave=32 (200 operations; order hip -> redline -> vulkan -> hipgraph)
  hip         21.3671 us/op correctness=true mismatches=0
  redline      0.1214 us/op correctness=true mismatches=0
  vulkan       0.4166 us/op correctness=true mismatches=0
  hipgraph    19.7875 us/op correctness=true mismatches=0
[49/133] independent_throughput/dispatch-grid/count=941,grid=1;hip-wave=32 (941 operations; order redline -> vulkan -> hipgraph -> hip)
  redline      0.0757 us/op correctness=true mismatches=0
  vulkan       0.0816 us/op correctness=true mismatches=0
  hipgraph    18.3494 us/op correctness=true mismatches=0
  hip         18.1493 us/op correctness=true mismatches=0
[50/133] independent_throughput/dispatch-grid/count=64,grid=128;hip-wave=32 (64 operations; order vulkan -> hipgraph -> hip -> redline)
  vulkan       0.8925 us/op correctness=true mismatches=0
  hipgraph    30.9193 us/op correctness=true mismatches=0
  hip         27.3980 us/op correctness=true mismatches=0
  redline      0.8525 us/op correctness=true mismatches=0
[51/133] independent_throughput/dispatch-grid/count=64,grid=1024;hip-wave=32 (64 operations; order hipgraph -> hip -> redline -> vulkan)
  hipgraph   171.6251 us/op correctness=true mismatches=0
  hip        167.3495 us/op correctness=true mismatches=0
  redline      2.3013 us/op correctness=true mismatches=0
  vulkan       1.1800 us/op correctness=true mismatches=0
[52/133] independent_throughput/dispatch-grid/count=64,grid=8192;hip-wave=32 (64 operations; order hip -> redline -> vulkan -> hipgraph)
  hip       1272.9237 us/op correctness=true mismatches=0
  redline      8.5606 us/op correctness=true mismatches=0
  vulkan       5.5000 us/op correctness=true mismatches=0
  hipgraph  1261.5732 us/op correctness=true mismatches=0
[53/133] independent_throughput/geometry/k=512,rows=1,wg=256;hip-wave=32 (64 operations; order redline -> vulkan -> hipgraph -> hip)
  redline      0.1800 us/op correctness=true mismatches=0
  vulkan       1.2494 us/op correctness=true mismatches=0
  hipgraph    19.5337 us/op correctness=true mismatches=0
  hip         16.8824 us/op correctness=true mismatches=0
[54/133] independent_throughput/geometry/k=512,rows=4,wg=256;hip-wave=32 (64 operations; order vulkan -> hipgraph -> hip -> redline)
  vulkan       1.2494 us/op correctness=true mismatches=0
  hipgraph    12.3243 us/op correctness=true mismatches=0
  hip         11.4868 us/op correctness=true mismatches=0
  redline      0.3269 us/op correctness=true mismatches=0
[55/133] independent_throughput/geometry/k=2048,rows=1,wg=256;hip-wave=32 (64 operations; order hipgraph -> hip -> redline -> vulkan)
  hipgraph    17.0350 us/op correctness=true mismatches=0
  hip         16.3212 us/op correctness=true mismatches=0
  redline      0.4675 us/op correctness=true mismatches=0
  vulkan       2.0806 us/op correctness=true mismatches=0
[56/133] independent_throughput/geometry/k=2048,rows=4,wg=256;hip-wave=32 (64 operations; order hip -> redline -> vulkan -> hipgraph)
  hip         20.8924 us/op correctness=true mismatches=0
  redline      1.1113 us/op correctness=true mismatches=0
  vulkan       2.1819 us/op correctness=true mismatches=0
  hipgraph    20.7012 us/op correctness=true mismatches=0
[57/133] independent_throughput/reduction/variant=wave,k=8192,rows=1;hip-wave=32 (64 operations; order redline -> vulkan -> hipgraph -> hip)
  redline      1.1394 us/op correctness=true mismatches=0
  vulkan       4.4994 us/op correctness=true mismatches=0
  hipgraph    42.9055 us/op correctness=true mismatches=0
  hip         42.8086 us/op correctness=true mismatches=0
[58/133] independent_throughput/reduction/variant=wave,k=8192,rows=4;hip-wave=32 (64 operations; order vulkan -> hipgraph -> hip -> redline)
  vulkan       4.5769 us/op correctness=true mismatches=0
  hipgraph    44.0436 us/op correctness=true mismatches=0
  hip         43.0449 us/op correctness=true mismatches=0
  redline      2.3394 us/op correctness=true mismatches=0
[59/133] independent_throughput/reduction/variant=lds-tree,k=8192,rows=1;hip-wave=32 (64 operations; order hipgraph -> hip -> redline -> vulkan)
  hipgraph    42.9367 us/op correctness=true mismatches=0
  hip         42.8242 us/op correctness=true mismatches=0
  redline      1.1406 us/op correctness=true mismatches=0
  vulkan       4.4387 us/op correctness=true mismatches=0
[60/133] independent_throughput/reduction/variant=lds-tree,k=8192,rows=4;hip-wave=32 (64 operations; order hip -> redline -> vulkan -> hipgraph)
  hip         42.9893 us/op correctness=true mismatches=0
  redline      2.3356 us/op correctness=true mismatches=0
  vulkan       4.6356 us/op correctness=true mismatches=0
  hipgraph    44.2136 us/op correctness=true mismatches=0
[61/133] independent_throughput/memory-waitcnt/variant=coalesced4,n=4096,body=16;hip-wave=32 (64 operations; order redline -> vulkan -> hipgraph -> hip)
  redline      0.3663 us/op correctness=true mismatches=0
  vulkan       1.0794 us/op correctness=true mismatches=0
  hipgraph    16.7600 us/op correctness=true mismatches=0
  hip         15.7800 us/op correctness=true mismatches=0
[62/133] independent_throughput/memory-waitcnt/variant=coalesced4,n=32768,body=16;hip-wave=32 (32 operations; order vulkan -> hipgraph -> hip -> redline)
  vulkan       2.8550 us/op correctness=true mismatches=0
  hipgraph    36.6299 us/op correctness=true mismatches=0
  hip         35.0586 us/op correctness=true mismatches=0
  redline      2.4850 us/op correctness=true mismatches=0
[63/133] independent_throughput/memory-waitcnt/variant=gather,n=4096,body=16;hip-wave=32 (64 operations; order hipgraph -> hip -> redline -> vulkan)
  hipgraph    16.3400 us/op correctness=true mismatches=0
  hip         15.6550 us/op correctness=true mismatches=0
  redline      1.0425 us/op correctness=true mismatches=0
  vulkan       1.1938 us/op correctness=true mismatches=0
[64/133] independent_throughput/memory-waitcnt/variant=gather,n=32768,body=16;hip-wave=32 (32 operations; order hip -> redline -> vulkan -> hipgraph)
  hip         35.5074 us/op correctness=true mismatches=0
  redline      9.4187 us/op correctness=true mismatches=0
  vulkan       7.7088 us/op correctness=true mismatches=0
  hipgraph    37.6362 us/op correctness=true mismatches=0
[65/133] independent_throughput/memory-waitcnt/variant=interleave4,n=4096,body=16;hip-wave=32 (64 operations; order redline -> vulkan -> hipgraph -> hip)
  redline      0.6256 us/op correctness=true mismatches=0
  vulkan       1.2537 us/op correctness=true mismatches=0
  hipgraph    16.8187 us/op correctness=true mismatches=0
  hip         17.6125 us/op correctness=true mismatches=0
[66/133] independent_throughput/memory-waitcnt/variant=interleave4,n=32768,body=16;hip-wave=32 (32 operations; order vulkan -> hipgraph -> hip -> redline)
  vulkan       4.3312 us/op correctness=true mismatches=0
  hipgraph    36.9762 us/op correctness=true mismatches=0
  hip         35.3712 us/op correctness=true mismatches=0
  redline      4.6025 us/op correctness=true mismatches=0
[67/133] independent_throughput/packed-dot/variant=q8-signed,n=4096,body=16;hip-wave=32 (64 operations; order hipgraph -> hip -> redline -> vulkan)
  hipgraph    16.8337 us/op correctness=true mismatches=0
  hip         15.8075 us/op correctness=true mismatches=0
  redline      0.9213 us/op correctness=true mismatches=0
  vulkan       1.4138 us/op correctness=true mismatches=0
[68/133] independent_throughput/packed-dot/variant=q4-unsigned,n=4096,body=16;hip-wave=32 (64 operations; order hip -> redline -> vulkan -> hipgraph)
  hip         15.7843 us/op correctness=true mismatches=0
  redline      0.9181 us/op correctness=true mismatches=0
  vulkan       1.3887 us/op correctness=true mismatches=0
  hipgraph    16.8012 us/op correctness=true mismatches=0
[69/133] independent_throughput/packed-dot/variant=q6-zero,n=4096,body=16;hip-wave=32 (64 operations; order redline -> vulkan -> hipgraph -> hip)
  redline      0.9256 us/op correctness=true mismatches=0
  vulkan       1.4038 us/op correctness=true mismatches=0
  hipgraph    16.8106 us/op correctness=true mismatches=0
  hip         15.8243 us/op correctness=true mismatches=0
[70/133] independent_throughput/packed-dot/variant=q4-scalar,n=4096,body=16;hip-wave=32 (64 operations; order vulkan -> hipgraph -> hip -> redline)
  vulkan       2.4213 us/op correctness=true mismatches=0
  hipgraph    16.4256 us/op correctness=true mismatches=0
  hip         18.0593 us/op correctness=true mismatches=0
  redline      1.2181 us/op correctness=true mismatches=0
[71/133] independent_throughput/vopd/variant=independent-fma,n=32768,body=64;hip-wave=32 (32 operations; order hipgraph -> hip -> redline -> vulkan)
  hipgraph    38.0774 us/op correctness=true mismatches=0
  hip         37.2199 us/op correctness=true mismatches=0
  redline      4.3750 us/op correctness=true mismatches=0
  vulkan       4.0550 us/op correctness=true mismatches=0
[72/133] independent_throughput/vopd/variant=dependent-fma,n=32768,body=64;hip-wave=64 (32 operations; order hip -> redline -> vulkan -> hipgraph)
  hip         36.4724 us/op correctness=true mismatches=0
  redline      3.5562 us/op correctness=true mismatches=0
  vulkan       3.7938 us/op correctness=true mismatches=0
  hipgraph    37.7824 us/op correctness=true mismatches=0
[73/133] independent_throughput/vopd/variant=mixed-int-float,n=32768,body=64;hip-wave=32 (32 operations; order redline -> vulkan -> hipgraph -> hip)
  redline      9.9087 us/op correctness=true mismatches=0
  vulkan       7.4488 us/op correctness=true mismatches=0
  hipgraph    40.6324 us/op correctness=true mismatches=0
  hip         38.9087 us/op correctness=true mismatches=0
[74/133] independent_throughput/vopd/variant=dequant-like,n=32768,body=64;hip-wave=32 (32 operations; order vulkan -> hipgraph -> hip -> redline)
  vulkan       6.6525 us/op correctness=true mismatches=0
  hipgraph    39.5262 us/op correctness=true mismatches=0
  hip         38.2724 us/op correctness=true mismatches=0
  redline      8.0375 us/op correctness=true mismatches=0
[75/133] independent_throughput/sampler/argmax,vocab=32768,rows=1;hip-wave=32 (64 operations; order hipgraph -> hip -> redline -> vulkan)
  hipgraph    21.4637 us/op correctness=true mismatches=0
  hip         22.0556 us/op correctness=true mismatches=0
  redline      0.3869 us/op correctness=true mismatches=0
  vulkan       1.9400 us/op correctness=true mismatches=0
[76/133] independent_throughput/sampler/argmax,vocab=32768,rows=4;hip-wave=32 (64 operations; order hip -> redline -> vulkan -> hipgraph)
  hip         21.0249 us/op correctness=true mismatches=0
  redline      0.6306 us/op correctness=true mismatches=0
  vulkan       1.9344 us/op correctness=true mismatches=0
  hipgraph    20.7387 us/op correctness=true mismatches=0
[77/133] independent_throughput/sampler/argmax,vocab=131072,rows=1;hip-wave=32 (64 operations; order redline -> vulkan -> hipgraph -> hip)
  redline      1.3819 us/op correctness=true mismatches=0
  vulkan       4.8700 us/op correctness=true mismatches=0
  hipgraph    48.9399 us/op correctness=true mismatches=0
  hip         49.9680 us/op correctness=true mismatches=0
[78/133] independent_throughput/sampler/argmax,vocab=131072,rows=4;hip-wave=32 (64 operations; order vulkan -> hipgraph -> hip -> redline)
  vulkan       4.8312 us/op correctness=true mismatches=0
  hipgraph    47.2761 us/op correctness=true mismatches=0
  hip         49.5792 us/op correctness=true mismatches=0
  redline      2.3056 us/op correctness=true mismatches=0
[79/133] independent_throughput/two-stage-reduction/k=8192,rows=4,splits=2;hip-wave=32 (64 operations; order hipgraph -> hip -> redline -> vulkan)
  hipgraph    27.9680 us/op correctness=true mismatches=0
  hip         27.8437 us/op correctness=true mismatches=0
  redline      4.2119 us/op correctness=true mismatches=0
  vulkan       6.5269 us/op correctness=true mismatches=0
[80/133] independent_throughput/two-stage-reduction/k=32768,rows=4,splits=8;hip-wave=32 (32 operations; order hip -> redline -> vulkan -> hipgraph)
  hip         32.0537 us/op correctness=true mismatches=0
  redline      5.2737 us/op correctness=true mismatches=0
  vulkan       7.3525 us/op correctness=true mismatches=0
  hipgraph    33.8212 us/op correctness=true mismatches=0
[81/133] independent_throughput/q4-selected-dual/m=512,k=768,tile=2;hip-wave=64 (32 operations; order redline -> vulkan -> hipgraph -> hip)
  redline      0.6138 us/op correctness=true mismatches=0
  vulkan       1.9750 us/op correctness=true mismatches=0
  hipgraph    26.4262 us/op correctness=true mismatches=0
  hip         24.8837 us/op correctness=true mismatches=0
[82/133] independent_throughput/q4-selected-dual/m=2048,k=2048,tile=2;hip-wave=64 (32 operations; order vulkan -> hipgraph -> hip -> redline)
  vulkan       3.8363 us/op correctness=true mismatches=0
  hipgraph    49.2586 us/op correctness=true mismatches=0
  hip         48.6486 us/op correctness=true mismatches=0
  redline      2.6662 us/op correctness=true mismatches=0
[83/133] independent_throughput/q4-selected-dual/m=4096,k=8192,tile=2;hip-wave=64 (16 operations; order hipgraph -> hip -> redline -> vulkan)
  hipgraph   204.2694 us/op correctness=true mismatches=0
  hip        203.6419 us/op correctness=true mismatches=0
  redline     20.7975 us/op correctness=true mismatches=0
  vulkan      31.4725 us/op correctness=true mismatches=0
[84/133] independent_throughput/q6-x8-selected-down/m=512,k=2048,tile=8;hip-wave=64 (32 operations; order hip -> redline -> vulkan -> hipgraph)
  hip         23.6362 us/op correctness=true mismatches=0
  redline      0.8488 us/op correctness=true mismatches=0
  vulkan       3.1750 us/op correctness=true mismatches=0
  hipgraph    25.2274 us/op correctness=true mismatches=0
[85/133] independent_throughput/q6-x8-selected-down/m=2048,k=4096,tile=8;hip-wave=64 (32 operations; order redline -> vulkan -> hipgraph -> hip)
  redline      3.5350 us/op correctness=true mismatches=0
  vulkan       6.1113 us/op correctness=true mismatches=0
  hipgraph    53.0224 us/op correctness=true mismatches=0
  hip         49.5723 us/op correctness=true mismatches=0
[86/133] independent_throughput/q6-x8-selected-down/m=4096,k=8192,tile=8;hip-wave=64 (16 operations; order vulkan -> hipgraph -> hip -> redline)
  vulkan      24.9475 us/op correctness=true mismatches=0
  hipgraph    95.9847 us/op correctness=true mismatches=0
  hip         91.0572 us/op correctness=true mismatches=0
  redline     18.2550 us/op correctness=true mismatches=0
[87/133] independent_throughput/dense-q8/m=512,k=768,tile=4;hip-wave=64 (32 operations; order hipgraph -> hip -> redline -> vulkan)
  hipgraph    25.6274 us/op correctness=true mismatches=0
  hip         23.9249 us/op correctness=true mismatches=0
  redline      0.4575 us/op correctness=true mismatches=0
  vulkan       1.9638 us/op correctness=true mismatches=0
[88/133] independent_throughput/dense-q8/m=2048,k=2048,tile=4;hip-wave=64 (32 operations; order hip -> redline -> vulkan -> hipgraph)
  hip         45.3124 us/op correctness=true mismatches=0
  redline      1.9888 us/op correctness=true mismatches=0
  vulkan       3.3075 us/op correctness=true mismatches=0
  hipgraph    46.0361 us/op correctness=true mismatches=0
[89/133] independent_throughput/dense-q8/m=2048,k=8192,tile=4;hip-wave=64 (16 operations; order redline -> vulkan -> hipgraph -> hip)
  redline      8.5250 us/op correctness=true mismatches=0
  vulkan      12.4400 us/op correctness=true mismatches=0
  hipgraph    65.8524 us/op correctness=true mismatches=0
  hip         62.2673 us/op correctness=true mismatches=0
[90/133] independent_throughput/dense-q8/m=4096,k=8192,tile=4;hip-wave=64 (16 operations; order vulkan -> hipgraph -> hip -> redline)
  vulkan      24.3400 us/op correctness=true mismatches=0
  hipgraph   112.4747 us/op correctness=true mismatches=0
  hip        108.3523 us/op correctness=true mismatches=0
  redline     18.4525 us/op correctness=true mismatches=0
[91/133] single_kernel_aggressive/dispatch-grid/count=1,grid=1;hip-wave=32 (1 operations; order hipgraph -> hip -> redline -> vulkan)
  hipgraph    26.8400 us/op correctness=true mismatches=0
  hip         20.5600 us/op correctness=true mismatches=0
  redline      2.5200 us/op correctness=true mismatches=0
  vulkan       4.2400 us/op correctness=true mismatches=0
[92/133] single_kernel_aggressive/dispatch-grid/count=50,grid=1;hip-wave=32 (1 operations; order hip -> redline -> vulkan -> hipgraph)
  hip         21.1600 us/op correctness=true mismatches=0
  redline      2.8800 us/op correctness=true mismatches=0
  vulkan       4.2000 us/op correctness=true mismatches=0
  hipgraph    26.8000 us/op correctness=true mismatches=0
[93/133] single_kernel_aggressive/dispatch-grid/count=200,grid=1;hip-wave=32 (1 operations; order redline -> vulkan -> hipgraph -> hip)
  redline      2.3600 us/op correctness=true mismatches=0
  vulkan       4.2400 us/op correctness=true mismatches=0
  hipgraph    26.4800 us/op correctness=true mismatches=0
  hip         20.8400 us/op correctness=true mismatches=0
[94/133] single_kernel_aggressive/dispatch-grid/count=941,grid=1;hip-wave=32 (1 operations; order vulkan -> hipgraph -> hip -> redline)
  vulkan       4.2800 us/op correctness=true mismatches=0
  hipgraph    30.3600 us/op correctness=true mismatches=0
  hip         20.6790 us/op correctness=true mismatches=0
  redline      2.4800 us/op correctness=true mismatches=0
[95/133] single_kernel_aggressive/dispatch-grid/count=64,grid=128;hip-wave=32 (1 operations; order hipgraph -> hip -> redline -> vulkan)
  hipgraph    31.8400 us/op correctness=true mismatches=0
  hip         26.9200 us/op correctness=true mismatches=0
  redline      3.6400 us/op correctness=true mismatches=0
  vulkan       4.3600 us/op correctness=true mismatches=0
[96/133] single_kernel_aggressive/dispatch-grid/count=64,grid=1024;hip-wave=32 (1 operations; order hip -> redline -> vulkan -> hipgraph)
  hip        160.7590 us/op correctness=true mismatches=0
  redline      4.8400 us/op correctness=true mismatches=0
  vulkan       5.0000 us/op correctness=true mismatches=0
  hipgraph   166.2400 us/op correctness=true mismatches=0
[97/133] single_kernel_aggressive/dispatch-grid/count=64,grid=8192;hip-wave=32 (1 operations; order redline -> vulkan -> hipgraph -> hip)
  redline     10.2400 us/op correctness=true mismatches=0
  vulkan       9.2400 us/op correctness=true mismatches=0
  hipgraph  1240.1969 us/op correctness=true mismatches=0
  hip       1234.7970 us/op correctness=true mismatches=0
[98/133] single_kernel_aggressive/geometry/k=512,rows=1,wg=256;hip-wave=32 (1 operations; order vulkan -> hipgraph -> hip -> redline)
  vulkan      11.6400 us/op correctness=true mismatches=0
  hipgraph    26.8800 us/op correctness=true mismatches=0
  hip         20.4000 us/op correctness=true mismatches=0
  redline      8.4800 us/op correctness=true mismatches=0
[99/133] single_kernel_aggressive/geometry/k=512,rows=4,wg=256;hip-wave=32 (1 operations; order hipgraph -> hip -> redline -> vulkan)
  hipgraph    18.6400 us/op correctness=true mismatches=0
  hip         13.0800 us/op correctness=true mismatches=0
  redline      8.2800 us/op correctness=true mismatches=0
  vulkan      11.6000 us/op correctness=true mismatches=0
[100/133] single_kernel_aggressive/geometry/k=2048,rows=1,wg=256;hip-wave=32 (1 operations; order hip -> redline -> vulkan -> hipgraph)
  hip         28.5600 us/op correctness=true mismatches=0
  redline     23.8400 us/op correctness=true mismatches=0
  vulkan      30.7600 us/op correctness=true mismatches=0
  hipgraph    34.2400 us/op correctness=true mismatches=0
[101/133] single_kernel_aggressive/geometry/k=2048,rows=4,wg=256;hip-wave=32 (1 operations; order redline -> vulkan -> hipgraph -> hip)
  redline     23.7200 us/op correctness=true mismatches=0
  vulkan      30.5200 us/op correctness=true mismatches=0
  hipgraph    33.7600 us/op correctness=true mismatches=0
  hip         28.1200 us/op correctness=true mismatches=0
[102/133] single_kernel_aggressive/reduction/variant=wave,k=8192,rows=1;hip-wave=32 (1 operations; order vulkan -> hipgraph -> hip -> redline)
  vulkan      79.7200 us/op correctness=true mismatches=0
  hipgraph    76.1200 us/op correctness=true mismatches=0
  hip         72.9200 us/op correctness=true mismatches=0
  redline     67.0800 us/op correctness=true mismatches=0
[103/133] single_kernel_aggressive/reduction/variant=wave,k=8192,rows=4;hip-wave=32 (1 operations; order hipgraph -> hip -> redline -> vulkan)
  hipgraph    78.1600 us/op correctness=true mismatches=0
  hip         71.8390 us/op correctness=true mismatches=0
  redline     68.7600 us/op correctness=true mismatches=0
  vulkan      80.8800 us/op correctness=true mismatches=0
[104/133] single_kernel_aggressive/reduction/variant=lds-tree,k=8192,rows=1;hip-wave=32 (1 operations; order hip -> redline -> vulkan -> hipgraph)
  hip         74.1600 us/op correctness=true mismatches=0
  redline     67.7600 us/op correctness=true mismatches=0
  vulkan      78.9600 us/op correctness=true mismatches=0
  hipgraph    78.6400 us/op correctness=true mismatches=0
[105/133] single_kernel_aggressive/reduction/variant=lds-tree,k=8192,rows=4;hip-wave=32 (1 operations; order redline -> vulkan -> hipgraph -> hip)
  redline     68.6400 us/op correctness=true mismatches=0
  vulkan      80.7600 us/op correctness=true mismatches=0
  hipgraph    78.1200 us/op correctness=true mismatches=0
  hip         72.4400 us/op correctness=true mismatches=0
[106/133] single_kernel_aggressive/memory-waitcnt/variant=coalesced4,n=4096,body=16;hip-wave=32 (1 operations; order vulkan -> hipgraph -> hip -> redline)
  vulkan       7.2000 us/op correctness=true mismatches=0
  hipgraph    15.8800 us/op correctness=true mismatches=0
  hip         10.2000 us/op correctness=true mismatches=0
  redline      6.3200 us/op correctness=true mismatches=0
[107/133] single_kernel_aggressive/memory-waitcnt/variant=coalesced4,n=32768,body=16;hip-wave=32 (1 operations; order hipgraph -> hip -> redline -> vulkan)
  hipgraph    32.0400 us/op correctness=true mismatches=0
  hip         26.4000 us/op correctness=true mismatches=0
  redline      7.6000 us/op correctness=true mismatches=0
  vulkan       8.9200 us/op correctness=true mismatches=0
[108/133] single_kernel_aggressive/memory-waitcnt/variant=gather,n=4096,body=16;hip-wave=32 (1 operations; order hip -> redline -> vulkan -> hipgraph)
  hip          9.6000 us/op correctness=true mismatches=0
  redline      4.8000 us/op correctness=true mismatches=0
  vulkan       8.8000 us/op correctness=true mismatches=0
  hipgraph    15.2800 us/op correctness=true mismatches=0
[109/133] single_kernel_aggressive/memory-waitcnt/variant=gather,n=32768,body=16;hip-wave=32 (1 operations; order redline -> vulkan -> hipgraph -> hip)
  redline     13.3200 us/op correctness=true mismatches=0
  vulkan      13.3600 us/op correctness=true mismatches=0
  hipgraph    32.4800 us/op correctness=true mismatches=0
  hip         26.7200 us/op correctness=true mismatches=0
[110/133] single_kernel_aggressive/memory-waitcnt/variant=interleave4,n=4096,body=16;hip-wave=32 (1 operations; order vulkan -> hipgraph -> hip -> redline)
  vulkan       7.4800 us/op correctness=true mismatches=0
  hipgraph    16.5200 us/op correctness=true mismatches=0
  hip         10.8800 us/op correctness=true mismatches=0
  redline      7.0000 us/op correctness=true mismatches=0
[111/133] single_kernel_aggressive/memory-waitcnt/variant=interleave4,n=32768,body=16;hip-wave=32 (1 operations; order hipgraph -> hip -> redline -> vulkan)
  hipgraph    32.4800 us/op correctness=true mismatches=0
  hip         26.8800 us/op correctness=true mismatches=0
  redline     10.4800 us/op correctness=true mismatches=0
  vulkan       8.9600 us/op correctness=true mismatches=0
[112/133] single_kernel_aggressive/packed-dot/variant=q8-signed,n=4096,body=16;hip-wave=32 (1 operations; order hip -> redline -> vulkan -> hipgraph)
  hip         10.4400 us/op correctness=true mismatches=0
  redline      6.3200 us/op correctness=true mismatches=0
  vulkan       7.8800 us/op correctness=true mismatches=0
  hipgraph    16.3200 us/op correctness=true mismatches=0
[113/133] single_kernel_aggressive/packed-dot/variant=q4-unsigned,n=4096,body=16;hip-wave=32 (1 operations; order redline -> vulkan -> hipgraph -> hip)
  redline      6.3200 us/op correctness=true mismatches=0
  vulkan       7.8800 us/op correctness=true mismatches=0
  hipgraph    16.1600 us/op correctness=true mismatches=0
  hip         10.4400 us/op correctness=true mismatches=0
[114/133] single_kernel_aggressive/packed-dot/variant=q6-zero,n=4096,body=16;hip-wave=32 (1 operations; order vulkan -> hipgraph -> hip -> redline)
  vulkan       8.2000 us/op correctness=true mismatches=0
  hipgraph    16.0000 us/op correctness=true mismatches=0
  hip         10.4000 us/op correctness=true mismatches=0
  redline      6.4000 us/op correctness=true mismatches=0
[115/133] single_kernel_aggressive/packed-dot/variant=q4-scalar,n=4096,body=16;hip-wave=32 (1 operations; order hipgraph -> hip -> redline -> vulkan)
  hipgraph    16.4800 us/op correctness=true mismatches=0
  hip         11.0400 us/op correctness=true mismatches=0
  redline      7.0000 us/op correctness=true mismatches=0
  vulkan      11.5200 us/op correctness=true mismatches=0
[116/133] single_kernel_aggressive/vopd/variant=independent-fma,n=32768,body=64;hip-wave=32 (1 operations; order hip -> redline -> vulkan -> hipgraph)
  hip         28.6000 us/op correctness=true mismatches=0
  redline      8.8000 us/op correctness=true mismatches=0
  vulkan       7.7200 us/op correctness=true mismatches=0
  hipgraph    34.4000 us/op correctness=true mismatches=0
[117/133] single_kernel_aggressive/vopd/variant=dependent-fma,n=32768,body=64;hip-wave=64 (1 operations; order redline -> vulkan -> hipgraph -> hip)
  redline      7.2800 us/op correctness=true mismatches=0
  vulkan       7.7600 us/op correctness=true mismatches=0
  hipgraph    33.6800 us/op correctness=true mismatches=0
  hip         28.1600 us/op correctness=true mismatches=0
[118/133] single_kernel_aggressive/vopd/variant=mixed-int-float,n=32768,body=64;hip-wave=32 (1 operations; order vulkan -> hipgraph -> hip -> redline)
  vulkan      11.1200 us/op correctness=true mismatches=0
  hipgraph    36.9590 us/op correctness=true mismatches=0
  hip         31.4000 us/op correctness=true mismatches=0
  redline     15.4400 us/op correctness=true mismatches=0
[119/133] single_kernel_aggressive/vopd/variant=dequant-like,n=32768,body=64;hip-wave=32 (1 operations; order hipgraph -> hip -> redline -> vulkan)
  hipgraph    35.7600 us/op correctness=true mismatches=0
  hip         30.1600 us/op correctness=true mismatches=0
  redline     13.4400 us/op correctness=true mismatches=0
  vulkan      10.3600 us/op correctness=true mismatches=0
[120/133] single_kernel_aggressive/sampler/argmax,vocab=32768,rows=1;hip-wave=32 (1 operations; order hip -> redline -> vulkan -> hipgraph)
  hip         30.6800 us/op correctness=true mismatches=0
  redline     25.1600 us/op correctness=true mismatches=0
  vulkan      28.2800 us/op correctness=true mismatches=0
  hipgraph    36.3200 us/op correctness=true mismatches=0
[121/133] single_kernel_aggressive/sampler/argmax,vocab=32768,rows=4;hip-wave=32 (1 operations; order redline -> vulkan -> hipgraph -> hip)
  redline     24.6800 us/op correctness=true mismatches=0
  vulkan      27.6800 us/op correctness=true mismatches=0
  hipgraph    35.3600 us/op correctness=true mismatches=0
  hip         29.4400 us/op correctness=true mismatches=0
[122/133] single_kernel_aggressive/sampler/argmax,vocab=131072,rows=1;hip-wave=32 (1 operations; order vulkan -> hipgraph -> hip -> redline)
  vulkan      96.0800 us/op correctness=true mismatches=0
  hipgraph    99.7190 us/op correctness=true mismatches=0
  hip         94.9990 us/op correctness=true mismatches=0
  redline     89.8800 us/op correctness=true mismatches=0
[123/133] single_kernel_aggressive/sampler/argmax,vocab=131072,rows=4;hip-wave=32 (1 operations; order hipgraph -> hip -> redline -> vulkan)
  hipgraph    99.2400 us/op correctness=true mismatches=0
  hip         93.3200 us/op correctness=true mismatches=0
  redline     89.7600 us/op correctness=true mismatches=0
  vulkan      95.1600 us/op correctness=true mismatches=0
[124/133] single_kernel_aggressive/q4-selected-dual/m=512,k=768,tile=2;hip-wave=64 (1 operations; order hip -> redline -> vulkan -> hipgraph)
  hip         15.1200 us/op correctness=true mismatches=0
  redline      5.3600 us/op correctness=true mismatches=0
  vulkan       7.4000 us/op correctness=true mismatches=0
  hipgraph    21.1600 us/op correctness=true mismatches=0
[125/133] single_kernel_aggressive/q4-selected-dual/m=2048,k=2048,tile=2;hip-wave=64 (1 operations; order redline -> vulkan -> hipgraph -> hip)
  redline      7.8400 us/op correctness=true mismatches=0
  vulkan      12.0400 us/op correctness=true mismatches=0
  hipgraph    46.9200 us/op correctness=true mismatches=0
  hip         41.2800 us/op correctness=true mismatches=0
[126/133] single_kernel_aggressive/q4-selected-dual/m=4096,k=8192,tile=2;hip-wave=64 (1 operations; order vulkan -> hipgraph -> hip -> redline)
  vulkan      43.6400 us/op correctness=true mismatches=0
  hipgraph   201.6390 us/op correctness=true mismatches=0
  hip        195.8790 us/op correctness=true mismatches=0
  redline     35.7600 us/op correctness=true mismatches=0
[127/133] single_kernel_aggressive/q6-x8-selected-down/m=512,k=2048,tile=8;hip-wave=64 (1 operations; order hipgraph -> hip -> redline -> vulkan)
  hipgraph    25.0400 us/op correctness=true mismatches=0
  hip         19.3200 us/op correctness=true mismatches=0
  redline     15.5200 us/op correctness=true mismatches=0
  vulkan      27.4800 us/op correctness=true mismatches=0
[128/133] single_kernel_aggressive/q6-x8-selected-down/m=2048,k=4096,tile=8;hip-wave=64 (1 operations; order hip -> redline -> vulkan -> hipgraph)
  hip         51.7600 us/op correctness=true mismatches=0
  redline     26.9200 us/op correctness=true mismatches=0
  vulkan      47.7600 us/op correctness=true mismatches=0
  hipgraph    57.1200 us/op correctness=true mismatches=0
[129/133] single_kernel_aggressive/q6-x8-selected-down/m=4096,k=8192,tile=8;hip-wave=64 (1 operations; order redline -> vulkan -> hipgraph -> hip)
  redline     53.1200 us/op correctness=true mismatches=0
  vulkan      97.8800 us/op correctness=true mismatches=0
  hipgraph    93.0000 us/op correctness=true mismatches=0
  hip         87.4000 us/op correctness=true mismatches=0
[130/133] single_kernel_aggressive/dense-q8/m=512,k=768,tile=4;hip-wave=64 (1 operations; order vulkan -> hipgraph -> hip -> redline)
  vulkan       8.3600 us/op correctness=true mismatches=0
  hipgraph    20.8000 us/op correctness=true mismatches=0
  hip         15.1200 us/op correctness=true mismatches=0
  redline      6.2000 us/op correctness=true mismatches=0
[131/133] single_kernel_aggressive/dense-q8/m=2048,k=2048,tile=4;hip-wave=64 (1 operations; order hipgraph -> hip -> redline -> vulkan)
  hipgraph    44.0000 us/op correctness=true mismatches=0
  hip         38.4400 us/op correctness=true mismatches=0
  redline      9.8400 us/op correctness=true mismatches=0
  vulkan      14.9200 us/op correctness=true mismatches=0
[132/133] single_kernel_aggressive/dense-q8/m=2048,k=8192,tile=4;hip-wave=64 (1 operations; order hip -> redline -> vulkan -> hipgraph)
  hip         53.9200 us/op correctness=true mismatches=0
  redline     26.5200 us/op correctness=true mismatches=0
  vulkan      48.4400 us/op correctness=true mismatches=0
  hipgraph    60.0800 us/op correctness=true mismatches=0
[133/133] single_kernel_aggressive/dense-q8/m=4096,k=8192,tile=4;hip-wave=64 (1 operations; order redline -> vulkan -> hipgraph -> hip)
  redline     32.1600 us/op correctness=true mismatches=0
  vulkan      55.5600 us/op correctness=true mismatches=0
  hipgraph   108.5600 us/op correctness=true mismatches=0
  hip        102.4400 us/op correctness=true mismatches=0
wrote results/gfx1201/2026-07-13-radiowave-all-losers/buffer-all/results.json
wrote results/gfx1201/2026-07-13-radiowave-all-losers/buffer-all/REPORT.md
Redline wins 103/133 (77.44%). Four-way placements: 1st 103, 2nd 30, 3rd 0, 4th 0.
