initializing Hipfire HIP bridge
initializing Redline retained-PM4 backend
initializing RADV Vulkan backend
[1/6] serial_latency/memory-waitcnt/variant=gather,n=4096,body=16;hip-wave=32 (64 operations; order redline -> vulkan -> hipgraph -> hip)
  redline      5.6075 us/op correctness=true mismatches=0
  vulkan       9.1056 us/op correctness=true mismatches=0
  hipgraph     8.4944 us/op correctness=true mismatches=0
  hip          8.9506 us/op correctness=true mismatches=0
[2/6] serial_latency/memory-waitcnt/variant=gather,n=32768,body=16;hip-wave=32 (32 operations; order vulkan -> hipgraph -> hip -> redline)
  vulkan      19.2312 us/op correctness=true mismatches=0
  hipgraph    44.4688 us/op correctness=true mismatches=0
  hip         45.4688 us/op correctness=true mismatches=0
  redline     23.2175 us/op correctness=true mismatches=0
[3/6] independent_throughput/memory-waitcnt/variant=gather,n=4096,body=16;hip-wave=32 (64 operations; order hipgraph -> hip -> redline -> vulkan)
  hipgraph    15.9125 us/op correctness=true mismatches=0
  hip         14.7481 us/op correctness=true mismatches=0
  redline      2.2644 us/op correctness=true mismatches=0
  vulkan       1.3275 us/op correctness=true mismatches=0
[4/6] independent_throughput/memory-waitcnt/variant=gather,n=32768,body=16;hip-wave=32 (32 operations; order hip -> redline -> vulkan -> hipgraph)
  hip         50.4000 us/op correctness=true mismatches=0
  redline     20.0050 us/op correctness=true mismatches=0
  vulkan      14.9925 us/op correctness=true mismatches=0
  hipgraph    51.5338 us/op correctness=true mismatches=0
[5/6] single_kernel_aggressive/memory-waitcnt/variant=gather,n=4096,body=16;hip-wave=32 (1 operations; order redline -> vulkan -> hipgraph -> hip)
  redline      6.1200 us/op correctness=true mismatches=0
  vulkan      12.3200 us/op correctness=true mismatches=0
  hipgraph    18.2000 us/op correctness=true mismatches=0
  hip         11.7200 us/op correctness=true mismatches=0
[6/6] single_kernel_aggressive/memory-waitcnt/variant=gather,n=32768,body=16;hip-wave=32 (1 operations; order vulkan -> hipgraph -> hip -> redline)
  vulkan      18.2800 us/op correctness=true mismatches=0
  hipgraph    41.1600 us/op correctness=true mismatches=0
  hip         33.5200 us/op correctness=true mismatches=0
  redline     16.2000 us/op correctness=true mismatches=0
wrote results/gfx1201/2026-07-13-radiowave-all-losers/gather-batch8/results.json
wrote results/gfx1201/2026-07-13-radiowave-all-losers/gather-batch8/REPORT.md
Redline wins 3/6 (50.00%). Four-way placements: 1st 3, 2nd 3, 3rd 0, 4th 0.
