initializing Hipfire HIP bridge
initializing Redline retained-PM4 backend
initializing RADV Vulkan backend
[1/12] serial_latency/vopd/variant=independent-fma,n=32768,body=64;hip-wave=32 (32 operations; order redline -> vulkan -> hipgraph -> hip)
  redline     13.1687 us/op correctness=true mismatches=0
  vulkan       8.9675 us/op correctness=true mismatches=0
  hipgraph    49.2062 us/op correctness=true mismatches=0
  hip         49.8111 us/op correctness=true mismatches=0
[2/12] serial_latency/vopd/variant=dependent-fma,n=32768,body=64;hip-wave=64 (32 operations; order vulkan -> hipgraph -> hip -> redline)
  vulkan       9.1300 us/op correctness=true mismatches=0
  hipgraph    46.6174 us/op correctness=true mismatches=0
  hip         46.5786 us/op correctness=true mismatches=0
  redline     11.2487 us/op correctness=true mismatches=0
[3/12] serial_latency/vopd/variant=mixed-int-float,n=32768,body=64;hip-wave=32 (32 operations; order hipgraph -> hip -> redline -> vulkan)
  hipgraph    56.2912 us/op correctness=true mismatches=0
  hip         56.5774 us/op correctness=true mismatches=0
  redline     27.6000 us/op correctness=true mismatches=0
  vulkan      16.3212 us/op correctness=true mismatches=0
[4/12] serial_latency/vopd/variant=dequant-like,n=32768,body=64;hip-wave=32 (32 operations; order hip -> redline -> vulkan -> hipgraph)
  hip         52.9074 us/op correctness=true mismatches=0
  redline     23.7625 us/op correctness=true mismatches=0
  vulkan      14.6862 us/op correctness=true mismatches=0
  hipgraph    52.5624 us/op correctness=true mismatches=0
[5/12] independent_throughput/vopd/variant=independent-fma,n=32768,body=64;hip-wave=32 (32 operations; order redline -> vulkan -> hipgraph -> hip)
  redline      9.3038 us/op correctness=true mismatches=0
  vulkan       7.4575 us/op correctness=true mismatches=0
  hipgraph    54.7387 us/op correctness=true mismatches=0
  hip         52.6812 us/op correctness=true mismatches=0
[6/12] independent_throughput/vopd/variant=dependent-fma,n=32768,body=64;hip-wave=64 (32 operations; order vulkan -> hipgraph -> hip -> redline)
  vulkan       7.3913 us/op correctness=true mismatches=0
  hipgraph    49.0074 us/op correctness=true mismatches=0
  hip         38.2087 us/op correctness=true mismatches=0
  redline      5.0462 us/op correctness=true mismatches=0
[7/12] independent_throughput/vopd/variant=mixed-int-float,n=32768,body=64;hip-wave=32 (32 operations; order hipgraph -> hip -> redline -> vulkan)
  hipgraph    43.9024 us/op correctness=true mismatches=0
  hip         35.0300 us/op correctness=true mismatches=0
  redline     10.9200 us/op correctness=true mismatches=0
  vulkan       7.3463 us/op correctness=true mismatches=0
[8/12] independent_throughput/vopd/variant=dequant-like,n=32768,body=64;hip-wave=32 (32 operations; order hip -> redline -> vulkan -> hipgraph)
  hip         31.4787 us/op correctness=true mismatches=0
  redline      8.4838 us/op correctness=true mismatches=0
  vulkan       6.4612 us/op correctness=true mismatches=0
  hipgraph    37.5900 us/op correctness=true mismatches=0
[9/12] single_kernel_aggressive/vopd/variant=independent-fma,n=32768,body=64;hip-wave=32 (1 operations; order redline -> vulkan -> hipgraph -> hip)
  redline      8.7600 us/op correctness=true mismatches=0
  vulkan       8.2400 us/op correctness=true mismatches=0
  hipgraph    35.6000 us/op correctness=true mismatches=0
  hip         29.9600 us/op correctness=true mismatches=0
[10/12] single_kernel_aggressive/vopd/variant=dependent-fma,n=32768,body=64;hip-wave=64 (1 operations; order vulkan -> hipgraph -> hip -> redline)
  vulkan       8.2800 us/op correctness=true mismatches=0
  hipgraph    33.9600 us/op correctness=true mismatches=0
  hip         28.3200 us/op correctness=true mismatches=0
  redline      8.0400 us/op correctness=true mismatches=0
[11/12] single_kernel_aggressive/vopd/variant=mixed-int-float,n=32768,body=64;hip-wave=32 (1 operations; order hipgraph -> hip -> redline -> vulkan)
  hipgraph    38.8400 us/op correctness=true mismatches=0
  hip         33.2000 us/op correctness=true mismatches=0
  redline     16.0400 us/op correctness=true mismatches=0
  vulkan      11.8000 us/op correctness=true mismatches=0
[12/12] single_kernel_aggressive/vopd/variant=dequant-like,n=32768,body=64;hip-wave=32 (1 operations; order hip -> redline -> vulkan -> hipgraph)
  hip         31.4400 us/op correctness=true mismatches=0
  redline     13.8400 us/op correctness=true mismatches=0
  vulkan      11.0400 us/op correctness=true mismatches=0
  hipgraph    36.9200 us/op correctness=true mismatches=0
wrote results/gfx1201/2026-07-13-radiowave-all-losers/vopd-recurrence/results.json
wrote results/gfx1201/2026-07-13-radiowave-all-losers/vopd-recurrence/REPORT.md
Redline wins 2/12 (16.67%). Four-way placements: 1st 2, 2nd 10, 3rd 0, 4th 0.
