{
  "artifact_ref": "/home/kaden/ClaudeCode/autorocm/redline-pub/examples/hipengine-6409/results/gfx1201/2026-07-12/independent_throughput/hip-q6-x8-selected-down.json",
  "backend": "hip",
  "bench": "q6_x8_selected_down_real_slice",
  "classification": "real_slice_probe",
  "command": [
    "python3",
    "/tmp/hipEngine-f2c/benchmarks/micro/runners/q6_x8_real_slice.py",
    "--backend",
    "hip",
    "--timing-mode",
    "independent_throughput",
    "--independent-streams",
    "4",
    "--reps",
    "10",
    "--warmup",
    "3",
    "--samples",
    "5",
    "--environment-json",
    "/home/kaden/ClaudeCode/autorocm/redline-pub/examples/hipengine-6409/results/gfx1201/2026-07-12/environment.json",
    "--environment-ref",
    "/home/kaden/ClaudeCode/autorocm/redline-pub/examples/hipengine-6409/results/gfx1201/2026-07-12/environment.json",
    "--gfx-arch",
    "gfx1201",
    "--hardware-gpu",
    "AMD Radeon Graphics",
    "--build-dir",
    "/home/kaden/ClaudeCode/autorocm/redline-pub/examples/hipengine-6409/results/gfx1201/2026-07-12/build/hip/q6-x8-selected-down",
    "--rows",
    "8",
    "--experts",
    "256",
    "--in-features",
    "512",
    "--out-features",
    "2048",
    "--local-size",
    "64",
    "--out",
    "/home/kaden/ClaudeCode/autorocm/redline-pub/examples/hipengine-6409/results/gfx1201/2026-07-12/independent_throughput/hip-q6-x8-selected-down.json",
    "--pretty"
  ],
  "correctness": {
    "all_pass": true,
    "oracle": "raw Q6_K selected q8_1+dp4a BF16 output",
    "rows": 3,
    "status": "pass"
  },
  "correctness_vs_cpu": {
    "oracle": "raw Q6_K selected q8_1+dp4a GPU reference",
    "pass": true
  },
  "environment_ref": "/home/kaden/ClaudeCode/autorocm/redline-pub/examples/hipengine-6409/results/gfx1201/2026-07-12/environment.json",
  "hardware": {
    "gfx_arch": "gfx1201",
    "gpu_name": "AMD Radeon Graphics"
  },
  "kind": "hipengine_micro_result",
  "measurements": {
    "rows": [
      {
        "activation_quant": "q8_1",
        "backend": "hip",
        "blocks_per_row": 2,
        "correctness": {
          "single_dispatch": {
            "oracle": "raw Q6_K selected q8_1+dp4a BF16 logits with KL <= 0.05 and top-1 >= 90%",
            "status": "pass"
          },
          "synchronization": {
            "barrier_count": 0,
            "method": "disjoint_xq_and_output_slices",
            "status": "pass"
          },
          "timed_sequence": {
            "coverage": "all_dispatches",
            "logical_iterations": 10,
            "oracle": "raw Q6_K selected q8_1+dp4a BF16 logits with KL <= 0.05 and top-1 >= 90%",
            "status": "pass"
          }
        },
        "correctness_pass": true,
        "dependency_contract": {
          "inter_dispatch_ordering": "none",
          "output_partitioning": "disjoint",
          "validation_status": "pass",
          "work_dependency": "independent"
        },
        "experts": 256,
        "in_features": 512,
        "kv_type": "not_applicable",
        "local_size": 32,
        "median_us": 14.340099692344666,
        "model_fingerprint": "synthetic_q6_x8_selected_down_v1",
        "numeric_correctness": {
          "burst": {
            "exact_bf16_mismatches": 0,
            "expected_repetitions": [
              0,
              1,
              2,
              3,
              4,
              5,
              6,
              7,
              8,
              9
            ],
            "kl_divergence": 0.0,
            "max_abs": 0.0,
            "mean_abs": 0.0,
            "oracle": "raw Q6_K selected q8_1+dp4a BF16 logits with KL/top-1 gate",
            "outputs_checked": 10,
            "pass": true,
            "top1": 1.0
          },
          "single": {
            "exact_bf16_mismatches": 0,
            "expected_repetitions": [
              0
            ],
            "kl_divergence": 0.0,
            "max_abs": 0.0,
            "mean_abs": 0.0,
            "oracle": "raw Q6_K selected q8_1+dp4a BF16 logits with KL/top-1 gate",
            "outputs_checked": 1,
            "pass": true,
            "top1": 1.0
          }
        },
        "operation": "q8_1_quantize",
        "out_features": 2048,
        "out_packed": 256,
        "output_dtype": "bf16",
        "q8_blocks_per_row": 16,
        "quant": "q6_k",
        "row_tile": 0,
        "rows": 8,
        "selected_dtype": "int64",
        "sequence_validation": {
          "burst_expected_repetitions": [
            0,
            1,
            2,
            3,
            4,
            5,
            6,
            7,
            8,
            9
          ],
          "input_repetition_pattern": "distinct_deterministic_salt",
          "output_partitioning": "disjoint",
          "single_expected_repetitions": [
            0
          ],
          "xq_partitioning": "disjoint"
        },
        "submission": {
          "completion_in_host_wall": true,
          "queue_or_stream_count": 4,
          "recording_in_timed_region": false,
          "strategy": "multi_stream",
          "submit_in_host_wall": true
        },
        "timing": {
          "burst": {
            "dispatches_per_iteration": 1,
            "gpu_elapsed": {
              "clock": "hip_event",
              "per_iteration_us": {
                "max": 25.71609914302826,
                "median": 14.340099692344666,
                "min": 13.552099466323853,
                "n": 5,
                "p05": 13.582479655742645,
                "p95": 23.714479207992554,
                "samples": 5,
                "stdev": 4.619145089750674
              },
              "sequence_us": {
                "max": 257.1609914302826,
                "median": 143.40099692344666,
                "min": 135.52099466323853,
                "n": 5,
                "p05": 135.82479655742645,
                "p95": 237.1447920799255,
                "samples": 5,
                "stdev": 46.19145089750673
              },
              "status": "ok"
            },
            "host_wall": {
              "clock": "steady_clock",
              "per_iteration_us": {
                "max": 28.909399999999998,
                "median": 16.8423,
                "min": 16.2573,
                "n": 5,
                "p05": 16.35108,
                "p95": 26.897579999999998,
                "samples": 5,
                "stdev": 4.779746759400543
              },
              "sequence_us": {
                "max": 289.094,
                "median": 168.423,
                "min": 162.573,
                "n": 5,
                "p05": 163.51080000000002,
                "p95": 268.9758,
                "samples": 5,
                "stdev": 47.79746759400543
              },
              "status": "ok"
            },
            "logical_iterations": 10
          },
          "single": {
            "dispatches_per_iteration": 1,
            "gpu_elapsed": {
              "clock": "hip_event",
              "per_iteration_us": {
                "max": 119.35999989509583,
                "median": 101.40100121498108,
                "min": 100.80000013113022,
                "n": 5,
                "p05": 100.86420029401779,
                "p95": 116.27220064401627,
                "samples": 5,
                "stdev": 7.106325765318012
              },
              "sequence_us": {
                "max": 119.35999989509583,
                "median": 101.40100121498108,
                "min": 100.80000013113022,
                "n": 5,
                "p05": 100.86420029401779,
                "p95": 116.27220064401627,
                "samples": 5,
                "stdev": 7.106325765318012
              },
              "status": "ok"
            },
            "host_wall": {
              "clock": "steady_clock",
              "per_iteration_us": {
                "max": 142.902,
                "median": 133.252,
                "min": 132.272,
                "n": 5,
                "p05": 132.322,
                "p95": 141.606,
                "samples": 5,
                "stdev": 3.9994569631388677
              },
              "sequence_us": {
                "max": 142.902,
                "median": 133.252,
                "min": 132.272,
                "n": 5,
                "p05": 132.322,
                "p95": 141.606,
                "samples": 5,
                "stdev": 3.9994569631388677
              },
              "status": "ok"
            },
            "logical_iterations": 1
          }
        },
        "timing_mode": "independent_throughput",
        "variant": "quantize",
        "weight_layout": "q6_k_x8",
        "workgroup_match": "exact"
      },
      {
        "activation_quant": "q8_1",
        "backend": "hip",
        "blocks_per_row": 2,
        "correctness": {
          "single_dispatch": {
            "oracle": "raw Q6_K selected q8_1+dp4a BF16 logits with KL <= 0.05 and top-1 >= 90%",
            "status": "pass"
          },
          "synchronization": {
            "barrier_count": 0,
            "method": "disjoint_xq_and_output_slices",
            "status": "pass"
          },
          "timed_sequence": {
            "coverage": "all_dispatches",
            "logical_iterations": 10,
            "oracle": "raw Q6_K selected q8_1+dp4a BF16 logits with KL <= 0.05 and top-1 >= 90%",
            "status": "pass"
          }
        },
        "correctness_pass": true,
        "dependency_contract": {
          "inter_dispatch_ordering": "none",
          "output_partitioning": "disjoint",
          "validation_status": "pass",
          "work_dependency": "independent"
        },
        "experts": 256,
        "in_features": 512,
        "kv_type": "not_applicable",
        "local_size": 64,
        "median_us": 19.908100366592407,
        "model_fingerprint": "synthetic_q6_x8_selected_down_v1",
        "numeric_correctness": {
          "burst": {
            "exact_bf16_mismatches": 0,
            "expected_repetitions": [
              0,
              1,
              2,
              3,
              4,
              5,
              6,
              7,
              8,
              9
            ],
            "kl_divergence": 0.0,
            "max_abs": 0.0,
            "mean_abs": 0.0,
            "oracle": "raw Q6_K selected q8_1+dp4a BF16 logits with KL/top-1 gate",
            "outputs_checked": 10,
            "pass": true,
            "top1": 1.0
          },
          "single": {
            "exact_bf16_mismatches": 0,
            "expected_repetitions": [
              0
            ],
            "kl_divergence": 0.0,
            "max_abs": 0.0,
            "mean_abs": 0.0,
            "oracle": "raw Q6_K selected q8_1+dp4a BF16 logits with KL/top-1 gate",
            "outputs_checked": 1,
            "pass": true,
            "top1": 1.0
          }
        },
        "operation": "x8_selected_dp4a_dot_prequantized",
        "out_features": 2048,
        "out_packed": 256,
        "output_dtype": "bf16",
        "q8_blocks_per_row": 16,
        "quant": "q6_k",
        "row_tile": 1,
        "rows": 8,
        "selected_dtype": "int64",
        "sequence_validation": {
          "burst_expected_repetitions": [
            0,
            1,
            2,
            3,
            4,
            5,
            6,
            7,
            8,
            9
          ],
          "input_repetition_pattern": "distinct_deterministic_salt",
          "output_partitioning": "disjoint",
          "single_expected_repetitions": [
            0
          ],
          "xq_partitioning": "disjoint"
        },
        "submission": {
          "completion_in_host_wall": true,
          "queue_or_stream_count": 4,
          "recording_in_timed_region": false,
          "strategy": "multi_stream",
          "submit_in_host_wall": true
        },
        "timing": {
          "burst": {
            "dispatches_per_iteration": 1,
            "gpu_elapsed": {
              "clock": "hip_event",
              "per_iteration_us": {
                "max": 20.412200689315796,
                "median": 19.908100366592407,
                "min": 18.116100132465363,
                "n": 5,
                "p05": 18.467300236225128,
                "p95": 20.38738042116165,
                "samples": 5,
                "stdev": 0.8285997217990196
              },
              "sequence_us": {
                "max": 204.12200689315796,
                "median": 199.08100366592407,
                "min": 181.16100132465363,
                "n": 5,
                "p05": 184.67300236225128,
                "p95": 203.87380421161652,
                "samples": 5,
                "stdev": 8.285997217990197
              },
              "status": "ok"
            },
            "host_wall": {
              "clock": "steady_clock",
              "per_iteration_us": {
                "max": 23.6983,
                "median": 23.1664,
                "min": 21.3253,
                "n": 5,
                "p05": 21.68672,
                "p95": 23.6815,
                "samples": 5,
                "stdev": 0.8618613359467988
              },
              "sequence_us": {
                "max": 236.983,
                "median": 231.664,
                "min": 213.253,
                "n": 5,
                "p05": 216.8672,
                "p95": 236.815,
                "samples": 5,
                "stdev": 8.61861335946799
              },
              "status": "ok"
            },
            "logical_iterations": 10
          },
          "single": {
            "dispatches_per_iteration": 1,
            "gpu_elapsed": {
              "clock": "hip_event",
              "per_iteration_us": {
                "max": 240.24100601673126,
                "median": 101.87999904155731,
                "min": 87.32099831104279,
                "n": 5,
                "p05": 87.83279806375504,
                "p95": 213.32100480794904,
                "samples": 5,
                "stdev": 58.039497403202
              },
              "sequence_us": {
                "max": 240.24100601673126,
                "median": 101.87999904155731,
                "min": 87.32099831104279,
                "n": 5,
                "p05": 87.83279806375504,
                "p95": 213.32100480794904,
                "samples": 5,
                "stdev": 58.039497403202
              },
              "status": "ok"
            },
            "host_wall": {
              "clock": "steady_clock",
              "per_iteration_us": {
                "max": 459.327,
                "median": 134.983,
                "min": 110.521,
                "n": 5,
                "p05": 112.31120000000001,
                "p95": 394.88399999999996,
                "samples": 5,
                "stdev": 133.88509516895448
              },
              "sequence_us": {
                "max": 459.327,
                "median": 134.983,
                "min": 110.521,
                "n": 5,
                "p05": 112.31120000000001,
                "p95": 394.88399999999996,
                "samples": 5,
                "stdev": 133.88509516895448
              },
              "status": "ok"
            },
            "logical_iterations": 1
          }
        },
        "timing_mode": "independent_throughput",
        "variant": "q6_x8_selected_down",
        "weight_layout": "q6_k_x8",
        "workgroup_match": "exact"
      },
      {
        "activation_quant": "q8_1",
        "backend": "hip",
        "blocks_per_row": 2,
        "correctness": {
          "single_dispatch": {
            "oracle": "raw Q6_K selected q8_1+dp4a BF16 logits with KL <= 0.05 and top-1 >= 90%",
            "status": "pass"
          },
          "synchronization": {
            "barrier_count": 0,
            "method": "disjoint_xq_and_output_slices",
            "status": "pass"
          },
          "timed_sequence": {
            "coverage": "all_dispatches",
            "logical_iterations": 10,
            "oracle": "raw Q6_K selected q8_1+dp4a BF16 logits with KL <= 0.05 and top-1 >= 90%",
            "status": "pass"
          }
        },
        "correctness_pass": true,
        "dependency_contract": {
          "inter_dispatch_ordering": "none",
          "output_partitioning": "disjoint",
          "validation_status": "pass",
          "work_dependency": "independent"
        },
        "experts": 256,
        "in_features": 512,
        "kv_type": "not_applicable",
        "local_size": 64,
        "median_us": 20.66420018672943,
        "model_fingerprint": "synthetic_q6_x8_selected_down_v1",
        "numeric_correctness": {
          "burst": {
            "exact_bf16_mismatches": 0,
            "expected_repetitions": [
              0,
              1,
              2,
              3,
              4,
              5,
              6,
              7,
              8,
              9
            ],
            "kl_divergence": 0.0,
            "max_abs": 0.0,
            "mean_abs": 0.0,
            "oracle": "raw Q6_K selected q8_1+dp4a BF16 logits with KL/top-1 gate",
            "outputs_checked": 10,
            "pass": true,
            "top1": 1.0
          },
          "single": {
            "exact_bf16_mismatches": 0,
            "expected_repetitions": [
              0
            ],
            "kl_divergence": 0.0,
            "max_abs": 0.0,
            "mean_abs": 0.0,
            "oracle": "raw Q6_K selected q8_1+dp4a BF16 logits with KL/top-1 gate",
            "outputs_checked": 1,
            "pass": true,
            "top1": 1.0
          }
        },
        "operation": "x8_selected_dp4a_quantize_plus_dot",
        "out_features": 2048,
        "out_packed": 256,
        "output_dtype": "bf16",
        "q8_blocks_per_row": 16,
        "quant": "q6_k",
        "row_tile": 1,
        "rows": 8,
        "selected_dtype": "int64",
        "sequence_validation": {
          "burst_expected_repetitions": [
            0,
            1,
            2,
            3,
            4,
            5,
            6,
            7,
            8,
            9
          ],
          "input_repetition_pattern": "distinct_deterministic_salt",
          "output_partitioning": "disjoint",
          "single_expected_repetitions": [
            0
          ],
          "xq_partitioning": "disjoint"
        },
        "submission": {
          "completion_in_host_wall": true,
          "queue_or_stream_count": 4,
          "recording_in_timed_region": false,
          "strategy": "multi_stream",
          "submit_in_host_wall": true
        },
        "timing": {
          "burst": {
            "dispatches_per_iteration": 2,
            "gpu_elapsed": {
              "clock": "hip_event",
              "per_iteration_us": {
                "max": 24.51609969139099,
                "median": 20.66420018672943,
                "min": 20.19210010766983,
                "n": 5,
                "p05": 20.196900069713593,
                "p95": 24.125719666481018,
                "samples": 5,
                "stdev": 1.6853330604824786
              },
              "sequence_us": {
                "max": 245.1609969139099,
                "median": 206.6420018672943,
                "min": 201.9210010766983,
                "n": 5,
                "p05": 201.96900069713593,
                "p95": 241.25719666481018,
                "samples": 5,
                "stdev": 16.853330604824787
              },
              "status": "ok"
            },
            "host_wall": {
              "clock": "steady_clock",
              "per_iteration_us": {
                "max": 27.7144,
                "median": 23.8103,
                "min": 23.360300000000002,
                "n": 5,
                "p05": 23.371900000000004,
                "p95": 27.32,
                "samples": 5,
                "stdev": 1.6936802822256622
              },
              "sequence_us": {
                "max": 277.144,
                "median": 238.103,
                "min": 233.603,
                "n": 5,
                "p05": 233.71900000000002,
                "p95": 273.2,
                "samples": 5,
                "stdev": 16.936802822256624
              },
              "status": "ok"
            },
            "logical_iterations": 10
          },
          "single": {
            "dispatches_per_iteration": 2,
            "gpu_elapsed": {
              "clock": "hip_event",
              "per_iteration_us": {
                "max": 107.40000009536743,
                "median": 95.64100205898285,
                "min": 85.92099696397781,
                "n": 5,
                "p05": 87.60899752378464,
                "p95": 107.1040004491806,
                "samples": 5,
                "stdev": 7.9458332490193895
              },
              "sequence_us": {
                "max": 107.40000009536743,
                "median": 95.64100205898285,
                "min": 85.92099696397781,
                "n": 5,
                "p05": 87.60899752378464,
                "p95": 107.1040004491806,
                "samples": 5,
                "stdev": 7.9458332490193895
              },
              "status": "ok"
            },
            "host_wall": {
              "clock": "steady_clock",
              "per_iteration_us": {
                "max": 139.382,
                "median": 117.432,
                "min": 113.692,
                "n": 5,
                "p05": 114.074,
                "p95": 139.074,
                "samples": 5,
                "stdev": 11.357871983782882
              },
              "sequence_us": {
                "max": 139.382,
                "median": 117.432,
                "min": 113.692,
                "n": 5,
                "p05": 114.074,
                "p95": 139.074,
                "samples": 5,
                "stdev": 11.357871983782882
              },
              "status": "ok"
            },
            "logical_iterations": 1
          }
        },
        "timing_mode": "independent_throughput",
        "variant": "q6_x8_selected_down",
        "weight_layout": "q6_k_x8",
        "workgroup_match": "exact"
      }
    ]
  },
  "notes": "Production HIP Q6_K X8 selected-down q8_1+dp4a slice under timing contract v2.",
  "parameters": {
    "activation_quant": "q8_1",
    "experts": 256,
    "in_features": 512,
    "independent_lanes": 4,
    "input_scale": 0.1,
    "kv_type": "not_applicable",
    "local_size": 64,
    "model_fingerprint": "synthetic_q6_x8_selected_down_v1",
    "out_features": 2048,
    "output_dtype": "bf16",
    "quant": "q6_k",
    "repetitions": 10,
    "row_tile": 1,
    "rows": 8,
    "samples": 5,
    "selected_dtype": "int64",
    "timing_mode": "independent_throughput",
    "warmup_iterations": 3,
    "weight_layout": "q6_k_x8"
  },
  "schema_version": 2,
  "source": {
    "branch": "",
    "commit": "f2c3ad6d74c86e3641ce09ff9fd759eaa6cd75e0",
    "dirty": false,
    "repo": "/tmp/hipEngine-f2c",
    "source_hash": "sha256:0cc1b4209d354e73e4fe33ed66ea475dee9a2e769bfda76982b2d2ad1d091900"
  },
  "timing": {
    "q8_1_quantize": {
      "max_us": 25.71609914302826,
      "median_ms": 0.014340099692344666,
      "median_us": 14.340099692344666,
      "min_us": 13.552099466323853,
      "p05_us": 13.582479655742645,
      "p95_us": 23.714479207992554
    },
    "x8_selected_dp4a_dot_prequantized": {
      "max_us": 20.412200689315796,
      "median_ms": 0.019908100366592407,
      "median_us": 19.908100366592407,
      "min_us": 18.116100132465363,
      "p05_us": 18.467300236225128,
      "p95_us": 20.38738042116165
    },
    "x8_selected_dp4a_quantize_plus_dot": {
      "max_us": 24.51609969139099,
      "median_ms": 0.02066420018672943,
      "median_us": 20.66420018672943,
      "min_us": 20.19210010766983,
      "p05_us": 20.196900069713593,
      "p95_us": 24.125719666481018
    }
  }
}

