{
  "artifact_ref": "/home/kaden/ClaudeCode/autorocm/redline-pub/examples/hipengine-6409/results/gfx1201/2026-07-12/independent_throughput/hip-q4-selected-dual.json",
  "backend": "hip",
  "bench": "q4_selected_dual_real_slice",
  "classification": "real_slice_probe",
  "command": [
    "python3",
    "/tmp/hipEngine-f2c/benchmarks/micro/runners/q4_selected_dual_real_slice.py",
    "--backend",
    "hip",
    "--timing-mode",
    "independent_throughput",
    "--independent-streams",
    "4",
    "--reps",
    "10",
    "--warmup",
    "3",
    "--samples",
    "5",
    "--environment-json",
    "/home/kaden/ClaudeCode/autorocm/redline-pub/examples/hipengine-6409/results/gfx1201/2026-07-12/environment.json",
    "--environment-ref",
    "/home/kaden/ClaudeCode/autorocm/redline-pub/examples/hipengine-6409/results/gfx1201/2026-07-12/environment.json",
    "--gfx-arch",
    "gfx1201",
    "--hardware-gpu",
    "AMD Radeon Graphics",
    "--build-dir",
    "/home/kaden/ClaudeCode/autorocm/redline-pub/examples/hipengine-6409/results/gfx1201/2026-07-12/build/hip/q4-selected-dual",
    "--x-rows",
    "4",
    "--rows",
    "32",
    "--experts",
    "256",
    "--in-features",
    "2048",
    "--out-features",
    "512",
    "--workgroups",
    "64,128",
    "--out",
    "/home/kaden/ClaudeCode/autorocm/redline-pub/examples/hipengine-6409/results/gfx1201/2026-07-12/independent_throughput/hip-q4-selected-dual.json",
    "--pretty"
  ],
  "correctness": {
    "quality_vs_raw": [
      {
        "exact_bf16_mismatches": 22320,
        "kl_divergence": 0.012451213693840456,
        "local_size": 64,
        "max_abs": 2.0,
        "mean_abs": 0.23107129335403442,
        "outputs_checked": 1,
        "pass": true,
        "top1": 1.0
      },
      {
        "exact_bf16_mismatches": 22320,
        "kl_divergence": 0.012451213693840456,
        "local_size": 128,
        "max_abs": 2.0,
        "mean_abs": 0.23107124865055084,
        "outputs_checked": 1,
        "pass": true,
        "top1": 1.0
      }
    ],
    "quality_vs_raw_pass": true,
    "status": "pass",
    "timed_sequence_pass": true
  },
  "environment_ref": "/home/kaden/ClaudeCode/autorocm/redline-pub/examples/hipengine-6409/results/gfx1201/2026-07-12/environment.json",
  "environment_source": {
    "branch": "",
    "commit": "f2c3ad6d74c86e3641ce09ff9fd759eaa6cd75e0",
    "commit_short": "f2c3ad6",
    "dirty": false,
    "root": "/tmp/hipEngine-f2c",
    "status_short": []
  },
  "hardware": {
    "gfx_arch": "gfx1201",
    "gpu_name": "AMD Radeon Graphics"
  },
  "kind": "hipengine_micro_result",
  "measurements": {
    "rows": [
      {
        "backend": "hip",
        "buffer_abi": "hip_raw_device_pointer_q8_1_q4_k",
        "correctness": {
          "single_dispatch": {
            "oracle": "downstream Q4_K selected-dual BF16 equivalence after q8_1 quantize",
            "status": "pass"
          },
          "synchronization": {
            "barrier_count": 0,
            "method": "disjoint_xq_and_dual_outputs",
            "status": "pass"
          },
          "timed_sequence": {
            "coverage": "all_dispatches",
            "logical_iterations": 10,
            "oracle": "downstream Q4_K selected-dual BF16 equivalence after q8_1 quantize",
            "status": "pass"
          }
        },
        "correctness_pass": true,
        "dependency_contract": {
          "inter_dispatch_ordering": "none",
          "output_partitioning": "disjoint",
          "validation_status": "pass",
          "work_dependency": "independent"
        },
        "experts": 256,
        "in_features": 2048,
        "input_scale": 0.1,
        "local_size": 32,
        "median_us": 13.816100358963013,
        "numeric_correctness": {
          "burst": {
            "exact_bf16_mismatches": 0,
            "kl_divergence": 0.0,
            "max_abs": 0.0,
            "mean_abs": 0.0,
            "outputs_checked": 10,
            "pass": true,
            "top1": 1.0
          },
          "single": {
            "exact_bf16_mismatches": 0,
            "kl_divergence": 0.0,
            "max_abs": 0.0,
            "mean_abs": 0.0,
            "outputs_checked": 1,
            "pass": true,
            "top1": 1.0
          }
        },
        "operation": "q8_1_quantize",
        "out_features": 512,
        "quant": "q4_k",
        "rows": 32,
        "sequence_validation": {
          "input_repetition_pattern": "distinct_deterministic_salt",
          "output_partitioning": "disjoint_dual",
          "xq_partitioning": "disjoint"
        },
        "submission": {
          "completion_in_host_wall": true,
          "queue_or_stream_count": 4,
          "recording_in_timed_region": false,
          "strategy": "multi_stream",
          "submit_in_host_wall": true
        },
        "timing": {
          "burst": {
            "dispatches_per_iteration": 1,
            "gpu_elapsed": {
              "clock": "hip_event",
              "per_iteration_us": {
                "max": 13.9041006565094,
                "median": 13.816100358963013,
                "min": 13.540099561214447,
                "n": 5,
                "p05": 13.571279644966125,
                "p95": 13.899300396442413,
                "samples": 5,
                "stdev": 0.13455357271096852
              },
              "sequence_us": {
                "max": 139.041006565094,
                "median": 138.16100358963013,
                "min": 135.40099561214447,
                "n": 5,
                "p05": 135.71279644966125,
                "p95": 138.99300396442413,
                "samples": 5,
                "stdev": 1.345535727109685
              },
              "status": "ok"
            },
            "host_wall": {
              "clock": "steady_clock",
              "per_iteration_us": {
                "max": 17.109299999999998,
                "median": 16.9772,
                "min": 16.6773,
                "n": 5,
                "p05": 16.7135,
                "p95": 17.09628,
                "samples": 5,
                "stdev": 0.15255360500492915
              },
              "sequence_us": {
                "max": 171.093,
                "median": 169.772,
                "min": 166.773,
                "n": 5,
                "p05": 167.135,
                "p95": 170.9628,
                "samples": 5,
                "stdev": 1.525536050049293
              },
              "status": "ok"
            },
            "logical_iterations": 10
          },
          "single": {
            "dispatches_per_iteration": 1,
            "gpu_elapsed": {
              "clock": "hip_event",
              "per_iteration_us": {
                "max": 127.24000215530396,
                "median": 101.92099958658218,
                "min": 101.40000283718109,
                "n": 5,
                "p05": 101.48800164461136,
                "p95": 122.24820107221602,
                "samples": 5,
                "stdev": 10.155671318687302
              },
              "sequence_us": {
                "max": 127.24000215530396,
                "median": 101.92099958658218,
                "min": 101.40000283718109,
                "n": 5,
                "p05": 101.48800164461136,
                "p95": 122.24820107221602,
                "samples": 5,
                "stdev": 10.155671318687302
              },
              "status": "ok"
            },
            "host_wall": {
              "clock": "steady_clock",
              "per_iteration_us": {
                "max": 150.153,
                "median": 133.542,
                "min": 133.362,
                "n": 5,
                "p05": 133.39,
                "p95": 146.8508,
                "samples": 5,
                "stdev": 6.657006907011585
              },
              "sequence_us": {
                "max": 150.153,
                "median": 133.542,
                "min": 133.362,
                "n": 5,
                "p05": 133.39,
                "p95": 146.8508,
                "samples": 5,
                "stdev": 6.657006907011585
              },
              "status": "ok"
            },
            "logical_iterations": 1
          }
        },
        "timing_mode": "independent_throughput",
        "workgroup_match": "exact",
        "x_rows": 4
      },
      {
        "backend": "hip",
        "buffer_abi": "hip_raw_device_pointer_q8_1_q4_k",
        "correctness": {
          "single_dispatch": {
            "oracle": "exact BF16 output versus isolated HIP q8_1+Q4_K dp4a launches",
            "status": "pass"
          },
          "synchronization": {
            "barrier_count": 0,
            "method": "disjoint_xq_and_dual_outputs",
            "status": "pass"
          },
          "timed_sequence": {
            "coverage": "all_dispatches",
            "logical_iterations": 10,
            "oracle": "exact BF16 output versus isolated HIP q8_1+Q4_K dp4a launches",
            "status": "pass"
          }
        },
        "correctness_pass": true,
        "dependency_contract": {
          "inter_dispatch_ordering": "none",
          "output_partitioning": "disjoint",
          "validation_status": "pass",
          "work_dependency": "independent"
        },
        "experts": 256,
        "in_features": 2048,
        "input_scale": 0.1,
        "local_size": 64,
        "median_us": 86.09640002250671,
        "numeric_correctness": {
          "burst": {
            "exact_bf16_mismatches": 0,
            "kl_divergence": 0.0,
            "max_abs": 0.0,
            "mean_abs": 0.0,
            "outputs_checked": 10,
            "pass": true,
            "top1": 1.0
          },
          "single": {
            "exact_bf16_mismatches": 0,
            "kl_divergence": 0.0,
            "max_abs": 0.0,
            "mean_abs": 0.0,
            "outputs_checked": 1,
            "pass": true,
            "top1": 1.0
          }
        },
        "operation": "selected_dual_dp4a_dot_prequantized",
        "out_features": 512,
        "quant": "q4_k",
        "rows": 32,
        "sequence_validation": {
          "input_repetition_pattern": "distinct_deterministic_salt",
          "output_partitioning": "disjoint_dual",
          "xq_partitioning": "disjoint"
        },
        "submission": {
          "completion_in_host_wall": true,
          "queue_or_stream_count": 4,
          "recording_in_timed_region": false,
          "strategy": "multi_stream",
          "submit_in_host_wall": true
        },
        "timing": {
          "burst": {
            "dispatches_per_iteration": 1,
            "gpu_elapsed": {
              "clock": "hip_event",
              "per_iteration_us": {
                "max": 90.51650166511536,
                "median": 86.09640002250671,
                "min": 85.56039929389954,
                "n": 5,
                "p05": 85.59639930725098,
                "p95": 89.66928124427795,
                "samples": 5,
                "stdev": 1.8563001181059833
              },
              "sequence_us": {
                "max": 905.1650166511536,
                "median": 860.9640002250671,
                "min": 855.6039929389954,
                "n": 5,
                "p05": 855.9639930725098,
                "p95": 896.6928124427795,
                "samples": 5,
                "stdev": 18.563001181059835
              },
              "status": "ok"
            },
            "host_wall": {
              "clock": "steady_clock",
              "per_iteration_us": {
                "max": 92.51140000000001,
                "median": 89.41029999999999,
                "min": 88.7624,
                "n": 5,
                "p05": 88.81198,
                "p95": 91.91018000000001,
                "samples": 5,
                "stdev": 1.3625467310885195
              },
              "sequence_us": {
                "max": 925.114,
                "median": 894.103,
                "min": 887.624,
                "n": 5,
                "p05": 888.1198000000002,
                "p95": 919.1018,
                "samples": 5,
                "stdev": 13.625467310885176
              },
              "status": "ok"
            },
            "logical_iterations": 10
          },
          "single": {
            "dispatches_per_iteration": 1,
            "gpu_elapsed": {
              "clock": "hip_event",
              "per_iteration_us": {
                "max": 346.561998128891,
                "median": 112.83999681472778,
                "min": 112.08000034093857,
                "n": 5,
                "p05": 112.09620088338852,
                "p95": 302.27379798889154,
                "samples": 5,
                "stdev": 92.53704592051379
              },
              "sequence_us": {
                "max": 346.561998128891,
                "median": 112.83999681472778,
                "min": 112.08000034093857,
                "n": 5,
                "p05": 112.09620088338852,
                "p95": 302.27379798889154,
                "samples": 5,
                "stdev": 92.53704592051379
              },
              "status": "ok"
            },
            "host_wall": {
              "clock": "steady_clock",
              "per_iteration_us": {
                "max": 367.226,
                "median": 144.672,
                "min": 143.622,
                "n": 5,
                "p05": 143.674,
                "p95": 325.17519999999996,
                "samples": 5,
                "stdev": 88.11832349381143
              },
              "sequence_us": {
                "max": 367.226,
                "median": 144.672,
                "min": 143.622,
                "n": 5,
                "p05": 143.674,
                "p95": 325.17519999999996,
                "samples": 5,
                "stdev": 88.11832349381143
              },
              "status": "ok"
            },
            "logical_iterations": 1
          }
        },
        "timing_mode": "independent_throughput",
        "workgroup_match": "exact",
        "x_rows": 4
      },
      {
        "backend": "hip",
        "buffer_abi": "hip_raw_device_pointer_q8_1_q4_k",
        "correctness": {
          "single_dispatch": {
            "oracle": "exact BF16 output versus isolated HIP q8_1+Q4_K dp4a launches",
            "status": "pass"
          },
          "synchronization": {
            "barrier_count": 0,
            "method": "disjoint_xq_and_dual_outputs",
            "status": "pass"
          },
          "timed_sequence": {
            "coverage": "all_dispatches",
            "logical_iterations": 10,
            "oracle": "exact BF16 output versus isolated HIP q8_1+Q4_K dp4a launches",
            "status": "pass"
          }
        },
        "correctness_pass": true,
        "dependency_contract": {
          "inter_dispatch_ordering": "none",
          "output_partitioning": "disjoint",
          "validation_status": "pass",
          "work_dependency": "independent"
        },
        "experts": 256,
        "in_features": 2048,
        "input_scale": 0.1,
        "local_size": 64,
        "median_us": 89.34450149536133,
        "numeric_correctness": {
          "burst": {
            "exact_bf16_mismatches": 0,
            "kl_divergence": 0.0,
            "max_abs": 0.0,
            "mean_abs": 0.0,
            "outputs_checked": 10,
            "pass": true,
            "top1": 1.0
          },
          "single": {
            "exact_bf16_mismatches": 0,
            "kl_divergence": 0.0,
            "max_abs": 0.0,
            "mean_abs": 0.0,
            "outputs_checked": 1,
            "pass": true,
            "top1": 1.0
          }
        },
        "operation": "selected_dual_dp4a_quantize_plus_dot",
        "out_features": 512,
        "quant": "q4_k",
        "rows": 32,
        "sequence_validation": {
          "input_repetition_pattern": "distinct_deterministic_salt",
          "output_partitioning": "disjoint_dual",
          "xq_partitioning": "disjoint"
        },
        "submission": {
          "completion_in_host_wall": true,
          "queue_or_stream_count": 4,
          "recording_in_timed_region": false,
          "strategy": "multi_stream",
          "submit_in_host_wall": true
        },
        "timing": {
          "burst": {
            "dispatches_per_iteration": 2,
            "gpu_elapsed": {
              "clock": "hip_event",
              "per_iteration_us": {
                "max": 90.54039716720581,
                "median": 89.34450149536133,
                "min": 88.85239958763123,
                "n": 5,
                "p05": 88.920419216156,
                "p95": 90.48601746559143,
                "samples": 5,
                "stdev": 0.650171838643987
              },
              "sequence_us": {
                "max": 905.4039716720581,
                "median": 893.4450149536133,
                "min": 888.5239958763123,
                "n": 5,
                "p05": 889.2041921615601,
                "p95": 904.8601746559143,
                "samples": 5,
                "stdev": 6.50171838643987
              },
              "status": "ok"
            },
            "host_wall": {
              "clock": "steady_clock",
              "per_iteration_us": {
                "max": 93.7604,
                "median": 92.6203,
                "min": 92.08840000000001,
                "n": 5,
                "p05": 92.155,
                "p95": 93.7006,
                "samples": 5,
                "stdev": 0.6351465985109246
              },
              "sequence_us": {
                "max": 937.604,
                "median": 926.203,
                "min": 920.884,
                "n": 5,
                "p05": 921.5500000000001,
                "p95": 937.0060000000001,
                "samples": 5,
                "stdev": 6.3514659851092725
              },
              "status": "ok"
            },
            "logical_iterations": 10
          },
          "single": {
            "dispatches_per_iteration": 2,
            "gpu_elapsed": {
              "clock": "hip_event",
              "per_iteration_us": {
                "max": 135.24000346660614,
                "median": 114.72100019454956,
                "min": 114.16000127792358,
                "n": 5,
                "p05": 114.24820125102997,
                "p95": 134.39200222492218,
                "samples": 5,
                "stdev": 9.224714502071533
              },
              "sequence_us": {
                "max": 135.24000346660614,
                "median": 114.72100019454956,
                "min": 114.16000127792358,
                "n": 5,
                "p05": 114.24820125102997,
                "p95": 134.39200222492218,
                "samples": 5,
                "stdev": 9.224714502071533
              },
              "status": "ok"
            },
            "host_wall": {
              "clock": "steady_clock",
              "per_iteration_us": {
                "max": 154.863,
                "median": 146.703,
                "min": 146.132,
                "n": 5,
                "p05": 146.184,
                "p95": 154.159,
                "samples": 5,
                "stdev": 3.4678586245693444
              },
              "sequence_us": {
                "max": 154.863,
                "median": 146.703,
                "min": 146.132,
                "n": 5,
                "p05": 146.184,
                "p95": 154.159,
                "samples": 5,
                "stdev": 3.4678586245693444
              },
              "status": "ok"
            },
            "logical_iterations": 1
          }
        },
        "timing_mode": "independent_throughput",
        "workgroup_match": "exact",
        "x_rows": 4
      },
      {
        "backend": "hip",
        "buffer_abi": "hip_raw_device_pointer_q8_1_q4_k",
        "correctness": {
          "single_dispatch": {
            "oracle": "exact BF16 output versus isolated HIP q8_1+Q4_K dp4a launches",
            "status": "pass"
          },
          "synchronization": {
            "barrier_count": 0,
            "method": "disjoint_xq_and_dual_outputs",
            "status": "pass"
          },
          "timed_sequence": {
            "coverage": "all_dispatches",
            "logical_iterations": 10,
            "oracle": "exact BF16 output versus isolated HIP q8_1+Q4_K dp4a launches",
            "status": "pass"
          }
        },
        "correctness_pass": true,
        "dependency_contract": {
          "inter_dispatch_ordering": "none",
          "output_partitioning": "disjoint",
          "validation_status": "pass",
          "work_dependency": "independent"
        },
        "experts": 256,
        "in_features": 2048,
        "input_scale": 0.1,
        "local_size": 128,
        "median_us": 96.1766004562378,
        "numeric_correctness": {
          "burst": {
            "exact_bf16_mismatches": 0,
            "kl_divergence": 0.0,
            "max_abs": 0.0,
            "mean_abs": 0.0,
            "outputs_checked": 10,
            "pass": true,
            "top1": 1.0
          },
          "single": {
            "exact_bf16_mismatches": 0,
            "kl_divergence": 0.0,
            "max_abs": 0.0,
            "mean_abs": 0.0,
            "outputs_checked": 1,
            "pass": true,
            "top1": 1.0
          }
        },
        "operation": "selected_dual_dp4a_dot_prequantized",
        "out_features": 512,
        "quant": "q4_k",
        "rows": 32,
        "sequence_validation": {
          "input_repetition_pattern": "distinct_deterministic_salt",
          "output_partitioning": "disjoint_dual",
          "xq_partitioning": "disjoint"
        },
        "submission": {
          "completion_in_host_wall": true,
          "queue_or_stream_count": 4,
          "recording_in_timed_region": false,
          "strategy": "multi_stream",
          "submit_in_host_wall": true
        },
        "timing": {
          "burst": {
            "dispatches_per_iteration": 1,
            "gpu_elapsed": {
              "clock": "hip_event",
              "per_iteration_us": {
                "max": 96.97650074958801,
                "median": 96.1766004562378,
                "min": 95.68459987640381,
                "n": 5,
                "p05": 95.77577948570251,
                "p95": 96.89972043037415,
                "samples": 5,
                "stdev": 0.4385546089376917
              },
              "sequence_us": {
                "max": 969.7650074958801,
                "median": 961.7660045623779,
                "min": 956.8459987640381,
                "n": 5,
                "p05": 957.7577948570251,
                "p95": 968.9972043037415,
                "samples": 5,
                "stdev": 4.385546089376917
              },
              "status": "ok"
            },
            "host_wall": {
              "clock": "steady_clock",
              "per_iteration_us": {
                "max": 100.1405,
                "median": 99.3735,
                "min": 98.8634,
                "n": 5,
                "p05": 98.95924000000001,
                "p95": 100.0695,
                "samples": 5,
                "stdev": 0.43307759581857885
              },
              "sequence_us": {
                "max": 1001.405,
                "median": 993.735,
                "min": 988.634,
                "n": 5,
                "p05": 989.5924000000001,
                "p95": 1000.6949999999999,
                "samples": 5,
                "stdev": 4.330775958185771
              },
              "status": "ok"
            },
            "logical_iterations": 10
          },
          "single": {
            "dispatches_per_iteration": 1,
            "gpu_elapsed": {
              "clock": "hip_event",
              "per_iteration_us": {
                "max": 147.23999798297882,
                "median": 127.96099483966827,
                "min": 127.00100243091583,
                "n": 5,
                "p05": 127.1770030260086,
                "p95": 143.42419803142548,
                "samples": 5,
                "stdev": 7.80574687019922
              },
              "sequence_us": {
                "max": 147.23999798297882,
                "median": 127.96099483966827,
                "min": 127.00100243091583,
                "n": 5,
                "p05": 127.1770030260086,
                "p95": 143.42419803142548,
                "samples": 5,
                "stdev": 7.80574687019922
              },
              "status": "ok"
            },
            "host_wall": {
              "clock": "steady_clock",
              "per_iteration_us": {
                "max": 168.883,
                "median": 159.932,
                "min": 158.422,
                "n": 5,
                "p05": 158.69819999999999,
                "p95": 167.131,
                "samples": 5,
                "stdev": 3.773449912215617
              },
              "sequence_us": {
                "max": 168.883,
                "median": 159.932,
                "min": 158.422,
                "n": 5,
                "p05": 158.69819999999999,
                "p95": 167.131,
                "samples": 5,
                "stdev": 3.773449912215617
              },
              "status": "ok"
            },
            "logical_iterations": 1
          }
        },
        "timing_mode": "independent_throughput",
        "workgroup_match": "exact",
        "x_rows": 4
      },
      {
        "backend": "hip",
        "buffer_abi": "hip_raw_device_pointer_q8_1_q4_k",
        "correctness": {
          "single_dispatch": {
            "oracle": "exact BF16 output versus isolated HIP q8_1+Q4_K dp4a launches",
            "status": "pass"
          },
          "synchronization": {
            "barrier_count": 0,
            "method": "disjoint_xq_and_dual_outputs",
            "status": "pass"
          },
          "timed_sequence": {
            "coverage": "all_dispatches",
            "logical_iterations": 10,
            "oracle": "exact BF16 output versus isolated HIP q8_1+Q4_K dp4a launches",
            "status": "pass"
          }
        },
        "correctness_pass": true,
        "dependency_contract": {
          "inter_dispatch_ordering": "none",
          "output_partitioning": "disjoint",
          "validation_status": "pass",
          "work_dependency": "independent"
        },
        "experts": 256,
        "in_features": 2048,
        "input_scale": 0.1,
        "local_size": 128,
        "median_us": 101.75659656524658,
        "numeric_correctness": {
          "burst": {
            "exact_bf16_mismatches": 0,
            "kl_divergence": 0.0,
            "max_abs": 0.0,
            "mean_abs": 0.0,
            "outputs_checked": 10,
            "pass": true,
            "top1": 1.0
          },
          "single": {
            "exact_bf16_mismatches": 0,
            "kl_divergence": 0.0,
            "max_abs": 0.0,
            "mean_abs": 0.0,
            "outputs_checked": 1,
            "pass": true,
            "top1": 1.0
          }
        },
        "operation": "selected_dual_dp4a_quantize_plus_dot",
        "out_features": 512,
        "quant": "q4_k",
        "rows": 32,
        "sequence_validation": {
          "input_repetition_pattern": "distinct_deterministic_salt",
          "output_partitioning": "disjoint_dual",
          "xq_partitioning": "disjoint"
        },
        "submission": {
          "completion_in_host_wall": true,
          "queue_or_stream_count": 4,
          "recording_in_timed_region": false,
          "strategy": "multi_stream",
          "submit_in_host_wall": true
        },
        "timing": {
          "burst": {
            "dispatches_per_iteration": 2,
            "gpu_elapsed": {
              "clock": "hip_event",
              "per_iteration_us": {
                "max": 102.4806022644043,
                "median": 101.75659656524658,
                "min": 100.70849657058716,
                "n": 5,
                "p05": 100.79811811447144,
                "p95": 102.38860130310059,
                "samples": 5,
                "stdev": 0.626935791352005
              },
              "sequence_us": {
                "max": 1024.806022644043,
                "median": 1017.5659656524658,
                "min": 1007.0849657058716,
                "n": 5,
                "p05": 1007.9811811447144,
                "p95": 1023.8860130310059,
                "samples": 5,
                "stdev": 6.269357913520049
              },
              "status": "ok"
            },
            "host_wall": {
              "clock": "steady_clock",
              "per_iteration_us": {
                "max": 105.6396,
                "median": 105.0815,
                "min": 104.0035,
                "n": 5,
                "p05": 104.09390000000002,
                "p95": 105.5544,
                "samples": 5,
                "stdev": 0.5791939108795947
              },
              "sequence_us": {
                "max": 1056.396,
                "median": 1050.815,
                "min": 1040.035,
                "n": 5,
                "p05": 1040.939,
                "p95": 1055.5439999999999,
                "samples": 5,
                "stdev": 5.791939108795903
              },
              "status": "ok"
            },
            "logical_iterations": 10
          },
          "single": {
            "dispatches_per_iteration": 2,
            "gpu_elapsed": {
              "clock": "hip_event",
              "per_iteration_us": {
                "max": 131.31999969482422,
                "median": 130.75999915599823,
                "min": 129.8000067472458,
                "n": 5,
                "p05": 129.92000579833984,
                "p95": 131.25599920749664,
                "samples": 5,
                "stdev": 0.5231261714317338
              },
              "sequence_us": {
                "max": 131.31999969482422,
                "median": 130.75999915599823,
                "min": 129.8000067472458,
                "n": 5,
                "p05": 129.92000579833984,
                "p95": 131.25599920749664,
                "samples": 5,
                "stdev": 0.5231261714317338
              },
              "status": "ok"
            },
            "host_wall": {
              "clock": "steady_clock",
              "per_iteration_us": {
                "max": 163.042,
                "median": 162.712,
                "min": 161.612,
                "n": 5,
                "p05": 161.69420000000002,
                "p95": 163.03220000000002,
                "samples": 5,
                "stdev": 0.5648088526218412
              },
              "sequence_us": {
                "max": 163.042,
                "median": 162.712,
                "min": 161.612,
                "n": 5,
                "p05": 161.69420000000002,
                "p95": 163.03220000000002,
                "samples": 5,
                "stdev": 0.5648088526218412
              },
              "status": "ok"
            },
            "logical_iterations": 1
          }
        },
        "timing_mode": "independent_throughput",
        "workgroup_match": "exact",
        "x_rows": 4
      }
    ]
  },
  "parameters": {
    "actual_independent_lanes": 4,
    "buffer_abi": "hip_raw_device_pointer_q8_1_q4_k",
    "experts": 256,
    "in_features": 2048,
    "input_scale": 0.1,
    "out_features": 512,
    "repetitions": 10,
    "requested_independent_lanes": 4,
    "rows": 32,
    "samples": 5,
    "timing_mode": "independent_throughput",
    "warmup_logical_iterations": 3,
    "work_slices": 10,
    "workgroups": [
      64,
      128
    ],
    "x_rows": 4
  },
  "schema_version": 2,
  "source": {
    "branch": "",
    "commit": "f2c3ad6d74c86e3641ce09ff9fd759eaa6cd75e0",
    "dirty": false,
    "repo": "/tmp/hipEngine-f2c",
    "source_hash": "b041ccddb1ce9df62daea8110ed35633d1cb29de32ffdd1833db19278f63c739"
  }
}

