{
  "artifact_ref": "/home/kaden/ClaudeCode/autorocm/redline-pub/examples/hipengine-6409/results/gfx1201/2026-07-12/independent_throughput/redline-q6-x8-selected-down.raw.json",
  "backend": "hip",
  "bench": "q6_x8_selected_down_real_slice",
  "classification": "real_slice_probe",
  "command": [
    "python3",
    "/tmp/hipEngine-f2c/benchmarks/micro/runners/q6_x8_real_slice.py",
    "--backend",
    "hip",
    "--timing-mode",
    "independent_throughput",
    "--independent-streams",
    "4",
    "--reps",
    "10",
    "--warmup",
    "3",
    "--samples",
    "5",
    "--environment-json",
    "/home/kaden/ClaudeCode/autorocm/redline-pub/examples/hipengine-6409/results/gfx1201/2026-07-12/environment.json",
    "--environment-ref",
    "/home/kaden/ClaudeCode/autorocm/redline-pub/examples/hipengine-6409/results/gfx1201/2026-07-12/environment.json",
    "--gfx-arch",
    "gfx1201",
    "--hardware-gpu",
    "AMD Radeon Graphics",
    "--build-dir",
    "/home/kaden/ClaudeCode/autorocm/redline-pub/examples/hipengine-6409/results/gfx1201/2026-07-12/build/redline/q6-x8-selected-down",
    "--rows",
    "8",
    "--experts",
    "256",
    "--in-features",
    "512",
    "--out-features",
    "2048",
    "--local-size",
    "64",
    "--out",
    "/home/kaden/ClaudeCode/autorocm/redline-pub/examples/hipengine-6409/results/gfx1201/2026-07-12/independent_throughput/redline-q6-x8-selected-down.raw.json",
    "--pretty"
  ],
  "correctness": {
    "all_pass": true,
    "oracle": "raw Q6_K selected q8_1+dp4a BF16 output",
    "rows": 3,
    "status": "pass"
  },
  "correctness_vs_cpu": {
    "oracle": "raw Q6_K selected q8_1+dp4a GPU reference",
    "pass": true
  },
  "environment_ref": "/home/kaden/ClaudeCode/autorocm/redline-pub/examples/hipengine-6409/results/gfx1201/2026-07-12/environment.json",
  "hardware": {
    "gfx_arch": "gfx1201",
    "gpu_name": "AMD Radeon Graphics"
  },
  "kind": "hipengine_micro_result",
  "measurements": {
    "rows": [
      {
        "activation_quant": "q8_1",
        "backend": "hip",
        "blocks_per_row": 2,
        "correctness": {
          "single_dispatch": {
            "oracle": "raw Q6_K selected q8_1+dp4a BF16 logits with KL <= 0.05 and top-1 >= 90%",
            "status": "pass"
          },
          "synchronization": {
            "barrier_count": 0,
            "method": "disjoint_xq_and_output_slices",
            "status": "pass"
          },
          "timed_sequence": {
            "coverage": "all_dispatches",
            "logical_iterations": 10,
            "oracle": "raw Q6_K selected q8_1+dp4a BF16 logits with KL <= 0.05 and top-1 >= 90%",
            "status": "pass"
          }
        },
        "correctness_pass": true,
        "dependency_contract": {
          "inter_dispatch_ordering": "none",
          "output_partitioning": "disjoint",
          "validation_status": "pass",
          "work_dependency": "independent"
        },
        "experts": 256,
        "in_features": 512,
        "kv_type": "not_applicable",
        "local_size": 32,
        "median_us": 0.348,
        "model_fingerprint": "synthetic_q6_x8_selected_down_v1",
        "numeric_correctness": {
          "burst": {
            "exact_bf16_mismatches": 0,
            "expected_repetitions": [
              0,
              1,
              2,
              3,
              4,
              5,
              6,
              7,
              8,
              9
            ],
            "kl_divergence": 0.0,
            "max_abs": 0.0,
            "mean_abs": 0.0,
            "oracle": "raw Q6_K selected q8_1+dp4a BF16 logits with KL/top-1 gate",
            "outputs_checked": 10,
            "pass": true,
            "top1": 1.0
          },
          "single": {
            "exact_bf16_mismatches": 0,
            "expected_repetitions": [
              0
            ],
            "kl_divergence": 0.0,
            "max_abs": 0.0,
            "mean_abs": 0.0,
            "oracle": "raw Q6_K selected q8_1+dp4a BF16 logits with KL/top-1 gate",
            "outputs_checked": 1,
            "pass": true,
            "top1": 1.0
          }
        },
        "operation": "q8_1_quantize",
        "out_features": 2048,
        "out_packed": 256,
        "output_dtype": "bf16",
        "q8_blocks_per_row": 16,
        "quant": "q6_k",
        "row_tile": 0,
        "rows": 8,
        "selected_dtype": "int64",
        "sequence_validation": {
          "burst_expected_repetitions": [
            0,
            1,
            2,
            3,
            4,
            5,
            6,
            7,
            8,
            9
          ],
          "input_repetition_pattern": "distinct_deterministic_salt",
          "output_partitioning": "disjoint",
          "single_expected_repetitions": [
            0
          ],
          "xq_partitioning": "disjoint"
        },
        "submission": {
          "completion_in_host_wall": true,
          "queue_or_stream_count": 4,
          "recording_in_timed_region": false,
          "strategy": "multi_stream",
          "submit_in_host_wall": true
        },
        "timing": {
          "burst": {
            "dispatches_per_iteration": 1,
            "gpu_elapsed": {
              "clock": "hip_event",
              "per_iteration_us": {
                "max": 0.572,
                "median": 0.348,
                "min": 0.32799999999999996,
                "n": 5,
                "p05": 0.32959999999999995,
                "p95": 0.5279999999999999,
                "samples": 5,
                "stdev": 0.09279310319199374
              },
              "sequence_us": {
                "max": 5.72,
                "median": 3.48,
                "min": 3.28,
                "n": 5,
                "p05": 3.2960000000000003,
                "p95": 5.279999999999999,
                "samples": 5,
                "stdev": 0.9279310319199374
              },
              "status": "ok"
            },
            "host_wall": {
              "clock": "steady_clock",
              "per_iteration_us": {
                "max": 19.821199999999997,
                "median": 2.166,
                "min": 2.1571000000000002,
                "n": 5,
                "p05": 2.1576800000000005,
                "p95": 16.295179999999995,
                "samples": 5,
                "stdev": 7.061070185573854
              },
              "sequence_us": {
                "max": 198.212,
                "median": 21.66,
                "min": 21.571,
                "n": 5,
                "p05": 21.576800000000002,
                "p95": 162.95179999999996,
                "samples": 5,
                "stdev": 70.61070185573855
              },
              "status": "ok"
            },
            "logical_iterations": 10
          },
          "single": {
            "dispatches_per_iteration": 1,
            "gpu_elapsed": {
              "clock": "hip_event",
              "per_iteration_us": {
                "max": 4.0,
                "median": 2.36,
                "min": 2.04,
                "n": 5,
                "p05": 2.048,
                "p95": 3.6719999999999997,
                "samples": 5,
                "stdev": 0.7285712044817583
              },
              "sequence_us": {
                "max": 4.0,
                "median": 2.36,
                "min": 2.04,
                "n": 5,
                "p05": 2.048,
                "p95": 3.6719999999999997,
                "samples": 5,
                "stdev": 0.7285712044817583
              },
              "status": "ok"
            },
            "host_wall": {
              "clock": "steady_clock",
              "per_iteration_us": {
                "max": 186.933,
                "median": 21.77,
                "min": 20.661,
                "n": 5,
                "p05": 20.7728,
                "p95": 154.24839999999995,
                "samples": 5,
                "stdev": 66.0640002464277
              },
              "sequence_us": {
                "max": 186.933,
                "median": 21.77,
                "min": 20.661,
                "n": 5,
                "p05": 20.7728,
                "p95": 154.24839999999995,
                "samples": 5,
                "stdev": 66.0640002464277
              },
              "status": "ok"
            },
            "logical_iterations": 1
          }
        },
        "timing_mode": "independent_throughput",
        "variant": "quantize",
        "weight_layout": "q6_k_x8",
        "workgroup_match": "exact"
      },
      {
        "activation_quant": "q8_1",
        "backend": "hip",
        "blocks_per_row": 2,
        "correctness": {
          "single_dispatch": {
            "oracle": "raw Q6_K selected q8_1+dp4a BF16 logits with KL <= 0.05 and top-1 >= 90%",
            "status": "pass"
          },
          "synchronization": {
            "barrier_count": 0,
            "method": "disjoint_xq_and_output_slices",
            "status": "pass"
          },
          "timed_sequence": {
            "coverage": "all_dispatches",
            "logical_iterations": 10,
            "oracle": "raw Q6_K selected q8_1+dp4a BF16 logits with KL <= 0.05 and top-1 >= 90%",
            "status": "pass"
          }
        },
        "correctness_pass": true,
        "dependency_contract": {
          "inter_dispatch_ordering": "none",
          "output_partitioning": "disjoint",
          "validation_status": "pass",
          "work_dependency": "independent"
        },
        "experts": 256,
        "in_features": 512,
        "kv_type": "not_applicable",
        "local_size": 64,
        "median_us": 7.204000000000001,
        "model_fingerprint": "synthetic_q6_x8_selected_down_v1",
        "numeric_correctness": {
          "burst": {
            "exact_bf16_mismatches": 0,
            "expected_repetitions": [
              0,
              1,
              2,
              3,
              4,
              5,
              6,
              7,
              8,
              9
            ],
            "kl_divergence": 0.0,
            "max_abs": 0.0,
            "mean_abs": 0.0,
            "oracle": "raw Q6_K selected q8_1+dp4a BF16 logits with KL/top-1 gate",
            "outputs_checked": 10,
            "pass": true,
            "top1": 1.0
          },
          "single": {
            "exact_bf16_mismatches": 0,
            "expected_repetitions": [
              0
            ],
            "kl_divergence": 0.0,
            "max_abs": 0.0,
            "mean_abs": 0.0,
            "oracle": "raw Q6_K selected q8_1+dp4a BF16 logits with KL/top-1 gate",
            "outputs_checked": 1,
            "pass": true,
            "top1": 1.0
          }
        },
        "operation": "x8_selected_dp4a_dot_prequantized",
        "out_features": 2048,
        "out_packed": 256,
        "output_dtype": "bf16",
        "q8_blocks_per_row": 16,
        "quant": "q6_k",
        "row_tile": 1,
        "rows": 8,
        "selected_dtype": "int64",
        "sequence_validation": {
          "burst_expected_repetitions": [
            0,
            1,
            2,
            3,
            4,
            5,
            6,
            7,
            8,
            9
          ],
          "input_repetition_pattern": "distinct_deterministic_salt",
          "output_partitioning": "disjoint",
          "single_expected_repetitions": [
            0
          ],
          "xq_partitioning": "disjoint"
        },
        "submission": {
          "completion_in_host_wall": true,
          "queue_or_stream_count": 4,
          "recording_in_timed_region": false,
          "strategy": "multi_stream",
          "submit_in_host_wall": true
        },
        "timing": {
          "burst": {
            "dispatches_per_iteration": 1,
            "gpu_elapsed": {
              "clock": "hip_event",
              "per_iteration_us": {
                "max": 8.959999999999999,
                "median": 7.204000000000001,
                "min": 7.095999999999999,
                "n": 5,
                "p05": 7.1152,
                "p95": 8.610399999999998,
                "samples": 5,
                "stdev": 0.7148231669441047
              },
              "sequence_us": {
                "max": 89.6,
                "median": 72.04,
                "min": 70.96,
                "n": 5,
                "p05": 71.152,
                "p95": 86.10399999999998,
                "samples": 5,
                "stdev": 7.148231669441048
              },
              "status": "ok"
            },
            "host_wall": {
              "clock": "steady_clock",
              "per_iteration_us": {
                "max": 40.5105,
                "median": 8.9911,
                "min": 8.9032,
                "n": 5,
                "p05": 8.920580000000001,
                "p95": 34.20842,
                "samples": 5,
                "stdev": 12.615799243171239
              },
              "sequence_us": {
                "max": 405.105,
                "median": 89.911,
                "min": 89.032,
                "n": 5,
                "p05": 89.2058,
                "p95": 342.08419999999995,
                "samples": 5,
                "stdev": 126.1579924317124
              },
              "status": "ok"
            },
            "logical_iterations": 10
          },
          "single": {
            "dispatches_per_iteration": 1,
            "gpu_elapsed": {
              "clock": "hip_event",
              "per_iteration_us": {
                "max": 13.96,
                "median": 10.64,
                "min": 10.52,
                "n": 5,
                "p05": 10.528,
                "p95": 13.303999999999998,
                "samples": 5,
                "stdev": 1.34518994941235
              },
              "sequence_us": {
                "max": 13.96,
                "median": 10.64,
                "min": 10.52,
                "n": 5,
                "p05": 10.528,
                "p95": 13.303999999999998,
                "samples": 5,
                "stdev": 1.34518994941235
              },
              "status": "ok"
            },
            "host_wall": {
              "clock": "steady_clock",
              "per_iteration_us": {
                "max": 309.844,
                "median": 29.0,
                "min": 28.84,
                "n": 5,
                "p05": 28.848200000000002,
                "p95": 253.72739999999996,
                "samples": 5,
                "stdev": 112.3394959600585
              },
              "sequence_us": {
                "max": 309.844,
                "median": 29.0,
                "min": 28.84,
                "n": 5,
                "p05": 28.848200000000002,
                "p95": 253.72739999999996,
                "samples": 5,
                "stdev": 112.3394959600585
              },
              "status": "ok"
            },
            "logical_iterations": 1
          }
        },
        "timing_mode": "independent_throughput",
        "variant": "q6_x8_selected_down",
        "weight_layout": "q6_k_x8",
        "workgroup_match": "exact"
      },
      {
        "activation_quant": "q8_1",
        "backend": "hip",
        "blocks_per_row": 2,
        "correctness": {
          "single_dispatch": {
            "oracle": "raw Q6_K selected q8_1+dp4a BF16 logits with KL <= 0.05 and top-1 >= 90%",
            "status": "pass"
          },
          "synchronization": {
            "barrier_count": 0,
            "method": "disjoint_xq_and_output_slices",
            "status": "pass"
          },
          "timed_sequence": {
            "coverage": "all_dispatches",
            "logical_iterations": 10,
            "oracle": "raw Q6_K selected q8_1+dp4a BF16 logits with KL <= 0.05 and top-1 >= 90%",
            "status": "pass"
          }
        },
        "correctness_pass": true,
        "dependency_contract": {
          "inter_dispatch_ordering": "none",
          "output_partitioning": "disjoint",
          "validation_status": "pass",
          "work_dependency": "independent"
        },
        "experts": 256,
        "in_features": 512,
        "kv_type": "not_applicable",
        "local_size": 64,
        "median_us": 11.532,
        "model_fingerprint": "synthetic_q6_x8_selected_down_v1",
        "numeric_correctness": {
          "burst": {
            "exact_bf16_mismatches": 0,
            "expected_repetitions": [
              0,
              1,
              2,
              3,
              4,
              5,
              6,
              7,
              8,
              9
            ],
            "kl_divergence": 0.0,
            "max_abs": 0.0,
            "mean_abs": 0.0,
            "oracle": "raw Q6_K selected q8_1+dp4a BF16 logits with KL/top-1 gate",
            "outputs_checked": 10,
            "pass": true,
            "top1": 1.0
          },
          "single": {
            "exact_bf16_mismatches": 0,
            "expected_repetitions": [
              0
            ],
            "kl_divergence": 0.0,
            "max_abs": 0.0,
            "mean_abs": 0.0,
            "oracle": "raw Q6_K selected q8_1+dp4a BF16 logits with KL/top-1 gate",
            "outputs_checked": 1,
            "pass": true,
            "top1": 1.0
          }
        },
        "operation": "x8_selected_dp4a_quantize_plus_dot",
        "out_features": 2048,
        "out_packed": 256,
        "output_dtype": "bf16",
        "q8_blocks_per_row": 16,
        "quant": "q6_k",
        "row_tile": 1,
        "rows": 8,
        "selected_dtype": "int64",
        "sequence_validation": {
          "burst_expected_repetitions": [
            0,
            1,
            2,
            3,
            4,
            5,
            6,
            7,
            8,
            9
          ],
          "input_repetition_pattern": "distinct_deterministic_salt",
          "output_partitioning": "disjoint",
          "single_expected_repetitions": [
            0
          ],
          "xq_partitioning": "disjoint"
        },
        "submission": {
          "completion_in_host_wall": true,
          "queue_or_stream_count": 4,
          "recording_in_timed_region": false,
          "strategy": "multi_stream",
          "submit_in_host_wall": true
        },
        "timing": {
          "burst": {
            "dispatches_per_iteration": 2,
            "gpu_elapsed": {
              "clock": "hip_event",
              "per_iteration_us": {
                "max": 12.18,
                "median": 11.532,
                "min": 11.476,
                "n": 5,
                "p05": 11.480800000000002,
                "p95": 12.0536,
                "samples": 5,
                "stdev": 0.26756860802418486
              },
              "sequence_us": {
                "max": 121.8,
                "median": 115.32,
                "min": 114.76,
                "n": 5,
                "p05": 114.808,
                "p95": 120.53599999999999,
                "samples": 5,
                "stdev": 2.6756860802418494
              },
              "status": "ok"
            },
            "host_wall": {
              "clock": "steady_clock",
              "per_iteration_us": {
                "max": 51.510799999999996,
                "median": 13.4162,
                "min": 13.2792,
                "n": 5,
                "p05": 13.29058,
                "p95": 43.903879999999994,
                "samples": 5,
                "stdev": 15.253698259241919
              },
              "sequence_us": {
                "max": 515.108,
                "median": 134.162,
                "min": 132.792,
                "n": 5,
                "p05": 132.9058,
                "p95": 439.03879999999987,
                "samples": 5,
                "stdev": 152.53698259241918
              },
              "status": "ok"
            },
            "logical_iterations": 10
          },
          "single": {
            "dispatches_per_iteration": 2,
            "gpu_elapsed": {
              "clock": "hip_event",
              "per_iteration_us": {
                "max": 15.16,
                "median": 14.16,
                "min": 13.96,
                "n": 5,
                "p05": 13.976,
                "p95": 15.008,
                "samples": 5,
                "stdev": 0.43421653584358116
              },
              "sequence_us": {
                "max": 15.16,
                "median": 14.16,
                "min": 13.96,
                "n": 5,
                "p05": 13.976,
                "p95": 15.008,
                "samples": 5,
                "stdev": 0.43421653584358116
              },
              "status": "ok"
            },
            "host_wall": {
              "clock": "steady_clock",
              "per_iteration_us": {
                "max": 386.236,
                "median": 32.611,
                "min": 32.22,
                "n": 5,
                "p05": 32.2782,
                "p95": 315.5687999999999,
                "samples": 5,
                "stdev": 141.47036696156547
              },
              "sequence_us": {
                "max": 386.236,
                "median": 32.611,
                "min": 32.22,
                "n": 5,
                "p05": 32.2782,
                "p95": 315.5687999999999,
                "samples": 5,
                "stdev": 141.47036696156547
              },
              "status": "ok"
            },
            "logical_iterations": 1
          }
        },
        "timing_mode": "independent_throughput",
        "variant": "q6_x8_selected_down",
        "weight_layout": "q6_k_x8",
        "workgroup_match": "exact"
      }
    ]
  },
  "notes": "Production HIP Q6_K X8 selected-down q8_1+dp4a slice under timing contract v2.",
  "parameters": {
    "activation_quant": "q8_1",
    "experts": 256,
    "in_features": 512,
    "independent_lanes": 4,
    "input_scale": 0.1,
    "kv_type": "not_applicable",
    "local_size": 64,
    "model_fingerprint": "synthetic_q6_x8_selected_down_v1",
    "out_features": 2048,
    "output_dtype": "bf16",
    "quant": "q6_k",
    "repetitions": 10,
    "row_tile": 1,
    "rows": 8,
    "samples": 5,
    "selected_dtype": "int64",
    "timing_mode": "independent_throughput",
    "warmup_iterations": 3,
    "weight_layout": "q6_k_x8"
  },
  "schema_version": 2,
  "source": {
    "branch": "",
    "commit": "f2c3ad6d74c86e3641ce09ff9fd759eaa6cd75e0",
    "dirty": false,
    "repo": "/tmp/hipEngine-f2c",
    "source_hash": "sha256:0cc1b4209d354e73e4fe33ed66ea475dee9a2e769bfda76982b2d2ad1d091900"
  },
  "timing": {
    "q8_1_quantize": {
      "max_us": 0.572,
      "median_ms": 0.000348,
      "median_us": 0.348,
      "min_us": 0.32799999999999996,
      "p05_us": 0.32959999999999995,
      "p95_us": 0.5279999999999999
    },
    "x8_selected_dp4a_dot_prequantized": {
      "max_us": 8.959999999999999,
      "median_ms": 0.007204,
      "median_us": 7.204000000000001,
      "min_us": 7.095999999999999,
      "p05_us": 7.1152,
      "p95_us": 8.610399999999998
    },
    "x8_selected_dp4a_quantize_plus_dot": {
      "max_us": 12.18,
      "median_ms": 0.011532,
      "median_us": 11.532,
      "min_us": 11.476,
      "p05_us": 11.480800000000002,
      "p95_us": 12.0536
    }
  }
}

