WARNING: radv is not a conformant Vulkan implementation, testing use only.
[vulkan-q6-x8] mode=independent_throughput queues=4 quantize=0.000924 ms dot=0.029732 ms combined=0.033284 ms correctness=pass
{
  "artifact_ref": "/home/kaden/ClaudeCode/autorocm/redline-pub/examples/hipengine-6409/results/gfx1201/2026-07-12/independent_throughput/vulkan-q6-x8-selected-down.json",
  "backend": "vulkan",
  "bench": "q6_x8_selected_down_real_slice",
  "classification": "real_slice_probe",
  "command": [
    "python3",
    "/tmp/hipEngine-f2c/benchmarks/micro/runners/q6_x8_real_slice.py",
    "--backend",
    "vulkan",
    "--timing-mode",
    "independent_throughput",
    "--independent-streams",
    "4",
    "--reps",
    "10",
    "--warmup",
    "3",
    "--samples",
    "5",
    "--environment-json",
    "/home/kaden/ClaudeCode/autorocm/redline-pub/examples/hipengine-6409/results/gfx1201/2026-07-12/environment.json",
    "--environment-ref",
    "/home/kaden/ClaudeCode/autorocm/redline-pub/examples/hipengine-6409/results/gfx1201/2026-07-12/environment.json",
    "--gfx-arch",
    "gfx1201",
    "--hardware-gpu",
    "AMD Radeon Graphics",
    "--build-dir",
    "/home/kaden/ClaudeCode/autorocm/redline-pub/examples/hipengine-6409/results/gfx1201/2026-07-12/build/vulkan/q6-x8-selected-down",
    "--rows",
    "8",
    "--experts",
    "256",
    "--in-features",
    "512",
    "--out-features",
    "2048",
    "--local-size",
    "64",
    "--out",
    "/home/kaden/ClaudeCode/autorocm/redline-pub/examples/hipengine-6409/results/gfx1201/2026-07-12/independent_throughput/vulkan-q6-x8-selected-down.json",
    "--pretty"
  ],
  "correctness": {
    "all_pass": true,
    "oracle": "CPU Q6_K X8 selected-down q8_1+dp4a BF16 output",
    "rows": 3,
    "status": "pass"
  },
  "correctness_vs_cpu": {
    "oracle": "CPU Q6_K X8 selected-down q8_1+dp4a",
    "pass": true
  },
  "environment_ref": "/home/kaden/ClaudeCode/autorocm/redline-pub/examples/hipengine-6409/results/gfx1201/2026-07-12/environment.json",
  "hardware": {
    "device": {
      "active_queue_count": 4,
      "api_version": "1.4.318",
      "calibrated_timestamps_extension": "VK_KHR_calibrated_timestamps",
      "cross_queue_gpu_timing_calibrated": true,
      "device_id": 30032,
      "device_name": "AMD Radeon Graphics (RADV GFX1201)",
      "device_type": 2,
      "driver_version_raw": 104865800,
      "queue_family": 1,
      "shader_integer_dot_product": true,
      "storage_buffer_16bit": true,
      "vendor_id": 4098
    },
    "gfx_arch": "gfx1201",
    "gpu_name": "AMD Radeon Graphics"
  },
  "kind": "hipengine_micro_result",
  "measurements": {
    "rows": [
      {
        "activation_quant": "q8_1",
        "backend": "vulkan",
        "blocks_per_row": 2,
        "correctness": {
          "single_dispatch": {
            "oracle": "raw Q6_K selected q8_1+dp4a BF16 logits with KL <= 0.05 and top-1 >= 90%",
            "status": "pass"
          },
          "synchronization": {
            "barrier_count": 0,
            "method": "disjoint_xq_and_output_slices",
            "status": "pass"
          },
          "timed_sequence": {
            "coverage": "all_dispatches",
            "logical_iterations": 10,
            "oracle": "raw Q6_K selected q8_1+dp4a BF16 logits with KL <= 0.05 and top-1 >= 90%",
            "status": "pass"
          }
        },
        "correctness_pass": true,
        "dependency_contract": {
          "inter_dispatch_ordering": "none",
          "output_partitioning": "disjoint",
          "validation_status": "pass",
          "work_dependency": "independent"
        },
        "experts": 256,
        "in_features": 512,
        "kv_type": "not_applicable",
        "local_size": 32,
        "median_us": 0.924,
        "model_fingerprint": "synthetic_q6_x8_selected_down_v1",
        "numeric_correctness": {
          "burst": {
            "exact_bf16_mismatches": 25351,
            "expected_repetitions": [
              0,
              1,
              2,
              3,
              4,
              5,
              6,
              7,
              8,
              9
            ],
            "kl_divergence": 0.006045591408,
            "max_abs": 0.25,
            "mean_abs": 0.003485817113,
            "outputs_checked": 10,
            "pass": true,
            "top1": 1
          },
          "single": {
            "exact_bf16_mismatches": 2383,
            "expected_repetitions": [
              0
            ],
            "kl_divergence": 0.001734951059,
            "max_abs": 0.25,
            "mean_abs": 0.003079732531,
            "outputs_checked": 1,
            "pass": true,
            "top1": 1
          }
        },
        "operation": "q8_1_quantize",
        "out_features": 2048,
        "out_packed": 256,
        "output_dtype": "bf16",
        "q8_blocks_per_row": 16,
        "quant": "q6_k",
        "row_tile": 0,
        "rows": 8,
        "selected_dtype": "int64",
        "sequence_validation": {
          "burst_expected_repetitions": [
            0,
            1,
            2,
            3,
            4,
            5,
            6,
            7,
            8,
            9
          ],
          "input_repetition_pattern": "distinct_deterministic_salt",
          "output_partitioning": "disjoint",
          "single_expected_repetitions": [
            0
          ],
          "xq_partitioning": "disjoint"
        },
        "submission": {
          "completion_in_host_wall": true,
          "queue_or_stream_count": 1,
          "recording_in_timed_region": false,
          "strategy": "vulkan_command_buffer",
          "submit_in_host_wall": true
        },
        "timing": {
          "burst": {
            "dispatches_per_iteration": 1,
            "gpu_elapsed": {
              "clock": "vulkan_timestamp",
              "per_iteration_us": {
                "max": 0.932,
                "median": 0.924,
                "min": 0.892,
                "n": 5,
                "p05": 0.8976,
                "p95": 0.9320000000000002,
                "samples": 5,
                "stdev": 0.014751271131668632
              },
              "sequence_us": {
                "max": 9.32,
                "median": 9.24,
                "min": 8.92,
                "n": 5,
                "p05": 8.975999999999999,
                "p95": 9.32,
                "samples": 5,
                "stdev": 0.14751271131668633
              },
              "status": "ok"
            },
            "host_wall": {
              "clock": "steady_clock",
              "per_iteration_us": {
                "max": 6.3491,
                "median": 6.3210999999999995,
                "min": 6.1141,
                "n": 5,
                "p05": 6.1507000000000005,
                "p95": 6.3483,
                "samples": 5,
                "stdev": 0.08760913194410742
              },
              "sequence_us": {
                "max": 63.491,
                "median": 63.211,
                "min": 61.141,
                "n": 5,
                "p05": 61.507000000000005,
                "p95": 63.483,
                "samples": 5,
                "stdev": 0.8760913194410733
              },
              "status": "ok"
            },
            "logical_iterations": 10
          },
          "single": {
            "dispatches_per_iteration": 1,
            "gpu_elapsed": {
              "clock": "vulkan_timestamp",
              "per_iteration_us": {
                "max": 9.16,
                "median": 7.96,
                "min": 7.8,
                "n": 5,
                "p05": 7.824,
                "p95": 9.136,
                "samples": 5,
                "stdev": 0.5946965612814655
              },
              "sequence_us": {
                "max": 9.16,
                "median": 7.96,
                "min": 7.8,
                "n": 5,
                "p05": 7.824,
                "p95": 9.136,
                "samples": 5,
                "stdev": 0.5946965612814655
              },
              "status": "ok"
            },
            "host_wall": {
              "clock": "steady_clock",
              "per_iteration_us": {
                "max": 67.101,
                "median": 62.481,
                "min": 60.231,
                "n": 5,
                "p05": 60.615,
                "p95": 66.82300000000001,
                "samples": 5,
                "stdev": 2.5057581686986463
              },
              "sequence_us": {
                "max": 67.101,
                "median": 62.481,
                "min": 60.231,
                "n": 5,
                "p05": 60.615,
                "p95": 66.82300000000001,
                "samples": 5,
                "stdev": 2.5057581686986463
              },
              "status": "ok"
            },
            "logical_iterations": 1
          }
        },
        "timing_mode": "independent_throughput",
        "variant": "quantize",
        "weight_layout": "q6_k_x8",
        "workgroup_match": "exact"
      },
      {
        "activation_quant": "q8_1",
        "backend": "vulkan",
        "blocks_per_row": 2,
        "correctness": {
          "single_dispatch": {
            "oracle": "raw Q6_K selected q8_1+dp4a BF16 logits with KL <= 0.05 and top-1 >= 90%",
            "status": "pass"
          },
          "synchronization": {
            "barrier_count": 0,
            "method": "disjoint_xq_and_output_slices",
            "status": "pass"
          },
          "timed_sequence": {
            "coverage": "all_dispatches",
            "logical_iterations": 10,
            "oracle": "raw Q6_K selected q8_1+dp4a BF16 logits with KL <= 0.05 and top-1 >= 90%",
            "status": "pass"
          }
        },
        "correctness_pass": true,
        "dependency_contract": {
          "inter_dispatch_ordering": "none",
          "output_partitioning": "disjoint",
          "validation_status": "pass",
          "work_dependency": "independent"
        },
        "experts": 256,
        "in_features": 512,
        "kv_type": "not_applicable",
        "local_size": 64,
        "median_us": 29.732,
        "model_fingerprint": "synthetic_q6_x8_selected_down_v1",
        "numeric_correctness": {
          "burst": {
            "exact_bf16_mismatches": 25351,
            "expected_repetitions": [
              0,
              1,
              2,
              3,
              4,
              5,
              6,
              7,
              8,
              9
            ],
            "kl_divergence": 0.006045591408,
            "max_abs": 0.25,
            "mean_abs": 0.003485817113,
            "outputs_checked": 10,
            "pass": true,
            "top1": 1
          },
          "single": {
            "exact_bf16_mismatches": 2383,
            "expected_repetitions": [
              0
            ],
            "kl_divergence": 0.001734951059,
            "max_abs": 0.25,
            "mean_abs": 0.003079732531,
            "outputs_checked": 1,
            "pass": true,
            "top1": 1
          }
        },
        "operation": "x8_selected_dp4a_dot_prequantized",
        "out_features": 2048,
        "out_packed": 256,
        "output_dtype": "bf16",
        "q8_blocks_per_row": 16,
        "quant": "q6_k",
        "row_tile": 1,
        "rows": 8,
        "selected_dtype": "int64",
        "sequence_validation": {
          "burst_expected_repetitions": [
            0,
            1,
            2,
            3,
            4,
            5,
            6,
            7,
            8,
            9
          ],
          "input_repetition_pattern": "distinct_deterministic_salt",
          "output_partitioning": "disjoint",
          "single_expected_repetitions": [
            0
          ],
          "xq_partitioning": "disjoint"
        },
        "submission": {
          "completion_in_host_wall": true,
          "queue_or_stream_count": 1,
          "recording_in_timed_region": false,
          "strategy": "vulkan_command_buffer",
          "submit_in_host_wall": true
        },
        "timing": {
          "burst": {
            "dispatches_per_iteration": 1,
            "gpu_elapsed": {
              "clock": "vulkan_timestamp",
              "per_iteration_us": {
                "max": 29.744,
                "median": 29.732,
                "min": 29.464,
                "n": 5,
                "p05": 29.5056,
                "p95": 29.7416,
                "samples": 5,
                "stdev": 0.10544837599508147
              },
              "sequence_us": {
                "max": 297.44,
                "median": 297.32,
                "min": 294.64,
                "n": 5,
                "p05": 295.056,
                "p95": 297.416,
                "samples": 5,
                "stdev": 1.0544837599508148
              },
              "status": "ok"
            },
            "host_wall": {
              "clock": "steady_clock",
              "per_iteration_us": {
                "max": 35.2005,
                "median": 34.8055,
                "min": 34.6755,
                "n": 5,
                "p05": 34.6961,
                "p95": 35.1303,
                "samples": 5,
                "stdev": 0.1787093730054462
              },
              "sequence_us": {
                "max": 352.005,
                "median": 348.055,
                "min": 346.755,
                "n": 5,
                "p05": 346.961,
                "p95": 351.303,
                "samples": 5,
                "stdev": 1.7870937300544667
              },
              "status": "ok"
            },
            "logical_iterations": 10
          },
          "single": {
            "dispatches_per_iteration": 1,
            "gpu_elapsed": {
              "clock": "vulkan_timestamp",
              "per_iteration_us": {
                "max": 40.28,
                "median": 39.88,
                "min": 38.28,
                "n": 5,
                "p05": 38.592000000000006,
                "p95": 40.224000000000004,
                "samples": 5,
                "stdev": 0.7049992907797852
              },
              "sequence_us": {
                "max": 40.28,
                "median": 39.88,
                "min": 38.28,
                "n": 5,
                "p05": 38.592000000000006,
                "p95": 40.224000000000004,
                "samples": 5,
                "stdev": 0.7049992907797852
              },
              "status": "ok"
            },
            "host_wall": {
              "clock": "steady_clock",
              "per_iteration_us": {
                "max": 93.891,
                "median": 91.552,
                "min": 87.152,
                "n": 5,
                "p05": 87.96580000000002,
                "p95": 93.85900000000001,
                "samples": 5,
                "stdev": 2.4363681659388012
              },
              "sequence_us": {
                "max": 93.891,
                "median": 91.552,
                "min": 87.152,
                "n": 5,
                "p05": 87.96580000000002,
                "p95": 93.85900000000001,
                "samples": 5,
                "stdev": 2.4363681659388012
              },
              "status": "ok"
            },
            "logical_iterations": 1
          }
        },
        "timing_mode": "independent_throughput",
        "variant": "q6_x8_selected_down",
        "weight_layout": "q6_k_x8",
        "workgroup_match": "exact"
      },
      {
        "activation_quant": "q8_1",
        "backend": "vulkan",
        "blocks_per_row": 2,
        "correctness": {
          "single_dispatch": {
            "oracle": "raw Q6_K selected q8_1+dp4a BF16 logits with KL <= 0.05 and top-1 >= 90%",
            "status": "pass"
          },
          "synchronization": {
            "barrier_count": 10,
            "method": "disjoint_xq_and_output_slices",
            "status": "pass"
          },
          "timed_sequence": {
            "coverage": "all_dispatches",
            "logical_iterations": 10,
            "oracle": "raw Q6_K selected q8_1+dp4a BF16 logits with KL <= 0.05 and top-1 >= 90%",
            "status": "pass"
          }
        },
        "correctness_pass": true,
        "dependency_contract": {
          "inter_dispatch_ordering": "none",
          "output_partitioning": "disjoint",
          "validation_status": "pass",
          "work_dependency": "independent"
        },
        "experts": 256,
        "in_features": 512,
        "kv_type": "not_applicable",
        "local_size": 64,
        "median_us": 33.284,
        "model_fingerprint": "synthetic_q6_x8_selected_down_v1",
        "numeric_correctness": {
          "burst": {
            "exact_bf16_mismatches": 25351,
            "expected_repetitions": [
              0,
              1,
              2,
              3,
              4,
              5,
              6,
              7,
              8,
              9
            ],
            "kl_divergence": 0.006045591408,
            "max_abs": 0.25,
            "mean_abs": 0.003485817113,
            "outputs_checked": 10,
            "pass": true,
            "top1": 1
          },
          "single": {
            "exact_bf16_mismatches": 2383,
            "expected_repetitions": [
              0
            ],
            "kl_divergence": 0.001734951059,
            "max_abs": 0.25,
            "mean_abs": 0.003079732531,
            "outputs_checked": 1,
            "pass": true,
            "top1": 1
          }
        },
        "operation": "x8_selected_dp4a_quantize_plus_dot",
        "out_features": 2048,
        "out_packed": 256,
        "output_dtype": "bf16",
        "q8_blocks_per_row": 16,
        "quant": "q6_k",
        "row_tile": 1,
        "rows": 8,
        "selected_dtype": "int64",
        "sequence_validation": {
          "burst_expected_repetitions": [
            0,
            1,
            2,
            3,
            4,
            5,
            6,
            7,
            8,
            9
          ],
          "input_repetition_pattern": "distinct_deterministic_salt",
          "output_partitioning": "disjoint",
          "single_expected_repetitions": [
            0
          ],
          "xq_partitioning": "disjoint"
        },
        "submission": {
          "completion_in_host_wall": true,
          "queue_or_stream_count": 4,
          "recording_in_timed_region": false,
          "strategy": "vulkan_multi_queue",
          "submit_in_host_wall": true
        },
        "timing": {
          "burst": {
            "dispatches_per_iteration": 2,
            "gpu_elapsed": {
              "clock": "vulkan_calibrated_cross_queue_timestamp",
              "per_iteration_us": {
                "max": 34.348,
                "median": 33.284,
                "min": 30.704,
                "n": 5,
                "p05": 30.816000000000003,
                "p95": 34.2008,
                "samples": 5,
                "stdev": 1.4084194829666337
              },
              "sequence_us": {
                "max": 343.48,
                "median": 332.84,
                "min": 307.04,
                "n": 5,
                "p05": 308.16,
                "p95": 342.008,
                "samples": 5,
                "stdev": 14.084194829666338
              },
              "status": "ok"
            },
            "host_wall": {
              "clock": "steady_clock",
              "per_iteration_us": {
                "max": 41.757600000000004,
                "median": 40.468599999999995,
                "min": 37.8476,
                "n": 5,
                "p05": 37.88120000000001,
                "p95": 41.709,
                "samples": 5,
                "stdev": 1.6817885003769062
              },
              "sequence_us": {
                "max": 417.576,
                "median": 404.686,
                "min": 378.476,
                "n": 5,
                "p05": 378.812,
                "p95": 417.09,
                "samples": 5,
                "stdev": 16.817885003769057
              },
              "status": "ok"
            },
            "logical_iterations": 10
          },
          "single": {
            "dispatches_per_iteration": 2,
            "gpu_elapsed": {
              "clock": "vulkan_calibrated_cross_queue_timestamp",
              "per_iteration_us": {
                "max": 79.6,
                "median": 70.08,
                "min": 64.08,
                "n": 5,
                "p05": 64.16,
                "p95": 79.51199999999999,
                "samples": 5,
                "stdev": 6.7917125969817045
              },
              "sequence_us": {
                "max": 79.6,
                "median": 70.08,
                "min": 64.08,
                "n": 5,
                "p05": 64.16,
                "p95": 79.51199999999999,
                "samples": 5,
                "stdev": 6.7917125969817045
              },
              "status": "ok"
            },
            "host_wall": {
              "clock": "steady_clock",
              "per_iteration_us": {
                "max": 161.613,
                "median": 145.102,
                "min": 129.852,
                "n": 5,
                "p05": 132.318,
                "p95": 160.3648,
                "samples": 5,
                "stdev": 10.994044358651644
              },
              "sequence_us": {
                "max": 161.613,
                "median": 145.102,
                "min": 129.852,
                "n": 5,
                "p05": 132.318,
                "p95": 160.3648,
                "samples": 5,
                "stdev": 10.994044358651644
              },
              "status": "ok"
            },
            "logical_iterations": 1
          }
        },
        "timing_mode": "independent_throughput",
        "variant": "q6_x8_selected_down",
        "vulkan_multi_queue_timing": {
          "active_queue_count": 4,
          "burst_lane_gpu_samples_us": [
            [
              133.08,
              163.2,
              179.96,
              207.36
            ],
            [
              177.56,
              266.8,
              172.16,
              130.16
            ],
            [
              106.04,
              161.32,
              157.72,
              164.32
            ],
            [
              162.2,
              246.12,
              222.08,
              129.64
            ],
            [
              186.32,
              246.16,
              191.84,
              75.04
            ]
          ],
          "calibrated_timestamps_extension": "VK_KHR_calibrated_timestamps",
          "single_lane_gpu_samples_us": [
            [
              41.2,
              2.48,
              2.96,
              2.56
            ],
            [
              59.56,
              2.56,
              39.2,
              2.44
            ],
            [
              39.92,
              3.24,
              3,
              2.72
            ],
            [
              39.72,
              2.2,
              1.76,
              2.48
            ],
            [
              39.8,
              2.44,
              3,
              2.56
            ]
          ]
        },
        "weight_layout": "q6_k_x8",
        "workgroup_match": "exact"
      }
    ]
  },
  "notes": "Vulkan Q6_K X8 selected-down q8_1+dp4a slice under timing contract v2.",
  "parameters": {
    "activation_quant": "q8_1",
    "experts": 256,
    "in_features": 512,
    "independent_lanes": 4,
    "input_scale": 0.1,
    "kv_type": "not_applicable",
    "local_size": 64,
    "model_fingerprint": "synthetic_q6_x8_selected_down_v1",
    "out_features": 2048,
    "output_dtype": "bf16",
    "quant": "q6_k",
    "repetitions": 10,
    "row_tile": 1,
    "rows": 8,
    "samples": 5,
    "selected_dtype": "int64",
    "timing_mode": "independent_throughput",
    "warmup_iterations": 3,
    "weight_layout": "q6_k_x8"
  },
  "schema_version": 2,
  "source": {
    "branch": "",
    "commit": "f2c3ad6d74c86e3641ce09ff9fd759eaa6cd75e0",
    "dirty": false,
    "repo": "/tmp/hipEngine-f2c",
    "source_hash": "sha256:c8136d5a066feb0cfdce0ffcbfaeb2708a8693ebe80e469272eb1c75c28ffea5"
  },
  "timing": {
    "q8_1_quantize": {
      "max_us": 0.932,
      "median_ms": 0.000924,
      "median_us": 0.924,
      "min_us": 0.892,
      "p05_us": 0.8976,
      "p95_us": 0.9320000000000002
    },
    "x8_selected_dp4a_dot_prequantized": {
      "max_us": 29.744,
      "median_ms": 0.029731999999999998,
      "median_us": 29.732,
      "min_us": 29.464,
      "p05_us": 29.5056,
      "p95_us": 29.7416
    },
    "x8_selected_dp4a_quantize_plus_dot": {
      "max_us": 34.348,
      "median_ms": 0.033284,
      "median_us": 33.284,
      "min_us": 30.704,
      "p05_us": 30.816000000000003,
      "p95_us": 34.2008
    }
  },
  "wrapper": {
    "build_dir": "/home/kaden/ClaudeCode/autorocm/redline-pub/examples/hipengine-6409/results/gfx1201/2026-07-12/build/vulkan/q6-x8-selected-down",
    "commands": [
      {
        "command": [
          "/tmp/shaderc-2025/root/usr/bin/glslc",
          "--target-env=vulkan1.1",
          "-O",
          "/tmp/hipEngine-f2c/benchmarks/micro/kernels/vulkan/q8_1_quantize.comp",
          "-o",
          "/home/kaden/ClaudeCode/autorocm/redline-pub/examples/hipengine-6409/results/gfx1201/2026-07-12/build/vulkan/q6-x8-selected-down/q8_1_quantize.spv"
        ],
        "kind": "compile_shader"
      },
      {
        "command": [
          "/tmp/shaderc-2025/root/usr/bin/glslc",
          "--target-env=vulkan1.1",
          "-O",
          "-DHIPENGINE_LOCAL_SIZE_X=64",
          "/tmp/hipEngine-f2c/benchmarks/micro/kernels/vulkan/q6_x8_selected_down.comp",
          "-o",
          "/home/kaden/ClaudeCode/autorocm/redline-pub/examples/hipengine-6409/results/gfx1201/2026-07-12/build/vulkan/q6-x8-selected-down/q6_x8_selected_down.spv"
        ],
        "kind": "compile_shader"
      },
      {
        "command": [
          "/usr/bin/c++",
          "-O2",
          "-std=c++17",
          "/tmp/hipEngine-f2c/benchmarks/micro/runners/vulkan_q6_x8_selected_down.cpp",
          "-o",
          "/home/kaden/ClaudeCode/autorocm/redline-pub/examples/hipengine-6409/results/gfx1201/2026-07-12/build/vulkan/q6-x8-selected-down/vulkan_q6_x8_selected_down",
          "-lvulkan"
        ],
        "kind": "compile_harness"
      },
      {
        "command": [
          "/home/kaden/ClaudeCode/autorocm/redline-pub/examples/hipengine-6409/results/gfx1201/2026-07-12/build/vulkan/q6-x8-selected-down/vulkan_q6_x8_selected_down",
          "--quantize-spirv",
          "/home/kaden/ClaudeCode/autorocm/redline-pub/examples/hipengine-6409/results/gfx1201/2026-07-12/build/vulkan/q6-x8-selected-down/q8_1_quantize.spv",
          "--dot-spirv",
          "/home/kaden/ClaudeCode/autorocm/redline-pub/examples/hipengine-6409/results/gfx1201/2026-07-12/build/vulkan/q6-x8-selected-down/q6_x8_selected_down.spv",
          "--json",
          "/home/kaden/ClaudeCode/autorocm/redline-pub/examples/hipengine-6409/results/gfx1201/2026-07-12/build/vulkan/q6-x8-selected-down/vulkan-q6-x8-selected-down-raw.json",
          "--rows",
          "8",
          "--experts",
          "256",
          "--in-features",
          "512",
          "--out-features",
          "2048",
          "--input-scale",
          "0.1",
          "--local-size",
          "64",
          "--reps",
          "10",
          "--warmup",
          "3",
          "--samples",
          "5",
          "--timing-mode",
          "independent_throughput",
          "--independent-lanes",
          "4",
          "--device-index",
          "0"
        ],
        "kind": "run_harness",
        "returncode": 0
      }
    ],
    "cwd": "/tmp/hipEngine-f2c",
    "schema": "hipengine.micro.q6_x8_real_slice_runner.v2"
  }
}

